[{"stream_name":"stdout","time":7.226054602,"data":"cifar10-resnet 0.1.0\n"}
,{"stream_name":"stdout","time":7.235127524,"data":"config 'full80_steps': resnet18, 80 epochs, seeds [0, 1, 2]\n"}
,{"stream_name":"stdout","time":7.235160279,"data":"torch 2.10.0+cu128\n"}
,{"stream_name":"stdout","time":7.903468503,"data":"device: cuda (Tesla T4, 14.6 GB)\n"}
,{"stream_name":"stdout","time":7.903921761,"data":"run dir: /kaggle/working/runs/20260908-150603_full80_steps_resnet18\n"}
,{"stream_name":"stdout","time":7.916241069,"data":"CIFAR-10: pickled batches under /kaggle/input/datasets/idrisselkhamlichi/cifar-10-python\n"}
,{"stream_name":"stdout","time":10.603418404,"data":"CIFAR-10: 50000 train / 0 val / 10000 test, 258 MB resident (uint8)\n"}
,{"stream_name":"stdout","time":10.616419291,"data":"No W\u0026B key mounted: logging offline.\n"}
,{"stream_name":"stderr","time":11.849129294,"data":"wandb: Tracking run with wandb version 0.26.1\n"}
,{"stream_name":"stderr","time":11.849366056000001,"data":"wandb: W\u0026B syncing is set to `offline` in this directory. Run `wandb online` or set WANDB_MODE=online to enable cloud syncing.\n"}
,{"stream_name":"stderr","time":11.849383223,"data":"wandb: Run data is saved locally in /kaggle/working/wandb/offline-run-20260908_150606-60wm89er\n"}
,{"stream_name":"stdout","time":13.060132149,"data":"\n"}
,{"stream_name":"stdout","time":13.060414034,"data":"--- seed 0 ---\n"}
,{"stream_name":"stdout","time":13.23515866,"data":"model: resnet18, 11.17M params\n"}
,{"stream_name":"stdout","time":17.904254765,"data":"  [seed 0] activation homotopy: alpha 1.0 -\u003e 0.0 (staircase), 1 group(s) over 17 sites (global/all)\n"}
,{"stream_name":"stdout","time":17.905377597,"data":"  [seed 0] continuation: 10 phases, lr restarts at each -- boundaries 0.00, 0.08, 0.16, 0.24, 0.32, 0.40, 0.48, 0.56, 0.64, 0.72, 1.00\n"}
,{"stream_name":"stdout","time":93.189441035,"data":"  [seed 0] --- phase 0 begins, alpha=1.000, grad norm 0.842 leaving the last phase\n"}
,{"stream_name":"stdout","time":93.189984698,"data":"  [seed 0] epoch 000  lr=0.0976  a=1.00  a0=0.2181  loss=2.0852  test=0.3012  58.7s\n"}
,{"stream_name":"stdout","time":154.004872334,"data":"  [seed 0] epoch 001  lr=0.0835  a=1.00  a0=0.2490  loss=1.9716  test=0.3161  53.9s\n"}
,{"stream_name":"stdout","time":214.972651764,"data":"  [seed 0] epoch 002  lr=0.0605  a=1.00  a0=0.2904  loss=1.9333  test=0.3490  54.0s\n"}
,{"stream_name":"stdout","time":275.607664786,"data":"  [seed 0] epoch 003  lr=0.0346  a=1.00  a0=0.2755  loss=1.9100  test=0.3597  53.7s\n"}
,{"stream_name":"stdout","time":336.304825959,"data":"  [seed 0] epoch 004  lr=0.0129  a=1.00  a0=0.2800  loss=1.8938  test=0.3731  53.7s\n"}
,{"stream_name":"stdout","time":397.352842153,"data":"  [seed 0] epoch 005  lr=0.0011  a=1.00  a0=0.2874  loss=1.8831  test=0.3748  53.8s\n"}
,{"stream_name":"stdout","time":458.284362979,"data":"  [seed 0] --- phase 1 begins, alpha=0.889\n"}
,{"stream_name":"stdout","time":458.285163803,"data":"  [seed 0] epoch 006  lr=0.0997  a=0.89  a0=0.2332  loss=1.8666  test=0.3499  53.9s\n"}
,{"stream_name":"stdout","time":519.218980164,"data":"  [seed 0] epoch 007  lr=0.0905  a=0.89  a0=0.2048  loss=1.6778  test=0.4218  54.0s\n"}
,{"stream_name":"stdout","time":580.222146297,"data":"  [seed 0] epoch 008  lr=0.0705  a=0.89  a0=0.2231  loss=1.5802  test=0.4367  54.0s\n"}
,{"stream_name":"stdout","time":641.197147391,"data":"  [seed 0] epoch 009  lr=0.0448  a=0.89  a0=0.2122  loss=1.5201  test=0.4563  54.0s\n"}
,{"stream_name":"stdout","time":702.452895459,"data":"  [seed 0] epoch 010  lr=0.0207  a=0.89  a0=0.2133  loss=1.4657  test=0.5157  54.0s\n"}
,{"stream_name":"stdout","time":763.480035616,"data":"  [seed 0] epoch 011  lr=0.0044  a=0.89  a0=0.2194  loss=1.4023  test=0.5432  54.0s\n"}
,{"stream_name":"stdout","time":824.498028084,"data":"  [seed 0] --- phase 2 begins, alpha=0.778\n"}
,{"stream_name":"stdout","time":824.498674919,"data":"  [seed 0] epoch 012  lr=0.0500  a=0.78  a0=0.2858  loss=1.3619  test=0.5150  54.0s\n"}
,{"stream_name":"stdout","time":885.492062736,"data":"  [seed 0] epoch 013  lr=0.0957  a=0.78  a0=0.3806  loss=1.4075  test=0.4788  54.0s\n"}
,{"stream_name":"stdout","time":946.512073522,"data":"  [seed 0] epoch 014  lr=0.0795  a=0.78  a0=0.4104  loss=1.3083  test=0.5391  54.0s\n"}
,{"stream_name":"stdout","time":1007.771409408,"data":"  [seed 0] epoch 015  lr=0.0554  a=0.78  a0=0.4318  loss=1.1945  test=0.6089  54.0s\n"}
,{"stream_name":"stdout","time":1068.822626617,"data":"  [seed 0] epoch 016  lr=0.0298  a=0.78  a0=0.4030  loss=1.1121  test=0.6033  54.0s\n"}
,{"stream_name":"stdout","time":1129.833689988,"data":"  [seed 0] epoch 017  lr=0.0096  a=0.78  a0=0.3954  loss=1.0251  test=0.6749  54.0s\n"}
,{"stream_name":"stdout","time":1190.843519675,"data":"  [seed 0] epoch 018  lr=0.0003  a=0.78  a0=0.3939  loss=0.9475  test=0.6929  54.0s\n"}
,{"stream_name":"stdout","time":1251.846807879,"data":"  [seed 0] --- phase 3 begins, alpha=0.667\n"}
,{"stream_name":"stdout","time":1251.847210646,"data":"  [seed 0] epoch 019  lr=0.0989  a=0.67  a0=0.4757  loss=1.0303  test=0.5468  54.0s\n"}
,{"stream_name":"stdout","time":1313.110013101,"data":"  [seed 0] epoch 020  lr=0.0872  a=0.67  a0=0.5109  loss=1.0369  test=0.6602  54.0s\n"}
,{"stream_name":"stdout","time":1374.102305476,"data":"  [seed 0] epoch 021  lr=0.0656  a=0.67  a0=0.5338  loss=0.9546  test=0.6824  54.0s\n"}
,{"stream_name":"stdout","time":1435.113957091,"data":"  [seed 0] epoch 022  lr=0.0397  a=0.67  a0=0.5292  loss=0.8656  test=0.7028  54.0s\n"}
,{"stream_name":"stdout","time":1496.122483082,"data":"  [seed 0] epoch 023  lr=0.0166  a=0.67  a0=0.5185  loss=0.7804  test=0.7516  54.0s\n"}
,{"stream_name":"stdout","time":1557.105360048,"data":"  [seed 0] epoch 024  lr=0.0025  a=0.67  a0=0.5114  loss=0.6875  test=0.7786  54.0s\n"}
,{"stream_name":"stdout","time":1618.216368765,"data":"  [seed 0] --- phase 4 begins, alpha=0.556, grad norm 23.705 leaving the last phase\n"}
,{"stream_name":"stdout","time":1618.217147979,"data":"  [seed 0] epoch 025  lr=0.0994  a=0.56  a0=0.5764  loss=0.6785  test=0.5524  53.9s\n"}
,{"stream_name":"stdout","time":1679.054934088,"data":"  [seed 0] epoch 026  lr=0.0934  a=0.56  a0=0.5839  loss=0.8358  test=0.6162  53.9s\n"}
,{"stream_name":"stdout","time":1740.127526698,"data":"  [seed 0] epoch 027  lr=0.0751  a=0.56  a0=0.6093  loss=0.7766  test=0.7214  54.1s\n"}
,{"stream_name":"stdout","time":1801.173478557,"data":"  [seed 0] epoch 028  lr=0.0501  a=0.56  a0=0.6124  loss=0.7071  test=0.6664  54.1s\n"}
,{"stream_name":"stdout","time":1862.098276406,"data":"  [seed 0] epoch 029  lr=0.0251  a=0.56  a0=0.6105  loss=0.6326  test=0.7788  53.9s\n"}
,{"stream_name":"stdout","time":1923.236378653,"data":"  [seed 0] epoch 030  lr=0.0068  a=0.56  a0=0.6214  loss=0.5489  test=0.8267  53.9s\n"}
,{"stream_name":"stdout","time":1984.119829043,"data":"  [seed 0] epoch 031  lr=0.0000  a=0.56  a0=0.6098  loss=0.4832  test=0.8354  53.9s\n"}
,{"stream_name":"stdout","time":2045.039395352,"data":"  [seed 0] --- phase 5 begins, alpha=0.444\n"}
,{"stream_name":"stdout","time":2045.040394457,"data":"  [seed 0] epoch 032  lr=0.0976  a=0.44  a0=0.6789  loss=0.6642  test=0.7342  53.9s\n"}
,{"stream_name":"stdout","time":2106.008704146,"data":"  [seed 0] epoch 033  lr=0.0836  a=0.44  a0=0.6634  loss=0.6708  test=0.7572  54.0s\n"}
,{"stream_name":"stdout","time":2166.919472846,"data":"  [seed 0] epoch 034  lr=0.0605  a=0.44  a0=0.6734  loss=0.6141  test=0.7668  53.9s\n"}
,{"stream_name":"stdout","time":2228.097538016,"data":"  [seed 0] epoch 035  lr=0.0347  a=0.44  a0=0.6835  loss=0.5432  test=0.7963  54.0s\n"}
,{"stream_name":"stdout","time":2289.043722346,"data":"  [seed 0] epoch 036  lr=0.0129  a=0.44  a0=0.7137  loss=0.4626  test=0.8450  54.0s\n"}
,{"stream_name":"stdout","time":2349.981061215,"data":"  [seed 0] epoch 037  lr=0.0011  a=0.44  a0=0.7053  loss=0.3911  test=0.8618  54.0s\n"}
,{"stream_name":"stdout","time":2410.934469748,"data":"  [seed 0] --- phase 6 begins, alpha=0.333\n"}
,{"stream_name":"stdout","time":2410.93452687,"data":"  [seed 0] epoch 038  lr=0.0997  a=0.33  a0=0.7340  loss=0.4648  test=0.7478  54.0s\n"}
,{"stream_name":"stdout","time":2471.885985343,"data":"  [seed 0] epoch 039  lr=0.0905  a=0.33  a0=0.7599  loss=0.5943  test=0.7760  54.0s\n"}
,{"stream_name":"stdout","time":2533.092361325,"data":"  [seed 0] epoch 040  lr=0.0705  a=0.33  a0=0.7638  loss=0.5415  test=0.7989  54.0s\n"}
,{"stream_name":"stdout","time":2594.015735448,"data":"  [seed 0] epoch 041  lr=0.0449  a=0.33  a0=0.7726  loss=0.4768  test=0.8320  54.0s\n"}
,{"stream_name":"stdout","time":2654.939047902,"data":"  [seed 0] epoch 042  lr=0.0207  a=0.33  a0=0.7879  loss=0.4001  test=0.8640  54.0s\n"}
,{"stream_name":"stdout","time":2715.887903878,"data":"  [seed 0] epoch 043  lr=0.0044  a=0.33  a0=0.7994  loss=0.3202  test=0.8816  54.0s\n"}
,{"stream_name":"stdout","time":2776.861187427,"data":"  [seed 0] --- phase 7 begins, alpha=0.222\n"}
,{"stream_name":"stdout","time":2776.862051236,"data":"  [seed 0] epoch 044  lr=0.0494  a=0.22  a0=0.7910  loss=0.2819  test=0.8208  54.0s\n"}
,{"stream_name":"stdout","time":2838.042051996,"data":"  [seed 0] epoch 045  lr=0.0957  a=0.22  a0=0.7790  loss=0.5256  test=0.7464  54.0s\n"}
,{"stream_name":"stdout","time":2898.971537376,"data":"  [seed 0] epoch 046  lr=0.0795  a=0.22  a0=0.8173  loss=0.4914  test=0.8277  54.0s\n"}
,{"stream_name":"stdout","time":2959.904519142,"data":"  [seed 0] epoch 047  lr=0.0554  a=0.22  a0=0.8239  loss=0.4279  test=0.8379  54.0s\n"}
,{"stream_name":"stdout","time":3020.766413045,"data":"  [seed 0] epoch 048  lr=0.0298  a=0.22  a0=0.8317  loss=0.3612  test=0.8660  53.9s\n"}
,{"stream_name":"stdout","time":3081.619801562,"data":"  [seed 0] epoch 049  lr=0.0096  a=0.22  a0=0.8483  loss=0.2802  test=0.8927  53.9s\n"}
,{"stream_name":"stdout","time":3142.70821503,"data":"  [seed 0] epoch 050  lr=0.0003  a=0.22  a0=0.8509  loss=0.2190  test=0.9026  53.9s\n"}
,{"stream_name":"stdout","time":3203.636225487,"data":"  [seed 0] --- phase 8 begins, alpha=0.111\n"}
,{"stream_name":"stdout","time":3203.636880083,"data":"  [seed 0] epoch 051  lr=0.0989  a=0.11  a0=0.8158  loss=0.3782  test=0.8049  54.0s\n"}
,{"stream_name":"stdout","time":3264.546649437,"data":"  [seed 0] epoch 052  lr=0.0872  a=0.11  a0=0.8386  loss=0.4567  test=0.8383  54.0s\n"}
,{"stream_name":"stdout","time":3325.519482026,"data":"  [seed 0] epoch 053  lr=0.0655  a=0.11  a0=0.8414  loss=0.4043  test=0.8385  54.0s\n"}
,{"stream_name":"stdout","time":3386.516867196,"data":"  [seed 0] epoch 054  lr=0.0397  a=0.11  a0=0.8614  loss=0.3340  test=0.8636  54.0s\n"}
,{"stream_name":"stdout","time":3447.674724021,"data":"  [seed 0] epoch 055  lr=0.0166  a=0.11  a0=0.8764  loss=0.2550  test=0.8986  54.0s\n"}
,{"stream_name":"stdout","time":3508.624780037,"data":"  [seed 0] epoch 056  lr=0.0025  a=0.11  a0=0.8899  loss=0.1841  test=0.9117  54.0s\n"}
,{"stream_name":"stdout","time":3564.723682405,"data":"  [seed 0] --- phase 9 begins, alpha=0.000\n"}
,{"stream_name":"stdout","time":3564.72429675,"data":"  [seed 0] epoch 057  lr=0.0284  a=0.00  a0=0.8919  loss=0.1640  test=0.8919  53.7s\n"}
,{"stream_name":"stdout","time":3620.305852619,"data":"  [seed 0] epoch 058  lr=0.1000  a=0.00  a0=0.7534  loss=0.3510  test=0.7534  53.1s\n"}
,{"stream_name":"stdout","time":3675.897814148,"data":"  [seed 0] epoch 059  lr=0.0994  a=0.00  a0=0.7974  loss=0.4364  test=0.7974  53.2s\n"}
,{"stream_name":"stdout","time":3731.745687358,"data":"  [seed 0] epoch 060  lr=0.0978  a=0.00  a0=0.8061  loss=0.4047  test=0.8061  53.2s\n"}
,{"stream_name":"stdout","time":3787.349000597,"data":"  [seed 0] epoch 061  lr=0.0951  a=0.00  a0=0.8399  loss=0.3889  test=0.8399  53.2s\n"}
,{"stream_name":"stdout","time":3842.919051784,"data":"  [seed 0] epoch 062  lr=0.0913  a=0.00  a0=0.8433  loss=0.3688  test=0.8433  53.1s\n"}
,{"stream_name":"stdout","time":3898.477899091,"data":"  [seed 0] epoch 063  lr=0.0867  a=0.00  a0=0.8499  loss=0.3557  test=0.8499  53.1s\n"}
,{"stream_name":"stdout","time":3954.058116499,"data":"  [seed 0] epoch 064  lr=0.0812  a=0.00  a0=0.8614  loss=0.3441  test=0.8614  53.1s\n"}
,{"stream_name":"stdout","time":4009.832866024,"data":"  [seed 0] epoch 065  lr=0.0750  a=0.00  a0=0.8569  loss=0.3260  test=0.8569  53.1s\n"}
,{"stream_name":"stdout","time":4065.360031989,"data":"  [seed 0] epoch 066  lr=0.0683  a=0.00  a0=0.8505  loss=0.3073  test=0.8505  53.1s\n"}
,{"stream_name":"stdout","time":4120.866809606,"data":"  [seed 0] epoch 067  lr=0.0612  a=0.00  a0=0.8609  loss=0.2874  test=0.8609  53.1s\n"}
,{"stream_name":"stdout","time":4176.368253099,"data":"  [seed 0] epoch 068  lr=0.0538  a=0.00  a0=0.8769  loss=0.2624  test=0.8769  53.1s\n"}
,{"stream_name":"stdout","time":4231.890166613,"data":"  [seed 0] epoch 069  lr=0.0463  a=0.00  a0=0.8716  loss=0.2404  test=0.8716  53.1s\n"}
,{"stream_name":"stdout","time":4287.633267662,"data":"  [seed 0] epoch 070  lr=0.0389  a=0.00  a0=0.8820  loss=0.2168  test=0.8820  53.1s\n"}
,{"stream_name":"stdout","time":4343.122390546,"data":"  [seed 0] epoch 071  lr=0.0318  a=0.00  a0=0.8970  loss=0.1856  test=0.8970  53.1s\n"}
,{"stream_name":"stdout","time":4398.623015278,"data":"  [seed 0] epoch 072  lr=0.0250  a=0.00  a0=0.9060  loss=0.1548  test=0.9060  53.1s\n"}
,{"stream_name":"stdout","time":4454.111105131,"data":"  [seed 0] epoch 073  lr=0.0188  a=0.00  a0=0.9146  loss=0.1315  test=0.9146  53.1s\n"}
,{"stream_name":"stdout","time":4509.620449715,"data":"  [seed 0] epoch 074  lr=0.0134  a=0.00  a0=0.9232  loss=0.0987  test=0.9232  53.1s\n"}
,{"stream_name":"stdout","time":4565.348146983,"data":"  [seed 0] epoch 075  lr=0.0087  a=0.00  a0=0.9293  loss=0.0725  test=0.9293  53.1s\n"}
,{"stream_name":"stdout","time":4620.857189108,"data":"  [seed 0] epoch 076  lr=0.0050  a=0.00  a0=0.9322  loss=0.0514  test=0.9322  53.1s\n"}
,{"stream_name":"stdout","time":4676.412244987,"data":"  [seed 0] epoch 077  lr=0.0022  a=0.00  a0=0.9342  loss=0.0382  test=0.9342  53.1s\n"}
,{"stream_name":"stdout","time":4731.902266029,"data":"  [seed 0] epoch 078  lr=0.0006  a=0.00  a0=0.9362  loss=0.0327  test=0.9362  53.1s\n"}
,{"stream_name":"stdout","time":4787.518085516,"data":"  [seed 0] epoch 079  lr=0.0000  a=0.00  a0=0.9358  loss=0.0287  test=0.9358  52.9s\n"}
,{"stream_name":"stdout","time":4802.090748709,"data":"  [seed 0] 4770s  test_final=0.9358  test_selected=0.9358  train=0.9958  gap=+0.0600\n"}
,{"stream_name":"stdout","time":4802.092878174,"data":"\n"}
,{"stream_name":"stdout","time":4802.093228072,"data":"--- seed 1 ---\n"}
,{"stream_name":"stdout","time":4802.247884567,"data":"model: resnet18, 11.17M params\n"}
,{"stream_name":"stdout","time":4802.249712123,"data":"  [seed 1] activation homotopy: alpha 1.0 -\u003e 0.0 (staircase), 1 group(s) over 17 sites (global/all)\n"}
,{"stream_name":"stdout","time":4802.250494462,"data":"  [seed 1] continuation: 10 phases, lr restarts at each -- boundaries 0.00, 0.08, 0.16, 0.24, 0.32, 0.40, 0.48, 0.56, 0.64, 0.72, 1.00\n"}
,{"stream_name":"stdout","time":4863.335125129,"data":"  [seed 1] --- phase 0 begins, alpha=1.000, grad norm 0.848 leaving the last phase\n"}
,{"stream_name":"stdout","time":4863.335661465,"data":"  [seed 1] epoch 000  lr=0.0976  a=1.00  a0=0.2084  loss=2.0907  test=0.2808  53.8s\n"}
,{"stream_name":"stdout","time":4924.22143358,"data":"  [seed 1] epoch 001  lr=0.0835  a=1.00  a0=0.2941  loss=1.9719  test=0.3291  53.9s\n"}
,{"stream_name":"stdout","time":4985.208930913,"data":"  [seed 1] epoch 002  lr=0.0605  a=1.00  a0=0.2850  loss=1.9325  test=0.3521  54.0s\n"}
,{"stream_name":"stdout","time":5046.229109308,"data":"  [seed 1] epoch 003  lr=0.0346  a=1.00  a0=0.2983  loss=1.9097  test=0.3577  54.0s\n"}
,{"stream_name":"stdout","time":5107.247833014,"data":"  [seed 1] epoch 004  lr=0.0129  a=1.00  a0=0.3071  loss=1.8926  test=0.3713  54.0s\n"}
,{"stream_name":"stdout","time":5168.500338354,"data":"  [seed 1] epoch 005  lr=0.0011  a=1.00  a0=0.2983  loss=1.8822  test=0.3735  54.0s\n"}
,{"stream_name":"stdout","time":5229.487541342,"data":"  [seed 1] --- phase 1 begins, alpha=0.889\n"}
,{"stream_name":"stdout","time":5229.488212747,"data":"  [seed 1] epoch 006  lr=0.0997  a=0.89  a0=0.2399  loss=1.8751  test=0.3225  54.0s\n"}
,{"stream_name":"stdout","time":5290.460046378,"data":"  [seed 1] epoch 007  lr=0.0905  a=0.89  a0=0.2554  loss=1.6917  test=0.4101  54.0s\n"}
,{"stream_name":"stdout","time":5351.470397962,"data":"  [seed 1] epoch 008  lr=0.0705  a=0.89  a0=0.2655  loss=1.5801  test=0.4579  54.0s\n"}
,{"stream_name":"stdout","time":5412.480882415,"data":"  [seed 1] epoch 009  lr=0.0448  a=0.89  a0=0.2615  loss=1.5237  test=0.4521  54.0s\n"}
,{"stream_name":"stdout","time":5473.738537912,"data":"  [seed 1] epoch 010  lr=0.0207  a=0.89  a0=0.2725  loss=1.4729  test=0.4959  54.0s\n"}
,{"stream_name":"stdout","time":5534.776863242,"data":"  [seed 1] epoch 011  lr=0.0044  a=0.89  a0=0.2656  loss=1.4098  test=0.5244  54.0s\n"}
,{"stream_name":"stdout","time":5595.807752299,"data":"  [seed 1] --- phase 2 begins, alpha=0.778\n"}
,{"stream_name":"stdout","time":5595.808396274,"data":"  [seed 1] epoch 012  lr=0.0500  a=0.78  a0=0.3194  loss=1.3617  test=0.4967  54.0s\n"}
,{"stream_name":"stdout","time":5656.758342766,"data":"  [seed 1] epoch 013  lr=0.0957  a=0.78  a0=0.4157  loss=1.4094  test=0.5026  54.0s\n"}
,{"stream_name":"stdout","time":5717.699640179,"data":"  [seed 1] epoch 014  lr=0.0795  a=0.78  a0=0.4058  loss=1.2831  test=0.5783  53.9s\n"}
,{"stream_name":"stdout","time":5778.913932037,"data":"  [seed 1] epoch 015  lr=0.0554  a=0.78  a0=0.4008  loss=1.1776  test=0.5669  54.0s\n"}
,{"stream_name":"stdout","time":5839.876235746,"data":"  [seed 1] epoch 016  lr=0.0298  a=0.78  a0=0.4369  loss=1.0977  test=0.6195  53.9s\n"}
,{"stream_name":"stdout","time":5900.890420973,"data":"  [seed 1] epoch 017  lr=0.0096  a=0.78  a0=0.4105  loss=1.0117  test=0.6704  54.0s\n"}
,{"stream_name":"stdout","time":5961.820501851,"data":"  [seed 1] epoch 018  lr=0.0003  a=0.78  a0=0.4113  loss=0.9378  test=0.6951  53.9s\n"}
,{"stream_name":"stdout","time":6022.79645051,"data":"  [seed 1] --- phase 3 begins, alpha=0.667\n"}
,{"stream_name":"stdout","time":6022.796484997,"data":"  [seed 1] epoch 019  lr=0.0989  a=0.67  a0=0.4855  loss=1.0258  test=0.6238  54.0s\n"}
,{"stream_name":"stdout","time":6084.014411327,"data":"  [seed 1] epoch 020  lr=0.0872  a=0.67  a0=0.4944  loss=1.0358  test=0.6043  54.0s\n"}
,{"stream_name":"stdout","time":6145.005492268,"data":"  [seed 1] epoch 021  lr=0.0656  a=0.67  a0=0.4901  loss=0.9745  test=0.6721  54.0s\n"}
,{"stream_name":"stdout","time":6205.998178285,"data":"  [seed 1] epoch 022  lr=0.0397  a=0.67  a0=0.4782  loss=0.8972  test=0.6629  54.0s\n"}
,{"stream_name":"stdout","time":6266.945121865,"data":"  [seed 1] epoch 023  lr=0.0166  a=0.67  a0=0.4869  loss=0.8035  test=0.7068  54.0s\n"}
,{"stream_name":"stdout","time":6327.927023862,"data":"  [seed 1] epoch 024  lr=0.0025  a=0.67  a0=0.4870  loss=0.7126  test=0.7732  54.0s\n"}
,{"stream_name":"stdout","time":6389.125884376,"data":"  [seed 1] --- phase 4 begins, alpha=0.556, grad norm 24.045 leaving the last phase\n"}
,{"stream_name":"stdout","time":6389.126614283,"data":"  [seed 1] epoch 025  lr=0.0994  a=0.56  a0=0.5621  loss=0.7050  test=0.5521  54.0s\n"}
,{"stream_name":"stdout","time":6450.055097637,"data":"  [seed 1] epoch 026  lr=0.0934  a=0.56  a0=0.5912  loss=0.8525  test=0.5555  54.0s\n"}
,{"stream_name":"stdout","time":6510.952745679,"data":"  [seed 1] epoch 027  lr=0.0751  a=0.56  a0=0.6058  loss=0.7836  test=0.7299  53.9s\n"}
,{"stream_name":"stdout","time":6571.888562142,"data":"  [seed 1] epoch 028  lr=0.0501  a=0.56  a0=0.6078  loss=0.7154  test=0.7505  54.0s\n"}
,{"stream_name":"stdout","time":6632.869942134,"data":"  [seed 1] epoch 029  lr=0.0251  a=0.56  a0=0.6230  loss=0.6359  test=0.7769  54.0s\n"}
,{"stream_name":"stdout","time":6694.084604902,"data":"  [seed 1] epoch 030  lr=0.0068  a=0.56  a0=0.6150  loss=0.5519  test=0.8233  54.0s\n"}
,{"stream_name":"stdout","time":6755.012121423,"data":"  [seed 1] epoch 031  lr=0.0000  a=0.56  a0=0.6141  loss=0.4856  test=0.8350  54.0s\n"}
,{"stream_name":"stdout","time":6815.964782437,"data":"  [seed 1] --- phase 5 begins, alpha=0.444\n"}
,{"stream_name":"stdout","time":6815.965305972,"data":"  [seed 1] epoch 032  lr=0.0976  a=0.44  a0=0.6992  loss=0.6673  test=0.7399  54.0s\n"}
,{"stream_name":"stdout","time":6876.94999606,"data":"  [seed 1] epoch 033  lr=0.0836  a=0.44  a0=0.6891  loss=0.6685  test=0.7568  54.0s\n"}
,{"stream_name":"stdout","time":6937.935744882,"data":"  [seed 1] epoch 034  lr=0.0605  a=0.44  a0=0.7137  loss=0.6136  test=0.7840  54.0s\n"}
,{"stream_name":"stdout","time":6999.143976951,"data":"  [seed 1] epoch 035  lr=0.0347  a=0.44  a0=0.7041  loss=0.5453  test=0.8172  54.0s\n"}
,{"stream_name":"stdout","time":7060.110039064,"data":"  [seed 1] epoch 036  lr=0.0129  a=0.44  a0=0.7139  loss=0.4622  test=0.8391  54.0s\n"}
,{"stream_name":"stdout","time":7121.012655861,"data":"  [seed 1] epoch 037  lr=0.0011  a=0.44  a0=0.7264  loss=0.3891  test=0.8643  53.9s\n"}
,{"stream_name":"stdout","time":7181.93139974,"data":"  [seed 1] --- phase 6 begins, alpha=0.333\n"}
,{"stream_name":"stdout","time":7181.931928021,"data":"  [seed 1] epoch 038  lr=0.0997  a=0.33  a0=0.7364  loss=0.4669  test=0.7358  53.9s\n"}
,{"stream_name":"stdout","time":7242.850820539,"data":"  [seed 1] epoch 039  lr=0.0905  a=0.33  a0=0.7546  loss=0.5976  test=0.7551  53.9s\n"}
,{"stream_name":"stdout","time":7304.016876964,"data":"  [seed 1] epoch 040  lr=0.0705  a=0.33  a0=0.7673  loss=0.5461  test=0.8052  54.0s\n"}
,{"stream_name":"stdout","time":7364.989031576,"data":"  [seed 1] epoch 041  lr=0.0449  a=0.33  a0=0.7825  loss=0.4828  test=0.8302  54.0s\n"}
,{"stream_name":"stdout","time":7425.987350705,"data":"  [seed 1] epoch 042  lr=0.0207  a=0.33  a0=0.8003  loss=0.4064  test=0.8656  54.0s\n"}
,{"stream_name":"stdout","time":7487.041431616,"data":"  [seed 1] epoch 043  lr=0.0044  a=0.33  a0=0.7971  loss=0.3267  test=0.8810  54.1s\n"}
,{"stream_name":"stdout","time":7548.034720057,"data":"  [seed 1] --- phase 7 begins, alpha=0.222\n"}
,{"stream_name":"stdout","time":7548.035279942,"data":"  [seed 1] epoch 044  lr=0.0494  a=0.22  a0=0.8018  loss=0.2895  test=0.7971  54.0s\n"}
,{"stream_name":"stdout","time":7609.283268514,"data":"  [seed 1] epoch 045  lr=0.0957  a=0.22  a0=0.8024  loss=0.5328  test=0.8062  54.0s\n"}
,{"stream_name":"stdout","time":7670.31259315,"data":"  [seed 1] epoch 046  lr=0.0795  a=0.22  a0=0.7974  loss=0.4946  test=0.7425  54.1s\n"}
,{"stream_name":"stdout","time":7731.29753383,"data":"  [seed 1] epoch 047  lr=0.0554  a=0.22  a0=0.8218  loss=0.4332  test=0.8229  54.0s\n"}
,{"stream_name":"stdout","time":7792.292360464,"data":"  [seed 1] epoch 048  lr=0.0298  a=0.22  a0=0.8383  loss=0.3625  test=0.8714  54.0s\n"}
,{"stream_name":"stdout","time":7853.135449276,"data":"  [seed 1] epoch 049  lr=0.0096  a=0.22  a0=0.8535  loss=0.2809  test=0.8938  53.9s\n"}
,{"stream_name":"stdout","time":7914.067054115,"data":"  [seed 1] epoch 050  lr=0.0003  a=0.22  a0=0.8568  loss=0.2243  test=0.9011  53.8s\n"}
,{"stream_name":"stdout","time":7974.741715504,"data":"  [seed 1] --- phase 8 begins, alpha=0.111\n"}
,{"stream_name":"stdout","time":7974.742202997,"data":"  [seed 1] epoch 051  lr=0.0989  a=0.11  a0=0.8060  loss=0.3742  test=0.7759  53.8s\n"}
,{"stream_name":"stdout","time":8035.49354523,"data":"  [seed 1] epoch 052  lr=0.0872  a=0.11  a0=0.8258  loss=0.4569  test=0.7852  53.8s\n"}
,{"stream_name":"stdout","time":8096.460268009,"data":"  [seed 1] epoch 053  lr=0.0655  a=0.11  a0=0.8470  loss=0.4045  test=0.8126  54.0s\n"}
,{"stream_name":"stdout","time":8157.478532627,"data":"  [seed 1] epoch 054  lr=0.0397  a=0.11  a0=0.8583  loss=0.3357  test=0.8649  54.1s\n"}
,{"stream_name":"stdout","time":8218.765130106,"data":"  [seed 1] epoch 055  lr=0.0166  a=0.11  a0=0.8825  loss=0.2598  test=0.9025  54.1s\n"}
,{"stream_name":"stdout","time":8279.739151458,"data":"  [seed 1] epoch 056  lr=0.0025  a=0.11  a0=0.8952  loss=0.1872  test=0.9120  54.0s\n"}
,{"stream_name":"stdout","time":8335.701216324,"data":"  [seed 1] --- phase 9 begins, alpha=0.000\n"}
,{"stream_name":"stdout","time":8335.701925422,"data":"  [seed 1] epoch 057  lr=0.0284  a=0.00  a0=0.8879  loss=0.1642  test=0.8879  53.5s\n"}
,{"stream_name":"stdout","time":8391.091450544,"data":"  [seed 1] epoch 058  lr=0.1000  a=0.00  a0=0.7711  loss=0.3480  test=0.7711  53.0s\n"}
,{"stream_name":"stdout","time":8446.444101573,"data":"  [seed 1] epoch 059  lr=0.0994  a=0.00  a0=0.8098  loss=0.4353  test=0.8098  52.9s\n"}
,{"stream_name":"stdout","time":8501.992683334,"data":"  [seed 1] epoch 060  lr=0.0978  a=0.00  a0=0.7747  loss=0.4058  test=0.7747  52.9s\n"}
,{"stream_name":"stdout","time":8557.335676905,"data":"  [seed 1] epoch 061  lr=0.0951  a=0.00  a0=0.7717  loss=0.3877  test=0.7717  52.9s\n"}
,{"stream_name":"stdout","time":8612.762284479,"data":"  [seed 1] epoch 062  lr=0.0913  a=0.00  a0=0.8113  loss=0.3751  test=0.8113  53.0s\n"}
,{"stream_name":"stdout","time":8668.285478411,"data":"  [seed 1] epoch 063  lr=0.0867  a=0.00  a0=0.8351  loss=0.3572  test=0.8351  53.1s\n"}
,{"stream_name":"stdout","time":8723.943481775,"data":"  [seed 1] epoch 064  lr=0.0812  a=0.00  a0=0.8350  loss=0.3442  test=0.8350  53.2s\n"}
,{"stream_name":"stdout","time":8779.810923716,"data":"  [seed 1] epoch 065  lr=0.0750  a=0.00  a0=0.8444  loss=0.3241  test=0.8444  53.2s\n"}
,{"stream_name":"stdout","time":8835.268448738,"data":"  [seed 1] epoch 066  lr=0.0683  a=0.00  a0=0.8593  loss=0.3043  test=0.8593  53.0s\n"}
,{"stream_name":"stdout","time":8890.89899729,"data":"  [seed 1] epoch 067  lr=0.0612  a=0.00  a0=0.8543  loss=0.2857  test=0.8543  53.2s\n"}
,{"stream_name":"stdout","time":8946.316591739,"data":"  [seed 1] epoch 068  lr=0.0538  a=0.00  a0=0.8576  loss=0.2637  test=0.8576  53.0s\n"}
,{"stream_name":"stdout","time":9001.723577704,"data":"  [seed 1] epoch 069  lr=0.0463  a=0.00  a0=0.8564  loss=0.2417  test=0.8564  53.0s\n"}
,{"stream_name":"stdout","time":9057.350091134,"data":"  [seed 1] epoch 070  lr=0.0389  a=0.00  a0=0.8912  loss=0.2113  test=0.8912  53.0s\n"}
,{"stream_name":"stdout","time":9112.812356946,"data":"  [seed 1] epoch 071  lr=0.0318  a=0.00  a0=0.8954  loss=0.1831  test=0.8954  53.0s\n"}
,{"stream_name":"stdout","time":9168.278181456,"data":"  [seed 1] epoch 072  lr=0.0250  a=0.00  a0=0.9064  loss=0.1573  test=0.9064  53.0s\n"}
,{"stream_name":"stdout","time":9223.737654604,"data":"  [seed 1] epoch 073  lr=0.0188  a=0.00  a0=0.9167  loss=0.1284  test=0.9167  53.0s\n"}
,{"stream_name":"stdout","time":9279.087748124,"data":"  [seed 1] epoch 074  lr=0.0134  a=0.00  a0=0.9220  loss=0.1002  test=0.9220  52.9s\n"}
,{"stream_name":"stdout","time":9334.596077749,"data":"  [seed 1] epoch 075  lr=0.0087  a=0.00  a0=0.9291  loss=0.0709  test=0.9291  52.9s\n"}
,{"stream_name":"stdout","time":9389.912978034,"data":"  [seed 1] epoch 076  lr=0.0050  a=0.00  a0=0.9365  loss=0.0504  test=0.9365  52.9s\n"}
,{"stream_name":"stdout","time":9445.310485048,"data":"  [seed 1] epoch 077  lr=0.0022  a=0.00  a0=0.9367  loss=0.0387  test=0.9367  53.0s\n"}
,{"stream_name":"stdout","time":9500.736336772,"data":"  [seed 1] epoch 078  lr=0.0006  a=0.00  a0=0.9375  loss=0.0309  test=0.9375  53.0s\n"}
,{"stream_name":"stdout","time":9556.437231189,"data":"  [seed 1] epoch 079  lr=0.0000  a=0.00  a0=0.9361  loss=0.0290  test=0.9361  53.0s\n"}
,{"stream_name":"stdout","time":9570.994048878,"data":"  [seed 1] 4754s  test_final=0.9361  test_selected=0.9361  train=0.9952  gap=+0.0591\n"}
,{"stream_name":"stdout","time":9570.996015444,"data":"\n"}
,{"stream_name":"stdout","time":9570.996150727,"data":"--- seed 2 ---\n"}
,{"stream_name":"stdout","time":9571.130276412,"data":"model: resnet18, 11.17M params\n"}
,{"stream_name":"stdout","time":9571.131650012,"data":"  [seed 2] activation homotopy: alpha 1.0 -\u003e 0.0 (staircase), 1 group(s) over 17 sites (global/all)\n"}
,{"stream_name":"stdout","time":9571.131783892,"data":"  [seed 2] continuation: 10 phases, lr restarts at each -- boundaries 0.00, 0.08, 0.16, 0.24, 0.32, 0.40, 0.48, 0.56, 0.64, 0.72, 1.00\n"}
,{"stream_name":"stdout","time":9632.382918639,"data":"  [seed 2] --- phase 0 begins, alpha=1.000, grad norm 1.218 leaving the last phase\n"}
,{"stream_name":"stdout","time":9632.382953725,"data":"  [seed 2] epoch 000  lr=0.0976  a=1.00  a0=0.1563  loss=2.0930  test=0.2545  53.9s\n"}
,{"stream_name":"stdout","time":9693.284555177,"data":"  [seed 2] epoch 001  lr=0.0835  a=1.00  a0=0.2055  loss=1.9754  test=0.3251  53.9s\n"}
,{"stream_name":"stdout","time":9754.258030386,"data":"  [seed 2] epoch 002  lr=0.0605  a=1.00  a0=0.2133  loss=1.9336  test=0.3491  54.0s\n"}
,{"stream_name":"stdout","time":9815.276580238,"data":"  [seed 2] epoch 003  lr=0.0346  a=1.00  a0=0.2028  loss=1.9109  test=0.3537  54.0s\n"}
,{"stream_name":"stdout","time":9876.21465448,"data":"  [seed 2] epoch 004  lr=0.0129  a=1.00  a0=0.2380  loss=1.8974  test=0.3686  54.0s\n"}
,{"stream_name":"stdout","time":9937.161468567,"data":"  [seed 2] epoch 005  lr=0.0011  a=1.00  a0=0.2321  loss=1.8818  test=0.3742  53.8s\n"}
,{"stream_name":"stdout","time":9997.773963979,"data":"  [seed 2] --- phase 1 begins, alpha=0.889\n"}
,{"stream_name":"stdout","time":9997.774291565,"data":"  [seed 2] epoch 006  lr=0.0997  a=0.89  a0=0.2574  loss=1.8650  test=0.3875  53.7s\n"}
,{"stream_name":"stdout","time":10058.534159437,"data":"  [seed 2] epoch 007  lr=0.0905  a=0.89  a0=0.2267  loss=1.6902  test=0.4204  53.8s\n"}
,{"stream_name":"stdout","time":10119.432468464,"data":"  [seed 2] epoch 008  lr=0.0705  a=0.89  a0=0.1950  loss=1.5757  test=0.4027  53.9s\n"}
,{"stream_name":"stdout","time":10180.439264262,"data":"  [seed 2] epoch 009  lr=0.0448  a=0.89  a0=0.2102  loss=1.5224  test=0.4854  54.0s\n"}
,{"stream_name":"stdout","time":10241.600466497,"data":"  [seed 2] epoch 010  lr=0.0207  a=0.89  a0=0.2059  loss=1.4738  test=0.5008  54.0s\n"}
,{"stream_name":"stdout","time":10302.330918257,"data":"  [seed 2] epoch 011  lr=0.0044  a=0.89  a0=0.2146  loss=1.4115  test=0.5312  53.8s\n"}
,{"stream_name":"stdout","time":10363.00345941,"data":"  [seed 2] --- phase 2 begins, alpha=0.778\n"}
,{"stream_name":"stdout","time":10363.003950793,"data":"  [seed 2] epoch 012  lr=0.0500  a=0.78  a0=0.2726  loss=1.3721  test=0.4942  53.7s\n"}
,{"stream_name":"stdout","time":10423.626963882,"data":"  [seed 2] epoch 013  lr=0.0957  a=0.78  a0=0.3516  loss=1.4135  test=0.4766  53.7s\n"}
,{"stream_name":"stdout","time":10484.499219871,"data":"  [seed 2] epoch 014  lr=0.0795  a=0.78  a0=0.3942  loss=1.2973  test=0.5311  53.9s\n"}
,{"stream_name":"stdout","time":10545.715016279,"data":"  [seed 2] epoch 015  lr=0.0554  a=0.78  a0=0.4030  loss=1.1837  test=0.5840  54.0s\n"}
,{"stream_name":"stdout","time":10606.679723696,"data":"  [seed 2] epoch 016  lr=0.0298  a=0.78  a0=0.3966  loss=1.1008  test=0.6390  53.9s\n"}
,{"stream_name":"stdout","time":10667.621034502,"data":"  [seed 2] epoch 017  lr=0.0096  a=0.78  a0=0.3867  loss=1.0211  test=0.6805  53.9s\n"}
,{"stream_name":"stdout","time":10728.484608626,"data":"  [seed 2] epoch 018  lr=0.0003  a=0.78  a0=0.3770  loss=0.9434  test=0.6910  53.9s\n"}
,{"stream_name":"stdout","time":10789.456935773,"data":"  [seed 2] --- phase 3 begins, alpha=0.667\n"}
,{"stream_name":"stdout","time":10789.457654744,"data":"  [seed 2] epoch 019  lr=0.0989  a=0.67  a0=0.4449  loss=1.0261  test=0.5849  54.0s\n"}
,{"stream_name":"stdout","time":10850.56423634,"data":"  [seed 2] epoch 020  lr=0.0872  a=0.67  a0=0.4759  loss=1.0443  test=0.5990  53.9s\n"}
,{"stream_name":"stdout","time":10911.239057208,"data":"  [seed 2] epoch 021  lr=0.0656  a=0.67  a0=0.4950  loss=0.9793  test=0.6642  53.7s\n"}
,{"stream_name":"stdout","time":10971.873209217,"data":"  [seed 2] epoch 022  lr=0.0397  a=0.67  a0=0.4783  loss=0.9016  test=0.6363  53.7s\n"}
,{"stream_name":"stdout","time":11032.478257074,"data":"  [seed 2] epoch 023  lr=0.0166  a=0.67  a0=0.4871  loss=0.8054  test=0.7331  53.7s\n"}
,{"stream_name":"stdout","time":11093.081707484,"data":"  [seed 2] epoch 024  lr=0.0025  a=0.67  a0=0.4773  loss=0.7151  test=0.7729  53.7s\n"}
,{"stream_name":"stdout","time":11153.903486,"data":"  [seed 2] --- phase 4 begins, alpha=0.556, grad norm 13.087 leaving the last phase\n"}
,{"stream_name":"stdout","time":11153.904118461,"data":"  [seed 2] epoch 025  lr=0.0994  a=0.56  a0=0.5430  loss=0.7092  test=0.6576  53.7s\n"}
,{"stream_name":"stdout","time":11214.506157245,"data":"  [seed 2] epoch 026  lr=0.0934  a=0.56  a0=0.6128  loss=0.8554  test=0.6465  53.7s\n"}
,{"stream_name":"stdout","time":11275.119023341,"data":"  [seed 2] epoch 027  lr=0.0751  a=0.56  a0=0.6243  loss=0.7870  test=0.5976  53.7s\n"}
,{"stream_name":"stdout","time":11335.700963012,"data":"  [seed 2] epoch 028  lr=0.0501  a=0.56  a0=0.6266  loss=0.7198  test=0.7252  53.6s\n"}
,{"stream_name":"stdout","time":11396.291452378,"data":"  [seed 2] epoch 029  lr=0.0251  a=0.56  a0=0.5978  loss=0.6363  test=0.7866  53.7s\n"}
,{"stream_name":"stdout","time":11457.20244676,"data":"  [seed 2] epoch 030  lr=0.0068  a=0.56  a0=0.6245  loss=0.5526  test=0.8175  53.7s\n"}
,{"stream_name":"stdout","time":11517.820078411,"data":"  [seed 2] epoch 031  lr=0.0000  a=0.56  a0=0.6197  loss=0.4901  test=0.8314  53.7s\n"}
,{"stream_name":"stdout","time":11578.412299424,"data":"  [seed 2] --- phase 5 begins, alpha=0.444\n"}
,{"stream_name":"stdout","time":11578.412869983,"data":"  [seed 2] epoch 032  lr=0.0976  a=0.44  a0=0.6665  loss=0.6657  test=0.7440  53.7s\n"}
,{"stream_name":"stdout","time":11639.000009973,"data":"  [seed 2] epoch 033  lr=0.0836  a=0.44  a0=0.6894  loss=0.6724  test=0.7043  53.7s\n"}
,{"stream_name":"stdout","time":11699.637245401,"data":"  [seed 2] epoch 034  lr=0.0605  a=0.44  a0=0.7000  loss=0.6102  test=0.7820  53.7s\n"}
,{"stream_name":"stdout","time":11760.473601754,"data":"  [seed 2] epoch 035  lr=0.0347  a=0.44  a0=0.7009  loss=0.5453  test=0.8023  53.7s\n"}
,{"stream_name":"stdout","time":11821.084742587,"data":"  [seed 2] epoch 036  lr=0.0129  a=0.44  a0=0.7136  loss=0.4641  test=0.8398  53.7s\n"}
,{"stream_name":"stdout","time":11881.715539622,"data":"  [seed 2] epoch 037  lr=0.0011  a=0.44  a0=0.7183  loss=0.3942  test=0.8628  53.7s\n"}
,{"stream_name":"stdout","time":11942.304398653,"data":"  [seed 2] --- phase 6 begins, alpha=0.333\n"}
,{"stream_name":"stdout","time":11942.30506954,"data":"  [seed 2] epoch 038  lr=0.0997  a=0.33  a0=0.7261  loss=0.4647  test=0.7382  53.7s\n"}
,{"stream_name":"stdout","time":12002.900356677,"data":"  [seed 2] epoch 039  lr=0.0905  a=0.33  a0=0.7517  loss=0.5919  test=0.7788  53.7s\n"}
,{"stream_name":"stdout","time":12063.750374309,"data":"  [seed 2] epoch 040  lr=0.0705  a=0.33  a0=0.7629  loss=0.5417  test=0.8059  53.7s\n"}
,{"stream_name":"stdout","time":12124.320417965,"data":"  [seed 2] epoch 041  lr=0.0449  a=0.33  a0=0.7853  loss=0.4758  test=0.8241  53.6s\n"}
,{"stream_name":"stdout","time":12184.884928624,"data":"  [seed 2] epoch 042  lr=0.0207  a=0.33  a0=0.7992  loss=0.4046  test=0.8654  53.6s\n"}
,{"stream_name":"stdout","time":12245.465897358,"data":"  [seed 2] epoch 043  lr=0.0044  a=0.33  a0=0.7964  loss=0.3253  test=0.8850  53.6s\n"}
,{"stream_name":"stdout","time":12306.057475326,"data":"  [seed 2] --- phase 7 begins, alpha=0.222\n"}
,{"stream_name":"stdout","time":12306.058033895,"data":"  [seed 2] epoch 044  lr=0.0494  a=0.22  a0=0.8137  loss=0.2879  test=0.8507  53.6s\n"}
,{"stream_name":"stdout","time":12366.970631403,"data":"  [seed 2] epoch 045  lr=0.0957  a=0.22  a0=0.7894  loss=0.5273  test=0.7766  53.7s\n"}
,{"stream_name":"stdout","time":12427.826688065,"data":"  [seed 2] epoch 046  lr=0.0795  a=0.22  a0=0.8066  loss=0.4889  test=0.8129  53.9s\n"}
,{"stream_name":"stdout","time":12488.721035927,"data":"  [seed 2] epoch 047  lr=0.0554  a=0.22  a0=0.8184  loss=0.4329  test=0.8477  53.9s\n"}
,{"stream_name":"stdout","time":12549.500262887,"data":"  [seed 2] epoch 048  lr=0.0298  a=0.22  a0=0.8423  loss=0.3647  test=0.8629  53.8s\n"}
,{"stream_name":"stdout","time":12610.226694464,"data":"  [seed 2] epoch 049  lr=0.0096  a=0.22  a0=0.8490  loss=0.2798  test=0.8985  53.8s\n"}
,{"stream_name":"stdout","time":12671.092642224,"data":"  [seed 2] epoch 050  lr=0.0003  a=0.22  a0=0.8537  loss=0.2218  test=0.9040  53.7s\n"}
,{"stream_name":"stdout","time":12731.722370873,"data":"  [seed 2] --- phase 8 begins, alpha=0.111\n"}
,{"stream_name":"stdout","time":12731.723048851,"data":"  [seed 2] epoch 051  lr=0.0989  a=0.11  a0=0.8105  loss=0.3728  test=0.7952  53.7s\n"}
,{"stream_name":"stdout","time":12792.362544665,"data":"  [seed 2] epoch 052  lr=0.0872  a=0.11  a0=0.8356  loss=0.4602  test=0.7579  53.7s\n"}
,{"stream_name":"stdout","time":12852.988051411,"data":"  [seed 2] epoch 053  lr=0.0655  a=0.11  a0=0.8464  loss=0.3987  test=0.8489  53.7s\n"}
,{"stream_name":"stdout","time":12913.613170824,"data":"  [seed 2] epoch 054  lr=0.0397  a=0.11  a0=0.8642  loss=0.3301  test=0.8730  53.7s\n"}
,{"stream_name":"stdout","time":12974.461879704,"data":"  [seed 2] epoch 055  lr=0.0166  a=0.11  a0=0.8798  loss=0.2546  test=0.9036  53.7s\n"}
,{"stream_name":"stdout","time":13035.097072403,"data":"  [seed 2] epoch 056  lr=0.0025  a=0.11  a0=0.8892  loss=0.1874  test=0.9150  53.7s\n"}
,{"stream_name":"stdout","time":13090.918198258,"data":"  [seed 2] --- phase 9 begins, alpha=0.000\n"}
,{"stream_name":"stdout","time":13090.91900705,"data":"  [seed 2] epoch 057  lr=0.0284  a=0.00  a0=0.8788  loss=0.1619  test=0.8788  53.4s\n"}
,{"stream_name":"stdout","time":13146.379613411,"data":"  [seed 2] epoch 058  lr=0.1000  a=0.00  a0=0.7387  loss=0.3499  test=0.7387  53.0s\n"}
,{"stream_name":"stdout","time":13201.929761274,"data":"  [seed 2] epoch 059  lr=0.0994  a=0.00  a0=0.8179  loss=0.4347  test=0.8179  53.1s\n"}
,{"stream_name":"stdout","time":13257.806152446,"data":"  [seed 2] epoch 060  lr=0.0978  a=0.00  a0=0.8309  loss=0.4060  test=0.8309  53.1s\n"}
,{"stream_name":"stdout","time":13313.291655175,"data":"  [seed 2] epoch 061  lr=0.0951  a=0.00  a0=0.7888  loss=0.3868  test=0.7888  53.1s\n"}
,{"stream_name":"stdout","time":13368.713556012,"data":"  [seed 2] epoch 062  lr=0.0913  a=0.00  a0=0.8527  loss=0.3777  test=0.8527  53.0s\n"}
,{"stream_name":"stdout","time":13424.09342359,"data":"  [seed 2] epoch 063  lr=0.0867  a=0.00  a0=0.8256  loss=0.3562  test=0.8256  53.0s\n"}
,{"stream_name":"stdout","time":13479.432686753,"data":"  [seed 2] epoch 064  lr=0.0812  a=0.00  a0=0.8270  loss=0.3372  test=0.8270  52.9s\n"}
,{"stream_name":"stdout","time":13534.968507381,"data":"  [seed 2] epoch 065  lr=0.0750  a=0.00  a0=0.8277  loss=0.3204  test=0.8277  52.9s\n"}
,{"stream_name":"stdout","time":13590.289799579,"data":"  [seed 2] epoch 066  lr=0.0683  a=0.00  a0=0.8565  loss=0.3060  test=0.8565  52.9s\n"}
,{"stream_name":"stdout","time":13645.599069008,"data":"  [seed 2] epoch 067  lr=0.0612  a=0.00  a0=0.8678  loss=0.2851  test=0.8678  52.9s\n"}
,{"stream_name":"stdout","time":13700.904103889,"data":"  [seed 2] epoch 068  lr=0.0538  a=0.00  a0=0.8777  loss=0.2695  test=0.8777  52.9s\n"}
,{"stream_name":"stdout","time":13756.198420404,"data":"  [seed 2] epoch 069  lr=0.0463  a=0.00  a0=0.8725  loss=0.2413  test=0.8725  52.9s\n"}
,{"stream_name":"stdout","time":13811.709363618,"data":"  [seed 2] epoch 070  lr=0.0389  a=0.00  a0=0.8859  loss=0.2198  test=0.8859  52.9s\n"}
,{"stream_name":"stdout","time":13866.99588981,"data":"  [seed 2] epoch 071  lr=0.0318  a=0.00  a0=0.9037  loss=0.1861  test=0.9037  52.9s\n"}
,{"stream_name":"stdout","time":13922.253069533,"data":"  [seed 2] epoch 072  lr=0.0250  a=0.00  a0=0.9075  loss=0.1555  test=0.9075  52.8s\n"}
,{"stream_name":"stdout","time":13977.519588472,"data":"  [seed 2] epoch 073  lr=0.0188  a=0.00  a0=0.9155  loss=0.1287  test=0.9155  52.8s\n"}
,{"stream_name":"stdout","time":14032.817087994,"data":"  [seed 2] epoch 074  lr=0.0134  a=0.00  a0=0.9176  loss=0.0987  test=0.9176  52.9s\n"}
,{"stream_name":"stdout","time":14088.234217372,"data":"  [seed 2] epoch 075  lr=0.0087  a=0.00  a0=0.9311  loss=0.0694  test=0.9311  52.8s\n"}
,{"stream_name":"stdout","time":14143.490024965,"data":"  [seed 2] epoch 076  lr=0.0050  a=0.00  a0=0.9329  loss=0.0505  test=0.9329  52.8s\n"}
,{"stream_name":"stdout","time":14198.775566619,"data":"  [seed 2] epoch 077  lr=0.0022  a=0.00  a0=0.9360  loss=0.0380  test=0.9360  52.9s\n"}
,{"stream_name":"stdout","time":14254.060712196,"data":"  [seed 2] epoch 078  lr=0.0006  a=0.00  a0=0.9363  loss=0.0317  test=0.9363  52.9s\n"}
,{"stream_name":"stdout","time":14309.595402994,"data":"  [seed 2] epoch 079  lr=0.0000  a=0.00  a0=0.9373  loss=0.0285  test=0.9373  52.9s\n"}
,{"stream_name":"stdout","time":14324.152167607,"data":"  [seed 2] 4738s  test_final=0.9373  test_selected=0.9373  train=0.9957  gap=+0.0584\n"}
,{"stream_name":"stdout","time":14324.15427189,"data":"\n"}
,{"stream_name":"stdout","time":14324.154426762,"data":"==============================================================================\n"}
,{"stream_name":"stdout","time":14324.15486503,"data":"CIFAR-10 BASELINE  --  resnet18, 11,173,962 params, 80 epochs, 3 seeds\n"}
,{"stream_name":"stdout","time":14324.155624069,"data":"config 'full80_steps': sgd lr=0.1 mom=0.9 wd=0.0005 bs=128 cosine+5ep warmup, augment=True\n"}
,{"stream_name":"stdout","time":14324.155848579,"data":"==============================================================================\n"}
,{"stream_name":"stdout","time":14324.155937915,"data":"\n"}
,{"stream_name":"stdout","time":14324.156045681,"data":"per seed:\n"}
,{"stream_name":"stdout","time":14324.156321219,"data":"          seed    test acc  test err %   final acc   train acc     gen gap   worst cls      wall s\n"}
,{"stream_name":"stdout","time":14324.157036917,"data":"             0      0.9358       6.420      0.9358      0.9958     +0.0600      0.8590        4770\n"}
,{"stream_name":"stdout","time":14324.157419705,"data":"             1      0.9361       6.390      0.9361      0.9952     +0.0591      0.8620        4754\n"}
,{"stream_name":"stdout","time":14324.157753142,"data":"             2      0.9373       6.270      0.9373      0.9957     +0.0584      0.8820        4738\n"}
,{"stream_name":"stdout","time":14324.158063053,"data":"\n"}
,{"stream_name":"stdout","time":14324.158169008,"data":"mean +- sem  (min .. max):\n"}
,{"stream_name":"stdout","time":14324.158941574,"data":"      test acc  0.9364 +- 0.0005   (0.9358 .. 0.9373)\n"}
,{"stream_name":"stdout","time":14324.159362197,"data":"    test err %  6.360 +- 0.046   (6.270 .. 6.420)\n"}
,{"stream_name":"stdout","time":14324.159632892,"data":"     final acc  0.9364 +- 0.0005   (0.9358 .. 0.9373)\n"}
,{"stream_name":"stdout","time":14324.160062108,"data":"     train acc  0.9956 +- 0.0002   (0.9952 .. 0.9958)\n"}
,{"stream_name":"stdout","time":14324.160596779,"data":"       gen gap  +0.0592 +- 0.0005   (+0.0584 .. +0.0600)\n"}
,{"stream_name":"stdout","time":14324.161554282,"data":"     worst cls  0.8677 +- 0.0072   (0.8590 .. 0.8820)\n"}
,{"stream_name":"stdout","time":14324.162202428,"data":"        wall s  4754 +- 9   (4738 .. 4770)\n"}
,{"stream_name":"stdout","time":14324.162354526,"data":"\n"}
,{"stream_name":"stdout","time":14324.162491935,"data":"resolution of this baseline:\n"}
,{"stream_name":"stdout","time":14324.162858742,"data":"  seed-to-seed sem             0.00046  (4.6 test images)\n"}
,{"stream_name":"stdout","time":14324.163658758,"data":"  binomial sem on n=10000      0.00244  (24.4 test images)\n"}
,{"stream_name":"stdout","time":14324.16451789,"data":"  smallest credible difference 0.00488  (48.8 test images)\n"}
,{"stream_name":"stdout","time":14324.16486639,"data":"  -\u003e a change must beat 0.9364 by more than 0.0049 to have shown anything\n"}
,{"stream_name":"stdout","time":14324.164892556,"data":"\n"}
,{"stream_name":"stdout","time":14324.165471193,"data":"per-class accuracy (seed 0, final epoch):\n"}
,{"stream_name":"stdout","time":14324.165747436,"data":"      airplane  0.9510\n"}
,{"stream_name":"stdout","time":14324.166404868,"data":"    automobile  0.9710\n"}
,{"stream_name":"stdout","time":14324.166676916,"data":"          bird  0.9100\n"}
,{"stream_name":"stdout","time":14324.167010559,"data":"           cat  0.8590\n"}
,{"stream_name":"stdout","time":14324.167287179,"data":"          deer  0.9550\n"}
,{"stream_name":"stdout","time":14324.167591427,"data":"           dog  0.8920\n"}
,{"stream_name":"stdout","time":14324.167901695,"data":"          frog  0.9440\n"}
,{"stream_name":"stdout","time":14324.168310102,"data":"         horse  0.9530\n"}
,{"stream_name":"stdout","time":14324.169112824,"data":"          ship  0.9630\n"}
,{"stream_name":"stdout","time":14324.169484355,"data":"         truck  0.9600\n"}
,{"stream_name":"stdout","time":14324.169708092,"data":"\n"}
,{"stream_name":"stdout","time":14324.169945121,"data":"model selection: final_epoch -- no validation split, so 'selected' == final epoch\n"}
,{"stream_name":"stdout","time":14324.170868963,"data":"throughput: 840 img/s mean\n"}
,{"stream_name":"stdout","time":14324.171994882,"data":"\n"}
,{"stream_name":"stdout","time":14324.172171548,"data":"results written to /kaggle/working/runs/20260908-150603_full80_steps_resnet18/results.json\n"}
,{"stream_name":"stdout","time":14324.185653342,"data":"history written to /kaggle/working/runs/20260908-150603_full80_steps_resnet18/history.jsonl and /kaggle/working/runs/20260908-150603_full80_steps_resnet18/history.csv (240 epoch rows)\n"}
,{"stream_name":"stderr","time":14324.196134549,"data":"wandb: \n"}
,{"stream_name":"stderr","time":14324.196156656,"data":"wandb: Run history:\n"}
,{"stream_name":"stderr","time":14324.196161717,"data":"wandb: s0/alpha_max_group ███▇▇▆▆▆▆▆▆▆▅▅▅▅▅▄▄▄▃▃▃▃▃▃▃▂▂▂▁▁▁▁▁▁▁▁▁▁\n"}
,{"stream_name":"stderr","time":14324.196166972,"data":"wandb:      s0/alpha_mean ███▇▇▆▆▆▆▆▆▅▅▅▄▄▄▄▄▃▃▃▃▃▃▃▂▁▁▁▁▁▁▁▁▁▁▁▁▁\n"}
,{"stream_name":"stderr","time":14324.196171367,"data":"wandb: s0/alpha_min_group █████▇▆▆▆▆▆▆▆▅▅▅▅▅▄▄▃▃▃▃▃▃▂▂▂▂▁▁▁▁▁▁▁▁▁▁\n"}
,{"stream_name":"stderr","time":14324.196175521,"data":"wandb:  s0/dead_frac_mean ▁▁▁▁▂▂▄▃▄▅▅▅▆▇███\n"}
,{"stream_name":"stderr","time":14324.196178971,"data":"wandb:           s0/epoch ▁▁▁▁▂▂▂▂▂▂▃▃▃▃▃▃▃▃▄▄▄▄▅▅▅▅▅▅▆▆▆▆▆▇▇▇▇███\n"}
,{"stream_name":"stderr","time":14324.196183442,"data":"wandb:         s0/epoch_s █▂▂▂▂▂▂▂▂▂▂▂▂▂▂▂▂▂▂▂▂▂▂▂▂▂▂▂▂▂▁▁▁▁▁▁▁▁▁▁\n"}
,{"stream_name":"stderr","time":14324.196188011,"data":"wandb:  s0/grad_norm_mean ▁▁▂▃▂█▁▂▂▃▁▁▂▂▂▁▁\n"}
,{"stream_name":"stderr","time":14324.196192312,"data":"wandb: s0/grad_norm_total ▁▁▂▃▂█▁▂▂▃▁▁▂▂▂▁▁\n"}
,{"stream_name":"stderr","time":14324.196195661,"data":"wandb:       s0/img_per_s ▁▇▇▇▇▇▇▇▇▇▇▇▇▇▇▇▇▇▇▇▇▇▇▇▇▇▇▇▇▇▇█████████\n"}
,{"stream_name":"stderr","time":14324.196199471,"data":"wandb: s0/linear_gap_mean ▁▁▂▂▃▄▄▅▅▆▆▇█████\n"}
,{"stream_name":"stderr","time":14324.196203411,"data":"wandb:               +128 ...\n"}
,{"stream_name":"stderr","time":14324.196207241,"data":"wandb: \n"}
,{"stream_name":"stderr","time":14324.196210467,"data":"wandb: Run summary:\n"}
,{"stream_name":"stderr","time":14324.196213651,"data":"wandb: s0/alpha_max_group 0\n"}
,{"stream_name":"stderr","time":14324.196216837,"data":"wandb:      s0/alpha_mean 0\n"}
,{"stream_name":"stderr","time":14324.196220069,"data":"wandb: s0/alpha_min_group 0\n"}
,{"stream_name":"stderr","time":14324.196234549,"data":"wandb:  s0/dead_frac_mean 0.02757\n"}
,{"stream_name":"stderr","time":14324.196238733,"data":"wandb:           s0/epoch 79\n"}
,{"stream_name":"stderr","time":14324.196242441,"data":"wandb:         s0/epoch_s 52.92408\n"}
,{"stream_name":"stderr","time":14324.196245802,"data":"wandb:  s0/grad_norm_mean 0.29613\n"}
,{"stream_name":"stderr","time":14324.196249051,"data":"wandb: s0/grad_norm_total 0.90554\n"}
,{"stream_name":"stderr","time":14324.196252891,"data":"wandb:       s0/img_per_s 943.23798\n"}
,{"stream_name":"stderr","time":14324.196256291,"data":"wandb: s0/linear_gap_mean 0.75418\n"}
,{"stream_name":"stderr","time":14324.196259786,"data":"wandb:               +145 ...\n"}
,{"stream_name":"stderr","time":14324.196263407,"data":"wandb: \n"}
,{"stream_name":"stderr","time":14324.196606114,"data":"wandb: You can sync this run to the cloud by running:\n"}
,{"stream_name":"stderr","time":14324.196613956,"data":"wandb: wandb sync /kaggle/working/wandb/offline-run-20260908_150606-60wm89er\n"}
,{"stream_name":"stderr","time":14324.196632964,"data":"wandb: Find logs at: ./wandb/offline-run-20260908_150606-60wm89er/logs\n"}
,{"stream_name":"stdout","time":14324.197067161,"data":"\n"}
,{"stream_name":"stdout","time":14324.197160117,"data":"Done. Everything from this run is in /kaggle/working/runs/20260908-150603_full80_steps_resnet18\n"}
,{"stream_name":"stderr","time":14328.444551633,"data":"/usr/local/lib/python3.12/dist-packages/mistune.py:435: SyntaxWarning: invalid escape sequence '\\|'\n"}
,{"stream_name":"stderr","time":14328.444609899,"data":"  cells[i][c] = re.sub('\\\\\\\\\\|', '|', cell)\n"}
,{"stream_name":"stderr","time":14328.666115662,"data":"/usr/local/lib/python3.12/dist-packages/nbconvert/filters/filter_links.py:36: SyntaxWarning: invalid escape sequence '\\_'\n"}
,{"stream_name":"stderr","time":14328.666147656,"data":"  text = re.sub(r'_', '\\_', text) # Escape underscores in display text\n"}
,{"stream_name":"stderr","time":14329.244947109,"data":"[NbConvertApp] Converting notebook __script__.ipynb to html\n"}
,{"stream_name":"stderr","time":14330.391619674,"data":"[NbConvertApp] Writing 387803 bytes to __results__.html\n"}
]