[{"stream_name":"stdout","time":33.748386194,"data":"[16:54:53 2026-09-17 gpu0] FAILED sgd_standard_aug_160__cbs_published_schedule__seed0\n"}
,{"stream_name":"stdout","time":33.748462798,"data":"Traceback (most recent call last):\n"}
,{"stream_name":"stdout","time":33.748469064,"data":"  File \"/kaggle/working/_repo/overnight/job.py\", line 128, in run_train_cell\n"}
,{"stream_name":"stdout","time":33.748472842,"data":"    raise RuntimeError(\"config hash differs from the frozen protocol\")\n"}
,{"stream_name":"stdout","time":33.748476307,"data":"RuntimeError: config hash differs from the frozen protocol\n"}
,{"stream_name":"stdout","time":33.748480104,"data":"\n"}
,{"stream_name":"stdout","time":33.74969209,"data":"[16:54:53 2026-09-17 gpu0] FAILED sgd_standard_aug_160__resolution_max_b1__seed2\n"}
,{"stream_name":"stdout","time":33.749879645,"data":"Traceback (most recent call last):\n"}
,{"stream_name":"stdout","time":33.749891104,"data":"  File \"/kaggle/working/_repo/overnight/job.py\", line 128, in run_train_cell\n"}
,{"stream_name":"stdout","time":33.749895808,"data":"    raise RuntimeError(\"config hash differs from the frozen protocol\")\n"}
,{"stream_name":"stdout","time":33.749900041,"data":"RuntimeError: config hash differs from the frozen protocol\n"}
,{"stream_name":"stdout","time":33.749904113,"data":"\n"}
,{"stream_name":"stdout","time":33.750956192,"data":"[16:54:53 2026-09-17 gpu0] FAILED adamw_long_noaug_160__cbs_published_schedule__seed0\n"}
,{"stream_name":"stdout","time":33.750973138,"data":"Traceback (most recent call last):\n"}
,{"stream_name":"stdout","time":33.750978596,"data":"  File \"/kaggle/working/_repo/overnight/job.py\", line 128, in run_train_cell\n"}
,{"stream_name":"stdout","time":33.750983416,"data":"    raise RuntimeError(\"config hash differs from the frozen protocol\")\n"}
,{"stream_name":"stdout","time":33.750988114,"data":"RuntimeError: config hash differs from the frozen protocol\n"}
,{"stream_name":"stdout","time":33.750992661,"data":"\n"}
,{"stream_name":"stdout","time":33.752308776,"data":"[16:54:53 2026-09-17 gpu0] FAILED adamw_long_noaug_160__plain__seed2\n"}
,{"stream_name":"stdout","time":33.752326756,"data":"Traceback (most recent call last):\n"}
,{"stream_name":"stdout","time":33.752331565,"data":"  File \"/kaggle/working/_repo/overnight/job.py\", line 128, in run_train_cell\n"}
,{"stream_name":"stdout","time":33.752336072,"data":"    raise RuntimeError(\"config hash differs from the frozen protocol\")\n"}
,{"stream_name":"stdout","time":33.752340433,"data":"RuntimeError: config hash differs from the frozen protocol\n"}
,{"stream_name":"stdout","time":33.752344745,"data":"\n"}
,{"stream_name":"stdout","time":33.753446137,"data":"[16:54:53 2026-09-17 gpu0] FAILED adamw_long_aug_160__cbs_published_schedule__seed0\n"}
,{"stream_name":"stdout","time":33.753462495,"data":"Traceback (most recent call last):\n"}
,{"stream_name":"stdout","time":33.753467216,"data":"  File \"/kaggle/working/_repo/overnight/job.py\", line 128, in run_train_cell\n"}
,{"stream_name":"stdout","time":33.753471676,"data":"    raise RuntimeError(\"config hash differs from the frozen protocol\")\n"}
,{"stream_name":"stdout","time":33.753476095,"data":"RuntimeError: config hash differs from the frozen protocol\n"}
,{"stream_name":"stdout","time":33.753480374,"data":"\n"}
,{"stream_name":"stdout","time":33.754570057,"data":"[16:54:53 2026-09-17 gpu0] FAILED adamw_long_aug_160__resolution_max_b1__seed2\n"}
,{"stream_name":"stdout","time":33.75458635,"data":"Traceback (most recent call last):\n"}
,{"stream_name":"stdout","time":33.754591411,"data":"  File \"/kaggle/working/_repo/overnight/job.py\", line 128, in run_train_cell\n"}
,{"stream_name":"stdout","time":33.754605612,"data":"    raise RuntimeError(\"config hash differs from the frozen protocol\")\n"}
,{"stream_name":"stdout","time":33.754610317,"data":"RuntimeError: config hash differs from the frozen protocol\n"}
,{"stream_name":"stdout","time":33.754614524,"data":"\n"}
,{"stream_name":"stdout","time":33.9893591,"data":"[16:54:53 2026-09-17 gpu1] FAILED sgd_standard_aug_160__cbs_budget_matched__seed0\n"}
,{"stream_name":"stdout","time":33.98939709,"data":"Traceback (most recent call last):\n"}
,{"stream_name":"stdout","time":33.989401318,"data":"  File \"/kaggle/working/_repo/overnight/job.py\", line 128, in run_train_cell\n"}
,{"stream_name":"stdout","time":33.989404995,"data":"    raise RuntimeError(\"config hash differs from the frozen protocol\")\n"}
,{"stream_name":"stdout","time":33.989408405,"data":"RuntimeError: config hash differs from the frozen protocol\n"}
,{"stream_name":"stdout","time":33.989411588,"data":"\n"}
,{"stream_name":"stdout","time":33.990761176,"data":"[16:54:53 2026-09-17 gpu1] FAILED sgd_standard_aug_160__gaussian_postrelu__seed2\n"}
,{"stream_name":"stdout","time":33.990799206,"data":"Traceback (most recent call last):\n"}
,{"stream_name":"stdout","time":33.990804458,"data":"  File \"/kaggle/working/_repo/overnight/job.py\", line 128, in run_train_cell\n"}
,{"stream_name":"stdout","time":33.990809014,"data":"    raise RuntimeError(\"config hash differs from the frozen protocol\")\n"}
,{"stream_name":"stdout","time":33.990828379999996,"data":"RuntimeError: config hash differs from the frozen protocol\n"}
,{"stream_name":"stdout","time":33.990832975000004,"data":"\n"}
,{"stream_name":"stdout","time":33.992049893,"data":"[16:54:53 2026-09-17 gpu1] FAILED adamw_long_noaug_160__resolution_max_b1__seed1\n"}
,{"stream_name":"stdout","time":33.992065959,"data":"Traceback (most recent call last):\n"}
,{"stream_name":"stdout","time":33.992070364,"data":"  File \"/kaggle/working/_repo/overnight/job.py\", line 128, in run_train_cell\n"}
,{"stream_name":"stdout","time":33.992074076,"data":"    raise RuntimeError(\"config hash differs from the frozen protocol\")\n"}
,{"stream_name":"stdout","time":33.992077932,"data":"RuntimeError: config hash differs from the frozen protocol\n"}
,{"stream_name":"stdout","time":33.992081731,"data":"\n"}
,{"stream_name":"stdout","time":33.993148588,"data":"[16:54:53 2026-09-17 gpu1] FAILED adamw_long_noaug_160__cbs_budget_matched__seed2\n"}
,{"stream_name":"stdout","time":33.993163507,"data":"Traceback (most recent call last):\n"}
,{"stream_name":"stdout","time":33.993167339,"data":"  File \"/kaggle/working/_repo/overnight/job.py\", line 128, in run_train_cell\n"}
,{"stream_name":"stdout","time":33.993171422,"data":"    raise RuntimeError(\"config hash differs from the frozen protocol\")\n"}
,{"stream_name":"stdout","time":33.993175094,"data":"RuntimeError: config hash differs from the frozen protocol\n"}
,{"stream_name":"stdout","time":33.993178606,"data":"\n"}
,{"stream_name":"stdout","time":33.994348138,"data":"[16:54:53 2026-09-17 gpu1] FAILED adamw_long_aug_160__plain__seed1\n"}
,{"stream_name":"stdout","time":33.994363212,"data":"Traceback (most recent call last):\n"}
,{"stream_name":"stdout","time":33.994367293,"data":"  File \"/kaggle/working/_repo/overnight/job.py\", line 128, in run_train_cell\n"}
,{"stream_name":"stdout","time":33.994371578,"data":"    raise RuntimeError(\"config hash differs from the frozen protocol\")\n"}
,{"stream_name":"stdout","time":33.994382698,"data":"RuntimeError: config hash differs from the frozen protocol\n"}
,{"stream_name":"stdout","time":33.994386689,"data":"\n"}
,{"stream_name":"stdout","time":33.995618961,"data":"[16:54:53 2026-09-17 gpu1] FAILED adamw_long_aug_160__cbs_published_schedule__seed2\n"}
,{"stream_name":"stdout","time":33.995634588,"data":"Traceback (most recent call last):\n"}
,{"stream_name":"stdout","time":33.995639518,"data":"  File \"/kaggle/working/_repo/overnight/job.py\", line 128, in run_train_cell\n"}
,{"stream_name":"stdout","time":33.995644099,"data":"    raise RuntimeError(\"config hash differs from the frozen protocol\")\n"}
,{"stream_name":"stdout","time":33.995648542,"data":"RuntimeError: config hash differs from the frozen protocol\n"}
,{"stream_name":"stdout","time":33.995652305,"data":"\n"}
,{"stream_name":"stdout","time":34.532609431,"data":"job finished {\"sgd_standard_aug_160__cbs_published_schedule__seed0\": \"failed\", \"sgd_standard_aug_160__resolution_max_b1__seed2\": \"failed\", \"adamw_long_noaug_160__cbs_published_schedule__seed0\": \"failed\", \"adamw_long_noaug_160__plain__seed2\": \"failed\", \"adamw_long_aug_160__cbs_published_schedule__seed0\": \"failed\", \"adamw_long_aug_160__resolution_max_b1__seed2\": \"failed\", \"sgd_standard_aug_160__cbs_budget_matched__seed0\": \"failed\", \"sgd_standard_aug_160__gaussian_postrelu__seed2\": \"failed\", \"adamw_long_noaug_160__resolution_max_b1__seed1\": \"failed\", \"adamw_long_noaug_160__cbs_budget_matched__seed2\": \"failed\", \"adamw_long_aug_160__plain__seed1\": \"failed\", \"adamw_long_aug_160__cbs_published_schedule__seed2\": \"failed\"}\n"}
,{"stream_name":"stderr","time":37.031624375,"data":"/usr/local/lib/python3.12/dist-packages/mistune.py:435: SyntaxWarning: invalid escape sequence '\\|'\n"}
,{"stream_name":"stderr","time":37.031691833,"data":"  cells[i][c] = re.sub('\\\\\\\\\\|', '|', cell)\n"}
,{"stream_name":"stderr","time":37.281633447,"data":"/usr/local/lib/python3.12/dist-packages/nbconvert/filters/filter_links.py:36: SyntaxWarning: invalid escape sequence '\\_'\n"}
,{"stream_name":"stderr","time":37.28166675,"data":"  text = re.sub(r'_', '\\_', text) # Escape underscores in display text\n"}
,{"stream_name":"stderr","time":37.926241222,"data":"[NbConvertApp] Converting notebook __script__.ipynb to html\n"}
,{"stream_name":"stderr","time":39.129357152,"data":"[NbConvertApp] Writing 486338 bytes to __results__.html\n"}
]