[{"stream_name":"stdout","time":9.859838867,"data":"cifar10-resnet 0.1.0\n"}
,{"stream_name":"stdout","time":9.872872198,"data":"config 'vgg11_steps60': vgg11, 60 epochs, seeds [0]\n"}
,{"stream_name":"stdout","time":9.872891004,"data":"torch 2.10.0+cu128\n"}
,{"stream_name":"stdout","time":10.6524381,"data":"device: cuda (Tesla T4, 14.6 GB)\n"}
,{"stream_name":"stdout","time":10.652841258,"data":"run dir: /kaggle/working/runs/20260909-091401_vgg11_steps60_vgg11\n"}
,{"stream_name":"stdout","time":10.715137653,"data":"CIFAR-10: pickled batches under /kaggle/input/datasets/idrisselkhamlichi/cifar-10-python\n"}
,{"stream_name":"stdout","time":15.352217359,"data":"CIFAR-10: 5000 train / 0 val / 10000 test, 52 MB resident (uint8)\n"}
,{"stream_name":"stdout","time":15.36490421,"data":"No W\u0026B key mounted: logging offline.\n"}
,{"stream_name":"stderr","time":16.842345074,"data":"wandb: Tracking run with wandb version 0.26.1\n"}
,{"stream_name":"stderr","time":16.842607807,"data":"wandb: W\u0026B syncing is set to `offline` in this directory. Run `wandb online` or set WANDB_MODE=online to enable cloud syncing.\n"}
,{"stream_name":"stderr","time":16.842625396,"data":"wandb: Run data is saved locally in /kaggle/working/wandb/offline-run-20260909_091406-7bcpiqks\n"}
,{"stream_name":"stdout","time":18.41527287,"data":"\n"}
,{"stream_name":"stdout","time":18.415488356,"data":"--- seed 0 ---\n"}
,{"stream_name":"stdout","time":18.583497858,"data":"model: vgg11-bn, 9.23M params\n"}
,{"stream_name":"stdout","time":23.967800941,"data":"  [seed 0] activation homotopy: alpha 1.0 -\u003e 0.0 (staircase), 1 group(s) over 8 sites (global/all)\n"}
,{"stream_name":"stdout","time":23.968339708,"data":"  [seed 0] continuation: 10 phases, lr restarts at each -- boundaries 0.00, 0.07, 0.15, 0.23, 0.30, 0.38, 0.45, 0.53, 0.60, 0.68, 1.00\n"}
,{"stream_name":"stdout","time":36.142751555,"data":"  [seed 0] --- phase 0 begins, alpha=1.000, grad norm 14.665 leaving the last phase\n"}
,{"stream_name":"stdout","time":36.143631596,"data":"  [seed 0] epoch 000  lr=0.0947  a=1.00  a0=0.1470  loss=5.1384  test=0.2059  5.3s\n"}
,{"stream_name":"stdout","time":38.885194493,"data":"  [seed 0] epoch 001  lr=0.0671  a=1.00  a0=0.1113  loss=2.2536  test=0.2664  1.4s\n"}
,{"stream_name":"stdout","time":41.641368815999996,"data":"  [seed 0] epoch 002  lr=0.0302  a=1.00  a0=0.1070  loss=1.9232  test=0.2674  1.4s\n"}
,{"stream_name":"stdout","time":44.406368835,"data":"  [seed 0] epoch 003  lr=0.0041  a=1.00  a0=0.1122  loss=1.8578  test=0.3125  1.4s\n"}
,{"stream_name":"stdout","time":47.180499409,"data":"  [seed 0] --- phase 1 begins, alpha=0.889\n"}
,{"stream_name":"stdout","time":47.181033334,"data":"  [seed 0] epoch 004  lr=0.0998  a=0.89  a0=0.1407  loss=1.8654  test=0.3017  1.4s\n"}
,{"stream_name":"stdout","time":50.008992452,"data":"  [seed 0] epoch 005  lr=0.0836  a=0.89  a0=0.1438  loss=1.8935  test=0.3148  1.4s\n"}
,{"stream_name":"stdout","time":52.807017673,"data":"  [seed 0] epoch 006  lr=0.0490  a=0.89  a0=0.1696  loss=1.8079  test=0.3114  1.4s\n"}
,{"stream_name":"stdout","time":55.618266391,"data":"  [seed 0] epoch 007  lr=0.0150  a=0.89  a0=0.1864  loss=1.7021  test=0.3637  1.4s\n"}
,{"stream_name":"stdout","time":58.441091123,"data":"  [seed 0] epoch 008  lr=0.0000  a=0.89  a0=0.2289  loss=1.6410  test=0.3862  1.4s\n"}
,{"stream_name":"stdout","time":61.27331531,"data":"  [seed 0] --- phase 2 begins, alpha=0.778\n"}
,{"stream_name":"stdout","time":61.273941043,"data":"  [seed 0] epoch 009  lr=0.0947  a=0.78  a0=0.2243  loss=1.7378  test=0.3482  1.4s\n"}
,{"stream_name":"stdout","time":64.169955172,"data":"  [seed 0] epoch 010  lr=0.0671  a=0.78  a0=0.2873  loss=1.6359  test=0.3898  1.4s\n"}
,{"stream_name":"stdout","time":67.026757823,"data":"  [seed 0] epoch 011  lr=0.0302  a=0.78  a0=0.3040  loss=1.5595  test=0.4072  1.4s\n"}
,{"stream_name":"stdout","time":69.908873735,"data":"  [seed 0] epoch 012  lr=0.0041  a=0.78  a0=0.3147  loss=1.4655  test=0.4633  1.5s\n"}
,{"stream_name":"stdout","time":72.808314783,"data":"  [seed 0] --- phase 3 begins, alpha=0.667\n"}
,{"stream_name":"stdout","time":72.80836307,"data":"  [seed 0] epoch 013  lr=0.0998  a=0.67  a0=0.3388  loss=1.4714  test=0.3330  1.5s\n"}
,{"stream_name":"stdout","time":75.711329156,"data":"  [seed 0] epoch 014  lr=0.0834  a=0.67  a0=0.3590  loss=1.5472  test=0.4201  1.5s\n"}
,{"stream_name":"stdout","time":78.682888758,"data":"  [seed 0] epoch 015  lr=0.0485  a=0.67  a0=0.3828  loss=1.4522  test=0.4683  1.5s\n"}
,{"stream_name":"stdout","time":81.613154158,"data":"  [seed 0] epoch 016  lr=0.0145  a=0.67  a0=0.3927  loss=1.3698  test=0.4830  1.5s\n"}
,{"stream_name":"stdout","time":84.565055709,"data":"  [seed 0] epoch 017  lr=0.0000  a=0.67  a0=0.4061  loss=1.3083  test=0.5079  1.5s\n"}
,{"stream_name":"stdout","time":87.531207911,"data":"  [seed 0] --- phase 4 begins, alpha=0.556\n"}
,{"stream_name":"stdout","time":87.531669339,"data":"  [seed 0] epoch 018  lr=0.0947  a=0.56  a0=0.4104  loss=1.4123  test=0.4200  1.5s\n"}
,{"stream_name":"stdout","time":90.513648798,"data":"  [seed 0] epoch 019  lr=0.0671  a=0.56  a0=0.4434  loss=1.3617  test=0.4993  1.5s\n"}
,{"stream_name":"stdout","time":93.56475596,"data":"  [seed 0] epoch 020  lr=0.0302  a=0.56  a0=0.4862  loss=1.2826  test=0.5198  1.5s\n"}
,{"stream_name":"stdout","time":96.578254422,"data":"  [seed 0] epoch 021  lr=0.0041  a=0.56  a0=0.4904  loss=1.1764  test=0.5582  1.5s\n"}
,{"stream_name":"stdout","time":99.615781298,"data":"  [seed 0] --- phase 5 begins, alpha=0.444\n"}
,{"stream_name":"stdout","time":99.61638167,"data":"  [seed 0] epoch 022  lr=0.0998  a=0.44  a0=0.4676  loss=1.1792  test=0.4749  1.5s\n"}
,{"stream_name":"stdout","time":102.663674798,"data":"  [seed 0] epoch 023  lr=0.0836  a=0.44  a0=0.5016  loss=1.2805  test=0.5028  1.5s\n"}
,{"stream_name":"stdout","time":105.725394914,"data":"  [seed 0] epoch 024  lr=0.0490  a=0.44  a0=0.5300  loss=1.1878  test=0.5282  1.5s\n"}
,{"stream_name":"stdout","time":108.858641907,"data":"  [seed 0] epoch 025  lr=0.0150  a=0.44  a0=0.5502  loss=1.0736  test=0.5826  1.6s\n"}
,{"stream_name":"stdout","time":111.968173916,"data":"  [seed 0] epoch 026  lr=0.0000  a=0.44  a0=0.5568  loss=0.9902  test=0.6094  1.6s\n"}
,{"stream_name":"stdout","time":115.0877114,"data":"  [seed 0] --- phase 6 begins, alpha=0.333\n"}
,{"stream_name":"stdout","time":115.088251267,"data":"  [seed 0] epoch 027  lr=0.0947  a=0.33  a0=0.5250  loss=1.1155  test=0.4996  1.6s\n"}
,{"stream_name":"stdout","time":118.203793232,"data":"  [seed 0] epoch 028  lr=0.0671  a=0.33  a0=0.5580  loss=1.0983  test=0.5708  1.6s\n"}
,{"stream_name":"stdout","time":121.319785063,"data":"  [seed 0] epoch 029  lr=0.0302  a=0.33  a0=0.5770  loss=1.0057  test=0.5882  1.6s\n"}
,{"stream_name":"stdout","time":124.488300434,"data":"  [seed 0] epoch 030  lr=0.0041  a=0.33  a0=0.6091  loss=0.8804  test=0.6357  1.6s\n"}
,{"stream_name":"stdout","time":127.615874223,"data":"  [seed 0] --- phase 7 begins, alpha=0.222\n"}
,{"stream_name":"stdout","time":127.61644082,"data":"  [seed 0] epoch 031  lr=0.0998  a=0.22  a0=0.5449  loss=0.8761  test=0.5389  1.6s\n"}
,{"stream_name":"stdout","time":130.710090197,"data":"  [seed 0] epoch 032  lr=0.0834  a=0.22  a0=0.6070  loss=1.0683  test=0.5962  1.6s\n"}
,{"stream_name":"stdout","time":133.784119348,"data":"  [seed 0] epoch 033  lr=0.0485  a=0.22  a0=0.6066  loss=0.9270  test=0.6022  1.5s\n"}
,{"stream_name":"stdout","time":136.835085107,"data":"  [seed 0] epoch 034  lr=0.0145  a=0.22  a0=0.6538  loss=0.8164  test=0.6592  1.5s\n"}
,{"stream_name":"stdout","time":139.927354443,"data":"  [seed 0] epoch 035  lr=0.0000  a=0.22  a0=0.6592  loss=0.7095  test=0.6679  1.5s\n"}
,{"stream_name":"stdout","time":142.97312899,"data":"  [seed 0] --- phase 8 begins, alpha=0.111\n"}
,{"stream_name":"stdout","time":142.973922418,"data":"  [seed 0] epoch 036  lr=0.0947  a=0.11  a0=0.6161  loss=0.9113  test=0.5672  1.5s\n"}
,{"stream_name":"stdout","time":146.009746069,"data":"  [seed 0] epoch 037  lr=0.0671  a=0.11  a0=0.6466  loss=0.8674  test=0.6220  1.5s\n"}
,{"stream_name":"stdout","time":149.027054966,"data":"  [seed 0] epoch 038  lr=0.0302  a=0.11  a0=0.6564  loss=0.7476  test=0.6499  1.5s\n"}
,{"stream_name":"stdout","time":152.061573266,"data":"  [seed 0] epoch 039  lr=0.0041  a=0.11  a0=0.6807  loss=0.6132  test=0.6859  1.5s\n"}
,{"stream_name":"stdout","time":154.240554986,"data":"  [seed 0] --- phase 9 begins, alpha=0.000, grad norm 2.714 leaving the last phase\n"}
,{"stream_name":"stdout","time":154.241293956,"data":"  [seed 0] epoch 040  lr=0.0302  a=0.00  a0=0.6861  loss=0.5590  test=0.6861  1.5s\n"}
,{"stream_name":"stdout","time":156.354709141,"data":"  [seed 0] epoch 041  lr=0.0921  a=0.00  a0=0.5239  loss=0.7134  test=0.5239  1.5s\n"}
,{"stream_name":"stdout","time":158.458597792,"data":"  [seed 0] epoch 042  lr=0.0994  a=0.00  a0=0.5482  loss=0.8156  test=0.5482  1.5s\n"}
,{"stream_name":"stdout","time":160.56537291,"data":"  [seed 0] epoch 043  lr=0.0974  a=0.00  a0=0.5994  loss=0.8029  test=0.5994  1.5s\n"}
,{"stream_name":"stdout","time":162.671428994,"data":"  [seed 0] epoch 044  lr=0.0939  a=0.00  a0=0.5765  loss=0.7205  test=0.5765  1.5s\n"}
,{"stream_name":"stdout","time":164.829662582,"data":"  [seed 0] epoch 045  lr=0.0890  a=0.00  a0=0.6362  loss=0.6743  test=0.6362  1.5s\n"}
,{"stream_name":"stdout","time":166.926156256,"data":"  [seed 0] epoch 046  lr=0.0829  a=0.00  a0=0.6755  loss=0.6193  test=0.6755  1.5s\n"}
,{"stream_name":"stdout","time":169.033655141,"data":"  [seed 0] epoch 047  lr=0.0758  a=0.00  a0=0.6406  loss=0.5539  test=0.6406  1.5s\n"}
,{"stream_name":"stdout","time":171.144352222,"data":"  [seed 0] epoch 048  lr=0.0680  a=0.00  a0=0.6611  loss=0.5030  test=0.6611  1.5s\n"}
,{"stream_name":"stdout","time":173.269645547,"data":"  [seed 0] epoch 049  lr=0.0595  a=0.00  a0=0.6735  loss=0.4560  test=0.6735  1.5s\n"}
,{"stream_name":"stdout","time":175.449578797,"data":"  [seed 0] epoch 050  lr=0.0508  a=0.00  a0=0.6903  loss=0.4110  test=0.6903  1.5s\n"}
,{"stream_name":"stdout","time":177.565581837,"data":"  [seed 0] epoch 051  lr=0.0420  a=0.00  a0=0.7065  loss=0.3520  test=0.7065  1.5s\n"}
,{"stream_name":"stdout","time":179.6923968,"data":"  [seed 0] epoch 052  lr=0.0335  a=0.00  a0=0.7105  loss=0.2914  test=0.7105  1.5s\n"}
,{"stream_name":"stdout","time":181.818225366,"data":"  [seed 0] epoch 053  lr=0.0255  a=0.00  a0=0.7214  loss=0.2497  test=0.7214  1.5s\n"}
,{"stream_name":"stdout","time":183.944825981,"data":"  [seed 0] epoch 054  lr=0.0183  a=0.00  a0=0.7237  loss=0.1923  test=0.7237  1.5s\n"}
,{"stream_name":"stdout","time":186.127447169,"data":"  [seed 0] epoch 055  lr=0.0120  a=0.00  a0=0.7307  loss=0.1619  test=0.7307  1.5s\n"}
,{"stream_name":"stdout","time":188.26073974,"data":"  [seed 0] epoch 056  lr=0.0069  a=0.00  a0=0.7320  loss=0.1366  test=0.7320  1.5s\n"}
,{"stream_name":"stdout","time":190.400433271,"data":"  [seed 0] epoch 057  lr=0.0031  a=0.00  a0=0.7347  loss=0.1136  test=0.7347  1.5s\n"}
,{"stream_name":"stdout","time":192.537545789,"data":"  [seed 0] epoch 058  lr=0.0008  a=0.00  a0=0.7362  loss=0.0989  test=0.7362  1.5s\n"}
,{"stream_name":"stdout","time":194.730877537,"data":"  [seed 0] epoch 059  lr=0.0000  a=0.00  a0=0.7352  loss=0.1018  test=0.7352  1.5s\n"}
,{"stream_name":"stdout","time":195.643894837,"data":"  [seed 0] 171s  test_final=0.7352  test_selected=0.7352  train=0.9818  gap=+0.2466\n"}
,{"stream_name":"stdout","time":195.645864767,"data":"\n"}
,{"stream_name":"stdout","time":195.646057258,"data":"==============================================================================\n"}
,{"stream_name":"stdout","time":195.646518048,"data":"CIFAR-10 BASELINE  --  vgg11, 9,228,362 params, 60 epochs, 1 seeds\n"}
,{"stream_name":"stdout","time":195.64711953,"data":"config 'vgg11_steps60': sgd lr=0.1 mom=0.9 wd=0.0005 bs=128 cosine+5ep warmup, augment=True\n"}
,{"stream_name":"stdout","time":195.647958523,"data":"==============================================================================\n"}
,{"stream_name":"stdout","time":195.648165814,"data":"\n"}
,{"stream_name":"stdout","time":195.648670548,"data":"per seed:\n"}
,{"stream_name":"stdout","time":195.649565501,"data":"          seed    test acc  test err %   final acc   train acc     gen gap   worst cls      wall s\n"}
,{"stream_name":"stdout","time":195.649583181,"data":"             0      0.7352      26.480      0.7352      0.9818     +0.2466         nan         171\n"}
,{"stream_name":"stdout","time":195.649588167,"data":"\n"}
,{"stream_name":"stdout","time":195.650320789,"data":"mean +- sem  (min .. max):\n"}
,{"stream_name":"stdout","time":195.650653673,"data":"      test acc  0.7352   (0.7352 .. 0.7352)\n"}
,{"stream_name":"stdout","time":195.651453264,"data":"    test err %  26.480   (26.480 .. 26.480)\n"}
,{"stream_name":"stdout","time":195.652050342,"data":"     final acc  0.7352   (0.7352 .. 0.7352)\n"}
,{"stream_name":"stdout","time":195.652783356,"data":"     train acc  0.9818   (0.9818 .. 0.9818)\n"}
,{"stream_name":"stdout","time":195.653140595,"data":"       gen gap  +0.2466   (+0.2466 .. +0.2466)\n"}
,{"stream_name":"stdout","time":195.653840642,"data":"        wall s  171   (171 .. 171)\n"}
,{"stream_name":"stdout","time":195.654228871,"data":"\n"}
,{"stream_name":"stdout","time":195.65456864,"data":"model selection: final_epoch -- no validation split, so 'selected' == final epoch\n"}
,{"stream_name":"stdout","time":195.655047551,"data":"throughput: 1,753 img/s mean\n"}
,{"stream_name":"stdout","time":195.656323894,"data":"\n"}
,{"stream_name":"stdout","time":195.656703684,"data":"results written to /kaggle/working/runs/20260909-091401_vgg11_steps60_vgg11/results.json\n"}
,{"stream_name":"stdout","time":195.661325036,"data":"history written to /kaggle/working/runs/20260909-091401_vgg11_steps60_vgg11/history.jsonl and /kaggle/working/runs/20260909-091401_vgg11_steps60_vgg11/history.csv (60 epoch rows)\n"}
,{"stream_name":"stderr","time":195.670489584,"data":"wandb: \n"}
,{"stream_name":"stderr","time":195.670506991,"data":"wandb: Run history:\n"}
,{"stream_name":"stderr","time":195.670514823,"data":"wandb: s0/alpha_max_group ███▇▇▆▆▆▆▆▆▆▅▅▅▄▄▄▃▃▃▃▃▃▃▂▂▂▁▁▁▁▁▁▁▁▁▁▁▁\n"}
,{"stream_name":"stderr","time":195.670537716,"data":"wandb:      s0/alpha_mean ███▇▇▇▆▆▆▆▆▅▅▅▄▄▄▃▃▃▃▃▃▃▂▂▂▁▁▁▁▁▁▁▁▁▁▁▁▁\n"}
,{"stream_name":"stderr","time":195.670544727,"data":"wandb: s0/alpha_min_group █▇▇▇▇▆▆▆▆▆▆▅▅▅▄▄▃▃▃▃▃▃▃▂▂▂▁▁▁▁▁▁▁▁▁▁▁▁▁▁\n"}
,{"stream_name":"stderr","time":195.670549969,"data":"wandb:  s0/dead_frac_mean ▁▁▁▁▁▁▁▁▁▁▁▁▁\n"}
,{"stream_name":"stderr","time":195.67055475,"data":"wandb:           s0/epoch ▁▁▁▁▁▂▂▂▂▃▃▃▃▃▃▄▄▄▄▄▅▅▅▅▅▆▆▆▆▆▆▆▇▇▇▇▇▇██\n"}
,{"stream_name":"stderr","time":195.670570092,"data":"wandb:         s0/epoch_s █▁▁▁▁▁▁▁▁▁▁▁▁▁▁▁▁▁▁▁▁▁▁▁▁▁▁▁▁▁▁▁▁▁▁▁▁▁▁▁\n"}
,{"stream_name":"stderr","time":195.67057465,"data":"wandb: s0/grad_norm_total █▁▃▂▂▃▂▂▂▃▂▁▁\n"}
,{"stream_name":"stderr","time":195.670578653,"data":"wandb:       s0/img_per_s ▁█████████▇▇▇▇▇▇▇▇▇▇▇▇▇▇▇▇▇▇▇▇▇▇▇▇▇▇▇▇▇▇\n"}
,{"stream_name":"stderr","time":195.670582948,"data":"wandb: s0/linear_gap_mean ▁▂▂▃▄▅▅▆█████\n"}
,{"stream_name":"stderr","time":195.670587644,"data":"wandb:              s0/lr ▆▃▁█▇▂▁▃▁█▄▁█▆▃█▂▁█▆█▇▄▂▁▆▃▃██▇▇▆▅▅▃▂▂▁▁\n"}
,{"stream_name":"stderr","time":195.67059192,"data":"wandb:                +33 ...\n"}
,{"stream_name":"stderr","time":195.670595788,"data":"wandb: \n"}
,{"stream_name":"stderr","time":195.670599344,"data":"wandb: Run summary:\n"}
,{"stream_name":"stderr","time":195.670603211,"data":"wandb: s0/alpha_max_group 0\n"}
,{"stream_name":"stderr","time":195.670606848,"data":"wandb:      s0/alpha_mean 0\n"}
,{"stream_name":"stderr","time":195.67061086,"data":"wandb: s0/alpha_min_group 0\n"}
,{"stream_name":"stderr","time":195.670615088,"data":"wandb:  s0/dead_frac_mean 0\n"}
,{"stream_name":"stderr","time":195.670619094,"data":"wandb:           s0/epoch 59\n"}
,{"stream_name":"stderr","time":195.670622797,"data":"wandb:         s0/epoch_s 1.53066\n"}
,{"stream_name":"stderr","time":195.670626588,"data":"wandb: s0/grad_norm_total 1.06422\n"}
,{"stream_name":"stderr","time":195.670630364,"data":"wandb:       s0/img_per_s 3261.34402\n"}
,{"stream_name":"stderr","time":195.670634198,"data":"wandb: s0/linear_gap_mean 0.7699\n"}
,{"stream_name":"stderr","time":195.670637841,"data":"wandb:              s0/lr 0.0\n"}
,{"stream_name":"stderr","time":195.670641708,"data":"wandb:                +38 ...\n"}
,{"stream_name":"stderr","time":195.670645408,"data":"wandb: \n"}
,{"stream_name":"stderr","time":195.671002757,"data":"wandb: You can sync this run to the cloud by running:\n"}
,{"stream_name":"stderr","time":195.671020444,"data":"wandb: wandb sync /kaggle/working/wandb/offline-run-20260909_091406-7bcpiqks\n"}
,{"stream_name":"stderr","time":195.671025625,"data":"wandb: Find logs at: ./wandb/offline-run-20260909_091406-7bcpiqks/logs\n"}
,{"stream_name":"stdout","time":195.671899299,"data":"\n"}
,{"stream_name":"stdout","time":195.671914617,"data":"Done. Everything from this run is in /kaggle/working/runs/20260909-091401_vgg11_steps60_vgg11\n"}
,{"stream_name":"stderr","time":200.831373715,"data":"/usr/local/lib/python3.12/dist-packages/mistune.py:435: SyntaxWarning: invalid escape sequence '\\|'\n"}
,{"stream_name":"stderr","time":200.831407652,"data":"  cells[i][c] = re.sub('\\\\\\\\\\|', '|', cell)\n"}
,{"stream_name":"stderr","time":201.114113215,"data":"/usr/local/lib/python3.12/dist-packages/nbconvert/filters/filter_links.py:36: SyntaxWarning: invalid escape sequence '\\_'\n"}
,{"stream_name":"stderr","time":201.114155628,"data":"  text = re.sub(r'_', '\\_', text) # Escape underscores in display text\n"}
,{"stream_name":"stderr","time":201.768704612,"data":"[NbConvertApp] Converting notebook __script__.ipynb to html\n"}
,{"stream_name":"stderr","time":203.129170683,"data":"[NbConvertApp] Writing 396595 bytes to __results__.html\n"}
]