[{"stream_name":"stdout","time":8.191501947,"data":"cifar10-resnet 0.1.0\n"}
,{"stream_name":"stdout","time":8.203216441,"data":"config 'fast_baseline': resnet18, 50 epochs, seeds [0]\n"}
,{"stream_name":"stdout","time":8.20323438,"data":"torch 2.10.0+cu128\n"}
,{"stream_name":"stdout","time":8.912094512,"data":"device: cuda (Tesla T4, 14.6 GB)\n"}
,{"stream_name":"stdout","time":8.912427322,"data":"run dir: /kaggle/working/runs/20260908-125042_fast_baseline_resnet18\n"}
,{"stream_name":"stdout","time":8.928654231,"data":"CIFAR-10: pickled batches under /kaggle/input/datasets/idrisselkhamlichi/cifar-10-python\n"}
,{"stream_name":"stdout","time":11.263057863,"data":"CIFAR-10: 10000 train / 0 val / 10000 test, 75 MB resident (uint8)\n"}
,{"stream_name":"stdout","time":11.273137198,"data":"No W\u0026B key mounted: logging offline.\n"}
,{"stream_name":"stderr","time":12.68302822,"data":"wandb: Tracking run with wandb version 0.26.1\n"}
,{"stream_name":"stderr","time":12.683227962,"data":"wandb: W\u0026B syncing is set to `offline` in this directory. Run `wandb online` or set WANDB_MODE=online to enable cloud syncing.\n"}
,{"stream_name":"stderr","time":12.683250297,"data":"wandb: Run data is saved locally in /kaggle/working/wandb/offline-run-20260908_125044-khvp89cr\n"}
,{"stream_name":"stdout","time":14.051409869,"data":"\n"}
,{"stream_name":"stdout","time":14.051661449,"data":"--- seed 0 ---\n"}
,{"stream_name":"stdout","time":14.228293856,"data":"model: resnet18, 11.17M params\n"}
,{"stream_name":"stdout","time":43.872896995,"data":"  [seed 0] epoch 000  lr=0.0200  loss=2.1155  test=0.2839  16.0s\n"}
,{"stream_name":"stdout","time":55.240381485,"data":"  [seed 0] epoch 001  lr=0.0400  loss=1.9139  test=0.2973  9.4s\n"}
,{"stream_name":"stdout","time":66.716977953,"data":"  [seed 0] epoch 002  lr=0.0600  loss=1.7983  test=0.3441  9.5s\n"}
,{"stream_name":"stdout","time":78.262724889,"data":"  [seed 0] epoch 003  lr=0.0800  loss=1.6691  test=0.3862  9.5s\n"}
,{"stream_name":"stdout","time":89.985351487,"data":"  [seed 0] epoch 004  lr=0.1000  loss=1.5294  test=0.4340  9.7s\n"}
,{"stream_name":"stdout","time":102.026203945,"data":"  [seed 0] epoch 005  lr=0.0999  loss=1.3973  test=0.4851  9.7s\n"}
,{"stream_name":"stdout","time":113.989561025,"data":"  [seed 0] epoch 006  lr=0.0995  loss=1.2528  test=0.5174  9.8s\n"}
,{"stream_name":"stdout","time":126.12324394,"data":"  [seed 0] epoch 007  lr=0.0989  loss=1.1437  test=0.5606  10.0s\n"}
,{"stream_name":"stdout","time":138.322702603,"data":"  [seed 0] epoch 008  lr=0.0981  loss=1.0627  test=0.5492  10.0s\n"}
,{"stream_name":"stdout","time":150.607460564,"data":"  [seed 0] epoch 009  lr=0.0970  loss=0.9914  test=0.5805  10.1s\n"}
,{"stream_name":"stdout","time":163.108660817,"data":"  [seed 0] epoch 010  lr=0.0957  loss=0.9215  test=0.5870  10.1s\n"}
,{"stream_name":"stdout","time":175.356742716,"data":"  [seed 0] epoch 011  lr=0.0942  loss=0.8753  test=0.6511  10.1s\n"}
,{"stream_name":"stdout","time":187.576134125,"data":"  [seed 0] epoch 012  lr=0.0924  loss=0.8329  test=0.6033  10.0s\n"}
,{"stream_name":"stdout","time":199.777254359,"data":"  [seed 0] epoch 013  lr=0.0905  loss=0.7799  test=0.6569  10.0s\n"}
,{"stream_name":"stdout","time":211.948503349,"data":"  [seed 0] epoch 014  lr=0.0883  loss=0.7568  test=0.6646  10.0s\n"}
,{"stream_name":"stdout","time":224.331031347,"data":"  [seed 0] epoch 015  lr=0.0860  loss=0.7013  test=0.6409  10.0s\n"}
,{"stream_name":"stdout","time":236.52451875,"data":"  [seed 0] epoch 016  lr=0.0835  loss=0.6784  test=0.6815  10.0s\n"}
,{"stream_name":"stdout","time":248.736036246,"data":"  [seed 0] epoch 017  lr=0.0808  loss=0.6397  test=0.7014  10.0s\n"}
,{"stream_name":"stdout","time":260.947214181,"data":"  [seed 0] epoch 018  lr=0.0780  loss=0.5942  test=0.6963  10.0s\n"}
,{"stream_name":"stdout","time":273.167806848,"data":"  [seed 0] epoch 019  lr=0.0750  loss=0.5537  test=0.6740  10.0s\n"}
,{"stream_name":"stdout","time":285.589796514,"data":"  [seed 0] epoch 020  lr=0.0720  loss=0.5190  test=0.7143  10.0s\n"}
,{"stream_name":"stdout","time":297.821898181,"data":"  [seed 0] epoch 021  lr=0.0688  loss=0.4963  test=0.7391  10.0s\n"}
,{"stream_name":"stdout","time":310.059300152,"data":"  [seed 0] epoch 022  lr=0.0655  loss=0.4568  test=0.7377  10.1s\n"}
,{"stream_name":"stdout","time":322.296702111,"data":"  [seed 0] epoch 023  lr=0.0621  loss=0.4225  test=0.7335  10.1s\n"}
,{"stream_name":"stdout","time":334.517867136,"data":"  [seed 0] epoch 024  lr=0.0587  loss=0.4107  test=0.7498  10.0s\n"}
,{"stream_name":"stdout","time":346.942160474,"data":"  [seed 0] epoch 025  lr=0.0553  loss=0.3615  test=0.7581  10.0s\n"}
,{"stream_name":"stdout","time":359.16531349,"data":"  [seed 0] epoch 026  lr=0.0518  loss=0.3546  test=0.7572  10.0s\n"}
,{"stream_name":"stdout","time":371.416886527,"data":"  [seed 0] epoch 027  lr=0.0483  loss=0.3105  test=0.7791  10.1s\n"}
,{"stream_name":"stdout","time":383.643530888,"data":"  [seed 0] epoch 028  lr=0.0448  loss=0.2807  test=0.7818  10.0s\n"}
,{"stream_name":"stdout","time":395.872866138,"data":"  [seed 0] epoch 029  lr=0.0414  loss=0.2497  test=0.7570  10.1s\n"}
,{"stream_name":"stdout","time":408.271177109,"data":"  [seed 0] epoch 030  lr=0.0379  loss=0.2272  test=0.7810  10.0s\n"}
,{"stream_name":"stdout","time":420.440470783,"data":"  [seed 0] epoch 031  lr=0.0346  loss=0.1984  test=0.7885  10.0s\n"}
,{"stream_name":"stdout","time":432.604058476,"data":"  [seed 0] epoch 032  lr=0.0313  loss=0.1766  test=0.7733  10.0s\n"}
,{"stream_name":"stdout","time":444.786566288,"data":"  [seed 0] epoch 033  lr=0.0281  loss=0.1589  test=0.8003  10.0s\n"}
,{"stream_name":"stdout","time":456.979420409,"data":"  [seed 0] epoch 034  lr=0.0250  loss=0.1451  test=0.7950  10.0s\n"}
,{"stream_name":"stdout","time":469.392857132,"data":"  [seed 0] epoch 035  lr=0.0221  loss=0.1091  test=0.8093  10.0s\n"}
,{"stream_name":"stdout","time":481.605238967,"data":"  [seed 0] epoch 036  lr=0.0193  loss=0.0955  test=0.8130  10.0s\n"}
,{"stream_name":"stdout","time":493.793024471,"data":"  [seed 0] epoch 037  lr=0.0166  loss=0.0695  test=0.8200  10.0s\n"}
,{"stream_name":"stdout","time":505.9557476,"data":"  [seed 0] epoch 038  lr=0.0141  loss=0.0569  test=0.8189  10.0s\n"}
,{"stream_name":"stdout","time":518.12782044,"data":"  [seed 0] epoch 039  lr=0.0117  loss=0.0446  test=0.8212  10.0s\n"}
,{"stream_name":"stdout","time":530.510067666,"data":"  [seed 0] epoch 040  lr=0.0096  loss=0.0331  test=0.8295  10.0s\n"}
,{"stream_name":"stdout","time":542.670503452,"data":"  [seed 0] epoch 041  lr=0.0076  loss=0.0239  test=0.8299  10.0s\n"}
,{"stream_name":"stdout","time":554.827586491,"data":"  [seed 0] epoch 042  lr=0.0059  loss=0.0229  test=0.8311  10.0s\n"}
,{"stream_name":"stdout","time":566.994847085,"data":"  [seed 0] epoch 043  lr=0.0043  loss=0.0192  test=0.8332  10.0s\n"}
,{"stream_name":"stdout","time":579.174592237,"data":"  [seed 0] epoch 044  lr=0.0030  loss=0.0169  test=0.8306  10.0s\n"}
,{"stream_name":"stdout","time":591.547559529,"data":"  [seed 0] epoch 045  lr=0.0019  loss=0.0165  test=0.8344  10.0s\n"}
,{"stream_name":"stdout","time":603.728867705,"data":"  [seed 0] epoch 046  lr=0.0011  loss=0.0137  test=0.8347  10.0s\n"}
,{"stream_name":"stdout","time":615.933966094,"data":"  [seed 0] epoch 047  lr=0.0005  loss=0.0138  test=0.8357  10.0s\n"}
,{"stream_name":"stdout","time":628.133737862,"data":"  [seed 0] epoch 048  lr=0.0001  loss=0.0133  test=0.8353  10.0s\n"}
,{"stream_name":"stdout","time":640.535834384,"data":"  [seed 0] epoch 049  lr=0.0000  loss=0.0145  test=0.8353  10.0s\n"}
,{"stream_name":"stdout","time":644.876604881,"data":"  [seed 0] 621s  test_final=0.8353  test_selected=0.8353  train=0.9993  gap=+0.1640\n"}
,{"stream_name":"stdout","time":644.878617019,"data":"\n"}
,{"stream_name":"stdout","time":644.879003325,"data":"==============================================================================\n"}
,{"stream_name":"stdout","time":644.879459537,"data":"CIFAR-10 BASELINE  --  resnet18, 11,173,962 params, 50 epochs, 1 seeds\n"}
,{"stream_name":"stdout","time":644.879936111,"data":"config 'fast_baseline': sgd lr=0.1 mom=0.9 wd=0.0005 bs=128 cosine+5ep warmup, augment=True\n"}
,{"stream_name":"stdout","time":644.880341218,"data":"==============================================================================\n"}
,{"stream_name":"stdout","time":644.88057889,"data":"\n"}
,{"stream_name":"stdout","time":644.881471243,"data":"per seed:\n"}
,{"stream_name":"stdout","time":644.881499167,"data":"          seed    test acc  test err %   final acc   train acc     gen gap   worst cls      wall s\n"}
,{"stream_name":"stdout","time":644.881825915,"data":"             0      0.8353      16.470      0.8353      0.9993     +0.1640         nan         621\n"}
,{"stream_name":"stdout","time":644.882282235,"data":"\n"}
,{"stream_name":"stdout","time":644.882450726,"data":"mean +- sem  (min .. max):\n"}
,{"stream_name":"stdout","time":644.882850048,"data":"      test acc  0.8353   (0.8353 .. 0.8353)\n"}
,{"stream_name":"stdout","time":644.883357297,"data":"    test err %  16.470   (16.470 .. 16.470)\n"}
,{"stream_name":"stdout","time":644.883748445,"data":"     final acc  0.8353   (0.8353 .. 0.8353)\n"}
,{"stream_name":"stdout","time":644.884003541,"data":"     train acc  0.9993   (0.9993 .. 0.9993)\n"}
,{"stream_name":"stdout","time":644.884628456,"data":"       gen gap  +0.1640   (+0.1640 .. +0.1640)\n"}
,{"stream_name":"stdout","time":644.885332986,"data":"        wall s  621   (621 .. 621)\n"}
,{"stream_name":"stdout","time":644.885853729,"data":"\n"}
,{"stream_name":"stdout","time":644.886206273,"data":"model selection: final_epoch -- no validation split, so 'selected' == final epoch\n"}
,{"stream_name":"stdout","time":644.886692944,"data":"throughput: 803 img/s mean\n"}
,{"stream_name":"stdout","time":644.887903745,"data":"\n"}
,{"stream_name":"stdout","time":644.888346838,"data":"results written to /kaggle/working/runs/20260908-125042_fast_baseline_resnet18/results.json\n"}
,{"stream_name":"stdout","time":644.891155178,"data":"history written to /kaggle/working/runs/20260908-125042_fast_baseline_resnet18/history.jsonl and /kaggle/working/runs/20260908-125042_fast_baseline_resnet18/history.csv (50 epoch rows)\n"}
,{"stream_name":"stderr","time":644.90044834,"data":"wandb: \n"}
,{"stream_name":"stderr","time":644.900465415,"data":"wandb: Run history:\n"}
,{"stream_name":"stderr","time":644.900470706,"data":"wandb:            s0/epoch ▁▁▁▁▂▂▂▂▂▂▃▃▃▃▃▄▄▄▄▄▄▅▅▅▅▅▅▆▆▆▆▆▆▇▇▇▇▇██\n"}
,{"stream_name":"stderr","time":644.900475785,"data":"wandb:          s0/epoch_s █▁▁▁▁▂▂▂▂▂▂▂▂▂▂▂▂▂▂▂▂▂▂▂▂▂▂▂▂▂▂▂▂▂▂▂▂▂▂▂\n"}
,{"stream_name":"stderr","time":644.900490474,"data":"wandb:   s0/grad_norm_mean ▁▄█▆▅▅▅▂▂▁▁\n"}
,{"stream_name":"stderr","time":644.900493863,"data":"wandb:  s0/grad_norm_total ▂▅█▆▅▄▅▂▂▁▁\n"}
,{"stream_name":"stderr","time":644.900497145,"data":"wandb:        s0/img_per_s ▁██▇▇▇▇▇▇▇▇▇▇▇▇▇▇▇▇▇▇▇▇▇▇▇▇▇▇▇▇▇▇▇▇▇▇▇▇▇\n"}
,{"stream_name":"stderr","time":644.900510823,"data":"wandb:               s0/lr ▂▄▅▇██████▇▇▇▇▇▆▆▆▆▅▅▅▄▄▄▃▃▃▃▃▂▂▂▂▁▁▁▁▁▁\n"}
,{"stream_name":"stderr","time":644.900514666,"data":"wandb:            s0/phase ▁▁▁▁▁▁▁▁▁▁▁▁▁▁▁▁▁▁▁▁▁▁▁▁▁▁▁▁▁▁▁▁▁▁▁▁▁▁▁▁\n"}
,{"stream_name":"stderr","time":644.900518387,"data":"wandb: s0/ratio_last_block ▁▃▅▆▆▇▇████\n"}
,{"stream_name":"stderr","time":644.900521792,"data":"wandb:       s0/ratio_mean ▁▃▄▅▆▇▇████\n"}
,{"stream_name":"stderr","time":644.900525165,"data":"wandb:      s0/s_max_block ▁▁▁▁▁▁▁▁▁▁▁▁▁▁▁▁▁▁▁▁▁▁▁▁▁▁▁▁▁▁▁▁▁▁▁▁▁▁▁▁\n"}
,{"stream_name":"stderr","time":644.900530062,"data":"wandb:                 +28 ...\n"}
,{"stream_name":"stderr","time":644.900533797,"data":"wandb: \n"}
,{"stream_name":"stderr","time":644.900536966,"data":"wandb: Run summary:\n"}
,{"stream_name":"stderr","time":644.900540796,"data":"wandb:            s0/epoch 49\n"}
,{"stream_name":"stderr","time":644.900544218,"data":"wandb:          s0/epoch_s 10.03033\n"}
,{"stream_name":"stderr","time":644.900547976,"data":"wandb:   s0/grad_norm_mean 0.06822\n"}
,{"stream_name":"stderr","time":644.900551478,"data":"wandb:  s0/grad_norm_total 0.22906\n"}
,{"stream_name":"stderr","time":644.900554886,"data":"wandb:        s0/img_per_s 995.3809\n"}
,{"stream_name":"stderr","time":644.900558313,"data":"wandb:               s0/lr 0.0\n"}
,{"stream_name":"stderr","time":644.900561793,"data":"wandb:            s0/phase 0\n"}
,{"stream_name":"stderr","time":644.900565166,"data":"wandb: s0/ratio_last_block 0.33637\n"}
,{"stream_name":"stderr","time":644.900568658,"data":"wandb:       s0/ratio_mean 0.82399\n"}
,{"stream_name":"stderr","time":644.900572105,"data":"wandb:      s0/s_max_block 1\n"}
,{"stream_name":"stderr","time":644.900575639,"data":"wandb:                 +32 ...\n"}
,{"stream_name":"stderr","time":644.900579075,"data":"wandb: \n"}
,{"stream_name":"stderr","time":644.900776449,"data":"wandb: You can sync this run to the cloud by running:\n"}
,{"stream_name":"stderr","time":644.900782972,"data":"wandb: wandb sync /kaggle/working/wandb/offline-run-20260908_125044-khvp89cr\n"}
,{"stream_name":"stderr","time":644.900973474,"data":"wandb: Find logs at: ./wandb/offline-run-20260908_125044-khvp89cr/logs\n"}
,{"stream_name":"stdout","time":644.901545623,"data":"\n"}
,{"stream_name":"stdout","time":644.901637331,"data":"Done. Everything from this run is in /kaggle/working/runs/20260908-125042_fast_baseline_resnet18\n"}
,{"stream_name":"stderr","time":650.039118937,"data":"/usr/local/lib/python3.12/dist-packages/mistune.py:435: SyntaxWarning: invalid escape sequence '\\|'\n"}
,{"stream_name":"stderr","time":650.039159696,"data":"  cells[i][c] = re.sub('\\\\\\\\\\|', '|', cell)\n"}
,{"stream_name":"stderr","time":650.337425728,"data":"/usr/local/lib/python3.12/dist-packages/nbconvert/filters/filter_links.py:36: SyntaxWarning: invalid escape sequence '\\_'\n"}
,{"stream_name":"stderr","time":650.337462563,"data":"  text = re.sub(r'_', '\\_', text) # Escape underscores in display text\n"}
,{"stream_name":"stderr","time":651.024132638,"data":"[NbConvertApp] Converting notebook __script__.ipynb to html\n"}
,{"stream_name":"stderr","time":652.326039541,"data":"[NbConvertApp] Writing 385739 bytes to __results__.html\n"}
]