[{"stream_name":"stdout","time":7.694337261,"data":"{'torch': '2.10.0+cu128', 'cuda': '12.8', 'n_gpu': 2, 'gpus': ['Tesla T4', 'Tesla T4'], 'inputs': '/kaggle/input/datasets/maxlebossdu91/landscape-v3-inputs', 'data_root': '/kaggle/input/datasets/pankrzysiu/cifar10-python', 'pilot': True, 'n_tasks': 7, 'protocol': {'lanczos_m_max': 400, 'lanczos_check_every': 10, 'lanczos_tol': 0.001, 'lanczos_floor': 0.01, 'reuse_tolerance_ce': 1e-05, 'hess_fd_t': [0.001, 0.002, 0.005, 0.01, 0.02, 0.05]}, 'tf32': False, 'cudnn_deterministic': True}\n"}
,{"stream_name":"stdout","time":19.735645023,"data":"inputs ok True reuse valid True 0.0\n"}
,{"stream_name":"stderr","time":25.382025061,"data":"/kaggle/working/_repo/landscape_v3/hessian.py:79: UserWarning: Converting a tensor with requires_grad=True to a scalar may lead to unexpected behavior.\n"}
,{"stream_name":"stderr","time":25.382066025,"data":"Consider using tensor.detach() first. (Triggered internally at /pytorch/torch/csrc/autograd/generated/python_variable_methods.cpp:836.)\n"}
,{"stream_name":"stderr","time":25.382073051,"data":"  tot += float(loss) * w\n"}
,{"stream_name":"stderr","time":28.667164441,"data":"/kaggle/working/_repo/landscape_v3/hessian.py:79: UserWarning: Converting a tensor with requires_grad=True to a scalar may lead to unexpected behavior.\n"}
,{"stream_name":"stderr","time":28.667199191999998,"data":"Consider using tensor.detach() first. (Triggered internally at /pytorch/torch/csrc/autograd/generated/python_variable_methods.cpp:836.)\n"}
,{"stream_name":"stderr","time":28.667204823,"data":"  tot += float(loss) * w\n"}
,{"stream_name":"stdout","time":91.59035533,"data":"[13:36:37 gpu0] pilot__hessian__plain_s4_train_centre_frozen_rel                       complete       67s\n"}
,{"stream_name":"stdout","time":103.906018872,"data":"[13:36:49 gpu1] pilot__hchecks__plain__seed4                                           complete       79s\n"}
,{"stream_name":"stdout","time":104.794986554,"data":"[13:36:50 gpu0] pilot__pts__gaussian__seed4__epoch_030__r-_G0__large__f32              complete       13s\n"}
,{"stream_name":"stdout","time":106.647619796,"data":"[13:36:52 gpu1] pilot__pts__gaussian__seed4__epoch_030__r-_G0__probes__f32             complete        3s\n"}
,{"stream_name":"stdout","time":110.260926733,"data":"[13:36:55 gpu1] pilot__pts__gaussian__seed4__epoch_006__r-_G0.7__probes__f32           complete        4s\n"}
,{"stream_name":"stdout","time":114.048290221,"data":"[13:36:59 gpu1] pilot__hcut__plain__seed4                                              complete        4s\n"}
,{"stream_name":"stdout","time":193.855890487,"data":"[13:38:19 gpu0] pilot__quadform__plain__seed4                                          complete       89s\n"}
,{"stream_name":"stdout","time":194.412009846,"data":"job done {'start': 1789479313.0583303, 'input_check_seconds': 0.9026057720184326, 'reuse_reproduction_seconds': 11.138625860214233, 'eval_wall_seconds': 174.66352367401123, 'gpu_seconds_sum_of_tasks': 258.0905773639679, 'gpu_seconds_by_kind': {'pts': 19.55733370780945, 'hchecks': 79.00764966011047, 'quadform': 89.06012916564941, 'hessian': 66.67867255210876, 'hcut': 3.786792278289795}, 'n_gpus': 2, 'total_seconds': 187.06752490997314}\n"}
,{"stream_name":"stderr","time":197.138986494,"data":"/usr/local/lib/python3.12/dist-packages/mistune.py:435: SyntaxWarning: invalid escape sequence '\\|'\n"}
,{"stream_name":"stderr","time":197.139032073,"data":"  cells[i][c] = re.sub('\\\\\\\\\\|', '|', cell)\n"}
,{"stream_name":"stderr","time":197.440576259,"data":"/usr/local/lib/python3.12/dist-packages/nbconvert/filters/filter_links.py:36: SyntaxWarning: invalid escape sequence '\\_'\n"}
,{"stream_name":"stderr","time":197.440619265,"data":"  text = re.sub(r'_', '\\_', text) # Escape underscores in display text\n"}
,{"stream_name":"stderr","time":198.079670298,"data":"[NbConvertApp] Converting notebook __script__.ipynb to html\n"}
,{"stream_name":"stderr","time":199.368219481,"data":"[NbConvertApp] Writing 504816 bytes to __results__.html\n"}
]