[{"stream_name":"stdout","time":45.918125143,"data":"[17:07:47 2026-09-17 gpu0] FAILED sgd_standard_aug_160__cbs_budget_matched__seed2\n"}
,{"stream_name":"stdout","time":45.918221724,"data":"Traceback (most recent call last):\n"}
,{"stream_name":"stdout","time":45.918228223,"data":"  File \"/kaggle/working/_repo/overnight/job.py\", line 128, in run_train_cell\n"}
,{"stream_name":"stdout","time":45.91823291,"data":"    raise RuntimeError(\"config hash differs from the frozen protocol\")\n"}
,{"stream_name":"stdout","time":45.91823729,"data":"RuntimeError: config hash differs from the frozen protocol\n"}
,{"stream_name":"stdout","time":45.918241444,"data":"\n"}
,{"stream_name":"stdout","time":45.919648915,"data":"[17:07:47 2026-09-17 gpu0] FAILED adamw_long_noaug_160__gaussian_postrelu__seed1\n"}
,{"stream_name":"stdout","time":45.919669419,"data":"Traceback (most recent call last):\n"}
,{"stream_name":"stdout","time":45.919673593,"data":"  File \"/kaggle/working/_repo/overnight/job.py\", line 128, in run_train_cell\n"}
,{"stream_name":"stdout","time":45.919677943,"data":"    raise RuntimeError(\"config hash differs from the frozen protocol\")\n"}
,{"stream_name":"stdout","time":45.919708318,"data":"RuntimeError: config hash differs from the frozen protocol\n"}
,{"stream_name":"stdout","time":45.919712555,"data":"\n"}
,{"stream_name":"stdout","time":45.920952526,"data":"[17:07:47 2026-09-17 gpu0] FAILED adamw_long_noaug_160__sdpoint__seed2\n"}
,{"stream_name":"stdout","time":45.920968569,"data":"Traceback (most recent call last):\n"}
,{"stream_name":"stdout","time":45.920972936,"data":"  File \"/kaggle/working/_repo/overnight/job.py\", line 128, in run_train_cell\n"}
,{"stream_name":"stdout","time":45.920977282,"data":"    raise RuntimeError(\"config hash differs from the frozen protocol\")\n"}
,{"stream_name":"stdout","time":45.920982033,"data":"RuntimeError: config hash differs from the frozen protocol\n"}
,{"stream_name":"stdout","time":45.920986171,"data":"\n"}
,{"stream_name":"stdout","time":45.922321771,"data":"[17:07:47 2026-09-17 gpu0] FAILED adamw_long_aug_160__resolution_max_b1_gaussian_conv__seed1\n"}
,{"stream_name":"stdout","time":45.922368591,"data":"Traceback (most recent call last):\n"}
,{"stream_name":"stdout","time":45.922375292,"data":"  File \"/kaggle/working/_repo/overnight/job.py\", line 128, in run_train_cell\n"}
,{"stream_name":"stdout","time":45.922379783,"data":"    raise RuntimeError(\"config hash differs from the frozen protocol\")\n"}
,{"stream_name":"stdout","time":45.922384252,"data":"RuntimeError: config hash differs from the frozen protocol\n"}
,{"stream_name":"stdout","time":45.922388568,"data":"\n"}
,{"stream_name":"stdout","time":46.256912338,"data":"[17:07:48 2026-09-17 gpu1] FAILED sgd_standard_aug_160__sdpoint__seed2\n"}
,{"stream_name":"stdout","time":46.256955736,"data":"Traceback (most recent call last):\n"}
,{"stream_name":"stdout","time":46.256961477,"data":"  File \"/kaggle/working/_repo/overnight/job.py\", line 128, in run_train_cell\n"}
,{"stream_name":"stdout","time":46.256965966,"data":"    raise RuntimeError(\"config hash differs from the frozen protocol\")\n"}
,{"stream_name":"stdout","time":46.256970571,"data":"RuntimeError: config hash differs from the frozen protocol\n"}
,{"stream_name":"stdout","time":46.256974868,"data":"\n"}
,{"stream_name":"stdout","time":46.258528409,"data":"[17:07:48 2026-09-17 gpu1] FAILED adamw_long_noaug_160__sdpoint__seed0\n"}
,{"stream_name":"stdout","time":46.258549575,"data":"Traceback (most recent call last):\n"}
,{"stream_name":"stdout","time":46.258554698,"data":"  File \"/kaggle/working/_repo/overnight/job.py\", line 128, in run_train_cell\n"}
,{"stream_name":"stdout","time":46.258605844,"data":"    raise RuntimeError(\"config hash differs from the frozen protocol\")\n"}
,{"stream_name":"stdout","time":46.258611672,"data":"RuntimeError: config hash differs from the frozen protocol\n"}
,{"stream_name":"stdout","time":46.258616006,"data":"\n"}
,{"stream_name":"stdout","time":46.259859861,"data":"[17:07:48 2026-09-17 gpu1] FAILED adamw_long_noaug_160__gaussian_postrelu__seed2\n"}
,{"stream_name":"stdout","time":46.259878146,"data":"Traceback (most recent call last):\n"}
,{"stream_name":"stdout","time":46.259883241,"data":"  File \"/kaggle/working/_repo/overnight/job.py\", line 128, in run_train_cell\n"}
,{"stream_name":"stdout","time":46.259888681,"data":"    raise RuntimeError(\"config hash differs from the frozen protocol\")\n"}
,{"stream_name":"stdout","time":46.259893735,"data":"RuntimeError: config hash differs from the frozen protocol\n"}
,{"stream_name":"stdout","time":46.259898196,"data":"\n"}
,{"stream_name":"stdout","time":46.261205129,"data":"[17:07:48 2026-09-17 gpu1] FAILED adamw_long_aug_160__resolution_max_b1__seed1\n"}
,{"stream_name":"stdout","time":46.261223431,"data":"Traceback (most recent call last):\n"}
,{"stream_name":"stdout","time":46.261228666,"data":"  File \"/kaggle/working/_repo/overnight/job.py\", line 128, in run_train_cell\n"}
,{"stream_name":"stdout","time":46.261233782,"data":"    raise RuntimeError(\"config hash differs from the frozen protocol\")\n"}
,{"stream_name":"stdout","time":46.2612683,"data":"RuntimeError: config hash differs from the frozen protocol\n"}
,{"stream_name":"stdout","time":46.261273003,"data":"\n"}
,{"stream_name":"stdout","time":46.262437543,"data":"[17:07:48 2026-09-17 gpu1] FAILED adamw_long_aug_160__cbs_budget_matched__seed2\n"}
,{"stream_name":"stdout","time":46.262455049,"data":"Traceback (most recent call last):\n"}
,{"stream_name":"stdout","time":46.262460222,"data":"  File \"/kaggle/working/_repo/overnight/job.py\", line 128, in run_train_cell\n"}
,{"stream_name":"stdout","time":46.262465055,"data":"    raise RuntimeError(\"config hash differs from the frozen protocol\")\n"}
,{"stream_name":"stdout","time":46.262469888,"data":"RuntimeError: config hash differs from the frozen protocol\n"}
,{"stream_name":"stdout","time":46.262474322,"data":"\n"}
,{"stream_name":"stdout","time":46.943805287,"data":"job finished {\"sgd_standard_aug_160__cbs_budget_matched__seed2\": \"failed\", \"adamw_long_noaug_160__gaussian_postrelu__seed1\": \"failed\", \"adamw_long_noaug_160__sdpoint__seed2\": \"failed\", \"adamw_long_aug_160__resolution_max_b1_gaussian_conv__seed1\": \"failed\", \"sgd_standard_aug_160__sdpoint__seed2\": \"failed\", \"adamw_long_noaug_160__sdpoint__seed0\": \"failed\", \"adamw_long_noaug_160__gaussian_postrelu__seed2\": \"failed\", \"adamw_long_aug_160__resolution_max_b1__seed1\": \"failed\", \"adamw_long_aug_160__cbs_budget_matched__seed2\": \"failed\"}\n"}
,{"stream_name":"stderr","time":50.161716831,"data":"/usr/local/lib/python3.12/dist-packages/mistune.py:435: SyntaxWarning: invalid escape sequence '\\|'\n"}
,{"stream_name":"stderr","time":50.161788968,"data":"  cells[i][c] = re.sub('\\\\\\\\\\|', '|', cell)\n"}
,{"stream_name":"stderr","time":50.51084667,"data":"/usr/local/lib/python3.12/dist-packages/nbconvert/filters/filter_links.py:36: SyntaxWarning: invalid escape sequence '\\_'\n"}
,{"stream_name":"stderr","time":50.510877552,"data":"  text = re.sub(r'_', '\\_', text) # Escape underscores in display text\n"}
,{"stream_name":"stderr","time":51.322157031,"data":"[NbConvertApp] Converting notebook __script__.ipynb to html\n"}
,{"stream_name":"stderr","time":52.920591837,"data":"[NbConvertApp] Writing 485854 bytes to __results__.html\n"}
]