[{"stream_name":"stdout","time":7.686764647,"data":"{'torch': '2.10.0+cu128', 'cuda': '12.8', 'n_gpu': 2, 'gpus': ['Tesla T4', 'Tesla T4'], 'inputs': '/kaggle/input/datasets/maxnicaise/landscape-v2-inputs', 'data_root': '/kaggle/input/datasets/pankrzysiu/cifar10-python', 'seeds': [0], 'pilot': False}\n"}
,{"stream_name":"stdout","time":46.531700923,"data":"[23:17:09 gpu1] epoch 1/30  update 391  loss 1.7724  test acc current 0.4470 target 0.1274\n"}
,{"stream_name":"stdout","time":52.445065596,"data":"[23:17:15 gpu0] epoch 1/30  update 391  loss 1.7368  test acc current 0.4660 target 0.1002\n"}
,{"stream_name":"stdout","time":69.716524933,"data":"[23:17:32 gpu1] epoch 2/30  update 782  loss 1.3883  test acc current 0.5271 target 0.1192\n"}
,{"stream_name":"stdout","time":81.688335473,"data":"[23:17:44 gpu0] epoch 2/30  update 782  loss 1.3523  test acc current 0.5513 target 0.1139\n"}
,{"stream_name":"stdout","time":91.885060576,"data":"[23:17:54 gpu1] epoch 3/30  update 1173  loss 1.2162  test acc current 0.5770 target 0.1134\n"}
,{"stream_name":"stdout","time":109.58031151,"data":"[23:18:12 gpu0] epoch 3/30  update 1173  loss 1.1667  test acc current 0.5985 target 0.1145\n"}
,{"stream_name":"stdout","time":114.311982088,"data":"[23:18:17 gpu1] epoch 4/30  update 1564  loss 1.0972  test acc current 0.6231 target 0.1049\n"}
,{"stream_name":"stdout","time":136.939394088,"data":"[23:18:39 gpu1] epoch 5/30  update 1955  loss 1.0016  test acc current 0.6303 target 0.1264\n"}
,{"stream_name":"stdout","time":137.664059206,"data":"[23:18:40 gpu0] epoch 4/30  update 1564  loss 1.0458  test acc current 0.6540 target 0.1981\n"}
,{"stream_name":"stdout","time":159.082985356,"data":"[23:19:01 gpu1] epoch 6/30  update 2346  loss 0.9301  test acc current 0.6801 target 0.1063\n"}
,{"stream_name":"stdout","time":165.425182857,"data":"[23:19:08 gpu0] epoch 5/30  update 1955  loss 0.9446  test acc current 0.6576 target 0.1527\n"}
,{"stream_name":"stdout","time":181.413277304,"data":"[23:19:24 gpu1] epoch 7/30  update 2737  loss 0.8537  test acc current 0.6991 target 0.1700\n"}
,{"stream_name":"stdout","time":193.680833426,"data":"[23:19:36 gpu0] epoch 6/30  update 2346  loss 0.8664  test acc current 0.6815 target 0.1922\n"}
,{"stream_name":"stdout","time":203.808466235,"data":"[23:19:46 gpu1] epoch 8/30  update 3128  loss 0.7937  test acc current 0.7199 target 0.1347\n"}
,{"stream_name":"stdout","time":221.061312036,"data":"[23:20:03 gpu0] epoch 7/30  update 2737  loss 0.8987  test acc current 0.7007 target 0.1697\n"}
,{"stream_name":"stdout","time":226.353285658,"data":"[23:20:09 gpu1] epoch 9/30  update 3519  loss 0.7450  test acc current 0.7356 target 0.2044\n"}
,{"stream_name":"stdout","time":249.027085357,"data":"[23:20:31 gpu1] epoch 10/30  update 3910  loss 0.6957  test acc current 0.7380 target 0.2535\n"}
,{"stream_name":"stdout","time":249.189237772,"data":"[23:20:31 gpu0] epoch 8/30  update 3128  loss 0.8088  test acc current 0.7245 target 0.2617\n"}
,{"stream_name":"stdout","time":271.640845718,"data":"[23:20:54 gpu1] epoch 11/30  update 4301  loss 0.6589  test acc current 0.7615 target 0.2643\n"}
,{"stream_name":"stdout","time":276.978841003,"data":"[23:20:59 gpu0] epoch 9/30  update 3519  loss 0.7480  test acc current 0.7271 target 0.2077\n"}
,{"stream_name":"stdout","time":294.113693977,"data":"[23:21:16 gpu1] epoch 12/30  update 4692  loss 0.6191  test acc current 0.7692 target 0.2457\n"}
,{"stream_name":"stdout","time":304.471137085,"data":"[23:21:27 gpu0] epoch 10/30  update 3910  loss 0.6968  test acc current 0.7453 target 0.1558\n"}
,{"stream_name":"stdout","time":316.887566854,"data":"[23:21:39 gpu1] epoch 13/30  update 5083  loss 0.5961  test acc current 0.7707 target 0.4549\n"}
,{"stream_name":"stdout","time":332.453717655,"data":"[23:21:55 gpu0] epoch 11/30  update 4301  loss 0.6541  test acc current 0.7606 target 0.1711\n"}
,{"stream_name":"stdout","time":339.608261168,"data":"[23:22:02 gpu1] epoch 14/30  update 5474  loss 0.5611  test acc current 0.7757 target 0.3815\n"}
,{"stream_name":"stdout","time":360.196544256,"data":"[23:22:22 gpu0] epoch 12/30  update 4692  loss 0.6137  test acc current 0.7704 target 0.2326\n"}
,{"stream_name":"stdout","time":361.606836136,"data":"[23:22:24 gpu1] epoch 15/30  update 5865  loss 0.5318  test acc current 0.7828 target 0.4110\n"}
,{"stream_name":"stdout","time":384.000498391,"data":"[23:22:46 gpu1] epoch 16/30  update 6256  loss 0.5568  test acc current 0.7861 target 0.6944\n"}
,{"stream_name":"stdout","time":389.004047992,"data":"[23:22:51 gpu0] epoch 13/30  update 5083  loss 0.6971  test acc current 0.7598 target 0.2063\n"}
,{"stream_name":"stdout","time":406.324768316,"data":"[23:23:09 gpu1] epoch 17/30  update 6647  loss 0.5058  test acc current 0.7859 target 0.7193\n"}
,{"stream_name":"stdout","time":417.886128906,"data":"[23:23:20 gpu0] epoch 14/30  update 5474  loss 0.6262  test acc current 0.7733 target 0.1857\n"}
,{"stream_name":"stdout","time":429.074504505,"data":"[23:23:31 gpu1] epoch 18/30  update 7038  loss 0.4754  test acc current 0.7869 target 0.7027\n"}
,{"stream_name":"stdout","time":446.619108201,"data":"[23:23:49 gpu0] epoch 15/30  update 5865  loss 0.5898  test acc current 0.7750 target 0.2062\n"}
,{"stream_name":"stdout","time":450.945058163,"data":"[23:23:53 gpu1] epoch 19/30  update 7429  loss 0.5054  test acc current 0.7933 target 0.7899\n"}
,{"stream_name":"stdout","time":473.577919397,"data":"[23:24:16 gpu1] epoch 20/30  update 7820  loss 0.4615  test acc current 0.7888 target 0.7858\n"}
,{"stream_name":"stdout","time":475.413317441,"data":"[23:24:18 gpu0] epoch 16/30  update 6256  loss 0.5856  test acc current 0.7912 target 0.6890\n"}
,{"stream_name":"stdout","time":495.519542877,"data":"[23:24:38 gpu1] epoch 21/30  update 8211  loss 0.4354  test acc current 0.7912 target 0.7891\n"}
,{"stream_name":"stdout","time":504.199757273,"data":"[23:24:46 gpu0] epoch 17/30  update 6647  loss 0.5340  test acc current 0.8004 target 0.7311\n"}
,{"stream_name":"stdout","time":512.339499397,"data":"[23:24:55 gpu1] epoch 22/30  update 8602  loss 0.4211  test acc current 0.7955 target 0.7955\n"}
,{"stream_name":"stdout","time":529.081131087,"data":"[23:25:11 gpu1] epoch 23/30  update 8993  loss 0.3977  test acc current 0.7926 target 0.7926\n"}
,{"stream_name":"stdout","time":532.889942256,"data":"[23:25:15 gpu0] epoch 18/30  update 7038  loss 0.5038  test acc current 0.8016 target 0.6950\n"}
,{"stream_name":"stdout","time":546.435109367,"data":"[23:25:29 gpu1] epoch 24/30  update 9384  loss 0.3824  test acc current 0.7974 target 0.7974\n"}
,{"stream_name":"stdout","time":562.513987081,"data":"[23:25:45 gpu0] epoch 19/30  update 7429  loss 0.5204  test acc current 0.8048 target 0.8037\n"}
,{"stream_name":"stdout","time":562.925103354,"data":"[23:25:45 gpu1] epoch 25/30  update 9775  loss 0.3704  test acc current 0.7972 target 0.7972\n"}
,{"stream_name":"stdout","time":580.433081054,"data":"[23:26:03 gpu1] epoch 26/30  update 10166  loss 0.3600  test acc current 0.7985 target 0.7985\n"}
,{"stream_name":"stdout","time":593.173852569,"data":"[23:26:15 gpu0] epoch 20/30  update 7820  loss 0.4801  test acc current 0.8023 target 0.7971\n"}
,{"stream_name":"stdout","time":598.144483453,"data":"[23:26:20 gpu1] epoch 27/30  update 10557  loss 0.3496  test acc current 0.7981 target 0.7981\n"}
,{"stream_name":"stdout","time":615.412800186,"data":"[23:26:38 gpu1] epoch 28/30  update 10948  loss 0.3477  test acc current 0.7979 target 0.7979\n"}
,{"stream_name":"stdout","time":623.455475155,"data":"[23:26:46 gpu0] epoch 21/30  update 8211  loss 0.4556  test acc current 0.8073 target 0.8062\n"}
,{"stream_name":"stdout","time":633.493757862,"data":"[23:26:56 gpu1] epoch 29/30  update 11339  loss 0.3398  test acc current 0.7993 target 0.7993\n"}
,{"stream_name":"stdout","time":641.347048808,"data":"[23:27:04 gpu0] epoch 22/30  update 8602  loss 0.4446  test acc current 0.8082 target 0.8082\n"}
,{"stream_name":"stdout","time":650.469541422,"data":"[23:27:13 gpu1] epoch 30/30  update 11730  loss 0.3411  test acc current 0.7983 target 0.7983\n"}
,{"stream_name":"stdout","time":650.472634949,"data":"[23:27:13 gpu1] DONE gaussian_postrelu seed 0 in 639s\n"}
,{"stream_name":"stdout","time":659.148295261,"data":"[23:27:21 gpu0] epoch 23/30  update 8993  loss 0.4248  test acc current 0.8098 target 0.8098\n"}
,{"stream_name":"stdout","time":669.298385059,"data":"[23:27:32 gpu1] epoch 1/30  update 391  loss 1.8204  test acc current 0.4178 target 0.1445\n"}
,{"stream_name":"stdout","time":676.503515496,"data":"[23:27:39 gpu0] epoch 24/30  update 9384  loss 0.4113  test acc current 0.8129 target 0.8129\n"}
,{"stream_name":"stdout","time":684.60546048,"data":"[23:27:47 gpu1] epoch 2/30  update 782  loss 1.4183  test acc current 0.5202 target 0.1612\n"}
,{"stream_name":"stdout","time":693.609057578,"data":"[23:27:56 gpu0] epoch 25/30  update 9775  loss 0.4022  test acc current 0.8152 target 0.8152\n"}
,{"stream_name":"stdout","time":700.505769035,"data":"[23:28:03 gpu1] epoch 3/30  update 1173  loss 1.2216  test acc current 0.5804 target 0.2137\n"}
,{"stream_name":"stdout","time":710.854711329,"data":"[23:28:13 gpu0] epoch 26/30  update 10166  loss 0.3925  test acc current 0.8134 target 0.8134\n"}
,{"stream_name":"stdout","time":716.042563778,"data":"[23:28:18 gpu1] epoch 4/30  update 1564  loss 1.0867  test acc current 0.6279 target 0.1842\n"}
,{"stream_name":"stdout","time":728.768435982,"data":"[23:28:31 gpu0] epoch 27/30  update 10557  loss 0.3839  test acc current 0.8146 target 0.8146\n"}
,{"stream_name":"stdout","time":732.056877795,"data":"[23:28:34 gpu1] epoch 5/30  update 1955  loss 0.9894  test acc current 0.6277 target 0.1672\n"}
,{"stream_name":"stdout","time":746.231832236,"data":"[23:28:49 gpu0] epoch 28/30  update 10948  loss 0.3804  test acc current 0.8144 target 0.8144\n"}
,{"stream_name":"stdout","time":747.741601311,"data":"[23:28:50 gpu1] epoch 6/30  update 2346  loss 0.9161  test acc current 0.6656 target 0.1464\n"}
,{"stream_name":"stdout","time":764.043164754,"data":"[23:29:06 gpu0] epoch 29/30  update 11339  loss 0.3745  test acc current 0.8137 target 0.8137\n"}
,{"stream_name":"stdout","time":764.48701395,"data":"[23:29:07 gpu1] epoch 7/30  update 2737  loss 0.9537  test acc current 0.6762 target 0.1691\n"}
,{"stream_name":"stdout","time":781.265074368,"data":"[23:29:24 gpu1] epoch 8/30  update 3128  loss 0.8532  test acc current 0.6921 target 0.1864\n"}
,{"stream_name":"stdout","time":781.740938421,"data":"[23:29:24 gpu0] epoch 30/30  update 11730  loss 0.3751  test acc current 0.8134 target 0.8134\n"}
,{"stream_name":"stdout","time":781.744077478,"data":"[23:29:24 gpu0] DONE resolution_max_b1_gaussian_conv seed 0 in 770s\n"}
,{"stream_name":"stdout","time":797.379821985,"data":"[23:29:40 gpu1] epoch 9/30  update 3519  loss 0.7864  test acc current 0.7163 target 0.2390\n"}
,{"stream_name":"stdout","time":802.954026389,"data":"[23:29:45 gpu0] epoch 1/30  update 391  loss 1.8920  test acc current 0.3666 target 0.3666\n"}
,{"stream_name":"stdout","time":814.149172647,"data":"[23:29:56 gpu1] epoch 10/30  update 3910  loss 0.7347  test acc current 0.7199 target 0.2433\n"}
,{"stream_name":"stdout","time":820.402132241,"data":"[23:30:03 gpu0] epoch 2/30  update 782  loss 1.5293  test acc current 0.4837 target 0.4837\n"}
,{"stream_name":"stdout","time":830.814006821,"data":"[23:30:13 gpu1] epoch 11/30  update 4301  loss 0.6843  test acc current 0.7376 target 0.2022\n"}
,{"stream_name":"stdout","time":837.564000198,"data":"[23:30:20 gpu0] epoch 3/30  update 1173  loss 1.3233  test acc current 0.5158 target 0.5158\n"}
,{"stream_name":"stdout","time":847.074232651,"data":"[23:30:29 gpu1] epoch 12/30  update 4692  loss 0.6451  test acc current 0.7508 target 0.2365\n"}
,{"stream_name":"stdout","time":854.392300866,"data":"[23:30:37 gpu0] epoch 4/30  update 1564  loss 1.1892  test acc current 0.5959 target 0.5959\n"}
,{"stream_name":"stdout","time":863.617414908,"data":"[23:30:46 gpu1] epoch 13/30  update 5083  loss 0.7607  test acc current 0.7463 target 0.7463\n"}
,{"stream_name":"stdout","time":871.472206765,"data":"[23:30:54 gpu0] epoch 5/30  update 1955  loss 1.0744  test acc current 0.6078 target 0.6078\n"}
,{"stream_name":"stdout","time":879.92588451,"data":"[23:31:02 gpu1] epoch 14/30  update 5474  loss 0.6719  test acc current 0.7558 target 0.7558\n"}
,{"stream_name":"stdout","time":888.639430249,"data":"[23:31:11 gpu0] epoch 6/30  update 2346  loss 0.9880  test acc current 0.6464 target 0.6464\n"}
,{"stream_name":"stdout","time":896.635328273,"data":"[23:31:19 gpu1] epoch 15/30  update 5865  loss 0.6296  test acc current 0.7628 target 0.7628\n"}
,{"stream_name":"stdout","time":905.543757287,"data":"[23:31:28 gpu0] epoch 7/30  update 2737  loss 0.9203  test acc current 0.6695 target 0.6695\n"}
,{"stream_name":"stdout","time":912.874281566,"data":"[23:31:35 gpu1] epoch 16/30  update 6256  loss 0.5865  test acc current 0.7780 target 0.7780\n"}
,{"stream_name":"stdout","time":922.261533347,"data":"[23:31:45 gpu0] epoch 8/30  update 3128  loss 0.8654  test acc current 0.6892 target 0.6892\n"}
,{"stream_name":"stdout","time":929.344515911,"data":"[23:31:52 gpu1] epoch 17/30  update 6647  loss 0.5549  test acc current 0.7787 target 0.7787\n"}
,{"stream_name":"stdout","time":939.340610129,"data":"[23:32:02 gpu0] epoch 9/30  update 3519  loss 0.8076  test acc current 0.7010 target 0.7010\n"}
,{"stream_name":"stdout","time":945.801931492,"data":"[23:32:08 gpu1] epoch 18/30  update 7038  loss 0.5273  test acc current 0.7898 target 0.7898\n"}
,{"stream_name":"stdout","time":956.880106409,"data":"[23:32:19 gpu0] epoch 10/30  update 3910  loss 0.7655  test acc current 0.6988 target 0.6988\n"}
,{"stream_name":"stdout","time":962.608971999,"data":"[23:32:25 gpu1] epoch 19/30  update 7429  loss 0.4986  test acc current 0.7901 target 0.7901\n"}
,{"stream_name":"stdout","time":973.424801397,"data":"[23:32:36 gpu0] epoch 11/30  update 4301  loss 0.7209  test acc current 0.7067 target 0.7067\n"}
,{"stream_name":"stdout","time":978.82794573,"data":"[23:32:41 gpu1] epoch 20/30  update 7820  loss 0.4744  test acc current 0.7949 target 0.7949\n"}
,{"stream_name":"stdout","time":990.02790807,"data":"[23:32:52 gpu0] epoch 12/30  update 4692  loss 0.6797  test acc current 0.7205 target 0.7205\n"}
,{"stream_name":"stdout","time":994.813530387,"data":"[23:32:57 gpu1] epoch 21/30  update 8211  loss 0.4571  test acc current 0.7956 target 0.7956\n"}
,{"stream_name":"stdout","time":1007.036042152,"data":"[23:33:09 gpu0] epoch 13/30  update 5083  loss 0.6430  test acc current 0.7199 target 0.7199\n"}
,{"stream_name":"stdout","time":1011.368135907,"data":"[23:33:14 gpu1] epoch 22/30  update 8602  loss 0.4399  test acc current 0.7995 target 0.7995\n"}
,{"stream_name":"stdout","time":1023.798484209,"data":"[23:33:26 gpu0] epoch 14/30  update 5474  loss 0.6069  test acc current 0.7170 target 0.7170\n"}
,{"stream_name":"stdout","time":1027.880561566,"data":"[23:33:30 gpu1] epoch 23/30  update 8993  loss 0.4223  test acc current 0.7977 target 0.7977\n"}
,{"stream_name":"stdout","time":1041.118185644,"data":"[23:33:43 gpu0] epoch 15/30  update 5865  loss 0.5770  test acc current 0.7262 target 0.7262\n"}
,{"stream_name":"stdout","time":1044.840778336,"data":"[23:33:47 gpu1] epoch 24/30  update 9384  loss 0.4101  test acc current 0.8000 target 0.8000\n"}
,{"stream_name":"stdout","time":1057.998501575,"data":"[23:34:00 gpu0] epoch 16/30  update 6256  loss 0.5408  test acc current 0.7398 target 0.7398\n"}
,{"stream_name":"stdout","time":1061.102764654,"data":"[23:34:03 gpu1] epoch 25/30  update 9775  loss 0.3952  test acc current 0.7988 target 0.7988\n"}
,{"stream_name":"stdout","time":1074.953314199,"data":"[23:34:17 gpu0] epoch 17/30  update 6647  loss 0.5096  test acc current 0.7367 target 0.7367\n"}
,{"stream_name":"stdout","time":1077.846389161,"data":"[23:34:20 gpu1] epoch 26/30  update 10166  loss 0.3869  test acc current 0.8014 target 0.8014\n"}
,{"stream_name":"stdout","time":1091.619796932,"data":"[23:34:34 gpu0] epoch 18/30  update 7038  loss 0.4799  test acc current 0.7475 target 0.7475\n"}
,{"stream_name":"stdout","time":1093.950413404,"data":"[23:34:36 gpu1] epoch 27/30  update 10557  loss 0.3789  test acc current 0.8020 target 0.8020\n"}
,{"stream_name":"stdout","time":1108.406738993,"data":"[23:34:51 gpu0] epoch 19/30  update 7429  loss 0.4511  test acc current 0.7469 target 0.7469\n"}
,{"stream_name":"stdout","time":1110.215170866,"data":"[23:34:53 gpu1] epoch 28/30  update 10948  loss 0.3747  test acc current 0.7997 target 0.7997\n"}
,{"stream_name":"stdout","time":1125.42872566,"data":"[23:35:08 gpu0] epoch 20/30  update 7820  loss 0.4232  test acc current 0.7456 target 0.7456\n"}
,{"stream_name":"stdout","time":1126.800882416,"data":"[23:35:09 gpu1] epoch 29/30  update 11339  loss 0.3702  test acc current 0.8008 target 0.8008\n"}
,{"stream_name":"stdout","time":1142.745006352,"data":"[23:35:25 gpu0] epoch 21/30  update 8211  loss 0.4004  test acc current 0.7468 target 0.7468\n"}
,{"stream_name":"stdout","time":1143.713534771,"data":"[23:35:26 gpu1] epoch 30/30  update 11730  loss 0.3709  test acc current 0.8031 target 0.8031\n"}
,{"stream_name":"stdout","time":1143.716492606,"data":"[23:35:26 gpu1] DONE resolution_max_b1 seed 0 in 493s\n"}
,{"stream_name":"stdout","time":1159.43416999,"data":"[23:35:42 gpu0] epoch 22/30  update 8602  loss 0.3803  test acc current 0.7438 target 0.7438\n"}
,{"stream_name":"stdout","time":1175.99869817,"data":"[23:35:58 gpu0] epoch 23/30  update 8993  loss 0.3582  test acc current 0.7460 target 0.7460\n"}
,{"stream_name":"stdout","time":1192.661172003,"data":"[23:36:15 gpu0] epoch 24/30  update 9384  loss 0.3408  test acc current 0.7430 target 0.7430\n"}
,{"stream_name":"stdout","time":1209.297776396,"data":"[23:36:32 gpu0] epoch 25/30  update 9775  loss 0.3264  test acc current 0.7461 target 0.7461\n"}
,{"stream_name":"stdout","time":1225.787556475,"data":"[23:36:48 gpu0] epoch 26/30  update 10166  loss 0.3162  test acc current 0.7412 target 0.7412\n"}
,{"stream_name":"stdout","time":1242.210803566,"data":"[23:37:05 gpu0] epoch 27/30  update 10557  loss 0.3058  test acc current 0.7417 target 0.7417\n"}
,{"stream_name":"stdout","time":1258.655953449,"data":"[23:37:21 gpu0] epoch 28/30  update 10948  loss 0.3026  test acc current 0.7433 target 0.7433\n"}
,{"stream_name":"stdout","time":1275.142025286,"data":"[23:37:37 gpu0] epoch 29/30  update 11339  loss 0.2958  test acc current 0.7432 target 0.7432\n"}
,{"stream_name":"stdout","time":1291.600722742,"data":"[23:37:54 gpu0] epoch 30/30  update 11730  loss 0.2968  test acc current 0.7453 target 0.7453\n"}
,{"stream_name":"stdout","time":1291.603508339,"data":"[23:37:54 gpu0] DONE plain seed 0 in 510s\n"}
,{"stream_name":"stdout","time":1307.643622379,"data":"checks seed 0 {'inventory_ok': True, 'pairing_ok': True, 'reproduction_max_test_ce_abs_diff': 0.0, 'bypass_ok': True, 'directions_max_rel_error': 8.881784197001252e-16, 'reconstruction_ok': True, 'endpoints_ok': True, 'repeatability_ok': True, 'non_mutation_ok': True}\n"}
,{"stream_name":"stdout","time":1373.548031642,"data":"[23:39:16 gpu1] sens1d__plain__seed0                                    complete      61s\n"}
,{"stream_name":"stdout","time":1381.108887658,"data":"[23:39:23 gpu0] sens1d__resolution__seed0                               complete      68s\n"}
,{"stream_name":"stdout","time":1436.232332229,"data":"[23:40:19 gpu1] sens1d__gaussian__seed0                                 complete      63s\n"}
,{"stream_name":"stdout","time":1449.914288712,"data":"[23:40:32 gpu0] sens1d__combined__seed0                                 complete      69s\n"}
,{"stream_name":"stdout","time":1456.341890837,"data":"[23:40:39 gpu0] calibsens__plain__seed0                                 complete       6s\n"}
,{"stream_name":"stdout","time":1458.960932812,"data":"[23:40:41 gpu1] validation__plain__seed0                                complete      23s\n"}
,{"stream_name":"stdout","time":1464.715409474,"data":"[23:40:47 gpu1] calibsens__resolution__seed0                            complete       6s\n"}
,{"stream_name":"stdout","time":1482.651028074,"data":"[23:41:05 gpu0] validation__resolution__seed0                           complete      26s\n"}
,{"stream_name":"stdout","time":1487.686837527,"data":"[23:41:10 gpu1] validation__gaussian__seed0                             complete      23s\n"}
,{"stream_name":"stdout","time":1489.070702841,"data":"[23:41:11 gpu0] calibsens__gaussian__seed0                              complete       6s\n"}
,{"stream_name":"stdout","time":1495.51492461,"data":"[23:41:18 gpu0] calibsens__combined__seed0                              complete       6s\n"}
,{"stream_name":"stdout","time":1507.372477522,"data":"[23:41:30 gpu0] interp__plain_resolution__seed0                         complete      12s\n"}
,{"stream_name":"stdout","time":1510.635746911,"data":"[23:41:33 gpu1] validation__combined__seed0                             complete      23s\n"}
,{"stream_name":"stdout","time":1519.207684629,"data":"[23:41:42 gpu0] interp__plain_gaussian__seed0                           complete      12s\n"}
,{"stream_name":"stdout","time":1521.199530525,"data":"[23:41:43 gpu1] interp__plain_combined__seed0                           complete      11s\n"}
,{"stream_name":"stdout","time":1531.1023996,"data":"[23:41:53 gpu0] interp__resolution_combined__seed0                      complete      12s\n"}
,{"stream_name":"stdout","time":1579.858866648,"data":"[23:42:42 gpu1] fixed1d__resolution__seed0__u002346                     complete      59s\n"}
,{"stream_name":"stdout","time":1596.262878597,"data":"[23:42:59 gpu0] fixed1d__resolution__seed0__u004692                     complete      65s\n"}
,{"stream_name":"stdout","time":1671.73813626,"data":"[23:44:14 gpu0] fixed1d__gaussian__seed0__u008211                       complete      75s\n"}
,{"stream_name":"stdout","time":1691.469257865,"data":"[23:44:34 gpu1] fixed1d__gaussian__seed0__u001173                       complete     112s\n"}
,{"stream_name":"stdout","time":1776.276218097,"data":"[23:45:59 gpu1] fixed1d__combined__seed0__u008211                       complete      85s\n"}
,{"stream_name":"stdout","time":1786.042077536,"data":"[23:46:08 gpu1] traj__plain__seed0                                      complete      10s\n"}
,{"stream_name":"stdout","time":1787.02780687,"data":"[23:46:09 gpu0] fixed1d__combined__seed0__u001173                       complete     115s\n"}
,{"stream_name":"stdout","time":1804.582199807,"data":"[23:46:27 gpu1] traj__resolution__seed0                                 complete      19s\n"}
,{"stream_name":"stdout","time":1850.967120398,"data":"[23:47:13 gpu0] traj__gaussian__seed0                                   complete      64s\n"}
,{"stream_name":"stdout","time":1868.639672934,"data":"[23:47:31 gpu1] traj__combined__seed0                                   complete      64s\n"}
,{"stream_name":"stdout","time":1960.579667044,"data":"[23:49:03 gpu1] surface__plain__seed0__g21                              complete      92s\n"}
,{"stream_name":"stdout","time":2052.631037474,"data":"[23:50:35 gpu1] surface__resolution__seed0__g21                         complete      92s\n"}
,{"stream_name":"stdout","time":2073.717233521,"data":"[23:50:56 gpu0] pcaplane__seed0                                         complete     223s\n"}
,{"stream_name":"stdout","time":2144.746985564,"data":"[23:52:07 gpu1] surface__gaussian__seed0__g21                           complete      92s\n"}
,{"stream_name":"stdout","time":2176.638102269,"data":"[23:52:39 gpu0] surface__combined__seed0__g21                           complete     103s\n"}
,{"stream_name":"stdout","time":2495.626411806,"data":"[23:57:58 gpu1] surface__plain__seed0__g41                              complete     351s\n"}
,{"stream_name":"stdout","time":2568.703077281,"data":"[23:59:11 gpu0] surface__resolution__seed0__g41                         complete     392s\n"}
,{"stream_name":"stdout","time":2846.424319151,"data":"[00:03:49 gpu1] surface__gaussian__seed0__g41                           complete     351s\n"}
,{"stream_name":"stdout","time":2904.231749784,"data":"[00:04:47 gpu1] fixedsurf__resolution__seed0__u002346__before           complete      58s\n"}
,{"stream_name":"stdout","time":2960.662314161,"data":"[00:05:43 gpu0] surface__combined__seed0__g41                           complete     392s\n"}
,{"stream_name":"stdout","time":2981.3368779,"data":"[00:06:04 gpu1] fixedsurf__resolution__seed0__u002346__after            complete      77s\n"}
,{"stream_name":"stdout","time":3058.517742437,"data":"[00:07:21 gpu1] fixedsurf__resolution__seed0__u004692__before           complete      77s\n"}
,{"stream_name":"stdout","time":3063.693210635,"data":"[00:07:26 gpu0] fixedsurf__resolution__seed0__u002346__r32              complete     103s\n"}
,{"stream_name":"stdout","time":3126.032868415,"data":"[00:08:28 gpu0] fixedsurf__resolution__seed0__u004692__r16              complete      62s\n"}
,{"stream_name":"stdout","time":3150.576590555,"data":"[00:08:53 gpu1] fixedsurf__resolution__seed0__u004692__after            complete      92s\n"}
,{"stream_name":"stdout","time":3310.725123345,"data":"[00:11:33 gpu0] fixedsurf__gaussian__seed0__u001173__before             complete     185s\n"}
,{"stream_name":"stdout","time":3319.595985055,"data":"[00:11:42 gpu1] fixedsurf__gaussian__seed0__u001173__after              complete     169s\n"}
,{"stream_name":"stdout","time":3413.916873928,"data":"[00:13:16 gpu0] fixedsurf__gaussian__seed0__u001173__final              complete     103s\n"}
,{"stream_name":"stdout","time":3488.900179927,"data":"[00:14:31 gpu1] fixedsurf__gaussian__seed0__u008211__before             complete     169s\n"}
,{"stream_name":"stdout","time":3517.025806604,"data":"[00:14:59 gpu0] fixedsurf__gaussian__seed0__u008211__after              complete     103s\n"}
,{"stream_name":"stdout","time":3645.287426104,"data":"[00:17:08 gpu1] fixedsurf__combined__seed0__u001173__before             complete     156s\n"}
,{"stream_name":"stdout","time":3686.995642231,"data":"[00:17:49 gpu0] fixedsurf__combined__seed0__u001173__after              complete     170s\n"}
,{"stream_name":"stdout","time":3737.255502795,"data":"[00:18:40 gpu1] fixedsurf__combined__seed0__u001173__final              complete      92s\n"}
,{"stream_name":"stdout","time":3829.2684667,"data":"[00:20:12 gpu1] fixedsurf__combined__seed0__u008211__after              complete      92s\n"}
,{"stream_name":"stdout","time":3944.924818875,"data":"[00:22:07 gpu0] fixedsurf__combined__seed0__u008211__before             complete     258s\n"}
,{"stream_name":"stdout","time":3945.625800134,"data":"job done {'start': 1789427790.1567755, 'train_seconds': 1283.8360040187836, 'directions_pca_seconds': 4.431416749954224, 'checks_seconds': 10.061206579208374, 'eval_seconds': 2637.788498878479, 'total_seconds': 3938.2664268016815}\n"}
,{"stream_name":"stderr","time":3948.515514884,"data":"/usr/local/lib/python3.12/dist-packages/mistune.py:435: SyntaxWarning: invalid escape sequence '\\|'\n"}
,{"stream_name":"stderr","time":3948.515571039,"data":"  cells[i][c] = re.sub('\\\\\\\\\\|', '|', cell)\n"}
,{"stream_name":"stderr","time":3948.822350064,"data":"/usr/local/lib/python3.12/dist-packages/nbconvert/filters/filter_links.py:36: SyntaxWarning: invalid escape sequence '\\_'\n"}
,{"stream_name":"stderr","time":3948.822391128,"data":"  text = re.sub(r'_', '\\_', text) # Escape underscores in display text\n"}
,{"stream_name":"stderr","time":3949.51224521,"data":"[NbConvertApp] Converting notebook __script__.ipynb to html\n"}
,{"stream_name":"stderr","time":3950.851256363,"data":"[NbConvertApp] Writing 426872 bytes to __results__.html\n"}
]