[{"stream_name":"stdout","time":6.191398363,"data":"ENVIRONMENT {\"python\": \"3.12.13\", \"platform\": \"Linux-6.12.90+-x86_64-with-glibc2.35\", \"requested_gpu\": true, \"shipped\": 54, \"torch\": \"2.10.0+cu128\", \"cuda_version\": \"12.8\", \"cudnn\": 91002, \"cuda_available\": true, \"gpu_name\": \"Tesla T4\", \"gpu_total_vram_mib\": 14912, \"gpu_capability\": \"7.5\"}\n"}
,{"stream_name":"stdout","time":6.582380382,"data":"assets=/kaggle/input/datasets/idrisselkhamlichi/cc-assets-r20bn\n"}
,{"stream_name":"stdout","time":6.5824161839999995,"data":"checkpoints=/kaggle/input/datasets/idrisselkhamlichi/cc-grid-final\n"}
,{"stream_name":"stdout","time":6.5824201989999995,"data":"shard=0/4\n"}
,{"stream_name":"stdout","time":7.909411251,"data":"shard 0/4: 12 of 48 measurements\n"}
,{"stream_name":"stdout","time":105.87733186,"data":"  gaussian_postrelu__reference__seed0    running_stats      train  trH=   10123.1 lam=   1229.6     98s\n"}
,{"stream_name":"stdout","time":224.780510075,"data":"  gaussian_postrelu__reference__seed1    running_stats      train  trH=   11208.6 lam=   1281.9    217s\n"}
,{"stream_name":"stdout","time":328.432643527,"data":"  gaussian_postrelu__reference__seed2    running_stats      train  trH=   10003.3 lam=   1319.9    321s\n"}
,{"stream_name":"stdout","time":429.771539481,"data":"  plain__reference__seed0                running_stats      train  trH=   14196.3 lam=   2258.0    422s\n"}
,{"stream_name":"stdout","time":552.778819323,"data":"  plain__reference__seed1                running_stats      train  trH=   15078.7 lam=   2167.3    545s\n"}
,{"stream_name":"stdout","time":653.811604659,"data":"  plain__reference__seed2                running_stats      train  trH=   15686.2 lam=   2386.4    646s\n"}
,{"stream_name":"stdout","time":754.919505202,"data":"  resolution_max_b1__reference__seed0    running_stats      train  trH=   10959.4 lam=   1375.3    747s\n"}
,{"stream_name":"stdout","time":848.557037865,"data":"  resolution_max_b1__reference__seed1    running_stats      train  trH=    9627.7 lam=   1367.7    841s\n"}
,{"stream_name":"stdout","time":947.410192063,"data":"  resolution_max_b1__reference__seed2    running_stats      train  trH=   10004.5 lam=   1411.0    940s\n"}
,{"stream_name":"stdout","time":1050.820750205,"data":"  resolution_max_b1_gaussian_conv__reference__seed0 running_stats      train  trH=    9652.7 lam=   1270.1   1043s\n"}
,{"stream_name":"stdout","time":1147.239343195,"data":"  resolution_max_b1_gaussian_conv__reference__seed1 running_stats      train  trH=    8560.1 lam=   1176.8   1139s\n"}
,{"stream_name":"stdout","time":1270.784710253,"data":"  resolution_max_b1_gaussian_conv__reference__seed2 running_stats      train  trH=    8295.0 lam=   1276.2   1263s\n"}
,{"stream_name":"stdout","time":1270.791482417,"data":"done in 1263 s\n"}
,{"stream_name":"stderr","time":1274.887432735,"data":"/usr/local/lib/python3.12/dist-packages/mistune.py:435: SyntaxWarning: invalid escape sequence '\\|'\n"}
,{"stream_name":"stderr","time":1274.887521022,"data":"  cells[i][c] = re.sub('\\\\\\\\\\|', '|', cell)\n"}
,{"stream_name":"stderr","time":1275.13664981,"data":"/usr/local/lib/python3.12/dist-packages/nbconvert/filters/filter_links.py:36: SyntaxWarning: invalid escape sequence '\\_'\n"}
,{"stream_name":"stderr","time":1275.136676623,"data":"  text = re.sub(r'_', '\\_', text) # Escape underscores in display text\n"}
,{"stream_name":"stderr","time":1275.79090683,"data":"[NbConvertApp] Converting notebook __script__.ipynb to html\n"}
,{"stream_name":"stderr","time":1276.975072017,"data":"[NbConvertApp] Writing 402592 bytes to __results__.html\n"}
]