15:50 done=0
maxnicaise/landscape-v3-maxnicaise has status "KernelWorkerStatus.RUNNING"
maxlefrr/landscape-v3-maxlefrr has status "KernelWorkerStatus.RUNNING"
maxnikezz/landscape-v3-maxnikezz has status "KernelWorkerStatus.RUNNING"
maximemonstrenikez/landscape-v3-maximemonstrenikez has status "KernelWorkerStatus.RUNNING"
maxlebossdu91/landscape-v3-maxlebossdu91 has status "KernelWorkerStatus.RUNNING"
maxfrrsava/landscape-v3-maxfrrsava has status "KernelWorkerStatus.RUNNING"
maxmonstre/landscape-v3-maxmonstre has status "KernelWorkerStatus.RUNNING"
16:01 done=0
maxnicaise/landscape-v3-maxnicaise has status "KernelWorkerStatus.RUNNING"
maxlefrr/landscape-v3-maxlefrr has status "KernelWorkerStatus.RUNNING"
maxnikezz/landscape-v3-maxnikezz has status "KernelWorkerStatus.RUNNING"
maximemonstrenikez/landscape-v3-maximemonstrenikez has status "KernelWorkerStatus.RUNNING"
maxlebossdu91/landscape-v3-maxlebossdu91 has status "KernelWorkerStatus.RUNNING"
maxfrrsava/landscape-v3-maxfrrsava has status "KernelWorkerStatus.RUNNING"
maxmonstre/landscape-v3-maxmonstre has status "KernelWorkerStatus.RUNNING"
16:12 done=1
maxnicaise/landscape-v3-maxnicaise has status "KernelWorkerStatus.RUNNING"
maxlefrr/landscape-v3-maxlefrr has status "KernelWorkerStatus.RUNNING"
maxnikezz/landscape-v3-maxnikezz has status "KernelWorkerStatus.RUNNING"
maximemonstrenikez/landscape-v3-maximemonstrenikez has status "KernelWorkerStatus.RUNNING"
maxlebossdu91/landscape-v3-maxlebossdu91 has status "KernelWorkerStatus.RUNNING"
maxfrrsava/landscape-v3-maxfrrsava has status "KernelWorkerStatus.RUNNING"
maxmonstre/landscape-v3-maxmonstre has status "KernelWorkerStatus.COMPLETE"
16:22 done=1
maxnicaise/landscape-v3-maxnicaise has status "KernelWorkerStatus.RUNNING"
maxlefrr/landscape-v3-maxlefrr has status "KernelWorkerStatus.RUNNING"
maxnikezz/landscape-v3-maxnikezz has status "KernelWorkerStatus.RUNNING"
maximemonstrenikez/landscape-v3-maximemonstrenikez has status "KernelWorkerStatus.RUNNING"
maxlebossdu91/landscape-v3-maxlebossdu91 has status "KernelWorkerStatus.RUNNING"
maxfrrsava/landscape-v3-maxfrrsava has status "KernelWorkerStatus.RUNNING"
maxmonstre/landscape-v3-maxmonstre has status "KernelWorkerStatus.COMPLETE"
16:32 done=1
maxnicaise/landscape-v3-maxnicaise has status "KernelWorkerStatus.RUNNING"
maxlefrr/landscape-v3-maxlefrr has status "KernelWorkerStatus.RUNNING"
maxnikezz/landscape-v3-maxnikezz has status "KernelWorkerStatus.RUNNING"
maximemonstrenikez/landscape-v3-maximemonstrenikez has status "KernelWorkerStatus.RUNNING"
maxlebossdu91/landscape-v3-maxlebossdu91 has status "KernelWorkerStatus.RUNNING"
maxfrrsava/landscape-v3-maxfrrsava has status "KernelWorkerStatus.RUNNING"
maxmonstre/landscape-v3-maxmonstre has status "KernelWorkerStatus.COMPLETE"
16:43 done=1
maxnicaise/landscape-v3-maxnicaise has status "KernelWorkerStatus.RUNNING"
maxlefrr/landscape-v3-maxlefrr has status "KernelWorkerStatus.RUNNING"
maxnikezz/landscape-v3-maxnikezz has status "KernelWorkerStatus.RUNNING"
maximemonstrenikez/landscape-v3-maximemonstrenikez has status "KernelWorkerStatus.RUNNING"
maxlebossdu91/landscape-v3-maxlebossdu91 has status "KernelWorkerStatus.RUNNING"
maxfrrsava/landscape-v3-maxfrrsava has status "KernelWorkerStatus.RUNNING"
maxmonstre/landscape-v3-maxmonstre has status "KernelWorkerStatus.COMPLETE"
16:54 done=0
maxnicaise/landscape-v3-maxnicaise has status "KernelWorkerStatus.RUNNING"
maxlefrr/landscape-v3-maxlefrr has status "KernelWorkerStatus.RUNNING"

maximemonstrenikez/landscape-v3-maximemonstrenikez has status "KernelWorkerStatus.RUNNING"



17:05 done=2
maxnicaise/landscape-v3-maxnicaise has status "KernelWorkerStatus.RUNNING"
maxlefrr/landscape-v3-maxlefrr has status "KernelWorkerStatus.RUNNING"
maxnikezz/landscape-v3-maxnikezz has status "KernelWorkerStatus.RUNNING"
maximemonstrenikez/landscape-v3-maximemonstrenikez has status "KernelWorkerStatus.RUNNING"
maxlebossdu91/landscape-v3-maxlebossdu91 has status "KernelWorkerStatus.COMPLETE"
maxfrrsava/landscape-v3-maxfrrsava has status "KernelWorkerStatus.RUNNING"
maxmonstre/landscape-v3-maxmonstre has status "KernelWorkerStatus.COMPLETE"
17:15 done=5
maxnicaise/landscape-v3-maxnicaise has status "KernelWorkerStatus.RUNNING"
maxlefrr/landscape-v3-maxlefrr has status "KernelWorkerStatus.COMPLETE"
maxnikezz/landscape-v3-maxnikezz has status "KernelWorkerStatus.COMPLETE"
maximemonstrenikez/landscape-v3-maximemonstrenikez has status "KernelWorkerStatus.COMPLETE"
maxlebossdu91/landscape-v3-maxlebossdu91 has status "KernelWorkerStatus.COMPLETE"
maxfrrsava/landscape-v3-maxfrrsava has status "KernelWorkerStatus.RUNNING"
maxmonstre/landscape-v3-maxmonstre has status "KernelWorkerStatus.COMPLETE"
17:26 done=5
maxnicaise/landscape-v3-maxnicaise has status "KernelWorkerStatus.RUNNING"
maxlefrr/landscape-v3-maxlefrr has status "KernelWorkerStatus.COMPLETE"
maxnikezz/landscape-v3-maxnikezz has status "KernelWorkerStatus.COMPLETE"
maximemonstrenikez/landscape-v3-maximemonstrenikez has status "KernelWorkerStatus.COMPLETE"
maxlebossdu91/landscape-v3-maxlebossdu91 has status "KernelWorkerStatus.COMPLETE"
maxfrrsava/landscape-v3-maxfrrsava has status "KernelWorkerStatus.RUNNING"
maxmonstre/landscape-v3-maxmonstre has status "KernelWorkerStatus.COMPLETE"
17:37 done=6
maxnicaise/landscape-v3-maxnicaise has status "KernelWorkerStatus.COMPLETE"
maxlefrr/landscape-v3-maxlefrr has status "KernelWorkerStatus.COMPLETE"
maxnikezz/landscape-v3-maxnikezz has status "KernelWorkerStatus.COMPLETE"
maximemonstrenikez/landscape-v3-maximemonstrenikez has status "KernelWorkerStatus.COMPLETE"
maxlebossdu91/landscape-v3-maxlebossdu91 has status "KernelWorkerStatus.COMPLETE"
maxfrrsava/landscape-v3-maxfrrsava has status "KernelWorkerStatus.RUNNING"
maxmonstre/landscape-v3-maxmonstre has status "KernelWorkerStatus.COMPLETE"
17:47 done=6
maxnicaise/landscape-v3-maxnicaise has status "KernelWorkerStatus.COMPLETE"
maxlefrr/landscape-v3-maxlefrr has status "KernelWorkerStatus.COMPLETE"
maxnikezz/landscape-v3-maxnikezz has status "KernelWorkerStatus.COMPLETE"
maximemonstrenikez/landscape-v3-maximemonstrenikez has status "KernelWorkerStatus.COMPLETE"
maxlebossdu91/landscape-v3-maxlebossdu91 has status "KernelWorkerStatus.COMPLETE"
maxfrrsava/landscape-v3-maxfrrsava has status "KernelWorkerStatus.RUNNING"
maxmonstre/landscape-v3-maxmonstre has status "KernelWorkerStatus.COMPLETE"
17:57 done=6
maxnicaise/landscape-v3-maxnicaise has status "KernelWorkerStatus.COMPLETE"
maxlefrr/landscape-v3-maxlefrr has status "KernelWorkerStatus.COMPLETE"
maxnikezz/landscape-v3-maxnikezz has status "KernelWorkerStatus.COMPLETE"
maximemonstrenikez/landscape-v3-maximemonstrenikez has status "KernelWorkerStatus.COMPLETE"
maxlebossdu91/landscape-v3-maxlebossdu91 has status "KernelWorkerStatus.COMPLETE"
maxfrrsava/landscape-v3-maxfrrsava has status "KernelWorkerStatus.RUNNING"
maxmonstre/landscape-v3-maxmonstre has status "KernelWorkerStatus.COMPLETE"
18:08 done=6
maxnicaise/landscape-v3-maxnicaise has status "KernelWorkerStatus.COMPLETE"
maxlefrr/landscape-v3-maxlefrr has status "KernelWorkerStatus.COMPLETE"
maxnikezz/landscape-v3-maxnikezz has status "KernelWorkerStatus.COMPLETE"
maximemonstrenikez/landscape-v3-maximemonstrenikez has status "KernelWorkerStatus.COMPLETE"
maxlebossdu91/landscape-v3-maxlebossdu91 has status "KernelWorkerStatus.COMPLETE"
maxfrrsava/landscape-v3-maxfrrsava has status "KernelWorkerStatus.RUNNING"
maxmonstre/landscape-v3-maxmonstre has status "KernelWorkerStatus.COMPLETE"
18:18 done=6
maxnicaise/landscape-v3-maxnicaise has status "KernelWorkerStatus.COMPLETE"
maxlefrr/landscape-v3-maxlefrr has status "KernelWorkerStatus.COMPLETE"
maxnikezz/landscape-v3-maxnikezz has status "KernelWorkerStatus.COMPLETE"
maximemonstrenikez/landscape-v3-maximemonstrenikez has status "KernelWorkerStatus.COMPLETE"
maxlebossdu91/landscape-v3-maxlebossdu91 has status "KernelWorkerStatus.COMPLETE"
maxfrrsava/landscape-v3-maxfrrsava has status "KernelWorkerStatus.RUNNING"
maxmonstre/landscape-v3-maxmonstre has status "KernelWorkerStatus.COMPLETE"
18:29 done=6
maxnicaise/landscape-v3-maxnicaise has status "KernelWorkerStatus.COMPLETE"
maxlefrr/landscape-v3-maxlefrr has status "KernelWorkerStatus.COMPLETE"
maxnikezz/landscape-v3-maxnikezz has status "KernelWorkerStatus.COMPLETE"
maximemonstrenikez/landscape-v3-maximemonstrenikez has status "KernelWorkerStatus.COMPLETE"
maxlebossdu91/landscape-v3-maxlebossdu91 has status "KernelWorkerStatus.COMPLETE"
maxfrrsava/landscape-v3-maxfrrsava has status "KernelWorkerStatus.RUNNING"
maxmonstre/landscape-v3-maxmonstre has status "KernelWorkerStatus.COMPLETE"
18:39 done=6
maxnicaise/landscape-v3-maxnicaise has status "KernelWorkerStatus.COMPLETE"
maxlefrr/landscape-v3-maxlefrr has status "KernelWorkerStatus.COMPLETE"
maxnikezz/landscape-v3-maxnikezz has status "KernelWorkerStatus.COMPLETE"
maximemonstrenikez/landscape-v3-maximemonstrenikez has status "KernelWorkerStatus.COMPLETE"
maxlebossdu91/landscape-v3-maxlebossdu91 has status "KernelWorkerStatus.COMPLETE"
maxfrrsava/landscape-v3-maxfrrsava has status "KernelWorkerStatus.RUNNING"
maxmonstre/landscape-v3-maxmonstre has status "KernelWorkerStatus.COMPLETE"
18:50 done=6
maxnicaise/landscape-v3-maxnicaise has status "KernelWorkerStatus.COMPLETE"
maxlefrr/landscape-v3-maxlefrr has status "KernelWorkerStatus.COMPLETE"
maxnikezz/landscape-v3-maxnikezz has status "KernelWorkerStatus.COMPLETE"
maximemonstrenikez/landscape-v3-maximemonstrenikez has status "KernelWorkerStatus.COMPLETE"
maxlebossdu91/landscape-v3-maxlebossdu91 has status "KernelWorkerStatus.COMPLETE"
maxfrrsava/landscape-v3-maxfrrsava has status "KernelWorkerStatus.RUNNING"
maxmonstre/landscape-v3-maxmonstre has status "KernelWorkerStatus.COMPLETE"
19:21 done=6
maxnicaise/landscape-v3-maxnicaise has status "KernelWorkerStatus.COMPLETE"
maxlefrr/landscape-v3-maxlefrr has status "KernelWorkerStatus.COMPLETE"
maxnikezz/landscape-v3-maxnikezz has status "KernelWorkerStatus.COMPLETE"
maximemonstrenikez/landscape-v3-maximemonstrenikez has status "KernelWorkerStatus.COMPLETE"
maxlebossdu91/landscape-v3-maxlebossdu91 has status "KernelWorkerStatus.COMPLETE"
maxfrrsava/landscape-v3-maxfrrsava has status "KernelWorkerStatus.RUNNING"
maxmonstre/landscape-v3-maxmonstre has status "KernelWorkerStatus.COMPLETE"
19:32 done=6
maxnicaise/landscape-v3-maxnicaise has status "KernelWorkerStatus.COMPLETE"
maxlefrr/landscape-v3-maxlefrr has status "KernelWorkerStatus.COMPLETE"
maxnikezz/landscape-v3-maxnikezz has status "KernelWorkerStatus.COMPLETE"
maximemonstrenikez/landscape-v3-maximemonstrenikez has status "KernelWorkerStatus.COMPLETE"
maxlebossdu91/landscape-v3-maxlebossdu91 has status "KernelWorkerStatus.COMPLETE"
maxfrrsava/landscape-v3-maxfrrsava has status "KernelWorkerStatus.RUNNING"
maxmonstre/landscape-v3-maxmonstre has status "KernelWorkerStatus.COMPLETE"
19:42 done=6
maxnicaise/landscape-v3-maxnicaise has status "KernelWorkerStatus.COMPLETE"
maxlefrr/landscape-v3-maxlefrr has status "KernelWorkerStatus.COMPLETE"
maxnikezz/landscape-v3-maxnikezz has status "KernelWorkerStatus.COMPLETE"
maximemonstrenikez/landscape-v3-maximemonstrenikez has status "KernelWorkerStatus.COMPLETE"
maxlebossdu91/landscape-v3-maxlebossdu91 has status "KernelWorkerStatus.COMPLETE"
maxfrrsava/landscape-v3-maxfrrsava has status "KernelWorkerStatus.RUNNING"
maxmonstre/landscape-v3-maxmonstre has status "KernelWorkerStatus.COMPLETE"
19:53 done=6
maxnicaise/landscape-v3-maxnicaise has status "KernelWorkerStatus.COMPLETE"
maxlefrr/landscape-v3-maxlefrr has status "KernelWorkerStatus.COMPLETE"
maxnikezz/landscape-v3-maxnikezz has status "KernelWorkerStatus.COMPLETE"
maximemonstrenikez/landscape-v3-maximemonstrenikez has status "KernelWorkerStatus.COMPLETE"
maxlebossdu91/landscape-v3-maxlebossdu91 has status "KernelWorkerStatus.COMPLETE"
maxfrrsava/landscape-v3-maxfrrsava has status "KernelWorkerStatus.RUNNING"
maxmonstre/landscape-v3-maxmonstre has status "KernelWorkerStatus.COMPLETE"
20:03 done=6
maxnicaise/landscape-v3-maxnicaise has status "KernelWorkerStatus.COMPLETE"
maxlefrr/landscape-v3-maxlefrr has status "KernelWorkerStatus.COMPLETE"
maxnikezz/landscape-v3-maxnikezz has status "KernelWorkerStatus.COMPLETE"
maximemonstrenikez/landscape-v3-maximemonstrenikez has status "KernelWorkerStatus.COMPLETE"
maxlebossdu91/landscape-v3-maxlebossdu91 has status "KernelWorkerStatus.COMPLETE"
maxfrrsava/landscape-v3-maxfrrsava has status "KernelWorkerStatus.RUNNING"
maxmonstre/landscape-v3-maxmonstre has status "KernelWorkerStatus.COMPLETE"
20:14 done=6
maxnicaise/landscape-v3-maxnicaise has status "KernelWorkerStatus.COMPLETE"
maxlefrr/landscape-v3-maxlefrr has status "KernelWorkerStatus.COMPLETE"
maxnikezz/landscape-v3-maxnikezz has status "KernelWorkerStatus.COMPLETE"
maximemonstrenikez/landscape-v3-maximemonstrenikez has status "KernelWorkerStatus.COMPLETE"
maxlebossdu91/landscape-v3-maxlebossdu91 has status "KernelWorkerStatus.COMPLETE"
maxfrrsava/landscape-v3-maxfrrsava has status "KernelWorkerStatus.RUNNING"
maxmonstre/landscape-v3-maxmonstre has status "KernelWorkerStatus.COMPLETE"
20:24 done=6
maxnicaise/landscape-v3-maxnicaise has status "KernelWorkerStatus.COMPLETE"
maxlefrr/landscape-v3-maxlefrr has status "KernelWorkerStatus.COMPLETE"
maxnikezz/landscape-v3-maxnikezz has status "KernelWorkerStatus.COMPLETE"
maximemonstrenikez/landscape-v3-maximemonstrenikez has status "KernelWorkerStatus.COMPLETE"
maxlebossdu91/landscape-v3-maxlebossdu91 has status "KernelWorkerStatus.COMPLETE"
maxfrrsava/landscape-v3-maxfrrsava has status "KernelWorkerStatus.RUNNING"
maxmonstre/landscape-v3-maxmonstre has status "KernelWorkerStatus.COMPLETE"
20:35 done=6
maxnicaise/landscape-v3-maxnicaise has status "KernelWorkerStatus.COMPLETE"
maxlefrr/landscape-v3-maxlefrr has status "KernelWorkerStatus.COMPLETE"
maxnikezz/landscape-v3-maxnikezz has status "KernelWorkerStatus.COMPLETE"
maximemonstrenikez/landscape-v3-maximemonstrenikez has status "KernelWorkerStatus.COMPLETE"
maxlebossdu91/landscape-v3-maxlebossdu91 has status "KernelWorkerStatus.COMPLETE"
maxfrrsava/landscape-v3-maxfrrsava has status "KernelWorkerStatus.RUNNING"
maxmonstre/landscape-v3-maxmonstre has status "KernelWorkerStatus.COMPLETE"
20:45 done=6
maxnicaise/landscape-v3-maxnicaise has status "KernelWorkerStatus.COMPLETE"
maxlefrr/landscape-v3-maxlefrr has status "KernelWorkerStatus.COMPLETE"
maxnikezz/landscape-v3-maxnikezz has status "KernelWorkerStatus.COMPLETE"
maximemonstrenikez/landscape-v3-maximemonstrenikez has status "KernelWorkerStatus.COMPLETE"
maxlebossdu91/landscape-v3-maxlebossdu91 has status "KernelWorkerStatus.COMPLETE"
maxfrrsava/landscape-v3-maxfrrsava has status "KernelWorkerStatus.RUNNING"
maxmonstre/landscape-v3-maxmonstre has status "KernelWorkerStatus.COMPLETE"
20:55 done=6
maxnicaise/landscape-v3-maxnicaise has status "KernelWorkerStatus.COMPLETE"
maxlefrr/landscape-v3-maxlefrr has status "KernelWorkerStatus.COMPLETE"
maxnikezz/landscape-v3-maxnikezz has status "KernelWorkerStatus.COMPLETE"
maximemonstrenikez/landscape-v3-maximemonstrenikez has status "KernelWorkerStatus.COMPLETE"
maxlebossdu91/landscape-v3-maxlebossdu91 has status "KernelWorkerStatus.COMPLETE"
maxfrrsava/landscape-v3-maxfrrsava has status "KernelWorkerStatus.RUNNING"
maxmonstre/landscape-v3-maxmonstre has status "KernelWorkerStatus.COMPLETE"
21:06 done=6
maxnicaise/landscape-v3-maxnicaise has status "KernelWorkerStatus.COMPLETE"
maxlefrr/landscape-v3-maxlefrr has status "KernelWorkerStatus.COMPLETE"
maxnikezz/landscape-v3-maxnikezz has status "KernelWorkerStatus.COMPLETE"
maximemonstrenikez/landscape-v3-maximemonstrenikez has status "KernelWorkerStatus.COMPLETE"
maxlebossdu91/landscape-v3-maxlebossdu91 has status "KernelWorkerStatus.COMPLETE"
maxfrrsava/landscape-v3-maxfrrsava has status "KernelWorkerStatus.RUNNING"
maxmonstre/landscape-v3-maxmonstre has status "KernelWorkerStatus.COMPLETE"
21:16 done=6
maxnicaise/landscape-v3-maxnicaise has status "KernelWorkerStatus.COMPLETE"
maxlefrr/landscape-v3-maxlefrr has status "KernelWorkerStatus.COMPLETE"
maxnikezz/landscape-v3-maxnikezz has status "KernelWorkerStatus.COMPLETE"
maximemonstrenikez/landscape-v3-maximemonstrenikez has status "KernelWorkerStatus.COMPLETE"
maxlebossdu91/landscape-v3-maxlebossdu91 has status "KernelWorkerStatus.COMPLETE"
maxfrrsava/landscape-v3-maxfrrsava has status "KernelWorkerStatus.RUNNING"
maxmonstre/landscape-v3-maxmonstre has status "KernelWorkerStatus.COMPLETE"
21:27 done=6
maxnicaise/landscape-v3-maxnicaise has status "KernelWorkerStatus.COMPLETE"
maxlefrr/landscape-v3-maxlefrr has status "KernelWorkerStatus.COMPLETE"
maxnikezz/landscape-v3-maxnikezz has status "KernelWorkerStatus.COMPLETE"
maximemonstrenikez/landscape-v3-maximemonstrenikez has status "KernelWorkerStatus.COMPLETE"
maxlebossdu91/landscape-v3-maxlebossdu91 has status "KernelWorkerStatus.COMPLETE"
maxfrrsava/landscape-v3-maxfrrsava has status "KernelWorkerStatus.RUNNING"
maxmonstre/landscape-v3-maxmonstre has status "KernelWorkerStatus.COMPLETE"
21:37 done=6
maxnicaise/landscape-v3-maxnicaise has status "KernelWorkerStatus.COMPLETE"
maxlefrr/landscape-v3-maxlefrr has status "KernelWorkerStatus.COMPLETE"
maxnikezz/landscape-v3-maxnikezz has status "KernelWorkerStatus.COMPLETE"
maximemonstrenikez/landscape-v3-maximemonstrenikez has status "KernelWorkerStatus.COMPLETE"
maxlebossdu91/landscape-v3-maxlebossdu91 has status "KernelWorkerStatus.COMPLETE"
maxfrrsava/landscape-v3-maxfrrsava has status "KernelWorkerStatus.RUNNING"
maxmonstre/landscape-v3-maxmonstre has status "KernelWorkerStatus.COMPLETE"
21:48 done=6
maxnicaise/landscape-v3-maxnicaise has status "KernelWorkerStatus.COMPLETE"
maxlefrr/landscape-v3-maxlefrr has status "KernelWorkerStatus.COMPLETE"
maxnikezz/landscape-v3-maxnikezz has status "KernelWorkerStatus.COMPLETE"
maximemonstrenikez/landscape-v3-maximemonstrenikez has status "KernelWorkerStatus.COMPLETE"
maxlebossdu91/landscape-v3-maxlebossdu91 has status "KernelWorkerStatus.COMPLETE"
maxfrrsava/landscape-v3-maxfrrsava has status "KernelWorkerStatus.RUNNING"
maxmonstre/landscape-v3-maxmonstre has status "KernelWorkerStatus.COMPLETE"
21:58 done=6
maxnicaise/landscape-v3-maxnicaise has status "KernelWorkerStatus.COMPLETE"
maxlefrr/landscape-v3-maxlefrr has status "KernelWorkerStatus.COMPLETE"
maxnikezz/landscape-v3-maxnikezz has status "KernelWorkerStatus.COMPLETE"
maximemonstrenikez/landscape-v3-maximemonstrenikez has status "KernelWorkerStatus.COMPLETE"
maxlebossdu91/landscape-v3-maxlebossdu91 has status "KernelWorkerStatus.COMPLETE"
maxfrrsava/landscape-v3-maxfrrsava has status "KernelWorkerStatus.RUNNING"
maxmonstre/landscape-v3-maxmonstre has status "KernelWorkerStatus.COMPLETE"
22:08 done=6
maxnicaise/landscape-v3-maxnicaise has status "KernelWorkerStatus.COMPLETE"
maxlefrr/landscape-v3-maxlefrr has status "KernelWorkerStatus.COMPLETE"
maxnikezz/landscape-v3-maxnikezz has status "KernelWorkerStatus.COMPLETE"
maximemonstrenikez/landscape-v3-maximemonstrenikez has status "KernelWorkerStatus.COMPLETE"
maxlebossdu91/landscape-v3-maxlebossdu91 has status "KernelWorkerStatus.COMPLETE"
maxfrrsava/landscape-v3-maxfrrsava has status "KernelWorkerStatus.RUNNING"
maxmonstre/landscape-v3-maxmonstre has status "KernelWorkerStatus.COMPLETE"
22:19 done=6
maxnicaise/landscape-v3-maxnicaise has status "KernelWorkerStatus.COMPLETE"
maxlefrr/landscape-v3-maxlefrr has status "KernelWorkerStatus.COMPLETE"
maxnikezz/landscape-v3-maxnikezz has status "KernelWorkerStatus.COMPLETE"
maximemonstrenikez/landscape-v3-maximemonstrenikez has status "KernelWorkerStatus.COMPLETE"
maxlebossdu91/landscape-v3-maxlebossdu91 has status "KernelWorkerStatus.COMPLETE"
maxfrrsava/landscape-v3-maxfrrsava has status "KernelWorkerStatus.RUNNING"
maxmonstre/landscape-v3-maxmonstre has status "KernelWorkerStatus.COMPLETE"
22:29 done=6
maxnicaise/landscape-v3-maxnicaise has status "KernelWorkerStatus.COMPLETE"
maxlefrr/landscape-v3-maxlefrr has status "KernelWorkerStatus.COMPLETE"
maxnikezz/landscape-v3-maxnikezz has status "KernelWorkerStatus.COMPLETE"
maximemonstrenikez/landscape-v3-maximemonstrenikez has status "KernelWorkerStatus.COMPLETE"
maxlebossdu91/landscape-v3-maxlebossdu91 has status "KernelWorkerStatus.COMPLETE"
maxfrrsava/landscape-v3-maxfrrsava has status "KernelWorkerStatus.RUNNING"
maxmonstre/landscape-v3-maxmonstre has status "KernelWorkerStatus.COMPLETE"
22:40 done=6
maxnicaise/landscape-v3-maxnicaise has status "KernelWorkerStatus.COMPLETE"
maxlefrr/landscape-v3-maxlefrr has status "KernelWorkerStatus.COMPLETE"
maxnikezz/landscape-v3-maxnikezz has status "KernelWorkerStatus.COMPLETE"
maximemonstrenikez/landscape-v3-maximemonstrenikez has status "KernelWorkerStatus.COMPLETE"
maxlebossdu91/landscape-v3-maxlebossdu91 has status "KernelWorkerStatus.COMPLETE"
maxfrrsava/landscape-v3-maxfrrsava has status "KernelWorkerStatus.RUNNING"
maxmonstre/landscape-v3-maxmonstre has status "KernelWorkerStatus.COMPLETE"
22:50 done=6
maxnicaise/landscape-v3-maxnicaise has status "KernelWorkerStatus.COMPLETE"
maxlefrr/landscape-v3-maxlefrr has status "KernelWorkerStatus.COMPLETE"
maxnikezz/landscape-v3-maxnikezz has status "KernelWorkerStatus.COMPLETE"
maximemonstrenikez/landscape-v3-maximemonstrenikez has status "KernelWorkerStatus.COMPLETE"
maxlebossdu91/landscape-v3-maxlebossdu91 has status "KernelWorkerStatus.COMPLETE"
maxfrrsava/landscape-v3-maxfrrsava has status "KernelWorkerStatus.RUNNING"
maxmonstre/landscape-v3-maxmonstre has status "KernelWorkerStatus.COMPLETE"
23:01 done=6
maxnicaise/landscape-v3-maxnicaise has status "KernelWorkerStatus.COMPLETE"
maxlefrr/landscape-v3-maxlefrr has status "KernelWorkerStatus.COMPLETE"
maxnikezz/landscape-v3-maxnikezz has status "KernelWorkerStatus.COMPLETE"
maximemonstrenikez/landscape-v3-maximemonstrenikez has status "KernelWorkerStatus.COMPLETE"
maxlebossdu91/landscape-v3-maxlebossdu91 has status "KernelWorkerStatus.COMPLETE"
maxfrrsava/landscape-v3-maxfrrsava has status "KernelWorkerStatus.RUNNING"
maxmonstre/landscape-v3-maxmonstre has status "KernelWorkerStatus.COMPLETE"
23:11 done=6
maxnicaise/landscape-v3-maxnicaise has status "KernelWorkerStatus.COMPLETE"
maxlefrr/landscape-v3-maxlefrr has status "KernelWorkerStatus.COMPLETE"
maxnikezz/landscape-v3-maxnikezz has status "KernelWorkerStatus.COMPLETE"
maximemonstrenikez/landscape-v3-maximemonstrenikez has status "KernelWorkerStatus.COMPLETE"
maxlebossdu91/landscape-v3-maxlebossdu91 has status "KernelWorkerStatus.COMPLETE"
maxfrrsava/landscape-v3-maxfrrsava has status "KernelWorkerStatus.RUNNING"
maxmonstre/landscape-v3-maxmonstre has status "KernelWorkerStatus.COMPLETE"
23:22 done=6
maxnicaise/landscape-v3-maxnicaise has status "KernelWorkerStatus.COMPLETE"
maxlefrr/landscape-v3-maxlefrr has status "KernelWorkerStatus.COMPLETE"
maxnikezz/landscape-v3-maxnikezz has status "KernelWorkerStatus.COMPLETE"
maximemonstrenikez/landscape-v3-maximemonstrenikez has status "KernelWorkerStatus.COMPLETE"
maxlebossdu91/landscape-v3-maxlebossdu91 has status "KernelWorkerStatus.COMPLETE"
maxfrrsava/landscape-v3-maxfrrsava has status "KernelWorkerStatus.RUNNING"
maxmonstre/landscape-v3-maxmonstre has status "KernelWorkerStatus.COMPLETE"
23:32 done=6
maxnicaise/landscape-v3-maxnicaise has status "KernelWorkerStatus.COMPLETE"
maxlefrr/landscape-v3-maxlefrr has status "KernelWorkerStatus.COMPLETE"
maxnikezz/landscape-v3-maxnikezz has status "KernelWorkerStatus.COMPLETE"
maximemonstrenikez/landscape-v3-maximemonstrenikez has status "KernelWorkerStatus.COMPLETE"
maxlebossdu91/landscape-v3-maxlebossdu91 has status "KernelWorkerStatus.COMPLETE"
maxfrrsava/landscape-v3-maxfrrsava has status "KernelWorkerStatus.RUNNING"
maxmonstre/landscape-v3-maxmonstre has status "KernelWorkerStatus.COMPLETE"
23:42 done=6
maxnicaise/landscape-v3-maxnicaise has status "KernelWorkerStatus.COMPLETE"
maxlefrr/landscape-v3-maxlefrr has status "KernelWorkerStatus.COMPLETE"
maxnikezz/landscape-v3-maxnikezz has status "KernelWorkerStatus.COMPLETE"
maximemonstrenikez/landscape-v3-maximemonstrenikez has status "KernelWorkerStatus.COMPLETE"
maxlebossdu91/landscape-v3-maxlebossdu91 has status "KernelWorkerStatus.COMPLETE"
maxfrrsava/landscape-v3-maxfrrsava has status "KernelWorkerStatus.RUNNING"
maxmonstre/landscape-v3-maxmonstre has status "KernelWorkerStatus.COMPLETE"
23:53 done=6
maxnicaise/landscape-v3-maxnicaise has status "KernelWorkerStatus.COMPLETE"
maxlefrr/landscape-v3-maxlefrr has status "KernelWorkerStatus.COMPLETE"
maxnikezz/landscape-v3-maxnikezz has status "KernelWorkerStatus.COMPLETE"
maximemonstrenikez/landscape-v3-maximemonstrenikez has status "KernelWorkerStatus.COMPLETE"
maxlebossdu91/landscape-v3-maxlebossdu91 has status "KernelWorkerStatus.COMPLETE"
maxfrrsava/landscape-v3-maxfrrsava has status "KernelWorkerStatus.RUNNING"
maxmonstre/landscape-v3-maxmonstre has status "KernelWorkerStatus.COMPLETE"
00:03 done=6
maxnicaise/landscape-v3-maxnicaise has status "KernelWorkerStatus.COMPLETE"
maxlefrr/landscape-v3-maxlefrr has status "KernelWorkerStatus.COMPLETE"
maxnikezz/landscape-v3-maxnikezz has status "KernelWorkerStatus.COMPLETE"
maximemonstrenikez/landscape-v3-maximemonstrenikez has status "KernelWorkerStatus.COMPLETE"
maxlebossdu91/landscape-v3-maxlebossdu91 has status "KernelWorkerStatus.COMPLETE"
maxfrrsava/landscape-v3-maxfrrsava has status "KernelWorkerStatus.RUNNING"
maxmonstre/landscape-v3-maxmonstre has status "KernelWorkerStatus.COMPLETE"
00:14 done=6
maxnicaise/landscape-v3-maxnicaise has status "KernelWorkerStatus.COMPLETE"
maxlefrr/landscape-v3-maxlefrr has status "KernelWorkerStatus.COMPLETE"
maxnikezz/landscape-v3-maxnikezz has status "KernelWorkerStatus.COMPLETE"
maximemonstrenikez/landscape-v3-maximemonstrenikez has status "KernelWorkerStatus.COMPLETE"
maxlebossdu91/landscape-v3-maxlebossdu91 has status "KernelWorkerStatus.COMPLETE"
maxfrrsava/landscape-v3-maxfrrsava has status "KernelWorkerStatus.RUNNING"
maxmonstre/landscape-v3-maxmonstre has status "KernelWorkerStatus.COMPLETE"
00:24 done=6
maxnicaise/landscape-v3-maxnicaise has status "KernelWorkerStatus.COMPLETE"
maxlefrr/landscape-v3-maxlefrr has status "KernelWorkerStatus.COMPLETE"
maxnikezz/landscape-v3-maxnikezz has status "KernelWorkerStatus.COMPLETE"
maximemonstrenikez/landscape-v3-maximemonstrenikez has status "KernelWorkerStatus.COMPLETE"
maxlebossdu91/landscape-v3-maxlebossdu91 has status "KernelWorkerStatus.COMPLETE"
maxfrrsava/landscape-v3-maxfrrsava has status "KernelWorkerStatus.RUNNING"
maxmonstre/landscape-v3-maxmonstre has status "KernelWorkerStatus.COMPLETE"
00:35 done=6
maxnicaise/landscape-v3-maxnicaise has status "KernelWorkerStatus.COMPLETE"
maxlefrr/landscape-v3-maxlefrr has status "KernelWorkerStatus.COMPLETE"
maxnikezz/landscape-v3-maxnikezz has status "KernelWorkerStatus.COMPLETE"
maximemonstrenikez/landscape-v3-maximemonstrenikez has status "KernelWorkerStatus.COMPLETE"
maxlebossdu91/landscape-v3-maxlebossdu91 has status "KernelWorkerStatus.COMPLETE"
maxfrrsava/landscape-v3-maxfrrsava has status "KernelWorkerStatus.RUNNING"
maxmonstre/landscape-v3-maxmonstre has status "KernelWorkerStatus.COMPLETE"
00:45 done=6
maxnicaise/landscape-v3-maxnicaise has status "KernelWorkerStatus.COMPLETE"
maxlefrr/landscape-v3-maxlefrr has status "KernelWorkerStatus.COMPLETE"
maxnikezz/landscape-v3-maxnikezz has status "KernelWorkerStatus.COMPLETE"
maximemonstrenikez/landscape-v3-maximemonstrenikez has status "KernelWorkerStatus.COMPLETE"
maxlebossdu91/landscape-v3-maxlebossdu91 has status "KernelWorkerStatus.COMPLETE"
maxfrrsava/landscape-v3-maxfrrsava has status "KernelWorkerStatus.RUNNING"
maxmonstre/landscape-v3-maxmonstre has status "KernelWorkerStatus.COMPLETE"
00:56 done=6
maxnicaise/landscape-v3-maxnicaise has status "KernelWorkerStatus.COMPLETE"
maxlefrr/landscape-v3-maxlefrr has status "KernelWorkerStatus.COMPLETE"
maxnikezz/landscape-v3-maxnikezz has status "KernelWorkerStatus.COMPLETE"
maximemonstrenikez/landscape-v3-maximemonstrenikez has status "KernelWorkerStatus.COMPLETE"
maxlebossdu91/landscape-v3-maxlebossdu91 has status "KernelWorkerStatus.COMPLETE"
maxfrrsava/landscape-v3-maxfrrsava has status "KernelWorkerStatus.RUNNING"
maxmonstre/landscape-v3-maxmonstre has status "KernelWorkerStatus.COMPLETE"
01:06 done=6
maxnicaise/landscape-v3-maxnicaise has status "KernelWorkerStatus.COMPLETE"
maxlefrr/landscape-v3-maxlefrr has status "KernelWorkerStatus.COMPLETE"
maxnikezz/landscape-v3-maxnikezz has status "KernelWorkerStatus.COMPLETE"
maximemonstrenikez/landscape-v3-maximemonstrenikez has status "KernelWorkerStatus.COMPLETE"
maxlebossdu91/landscape-v3-maxlebossdu91 has status "KernelWorkerStatus.COMPLETE"
maxfrrsava/landscape-v3-maxfrrsava has status "KernelWorkerStatus.RUNNING"
maxmonstre/landscape-v3-maxmonstre has status "KernelWorkerStatus.COMPLETE"
01:17 done=6
maxnicaise/landscape-v3-maxnicaise has status "KernelWorkerStatus.COMPLETE"
maxlefrr/landscape-v3-maxlefrr has status "KernelWorkerStatus.COMPLETE"
maxnikezz/landscape-v3-maxnikezz has status "KernelWorkerStatus.COMPLETE"
maximemonstrenikez/landscape-v3-maximemonstrenikez has status "KernelWorkerStatus.COMPLETE"
maxlebossdu91/landscape-v3-maxlebossdu91 has status "KernelWorkerStatus.COMPLETE"
maxfrrsava/landscape-v3-maxfrrsava has status "KernelWorkerStatus.RUNNING"
maxmonstre/landscape-v3-maxmonstre has status "KernelWorkerStatus.COMPLETE"
01:27 done=6
maxnicaise/landscape-v3-maxnicaise has status "KernelWorkerStatus.COMPLETE"
maxlefrr/landscape-v3-maxlefrr has status "KernelWorkerStatus.COMPLETE"
maxnikezz/landscape-v3-maxnikezz has status "KernelWorkerStatus.COMPLETE"
maximemonstrenikez/landscape-v3-maximemonstrenikez has status "KernelWorkerStatus.COMPLETE"
maxlebossdu91/landscape-v3-maxlebossdu91 has status "KernelWorkerStatus.COMPLETE"
maxfrrsava/landscape-v3-maxfrrsava has status "KernelWorkerStatus.RUNNING"
maxmonstre/landscape-v3-maxmonstre has status "KernelWorkerStatus.COMPLETE"
01:38 done=6
maxnicaise/landscape-v3-maxnicaise has status "KernelWorkerStatus.COMPLETE"
maxlefrr/landscape-v3-maxlefrr has status "KernelWorkerStatus.COMPLETE"
maxnikezz/landscape-v3-maxnikezz has status "KernelWorkerStatus.COMPLETE"
maximemonstrenikez/landscape-v3-maximemonstrenikez has status "KernelWorkerStatus.COMPLETE"
maxlebossdu91/landscape-v3-maxlebossdu91 has status "KernelWorkerStatus.COMPLETE"
maxfrrsava/landscape-v3-maxfrrsava has status "KernelWorkerStatus.RUNNING"
maxmonstre/landscape-v3-maxmonstre has status "KernelWorkerStatus.COMPLETE"
01:48 done=6
maxnicaise/landscape-v3-maxnicaise has status "KernelWorkerStatus.COMPLETE"
maxlefrr/landscape-v3-maxlefrr has status "KernelWorkerStatus.COMPLETE"
maxnikezz/landscape-v3-maxnikezz has status "KernelWorkerStatus.COMPLETE"
maximemonstrenikez/landscape-v3-maximemonstrenikez has status "KernelWorkerStatus.COMPLETE"
maxlebossdu91/landscape-v3-maxlebossdu91 has status "KernelWorkerStatus.COMPLETE"
maxfrrsava/landscape-v3-maxfrrsava has status "KernelWorkerStatus.RUNNING"
maxmonstre/landscape-v3-maxmonstre has status "KernelWorkerStatus.COMPLETE"
01:59 done=6
maxnicaise/landscape-v3-maxnicaise has status "KernelWorkerStatus.COMPLETE"
maxlefrr/landscape-v3-maxlefrr has status "KernelWorkerStatus.COMPLETE"
maxnikezz/landscape-v3-maxnikezz has status "KernelWorkerStatus.COMPLETE"
maximemonstrenikez/landscape-v3-maximemonstrenikez has status "KernelWorkerStatus.COMPLETE"
maxlebossdu91/landscape-v3-maxlebossdu91 has status "KernelWorkerStatus.COMPLETE"
maxfrrsava/landscape-v3-maxfrrsava has status "KernelWorkerStatus.RUNNING"
maxmonstre/landscape-v3-maxmonstre has status "KernelWorkerStatus.COMPLETE"
02:09 done=6
maxnicaise/landscape-v3-maxnicaise has status "KernelWorkerStatus.COMPLETE"
maxlefrr/landscape-v3-maxlefrr has status "KernelWorkerStatus.COMPLETE"
maxnikezz/landscape-v3-maxnikezz has status "KernelWorkerStatus.COMPLETE"
maximemonstrenikez/landscape-v3-maximemonstrenikez has status "KernelWorkerStatus.COMPLETE"
maxlebossdu91/landscape-v3-maxlebossdu91 has status "KernelWorkerStatus.COMPLETE"
maxfrrsava/landscape-v3-maxfrrsava has status "KernelWorkerStatus.RUNNING"
maxmonstre/landscape-v3-maxmonstre has status "KernelWorkerStatus.COMPLETE"
02:20 done=6
maxnicaise/landscape-v3-maxnicaise has status "KernelWorkerStatus.COMPLETE"
maxlefrr/landscape-v3-maxlefrr has status "KernelWorkerStatus.COMPLETE"
maxnikezz/landscape-v3-maxnikezz has status "KernelWorkerStatus.COMPLETE"
maximemonstrenikez/landscape-v3-maximemonstrenikez has status "KernelWorkerStatus.COMPLETE"
maxlebossdu91/landscape-v3-maxlebossdu91 has status "KernelWorkerStatus.COMPLETE"
maxfrrsava/landscape-v3-maxfrrsava has status "KernelWorkerStatus.RUNNING"
maxmonstre/landscape-v3-maxmonstre has status "KernelWorkerStatus.COMPLETE"
02:30 done=7
maxnicaise/landscape-v3-maxnicaise has status "KernelWorkerStatus.COMPLETE"
maxlefrr/landscape-v3-maxlefrr has status "KernelWorkerStatus.COMPLETE"
maxnikezz/landscape-v3-maxnikezz has status "KernelWorkerStatus.COMPLETE"
maximemonstrenikez/landscape-v3-maximemonstrenikez has status "KernelWorkerStatus.COMPLETE"
maxlebossdu91/landscape-v3-maxlebossdu91 has status "KernelWorkerStatus.COMPLETE"
maxfrrsava/landscape-v3-maxfrrsava has status "KernelWorkerStatus.COMPLETE"
maxmonstre/landscape-v3-maxmonstre has status "KernelWorkerStatus.COMPLETE"
