18:15:51 maxlefrr/landscape-v3-maxlefrr-rerun has status "KernelWorkerStatus.RUNNING"
18:15:55 maxnikezz/landscape-v3-maxnikezz-rerun has status "KernelWorkerStatus.RUNNING"
18:15:59 maximemonstrenikez/landscape-v3-maximemonstrenikez-rerun has status "KernelWorkerStatus.RUNNING"
18:16:03 maxlebossdu91/landscape-v3-maxlebossdu91-rerun has status "KernelWorkerStatus.RUNNING"
18:17:07 maxlefrr/landscape-v3-maxlefrr-rerun has status "KernelWorkerStatus.RUNNING"
18:17:11 maxnikezz/landscape-v3-maxnikezz-rerun has status "KernelWorkerStatus.RUNNING"
18:17:15 maximemonstrenikez/landscape-v3-maximemonstrenikez-rerun has status "KernelWorkerStatus.RUNNING"
18:17:19 maxlebossdu91/landscape-v3-maxlebossdu91-rerun has status "KernelWorkerStatus.RUNNING"
18:18:23 maxlefrr/landscape-v3-maxlefrr-rerun has status "KernelWorkerStatus.COMPLETE"
18:18:28 maxnikezz/landscape-v3-maxnikezz-rerun has status "KernelWorkerStatus.COMPLETE"
18:18:32 maximemonstrenikez/landscape-v3-maximemonstrenikez-rerun has status "KernelWorkerStatus.COMPLETE"
18:18:36 maxlebossdu91/landscape-v3-maxlebossdu91-rerun has status "KernelWorkerStatus.COMPLETE"
$ kaggle kernels output maxlefrr/landscape-v3-maxlefrr-rerun -p C:\Users\mnica\Documents\Projet_filiere-worktrees\visualization\studies\landscape_v3\raw\maxlefrr_rerun -o
mnica\Documents\Projet_filiere-worktrees\visualization\studies\landscape_v3\raw\maxlefrr_rerun\_repo/landscape_v3/v2points.py
Output file downloaded to C:\Users\mnica\Documents\Projet_filiere-worktrees\visualization\studies\landscape_v3\raw\maxlefrr_rerun\_repo/tasks.json
Output file downloaded to C:\Users\mnica\Documents\Projet_filiere-worktrees\visualization\studies\landscape_v3\raw\maxlefrr_rerun\v3/checks/inputs_check.json
Output file downloaded to C:\Users\mnica\Documents\Projet_filiere-worktrees\visualization\studies\landscape_v3\raw\maxlefrr_rerun\v3/checks/reuse_reproduction.json
Output file downloaded to C:\Users\mnica\Documents\Projet_filiere-worktrees\visualization\studies\landscape_v3\raw\maxlefrr_rerun\v3/environment.json
Output file downloaded to C:\Users\mnica\Documents\Projet_filiere-worktrees\visualization\studies\landscape_v3\raw\maxlefrr_rerun\v3/eval/grid__combined__seed1__epoch_030__r32_G0__probes__f32__rerun.jsonl
Output file downloaded to C:\Users\mnica\Documents\Projet_filiere-worktrees\visualization\studies\landscape_v3\raw\maxlefrr_rerun\v3/eval/grid__combined__seed1__epoch_030__r32_G0__probes__f32__rerun.meta.json
Output file downloaded to C:\Users\mnica\Documents\Projet_filiere-worktrees\visualization\studies\landscape_v3\raw\maxlefrr_rerun\v3/eval/grid__gaussian__seed1__epoch_030__r-_G0__probes__f32__rerun.jsonl
Output file downloaded to C:\Users\mnica\Documents\Projet_filiere-worktrees\visualization\studies\landscape_v3\raw\maxlefrr_rerun\v3/eval/grid__gaussian__seed1__epoch_030__r-_G0__probes__f32__rerun.meta.json
Output file downloaded to C:\Users\mnica\Documents\Projet_filiere-worktrees\visualization\studies\landscape_v3\raw\maxlefrr_rerun\v3/eval/grid__plain__seed1__epoch_030__r-_G-__probes__f32__rerun.jsonl
Output file downloaded to C:\Users\mnica\Documents\Projet_filiere-worktrees\visualization\studies\landscape_v3\raw\maxlefrr_rerun\v3/eval/grid__plain__seed1__epoch_030__r-_G-__probes__f32__rerun.meta.json
Output file downloaded to C:\Users\mnica\Documents\Projet_filiere-worktrees\visualization\studies\landscape_v3\raw\maxlefrr_rerun\v3/eval/grid__resolution__seed1__epoch_030__r32_G-__probes__f32__rerun.jsonl
Output file downloaded to C:\Users\mnica\Documents\Projet_filiere-worktrees\visualization\studies\landscape_v3\raw\maxlefrr_rerun\v3/eval/grid__resolution__seed1__epoch_030__r32_G-__probes__f32__rerun.meta.json
Output file downloaded to C:\Users\mnica\Documents\Projet_filiere-worktrees\visualization\studies\landscape_v3\raw\maxlefrr_rerun\v3/eval_log.txt
Output file downloaded to C:\Users\mnica\Documents\Projet_filiere-worktrees\visualization\studies\landscape_v3\raw\maxlefrr_rerun\v3/eval_manifest.json
Output file downloaded to C:\Users\mnica\Documents\Projet_filiere-worktrees\visualization\studies\landscape_v3\raw\maxlefrr_rerun\v3/timing.json
Kernel log downloaded to C:\Users\mnica\Documents\Projet_filiere-worktrees\visualization\studies\landscape_v3\raw\maxlefrr_rerun\landscape-v3-maxlefrr-rerun.log 

maxlefrr rerun n_gpu 2 {'listed': 10, 'missing': 0, 'hash_mismatch': 0}
$ kaggle kernels output maxnikezz/landscape-v3-maxnikezz-rerun -p C:\Users\mnica\Documents\Projet_filiere-worktrees\visualization\studies\landscape_v3\raw\maxnikezz_rerun -o
ojet_filiere-worktrees\visualization\studies\landscape_v3\raw\maxnikezz_rerun\_repo/landscape_v3/v2points.py
Output file downloaded to C:\Users\mnica\Documents\Projet_filiere-worktrees\visualization\studies\landscape_v3\raw\maxnikezz_rerun\_repo/tasks.json
Output file downloaded to C:\Users\mnica\Documents\Projet_filiere-worktrees\visualization\studies\landscape_v3\raw\maxnikezz_rerun\v3/checks/inputs_check.json
Output file downloaded to C:\Users\mnica\Documents\Projet_filiere-worktrees\visualization\studies\landscape_v3\raw\maxnikezz_rerun\v3/checks/reuse_reproduction.json
Output file downloaded to C:\Users\mnica\Documents\Projet_filiere-worktrees\visualization\studies\landscape_v3\raw\maxnikezz_rerun\v3/environment.json
Output file downloaded to C:\Users\mnica\Documents\Projet_filiere-worktrees\visualization\studies\landscape_v3\raw\maxnikezz_rerun\v3/eval/grid__combined__seed2__epoch_030__r32_G0__probes__f32__rerun.jsonl
Output file downloaded to C:\Users\mnica\Documents\Projet_filiere-worktrees\visualization\studies\landscape_v3\raw\maxnikezz_rerun\v3/eval/grid__combined__seed2__epoch_030__r32_G0__probes__f32__rerun.meta.json
Output file downloaded to C:\Users\mnica\Documents\Projet_filiere-worktrees\visualization\studies\landscape_v3\raw\maxnikezz_rerun\v3/eval/grid__gaussian__seed2__epoch_030__r-_G0__probes__f32__rerun.jsonl
Output file downloaded to C:\Users\mnica\Documents\Projet_filiere-worktrees\visualization\studies\landscape_v3\raw\maxnikezz_rerun\v3/eval/grid__gaussian__seed2__epoch_030__r-_G0__probes__f32__rerun.meta.json
Output file downloaded to C:\Users\mnica\Documents\Projet_filiere-worktrees\visualization\studies\landscape_v3\raw\maxnikezz_rerun\v3/eval/grid__plain__seed2__epoch_030__r-_G-__probes__f32__rerun.jsonl
Output file downloaded to C:\Users\mnica\Documents\Projet_filiere-worktrees\visualization\studies\landscape_v3\raw\maxnikezz_rerun\v3/eval/grid__plain__seed2__epoch_030__r-_G-__probes__f32__rerun.meta.json
Output file downloaded to C:\Users\mnica\Documents\Projet_filiere-worktrees\visualization\studies\landscape_v3\raw\maxnikezz_rerun\v3/eval/grid__resolution__seed2__epoch_030__r32_G-__probes__f32__rerun.jsonl
Output file downloaded to C:\Users\mnica\Documents\Projet_filiere-worktrees\visualization\studies\landscape_v3\raw\maxnikezz_rerun\v3/eval/grid__resolution__seed2__epoch_030__r32_G-__probes__f32__rerun.meta.json
Output file downloaded to C:\Users\mnica\Documents\Projet_filiere-worktrees\visualization\studies\landscape_v3\raw\maxnikezz_rerun\v3/eval_log.txt
Output file downloaded to C:\Users\mnica\Documents\Projet_filiere-worktrees\visualization\studies\landscape_v3\raw\maxnikezz_rerun\v3/eval_manifest.json
Output file downloaded to C:\Users\mnica\Documents\Projet_filiere-worktrees\visualization\studies\landscape_v3\raw\maxnikezz_rerun\v3/timing.json
Kernel log downloaded to C:\Users\mnica\Documents\Projet_filiere-worktrees\visualization\studies\landscape_v3\raw\maxnikezz_rerun\landscape-v3-maxnikezz-rerun.log 

maxnikezz rerun n_gpu 2 {'listed': 10, 'missing': 0, 'hash_mismatch': 0}
$ kaggle kernels output maximemonstrenikez/landscape-v3-maximemonstrenikez-rerun -p C:\Users\mnica\Documents\Projet_filiere-worktrees\visualization\studies\landscape_v3\raw\maximemonstrenikez_rerun -o
uments\Projet_filiere-worktrees\visualization\studies\landscape_v3\raw\maximemonstrenikez_rerun\_repo/tasks.json
Output file downloaded to C:\Users\mnica\Documents\Projet_filiere-worktrees\visualization\studies\landscape_v3\raw\maximemonstrenikez_rerun\v3/checks/inputs_check.json
Output file downloaded to C:\Users\mnica\Documents\Projet_filiere-worktrees\visualization\studies\landscape_v3\raw\maximemonstrenikez_rerun\v3/checks/reuse_reproduction.json
Output file downloaded to C:\Users\mnica\Documents\Projet_filiere-worktrees\visualization\studies\landscape_v3\raw\maximemonstrenikez_rerun\v3/environment.json
Output file downloaded to C:\Users\mnica\Documents\Projet_filiere-worktrees\visualization\studies\landscape_v3\raw\maximemonstrenikez_rerun\v3/eval/grid__combined__seed3__epoch_030__r32_G0__probes__f32__rerun.jsonl
Output file downloaded to C:\Users\mnica\Documents\Projet_filiere-worktrees\visualization\studies\landscape_v3\raw\maximemonstrenikez_rerun\v3/eval/grid__combined__seed3__epoch_030__r32_G0__probes__f32__rerun.meta.json
Output file downloaded to C:\Users\mnica\Documents\Projet_filiere-worktrees\visualization\studies\landscape_v3\raw\maximemonstrenikez_rerun\v3/eval/grid__gaussian__seed3__epoch_030__r-_G0__probes__f32__rerun.jsonl
Output file downloaded to C:\Users\mnica\Documents\Projet_filiere-worktrees\visualization\studies\landscape_v3\raw\maximemonstrenikez_rerun\v3/eval/grid__gaussian__seed3__epoch_030__r-_G0__probes__f32__rerun.meta.json
Output file downloaded to C:\Users\mnica\Documents\Projet_filiere-worktrees\visualization\studies\landscape_v3\raw\maximemonstrenikez_rerun\v3/eval/grid__plain__seed3__epoch_030__r-_G-__probes__f32__rerun.jsonl
Output file downloaded to C:\Users\mnica\Documents\Projet_filiere-worktrees\visualization\studies\landscape_v3\raw\maximemonstrenikez_rerun\v3/eval/grid__plain__seed3__epoch_030__r-_G-__probes__f32__rerun.meta.json
Output file downloaded to C:\Users\mnica\Documents\Projet_filiere-worktrees\visualization\studies\landscape_v3\raw\maximemonstrenikez_rerun\v3/eval/grid__resolution__seed3__epoch_030__r32_G-__probes__f32__rerun.jsonl
Output file downloaded to C:\Users\mnica\Documents\Projet_filiere-worktrees\visualization\studies\landscape_v3\raw\maximemonstrenikez_rerun\v3/eval/grid__resolution__seed3__epoch_030__r32_G-__probes__f32__rerun.meta.json
Output file downloaded to C:\Users\mnica\Documents\Projet_filiere-worktrees\visualization\studies\landscape_v3\raw\maximemonstrenikez_rerun\v3/eval_log.txt
Output file downloaded to C:\Users\mnica\Documents\Projet_filiere-worktrees\visualization\studies\landscape_v3\raw\maximemonstrenikez_rerun\v3/eval_manifest.json
Output file downloaded to C:\Users\mnica\Documents\Projet_filiere-worktrees\visualization\studies\landscape_v3\raw\maximemonstrenikez_rerun\v3/timing.json
Kernel log downloaded to C:\Users\mnica\Documents\Projet_filiere-worktrees\visualization\studies\landscape_v3\raw\maximemonstrenikez_rerun\landscape-v3-maximemonstrenikez-rerun.log 

maximemonstrenikez rerun n_gpu 2 {'listed': 10, 'missing': 0, 'hash_mismatch': 0}
$ kaggle kernels output maxlebossdu91/landscape-v3-maxlebossdu91-rerun -p C:\Users\mnica\Documents\Projet_filiere-worktrees\visualization\studies\landscape_v3\raw\maxlebossdu91_rerun -o
u91_rerun\_repo/landscape_v3/v2points.py
Output file downloaded to C:\Users\mnica\Documents\Projet_filiere-worktrees\visualization\studies\landscape_v3\raw\maxlebossdu91_rerun\_repo/tasks.json
Output file downloaded to C:\Users\mnica\Documents\Projet_filiere-worktrees\visualization\studies\landscape_v3\raw\maxlebossdu91_rerun\v3/checks/inputs_check.json
Output file downloaded to C:\Users\mnica\Documents\Projet_filiere-worktrees\visualization\studies\landscape_v3\raw\maxlebossdu91_rerun\v3/checks/reuse_reproduction.json
Output file downloaded to C:\Users\mnica\Documents\Projet_filiere-worktrees\visualization\studies\landscape_v3\raw\maxlebossdu91_rerun\v3/environment.json
Output file downloaded to C:\Users\mnica\Documents\Projet_filiere-worktrees\visualization\studies\landscape_v3\raw\maxlebossdu91_rerun\v3/eval/grid__combined__seed4__epoch_030__r32_G0__probes__f32__rerun.jsonl
Output file downloaded to C:\Users\mnica\Documents\Projet_filiere-worktrees\visualization\studies\landscape_v3\raw\maxlebossdu91_rerun\v3/eval/grid__combined__seed4__epoch_030__r32_G0__probes__f32__rerun.meta.json
Output file downloaded to C:\Users\mnica\Documents\Projet_filiere-worktrees\visualization\studies\landscape_v3\raw\maxlebossdu91_rerun\v3/eval/grid__gaussian__seed4__epoch_030__r-_G0__probes__f32__rerun.jsonl
Output file downloaded to C:\Users\mnica\Documents\Projet_filiere-worktrees\visualization\studies\landscape_v3\raw\maxlebossdu91_rerun\v3/eval/grid__gaussian__seed4__epoch_030__r-_G0__probes__f32__rerun.meta.json
Output file downloaded to C:\Users\mnica\Documents\Projet_filiere-worktrees\visualization\studies\landscape_v3\raw\maxlebossdu91_rerun\v3/eval/grid__plain__seed4__epoch_030__r-_G-__probes__f32__rerun.jsonl
Output file downloaded to C:\Users\mnica\Documents\Projet_filiere-worktrees\visualization\studies\landscape_v3\raw\maxlebossdu91_rerun\v3/eval/grid__plain__seed4__epoch_030__r-_G-__probes__f32__rerun.meta.json
Output file downloaded to C:\Users\mnica\Documents\Projet_filiere-worktrees\visualization\studies\landscape_v3\raw\maxlebossdu91_rerun\v3/eval/grid__resolution__seed4__epoch_030__r32_G-__probes__f32__rerun.jsonl
Output file downloaded to C:\Users\mnica\Documents\Projet_filiere-worktrees\visualization\studies\landscape_v3\raw\maxlebossdu91_rerun\v3/eval/grid__resolution__seed4__epoch_030__r32_G-__probes__f32__rerun.meta.json
Output file downloaded to C:\Users\mnica\Documents\Projet_filiere-worktrees\visualization\studies\landscape_v3\raw\maxlebossdu91_rerun\v3/eval_log.txt
Output file downloaded to C:\Users\mnica\Documents\Projet_filiere-worktrees\visualization\studies\landscape_v3\raw\maxlebossdu91_rerun\v3/eval_manifest.json
Output file downloaded to C:\Users\mnica\Documents\Projet_filiere-worktrees\visualization\studies\landscape_v3\raw\maxlebossdu91_rerun\v3/timing.json
Kernel log downloaded to C:\Users\mnica\Documents\Projet_filiere-worktrees\visualization\studies\landscape_v3\raw\maxlebossdu91_rerun\landscape-v3-maxlebossdu91-rerun.log 

maxlebossdu91 rerun n_gpu 2 {'listed': 10, 'missing': 0, 'hash_mismatch': 0}
