maxfrrsava 20 checkpoints [0, 1, 2, 3, 4]
$ kaggle datasets create -p C:\Users\mnica\Documents\Projet_filiere-worktrees\visualization\studies\landscape_v3\kaggle_stage\maxfrrsava
|█████▌    | 592k/1.03M [00:02<00:01, 289kB/s]
 61%|██████    | 640k/1.03M [00:02<00:01, 299kB/s]
 65%|██████▌   | 688k/1.03M [00:03<00:01, 245kB/s]
 68%|██████▊   | 720k/1.03M [00:03<00:01, 229kB/s]
 77%|███████▋  | 816k/1.03M [00:03<00:00, 349kB/s]
 82%|████████▏ | 864k/1.03M [00:03<00:00, 329kB/s]
 86%|████████▋ | 912k/1.03M [00:03<00:00, 310kB/s]
 91%|█████████ | 960k/1.03M [00:04<00:00, 313kB/s]
 96%|█████████▌| 0.98M/1.03M [00:04<00:00, 319kB/s]
100%|██████████| 1.03M/1.03M [00:04<00:00, 234kB/s]

  0%|          | 0.00/1.03M [00:00<?, ?B/s]
  2%|▏         | 16.0k/1.03M [00:00<00:38, 27.4kB/s]
 11%|█         | 112k/1.03M [00:00<00:05, 175kB/s]  
 24%|██▍       | 256k/1.03M [00:00<00:02, 364kB/s]
 36%|███▋      | 384k/1.03M [00:01<00:01, 532kB/s]
 53%|█████▎    | 560k/1.03M [00:01<00:00, 764kB/s]
 85%|████████▍ | 896k/1.03M [00:01<00:00, 957kB/s]
100%|██████████| 1.03M/1.03M [00:02<00:00, 367kB/s]

  0%|          | 0.00/1.03M [00:00<?, ?B/s]
  2%|▏         | 16.0k/1.03M [00:00<00:29, 36.1kB/s]
 11%|█         | 112k/1.03M [00:00<00:04, 210kB/s]  
 24%|██▍       | 256k/1.03M [00:00<00:02, 357kB/s]
 52%|█████▏    | 544k/1.03M [00:01<00:00, 638kB/s]
 77%|███████▋  | 816k/1.03M [00:01<00:00, 742kB/s]
 93%|█████████▎| 976k/1.03M [00:01<00:00, 801kB/s]
100%|██████████| 1.03M/1.03M [00:02<00:00, 471kB/s]

  0%|          | 0.00/1.03M [00:00<?, ?B/s]
  2%|▏         | 16.0k/1.03M [00:00<00:31, 34.0kB/s]
 11%|█         | 112k/1.03M [00:00<00:04, 226kB/s]  
 20%|█▉        | 208k/1.03M [00:00<00:02, 390kB/s]
 26%|██▌       | 272k/1.03M [00:00<00:01, 405kB/s]
 33%|███▎      | 352k/1.03M [00:01<00:01, 370kB/s]
 53%|█████▎    | 560k/1.03M [00:01<00:00, 563kB/s]
 67%|██████▋   | 704k/1.03M [00:01<00:00, 687kB/s]
 76%|███████▌  | 800k/1.03M [00:01<00:00, 661kB/s]
 86%|████████▋ | 912k/1.03M [00:01<00:00, 734kB/s]
 94%|█████████▍| 992k/1.03M [00:01<00:00, 653kB/s]
100%|██████████| 1.03M/1.03M [00:02<00:00, 449kB/s]

  0%|          | 0.00/1.03M [00:00<?, ?B/s]
  2%|▏         | 16.0k/1.03M [00:00<00:42, 25.3kB/s]
 11%|█         | 112k/1.03M [00:00<00:05, 161kB/s]  
 24%|██▍       | 256k/1.03M [00:01<00:02, 337kB/s]
 50%|█████     | 528k/1.03M [00:01<00:01, 522kB/s]
100%|██████████| 1.03M/1.03M [00:01<00:00, 1.22MB/s]
100%|██████████| 1.03M/1.03M [00:02<00:00, 512kB/s] 

  0%|          | 0.00/1.03M [00:00<?, ?B/s]
  2%|▏         | 16.0k/1.03M [00:00<00:40, 26.2kB/s]
  9%|▉         | 96.0k/1.03M [00:00<00:05, 172kB/s] 
 14%|█▎        | 144k/1.03M [00:00<00:04, 204kB/s] 
 39%|███▉      | 416k/1.03M [00:01<00:01, 332kB/s]
 50%|█████     | 528k/1.03M [00:01<00:01, 391kB/s]
 65%|██████▌   | 688k/1.03M [00:01<00:00, 555kB/s]
 77%|███████▋  | 816k/1.03M [00:02<00:00, 452kB/s]
 91%|█████████ | 960k/1.03M [00:02<00:00, 515kB/s]
100%|██████████| 1.03M/1.03M [00:03<00:00, 347kB/s]

  0%|          | 0.00/193k [00:00<?, ?B/s]
  8%|▊         | 16.0k/193k [00:00<00:05, 33.8kB/s]
 58%|█████▊    | 112k/193k [00:00<00:00, 236kB/s]  
100%|██████████| 193k/193k [00:01<00:00, 157kB/s]

maxlebossdu91 30 checkpoints [4]
$ kaggle datasets create -p C:\Users\mnica\Documents\Projet_filiere-worktrees\visualization\studies\landscape_v3\kaggle_stage\maxlebossdu91
        | 0.00/1.03M [00:00<?, ?B/s]
  2%|▏         | 16.0k/1.03M [00:00<00:31, 34.1kB/s]
 11%|█         | 112k/1.03M [00:00<00:04, 196kB/s]  
 38%|███▊      | 400k/1.03M [00:00<00:00, 752kB/s]
 52%|█████▏    | 544k/1.03M [00:01<00:00, 557kB/s]
 93%|█████████▎| 976k/1.03M [00:01<00:00, 1.08MB/s]
100%|██████████| 1.03M/1.03M [00:02<00:00, 453kB/s]

  0%|          | 0.00/1.03M [00:00<?, ?B/s]
  2%|▏         | 16.0k/1.03M [00:00<00:30, 35.0kB/s]
 23%|██▎       | 240k/1.03M [00:00<00:01, 519kB/s]  
 49%|████▊     | 512k/1.03M [00:01<00:00, 582kB/s]
 62%|██████▏   | 656k/1.03M [00:01<00:00, 645kB/s]
100%|██████████| 1.03M/1.03M [00:01<00:00, 1.04MB/s]
100%|██████████| 1.03M/1.03M [00:02<00:00, 485kB/s] 

  0%|          | 0.00/1.03M [00:00<?, ?B/s]
  2%|▏         | 16.0k/1.03M [00:00<00:38, 27.4kB/s]
 11%|█         | 112k/1.03M [00:00<00:06, 150kB/s]  
 38%|███▊      | 400k/1.03M [00:01<00:01, 417kB/s]
 52%|█████▏    | 544k/1.03M [00:01<00:01, 477kB/s]
 67%|██████▋   | 704k/1.03M [00:01<00:00, 545kB/s]
 79%|███████▉  | 832k/1.03M [00:01<00:00, 658kB/s]
 88%|████████▊ | 928k/1.03M [00:01<00:00, 654kB/s]
 96%|█████████▌| 0.98M/1.03M [00:02<00:00, 665kB/s]
100%|██████████| 1.03M/1.03M [00:02<00:00, 390kB/s]

  0%|          | 0.00/1.03M [00:00<?, ?B/s]
  2%|▏         | 16.0k/1.03M [00:00<00:46, 22.8kB/s]
  9%|▉         | 96.0k/1.03M [00:00<00:06, 152kB/s] 
 14%|█▎        | 144k/1.03M [00:01<00:05, 157kB/s] 
 39%|███▉      | 416k/1.03M [00:01<00:01, 582kB/s]
 52%|█████▏    | 544k/1.03M [00:01<00:00, 536kB/s]
 61%|██████    | 640k/1.03M [00:01<00:01, 415kB/s]
 68%|██████▊   | 720k/1.03M [00:02<00:00, 447kB/s]
 76%|███████▌  | 800k/1.03M [00:02<00:00, 456kB/s]
 86%|████████▋ | 912k/1.03M [00:02<00:00, 468kB/s]
 96%|█████████▌| 0.98M/1.03M [00:02<00:00, 467kB/s]
100%|██████████| 1.03M/1.03M [00:03<00:00, 329kB/s]

  0%|          | 0.00/1.03M [00:00<?, ?B/s]
  2%|▏         | 16.0k/1.03M [00:00<00:43, 24.7kB/s]
  9%|▉         | 96.0k/1.03M [00:00<00:06, 155kB/s] 
 14%|█▎        | 144k/1.03M [00:00<00:04, 197kB/s] 
 41%|████      | 432k/1.03M [00:01<00:01, 580kB/s]
 52%|█████▏    | 544k/1.03M [00:01<00:00, 539kB/s]
100%|██████████| 1.03M/1.03M [00:01<00:00, 852kB/s]
100%|██████████| 1.03M/1.03M [00:02<00:00, 463kB/s]

  0%|          | 0.00/1.03M [00:00<?, ?B/s]
  2%|▏         | 16.0k/1.03M [00:00<00:35, 29.7kB/s]
  9%|▉         | 96.0k/1.03M [00:00<00:05, 173kB/s] 
 12%|█▏        | 128k/1.03M [00:00<00:05, 183kB/s] 
 36%|███▋      | 384k/1.03M [00:01<00:01, 510kB/s]
 50%|█████     | 528k/1.03M [00:01<00:01, 499kB/s]
 64%|██████▎   | 672k/1.03M [00:01<00:00, 441kB/s]
 76%|███████▌  | 800k/1.03M [00:01<00:00, 548kB/s]
 89%|████████▉ | 944k/1.03M [00:02<00:00, 616kB/s]
100%|██████████| 1.03M/1.03M [00:02<00:00, 561kB/s]
100%|██████████| 1.03M/1.03M [00:02<00:00, 372kB/s]

  0%|          | 0.00/193k [00:00<?, ?B/s]
  8%|▊         | 16.0k/193k [00:00<00:05, 31.3kB/s]
 58%|█████▊    | 112k/193k [00:00<00:00, 193kB/s]  
100%|██████████| 193k/193k [00:01<00:00, 137kB/s]

maxnicaise 30 checkpoints [0]
$ kaggle datasets create -p C:\Users\mnica\Documents\Projet_filiere-worktrees\visualization\studies\landscape_v3\kaggle_stage\maxnicaise
▏         | 16.0k/1.03M [00:00<00:28, 37.7kB/s]
 50%|█████     | 528k/1.03M [00:00<00:00, 703kB/s]  
 65%|██████▌   | 688k/1.03M [00:01<00:00, 786kB/s]
100%|██████████| 1.03M/1.03M [00:01<00:00, 735kB/s]

  0%|          | 0.00/1.03M [00:00<?, ?B/s]
  2%|▏         | 16.0k/1.03M [00:00<00:29, 36.1kB/s]
 50%|█████     | 528k/1.03M [00:00<00:00, 662kB/s]  
 76%|███████▌  | 800k/1.03M [00:01<00:00, 898kB/s]
100%|██████████| 1.03M/1.03M [00:01<00:00, 704kB/s]

  0%|          | 0.00/1.03M [00:00<?, ?B/s]
  2%|▏         | 16.0k/1.03M [00:00<00:28, 37.2kB/s]
 49%|████▊     | 512k/1.03M [00:00<00:00, 835kB/s]  
 58%|█████▊    | 608k/1.03M [00:01<00:00, 635kB/s]
 79%|███████▉  | 832k/1.03M [00:01<00:00, 845kB/s]
100%|██████████| 1.03M/1.03M [00:01<00:00, 649kB/s]

  0%|          | 0.00/1.03M [00:00<?, ?B/s]
  2%|▏         | 16.0k/1.03M [00:00<00:27, 39.0kB/s]
 49%|████▊     | 512k/1.03M [00:00<00:00, 794kB/s]  
 58%|█████▊    | 608k/1.03M [00:00<00:00, 789kB/s]
 67%|██████▋   | 704k/1.03M [00:01<00:00, 805kB/s]
100%|██████████| 1.03M/1.03M [00:01<00:00, 716kB/s]

  0%|          | 0.00/1.03M [00:00<?, ?B/s]
  2%|▏         | 16.0k/1.03M [00:00<00:28, 37.0kB/s]
 49%|████▊     | 512k/1.03M [00:00<00:00, 777kB/s]  
 58%|█████▊    | 608k/1.03M [00:00<00:00, 767kB/s]
 67%|██████▋   | 704k/1.03M [00:01<00:00, 792kB/s]
100%|██████████| 1.03M/1.03M [00:01<00:00, 719kB/s]

  0%|          | 0.00/1.03M [00:00<?, ?B/s]
  2%|▏         | 16.0k/1.03M [00:00<00:30, 35.0kB/s]
 52%|█████▏    | 544k/1.03M [00:00<00:00, 814kB/s]  
 61%|██████    | 640k/1.03M [00:00<00:00, 812kB/s]
 82%|████████▏ | 864k/1.03M [00:01<00:00, 1.04MB/s]
100%|██████████| 1.03M/1.03M [00:01<00:00, 696kB/s]

  0%|          | 0.00/1.03M [00:00<?, ?B/s]
  2%|▏         | 16.0k/1.03M [00:00<00:30, 35.2kB/s]
 44%|████▍     | 464k/1.03M [00:00<00:00, 713kB/s]  
 53%|█████▎    | 560k/1.03M [00:00<00:00, 678kB/s]
100%|██████████| 1.03M/1.03M [00:01<00:00, 702kB/s]

  0%|          | 0.00/1.03M [00:00<?, ?B/s]
  2%|▏         | 16.0k/1.03M [00:00<00:34, 30.8kB/s]
 50%|█████     | 528k/1.03M [00:00<00:00, 772kB/s]  
 59%|█████▉    | 624k/1.03M [00:01<00:00, 586kB/s]
 68%|██████▊   | 720k/1.03M [00:01<00:00, 634kB/s]
100%|██████████| 1.03M/1.03M [00:01<00:00, 623kB/s]

  0%|          | 0.00/1.03M [00:00<?, ?B/s]
  2%|▏         | 16.0k/1.03M [00:00<00:29, 35.5kB/s]
 50%|█████     | 528k/1.03M [00:00<00:00, 773kB/s]  
 59%|█████▉    | 624k/1.03M [00:00<00:00, 790kB/s]
 77%|███████▋  | 816k/1.03M [00:01<00:00, 954kB/s]
100%|██████████| 1.03M/1.03M [00:01<00:00, 703kB/s]

  0%|          | 0.00/1.03M [00:00<?, ?B/s]
  2%|▏         | 16.0k/1.03M [00:00<00:34, 31.2kB/s]
 50%|█████     | 528k/1.03M [00:00<00:00, 1.13MB/s] 
 79%|███████▉  | 832k/1.03M [00:01<00:00, 922kB/s] 
 97%|█████████▋| 1.00M/1.03M [00:01<00:00, 1.03MB/s]
100%|██████████| 1.03M/1.03M [00:01<00:00, 682kB/s] 

  0%|          | 0.00/193k [00:00<?, ?B/s]
  8%|▊         | 16.0k/193k [00:00<00:05, 32.7kB/s]
100%|██████████| 193k/193k [00:01<00:00, 157kB/s]  

maxlefrr 30 checkpoints [1]
$ kaggle datasets create -p C:\Users\mnica\Documents\Projet_filiere-worktrees\visualization\studies\landscape_v3\kaggle_stage\maxlefrr
%|▏         | 16.0k/1.03M [00:00<00:27, 38.4kB/s]
 49%|████▊     | 512k/1.03M [00:00<00:00, 698kB/s]  
 65%|██████▌   | 688k/1.03M [00:01<00:00, 808kB/s]
100%|██████████| 1.03M/1.03M [00:01<00:00, 734kB/s]

  0%|          | 0.00/1.03M [00:00<?, ?B/s]
  2%|▏         | 16.0k/1.03M [00:00<00:26, 40.1kB/s]
 50%|█████     | 528k/1.03M [00:00<00:00, 865kB/s]  
 59%|█████▉    | 624k/1.03M [00:00<00:00, 814kB/s]
 83%|████████▎ | 880k/1.03M [00:01<00:00, 1.10MB/s]
100%|██████████| 1.03M/1.03M [00:01<00:00, 721kB/s]

  0%|          | 0.00/1.03M [00:00<?, ?B/s]
  2%|▏         | 16.0k/1.03M [00:00<00:28, 37.5kB/s]
 42%|████▏     | 448k/1.03M [00:00<00:00, 1.08MB/s] 
 64%|██████▎   | 672k/1.03M [00:01<00:00, 451kB/s] 
 88%|████████▊ | 928k/1.03M [00:01<00:00, 642kB/s]
100%|██████████| 1.03M/1.03M [00:02<00:00, 529kB/s]

  0%|          | 0.00/1.03M [00:00<?, ?B/s]
  2%|▏         | 16.0k/1.03M [00:00<00:29, 36.5kB/s]
 50%|█████     | 528k/1.03M [00:00<00:00, 797kB/s]  
 59%|█████▉    | 624k/1.03M [00:00<00:00, 786kB/s]
 79%|███████▉  | 832k/1.03M [00:01<00:00, 950kB/s]
100%|██████████| 1.03M/1.03M [00:01<00:00, 719kB/s]

  0%|          | 0.00/1.03M [00:00<?, ?B/s]
  2%|▏         | 16.0k/1.03M [00:00<00:21, 48.9kB/s]
 52%|█████▏    | 544k/1.03M [00:00<00:00, 910kB/s]  
 61%|██████    | 640k/1.03M [00:00<00:00, 877kB/s]
 70%|██████▉   | 736k/1.03M [00:00<00:00, 830kB/s]
100%|██████████| 1.03M/1.03M [00:01<00:00, 764kB/s]

  0%|          | 0.00/1.03M [00:00<?, ?B/s]
  2%|▏         | 16.0k/1.03M [00:00<00:26, 39.8kB/s]
 52%|█████▏    | 544k/1.03M [00:00<00:00, 727kB/s]  
100%|██████████| 1.03M/1.03M [00:01<00:00, 742kB/s]

  0%|          | 0.00/1.03M [00:00<?, ?B/s]
  2%|▏         | 16.0k/1.03M [00:00<00:28, 37.2kB/s]
 44%|████▍     | 464k/1.03M [00:00<00:00, 701kB/s]  
 52%|█████▏    | 544k/1.03M [00:00<00:00, 688kB/s]
 67%|██████▋   | 704k/1.03M [00:01<00:00, 842kB/s]
100%|██████████| 1.03M/1.03M [00:01<00:00, 735kB/s]

  0%|          | 0.00/1.03M [00:00<?, ?B/s]
  2%|▏         | 16.0k/1.03M [00:00<00:29, 36.6kB/s]
 52%|█████▏    | 544k/1.03M [00:00<00:00, 840kB/s]  
 61%|██████    | 640k/1.03M [00:00<00:00, 795kB/s]
 73%|███████▎  | 768k/1.03M [00:01<00:00, 885kB/s]
100%|██████████| 1.03M/1.03M [00:01<00:00, 730kB/s]

  0%|          | 0.00/1.03M [00:00<?, ?B/s]
  2%|▏         | 16.0k/1.03M [00:00<00:28, 37.5kB/s]
 42%|████▏     | 448k/1.03M [00:00<00:00, 720kB/s]  
 50%|█████     | 528k/1.03M [00:00<00:00, 671kB/s]
 76%|███████▌  | 800k/1.03M [00:01<00:00, 1.07MB/s]
100%|██████████| 1.03M/1.03M [00:01<00:00, 724kB/s]

  0%|          | 0.00/1.03M [00:00<?, ?B/s]
  2%|▏         | 16.0k/1.03M [00:00<00:26, 40.0kB/s]
 49%|████▊     | 512k/1.03M [00:00<00:00, 801kB/s]  
 58%|█████▊    | 608k/1.03M [00:00<00:00, 779kB/s]
 65%|██████▌   | 688k/1.03M [00:01<00:00, 785kB/s]
100%|██████████| 1.03M/1.03M [00:01<00:00, 745kB/s]

  0%|          | 0.00/193k [00:00<?, ?B/s]
  8%|▊         | 16.0k/193k [00:00<00:04, 39.2kB/s]
100%|██████████| 193k/193k [00:01<00:00, 172kB/s]  

maxnikezz 30 checkpoints [2]
$ kaggle datasets create -p C:\Users\mnica\Documents\Projet_filiere-worktrees\visualization\studies\landscape_v3\kaggle_stage\maxnikezz
/s]

  0%|          | 0.00/1.03M [00:00<?, ?B/s]
  2%|▏         | 16.0k/1.03M [00:00<00:28, 37.6kB/s]
 49%|████▊     | 512k/1.03M [00:00<00:00, 773kB/s]  
 58%|█████▊    | 608k/1.03M [00:00<00:00, 782kB/s]
 76%|███████▌  | 800k/1.03M [00:01<00:00, 916kB/s]
100%|██████████| 1.03M/1.03M [00:01<00:00, 707kB/s]

  0%|          | 0.00/1.03M [00:00<?, ?B/s]
  2%|▏         | 16.0k/1.03M [00:00<00:27, 39.4kB/s]
 50%|█████     | 528k/1.03M [00:00<00:00, 818kB/s]  
 59%|█████▉    | 624k/1.03M [00:00<00:00, 808kB/s]
 79%|███████▉  | 832k/1.03M [00:01<00:00, 937kB/s]
100%|██████████| 1.03M/1.03M [00:01<00:00, 736kB/s]

  0%|          | 0.00/1.03M [00:00<?, ?B/s]
  2%|▏         | 16.0k/1.03M [00:00<00:27, 38.1kB/s]
 49%|████▊     | 512k/1.03M [00:00<00:00, 1.29MB/s] 
 77%|███████▋  | 816k/1.03M [00:01<00:00, 861kB/s] 
100%|██████████| 1.03M/1.03M [00:01<00:00, 731kB/s]

  0%|          | 0.00/1.03M [00:00<?, ?B/s]
  2%|▏         | 16.0k/1.03M [00:00<00:27, 39.4kB/s]
 52%|█████▏    | 544k/1.03M [00:00<00:00, 865kB/s]  
 61%|██████    | 640k/1.03M [00:00<00:00, 822kB/s]
 80%|████████  | 848k/1.03M [00:01<00:00, 944kB/s]
100%|██████████| 1.03M/1.03M [00:01<00:00, 708kB/s]

  0%|          | 0.00/1.03M [00:00<?, ?B/s]
  2%|▏         | 16.0k/1.03M [00:00<00:24, 43.7kB/s]
 50%|█████     | 528k/1.03M [00:00<00:00, 753kB/s]  
 65%|██████▌   | 688k/1.03M [00:00<00:00, 827kB/s]
100%|██████████| 1.03M/1.03M [00:01<00:00, 762kB/s]

  0%|          | 0.00/1.03M [00:00<?, ?B/s]
  2%|▏         | 16.0k/1.03M [00:00<00:27, 38.6kB/s]
 49%|████▊     | 512k/1.03M [00:00<00:00, 750kB/s]  
 65%|██████▌   | 688k/1.03M [00:01<00:00, 785kB/s]
100%|██████████| 1.03M/1.03M [00:01<00:00, 727kB/s]

  0%|          | 0.00/1.03M [00:00<?, ?B/s]
  2%|▏         | 16.0k/1.03M [00:00<00:32, 32.4kB/s]
 52%|█████▏    | 544k/1.03M [00:00<00:00, 740kB/s]  
 61%|██████    | 640k/1.03M [00:01<00:00, 763kB/s]
 70%|██████▉   | 736k/1.03M [00:01<00:00, 799kB/s]
100%|██████████| 1.03M/1.03M [00:01<00:00, 691kB/s]

  0%|          | 0.00/1.03M [00:00<?, ?B/s]
  2%|▏         | 16.0k/1.03M [00:00<00:29, 36.3kB/s]
 49%|████▊     | 512k/1.03M [00:00<00:00, 791kB/s]  
 58%|█████▊    | 608k/1.03M [00:00<00:00, 800kB/s]
 77%|███████▋  | 816k/1.03M [00:01<00:00, 963kB/s]
100%|██████████| 1.03M/1.03M [00:01<00:00, 701kB/s]

  0%|          | 0.00/1.03M [00:00<?, ?B/s]
  2%|▏         | 16.0k/1.03M [00:00<00:32, 33.0kB/s]
 49%|████▊     | 512k/1.03M [00:00<00:00, 778kB/s]  
 58%|█████▊    | 608k/1.03M [00:00<00:00, 727kB/s]
 85%|████████▍ | 896k/1.03M [00:01<00:00, 1.02MB/s]
100%|██████████| 1.03M/1.03M [00:01<00:00, 694kB/s]

  0%|          | 0.00/1.03M [00:00<?, ?B/s]
  2%|▏         | 16.0k/1.03M [00:00<00:29, 36.2kB/s]
 50%|█████     | 528k/1.03M [00:00<00:00, 688kB/s]  
 67%|██████▋   | 704k/1.03M [00:01<00:00, 776kB/s]
100%|██████████| 1.03M/1.03M [00:01<00:00, 708kB/s]

  0%|          | 0.00/193k [00:00<?, ?B/s]
  8%|▊         | 16.0k/193k [00:00<00:04, 38.1kB/s]
100%|██████████| 193k/193k [00:01<00:00, 169kB/s]  

maximemonstrenikez 30 checkpoints [3]
$ kaggle datasets create -p C:\Users\mnica\Documents\Projet_filiere-worktrees\visualization\studies\landscape_v3\kaggle_stage\maximemonstrenikez
         | 16.0k/1.03M [00:00<00:26, 40.2kB/s]
 33%|███▎      | 352k/1.03M [00:00<00:01, 591kB/s]  
 41%|████      | 432k/1.03M [00:00<00:01, 602kB/s]
 56%|█████▌    | 592k/1.03M [00:01<00:00, 738kB/s]
 94%|█████████▍| 992k/1.03M [00:01<00:00, 1.39MB/s]
100%|██████████| 1.03M/1.03M [00:01<00:00, 744kB/s]

  0%|          | 0.00/1.03M [00:00<?, ?B/s]
  2%|▏         | 16.0k/1.03M [00:00<00:26, 39.5kB/s]
 33%|███▎      | 352k/1.03M [00:00<00:01, 624kB/s]  
 41%|████      | 432k/1.03M [00:00<00:00, 662kB/s]
 56%|█████▌    | 592k/1.03M [00:00<00:00, 767kB/s]
100%|██████████| 1.03M/1.03M [00:01<00:00, 1.60MB/s]
100%|██████████| 1.03M/1.03M [00:01<00:00, 778kB/s] 

  0%|          | 0.00/1.03M [00:00<?, ?B/s]
  2%|▏         | 16.0k/1.03M [00:00<00:27, 38.6kB/s]
 33%|███▎      | 352k/1.03M [00:00<00:00, 840kB/s]  
 49%|████▊     | 512k/1.03M [00:01<00:01, 544kB/s]
 71%|███████▏  | 752k/1.03M [00:01<00:00, 800kB/s]
100%|██████████| 1.03M/1.03M [00:01<00:00, 679kB/s]

  0%|          | 0.00/1.03M [00:00<?, ?B/s]
  2%|▏         | 16.0k/1.03M [00:00<00:29, 36.5kB/s]
 33%|███▎      | 352k/1.03M [00:00<00:00, 844kB/s]  
 52%|█████▏    | 544k/1.03M [00:00<00:00, 813kB/s]
 65%|██████▌   | 688k/1.03M [00:00<00:00, 894kB/s]
 77%|███████▋  | 816k/1.03M [00:01<00:00, 931kB/s]
100%|██████████| 1.03M/1.03M [00:01<00:00, 726kB/s]

  0%|          | 0.00/1.03M [00:00<?, ?B/s]
  2%|▏         | 16.0k/1.03M [00:00<00:30, 34.6kB/s]
 33%|███▎      | 352k/1.03M [00:00<00:01, 551kB/s]  
 41%|████      | 432k/1.03M [00:00<00:01, 569kB/s]
 67%|██████▋   | 704k/1.03M [00:01<00:00, 919kB/s]
100%|██████████| 1.03M/1.03M [00:01<00:00, 712kB/s]

  0%|          | 0.00/1.03M [00:00<?, ?B/s]
  2%|▏         | 16.0k/1.03M [00:00<00:30, 34.8kB/s]
 33%|███▎      | 352k/1.03M [00:00<00:01, 509kB/s]  
 49%|████▊     | 512k/1.03M [00:00<00:00, 689kB/s]
 64%|██████▎   | 672k/1.03M [00:01<00:00, 776kB/s]
100%|██████████| 1.03M/1.03M [00:01<00:00, 694kB/s]

  0%|          | 0.00/1.03M [00:00<?, ?B/s]
  2%|▏         | 16.0k/1.03M [00:00<00:32, 33.2kB/s]
 33%|███▎      | 352k/1.03M [00:00<00:01, 539kB/s]  
 42%|████▏     | 448k/1.03M [00:00<00:01, 581kB/s]
 88%|████████▊ | 928k/1.03M [00:01<00:00, 1.40MB/s]
100%|██████████| 1.03M/1.03M [00:01<00:00, 588kB/s]

  0%|          | 0.00/1.03M [00:00<?, ?B/s]
  2%|▏         | 16.0k/1.03M [00:00<00:36, 29.2kB/s]
 33%|███▎      | 352k/1.03M [00:00<00:01, 475kB/s]  
 41%|████      | 432k/1.03M [00:01<00:01, 527kB/s]
 74%|███████▍  | 784k/1.03M [00:01<00:00, 953kB/s]
100%|██████████| 1.03M/1.03M [00:01<00:00, 667kB/s]

  0%|          | 0.00/1.03M [00:00<?, ?B/s]
  2%|▏         | 16.0k/1.03M [00:00<00:33, 31.5kB/s]
 38%|███▊      | 400k/1.03M [00:00<00:00, 836kB/s]  
 56%|█████▌    | 592k/1.03M [00:01<00:00, 586kB/s]
 83%|████████▎ | 880k/1.03M [00:01<00:00, 849kB/s]
100%|██████████| 1.03M/1.03M [00:01<00:00, 632kB/s]

  0%|          | 0.00/193k [00:00<?, ?B/s]
  8%|▊         | 16.0k/193k [00:00<00:04, 37.6kB/s]
100%|██████████| 193k/193k [00:01<00:00, 172kB/s]  

