maxmonstre 20 checkpoints [0, 1, 2, 3, 4]
$ kaggle datasets create -p C:\Users\mnica\Documents\Projet_filiere-worktrees\visualization\studies\landscape_v3\kaggle_stage\maxmonstre
%|█         | 112k/1.03M [00:00<00:02, 347kB/s]  
 49%|████▊     | 512k/1.03M [00:00<00:00, 958kB/s]
 58%|█████▊    | 608k/1.03M [00:00<00:00, 955kB/s]
 77%|███████▋  | 816k/1.03M [00:00<00:00, 1.07MB/s]
100%|██████████| 1.03M/1.03M [00:01<00:00, 799kB/s]

  0%|          | 0.00/1.03M [00:00<?, ?B/s]
  2%|▏         | 16.0k/1.03M [00:00<00:17, 62.3kB/s]
 50%|█████     | 528k/1.03M [00:00<00:00, 1.05MB/s] 
 59%|█████▉    | 624k/1.03M [00:00<00:00, 895kB/s] 
 67%|██████▋   | 704k/1.03M [00:00<00:00, 852kB/s]
100%|██████████| 1.03M/1.03M [00:01<00:00, 818kB/s]

  0%|          | 0.00/1.03M [00:00<?, ?B/s]
  2%|▏         | 16.0k/1.03M [00:00<00:17, 61.6kB/s]
 50%|█████     | 528k/1.03M [00:00<00:00, 992kB/s]  
 59%|█████▉    | 624k/1.03M [00:00<00:00, 944kB/s]
 68%|██████▊   | 720k/1.03M [00:00<00:00, 916kB/s]
100%|██████████| 1.03M/1.03M [00:01<00:00, 825kB/s]

  0%|          | 0.00/1.03M [00:00<?, ?B/s]
  2%|▏         | 16.0k/1.03M [00:00<00:16, 64.2kB/s]
 50%|█████     | 528k/1.03M [00:00<00:00, 995kB/s]  
 59%|█████▉    | 624k/1.03M [00:00<00:00, 935kB/s]
 68%|██████▊   | 720k/1.03M [00:00<00:00, 907kB/s]
100%|██████████| 1.03M/1.03M [00:01<00:00, 829kB/s]

  0%|          | 0.00/1.03M [00:00<?, ?B/s]
  2%|▏         | 16.0k/1.03M [00:00<00:16, 64.9kB/s]
 44%|████▍     | 464k/1.03M [00:00<00:00, 742kB/s]  
 83%|████████▎ | 880k/1.03M [00:00<00:00, 1.20MB/s]
100%|██████████| 1.03M/1.03M [00:01<00:00, 830kB/s]

  0%|          | 0.00/1.03M [00:00<?, ?B/s]
  2%|▏         | 16.0k/1.03M [00:00<00:16, 64.1kB/s]
 50%|█████     | 528k/1.03M [00:00<00:00, 1.08MB/s] 
 61%|██████    | 640k/1.03M [00:00<00:00, 948kB/s] 
 70%|██████▉   | 736k/1.03M [00:00<00:00, 919kB/s]
100%|██████████| 1.03M/1.03M [00:01<00:00, 828kB/s]

  0%|          | 0.00/1.03M [00:00<?, ?B/s]
  2%|▏         | 16.0k/1.03M [00:00<00:16, 64.6kB/s]
 49%|████▊     | 512k/1.03M [00:00<00:00, 985kB/s]  
 58%|█████▊    | 608k/1.03M [00:00<00:00, 981kB/s]
 70%|██████▉   | 736k/1.03M [00:00<00:00, 942kB/s]
100%|██████████| 1.03M/1.03M [00:01<00:00, 826kB/s]

  0%|          | 0.00/1.03M [00:00<?, ?B/s]
  2%|▏         | 16.0k/1.03M [00:00<00:16, 63.9kB/s]
 49%|████▊     | 512k/1.03M [00:00<00:00, 820kB/s]  
100%|██████████| 1.03M/1.03M [00:01<00:00, 832kB/s]

  0%|          | 0.00/1.03M [00:00<?, ?B/s]
  2%|▏         | 16.0k/1.03M [00:00<00:16, 64.5kB/s]
 49%|████▊     | 512k/1.03M [00:00<00:00, 870kB/s]  
 56%|█████▌    | 592k/1.03M [00:00<00:00, 751kB/s]
 77%|███████▋  | 816k/1.03M [00:00<00:00, 974kB/s]
100%|██████████| 1.03M/1.03M [00:01<00:00, 746kB/s]

  0%|          | 0.00/1.03M [00:00<?, ?B/s]
  2%|▏         | 16.0k/1.03M [00:00<00:16, 64.3kB/s]
 45%|████▌     | 480k/1.03M [00:00<00:00, 1.51MB/s] 
 65%|██████▌   | 688k/1.03M [00:00<00:00, 808kB/s] 
 80%|████████  | 848k/1.03M [00:01<00:00, 865kB/s]
100%|██████████| 1.03M/1.03M [00:01<00:00, 733kB/s]

  0%|          | 0.00/193k [00:00<?, ?B/s]
  8%|▊         | 16.0k/193k [00:00<00:02, 62.2kB/s]
100%|██████████| 193k/193k [00:00<00:00, 200kB/s]  

maxfrrsava 16 checkpoints [1, 2, 3, 4]
$ kaggle datasets create -p C:\Users\mnica\Documents\Projet_filiere-worktrees\visualization\studies\landscape_v3\kaggle_stage\maxfrrsava
Dataset creation error: The requested title "landscape v3 inputs" is already in use by a dataset. Please choose another title.

$ kaggle datasets version -p C:\Users\mnica\Documents\Projet_filiere-worktrees\visualization\studies\landscape_v3\kaggle_stage\maxfrrsava -m landscape_v3 reassignment
|████▊     | 512k/1.03M [00:00<00:00, 730kB/s]  
 56%|█████▌    | 592k/1.03M [00:00<00:00, 720kB/s]
 65%|██████▌   | 688k/1.03M [00:01<00:00, 760kB/s]
100%|██████████| 1.03M/1.03M [00:01<00:00, 712kB/s]

  0%|          | 0.00/1.03M [00:00<?, ?B/s]
  2%|▏         | 16.0k/1.03M [00:00<00:33, 32.0kB/s]
 17%|█▋        | 176k/1.03M [00:00<00:02, 369kB/s]  
 44%|████▍     | 464k/1.03M [00:00<00:00, 688kB/s]
 53%|█████▎    | 560k/1.03M [00:01<00:00, 726kB/s]
 62%|██████▏   | 656k/1.03M [00:01<00:00, 739kB/s]
100%|██████████| 1.03M/1.03M [00:01<00:00, 679kB/s]

  0%|          | 0.00/1.03M [00:00<?, ?B/s]
  2%|▏         | 16.0k/1.03M [00:00<00:32, 32.6kB/s]
 50%|█████     | 528k/1.03M [00:00<00:00, 728kB/s]  
 58%|█████▊    | 608k/1.03M [00:00<00:00, 737kB/s]
 68%|██████▊   | 720k/1.03M [00:01<00:00, 792kB/s]
100%|██████████| 1.03M/1.03M [00:01<00:00, 697kB/s]

  0%|          | 0.00/1.03M [00:00<?, ?B/s]
  2%|▏         | 16.0k/1.03M [00:00<00:33, 31.3kB/s]
 36%|███▋      | 384k/1.03M [00:00<00:00, 826kB/s]  
 58%|█████▊    | 608k/1.03M [00:01<00:01, 427kB/s]
 85%|████████▍ | 896k/1.03M [00:01<00:00, 671kB/s]
100%|██████████| 1.03M/1.03M [00:02<00:00, 527kB/s]

  0%|          | 0.00/1.03M [00:00<?, ?B/s]
  2%|▏         | 16.0k/1.03M [00:00<00:35, 29.8kB/s]
 11%|█         | 112k/1.03M [00:00<00:04, 209kB/s]  
 42%|████▏     | 448k/1.03M [00:00<00:00, 659kB/s]
 50%|█████     | 528k/1.03M [00:01<00:00, 663kB/s]
100%|██████████| 1.03M/1.03M [00:01<00:00, 637kB/s]

  0%|          | 0.00/1.03M [00:00<?, ?B/s]
  2%|▏         | 16.0k/1.03M [00:00<00:33, 31.5kB/s]
 11%|█         | 112k/1.03M [00:00<00:04, 221kB/s]  
 50%|█████     | 528k/1.03M [00:00<00:00, 1.02MB/s]
 65%|██████▌   | 688k/1.03M [00:01<00:00, 872kB/s] 
100%|██████████| 1.03M/1.03M [00:01<00:00, 675kB/s]

  0%|          | 0.00/1.03M [00:00<?, ?B/s]
  2%|▏         | 16.0k/1.03M [00:00<00:30, 35.2kB/s]
 38%|███▊      | 400k/1.03M [00:00<00:00, 885kB/s]  
 55%|█████▍    | 576k/1.03M [00:00<00:00, 690kB/s]
 82%|████████▏ | 864k/1.03M [00:01<00:00, 981kB/s]
100%|██████████| 1.03M/1.03M [00:01<00:00, 718kB/s]

  0%|          | 0.00/1.03M [00:00<?, ?B/s]
  2%|▏         | 16.0k/1.03M [00:00<00:32, 32.6kB/s]
 11%|█         | 112k/1.03M [00:00<00:03, 242kB/s]  
 52%|█████▏    | 544k/1.03M [00:00<00:00, 873kB/s]
 62%|██████▏   | 656k/1.03M [00:01<00:00, 797kB/s]
 71%|███████▏  | 752k/1.03M [00:01<00:00, 798kB/s]
100%|██████████| 1.03M/1.03M [00:01<00:00, 1.27MB/s]
100%|██████████| 1.03M/1.03M [00:01<00:00, 660kB/s] 

  0%|          | 0.00/1.03M [00:00<?, ?B/s]
  2%|▏         | 16.0k/1.03M [00:00<00:33, 31.7kB/s]
 24%|██▍       | 256k/1.03M [00:00<00:01, 557kB/s]  
 50%|█████     | 528k/1.03M [00:00<00:00, 835kB/s]
 64%|██████▎   | 672k/1.03M [00:01<00:00, 840kB/s]
 76%|███████▌  | 800k/1.03M [00:01<00:00, 922kB/s]
100%|██████████| 1.03M/1.03M [00:01<00:00, 685kB/s]

  0%|          | 0.00/193k [00:00<?, ?B/s]
  8%|▊         | 16.0k/193k [00:00<00:06, 29.4kB/s]
100%|██████████| 193k/193k [00:01<00:00, 148kB/s]  

