maxlefrr 46 checkpoints [0, 1, 2, 3, 4]
$ kaggle datasets create -p C:\Users\mnica\Documents\Projet_filiere-worktrees\visualization\studies\landscape_v3\kaggle_stage\maxlefrr
Dataset creation error: The requested title "landscape v3 inputs" is already in use by a dataset. Please choose another title.

$ kaggle datasets version -p C:\Users\mnica\Documents\Projet_filiere-worktrees\visualization\studies\landscape_v3\kaggle_stage\maxlefrr -m landscape_v3 reassignment
██████████| 1.03M/1.03M [00:01<00:00, 831kB/s]

  0%|          | 0.00/1.03M [00:00<?, ?B/s]
  2%|▏         | 16.0k/1.03M [00:00<00:17, 61.6kB/s]
 50%|█████     | 528k/1.03M [00:00<00:00, 842kB/s]  
 58%|█████▊    | 608k/1.03M [00:00<00:00, 808kB/s]
 80%|████████  | 848k/1.03M [00:00<00:00, 1.09MB/s]
100%|██████████| 1.03M/1.03M [00:01<00:00, 755kB/s]

  0%|          | 0.00/1.03M [00:00<?, ?B/s]
  2%|▏         | 16.0k/1.03M [00:00<00:16, 64.2kB/s]
 50%|█████     | 528k/1.03M [00:00<00:00, 822kB/s]  
 58%|█████▊    | 608k/1.03M [00:01<00:00, 490kB/s]
 79%|███████▉  | 832k/1.03M [00:01<00:00, 717kB/s]
100%|██████████| 1.03M/1.03M [00:01<00:00, 611kB/s]

  0%|          | 0.00/1.03M [00:00<?, ?B/s]
  2%|▏         | 16.0k/1.03M [00:00<00:16, 63.6kB/s]
 50%|█████     | 528k/1.03M [00:00<00:00, 976kB/s]  
 59%|█████▉    | 624k/1.03M [00:00<00:00, 921kB/s]
 85%|████████▍ | 896k/1.03M [00:00<00:00, 1.30MB/s]
100%|██████████| 1.03M/1.03M [00:01<00:00, 829kB/s]

  0%|          | 0.00/1.03M [00:00<?, ?B/s]
  2%|▏         | 16.0k/1.03M [00:00<00:16, 64.8kB/s]
 50%|█████     | 528k/1.03M [00:00<00:00, 801kB/s]  
 65%|██████▌   | 688k/1.03M [00:00<00:00, 922kB/s]
100%|██████████| 1.03M/1.03M [00:01<00:00, 817kB/s]

  0%|          | 0.00/1.03M [00:00<?, ?B/s]
  2%|▏         | 16.0k/1.03M [00:00<00:16, 62.7kB/s]
 49%|████▊     | 512k/1.03M [00:00<00:00, 974kB/s]  
 58%|█████▊    | 608k/1.03M [00:00<00:00, 901kB/s]
 65%|██████▌   | 688k/1.03M [00:00<00:00, 864kB/s]
100%|██████████| 1.03M/1.03M [00:01<00:00, 832kB/s]

  0%|          | 0.00/1.03M [00:00<?, ?B/s]
  2%|▏         | 16.0k/1.03M [00:00<00:16, 62.9kB/s]
 42%|████▏     | 448k/1.03M [00:00<00:00, 850kB/s]  
 50%|█████     | 528k/1.03M [00:00<00:00, 813kB/s]
 64%|██████▎   | 672k/1.03M [00:00<00:00, 864kB/s]
100%|██████████| 1.03M/1.03M [00:01<00:00, 826kB/s]

  0%|          | 0.00/1.03M [00:00<?, ?B/s]
  2%|▏         | 16.0k/1.03M [00:00<00:16, 64.2kB/s]
 24%|██▍       | 256k/1.03M [00:00<00:00, 913kB/s]  
 50%|█████     | 528k/1.03M [00:00<00:00, 1.17MB/s]
 64%|██████▎   | 672k/1.03M [00:00<00:00, 1.16MB/s]
 77%|███████▋  | 816k/1.03M [00:00<00:00, 1.07MB/s]
100%|██████████| 1.03M/1.03M [00:01<00:00, 864kB/s]

  0%|          | 0.00/1.03M [00:00<?, ?B/s]
  2%|▏         | 16.0k/1.03M [00:00<00:16, 65.9kB/s]
 50%|█████     | 528k/1.03M [00:00<00:00, 1.08MB/s] 
 61%|██████    | 640k/1.03M [00:00<00:00, 956kB/s] 
 70%|██████▉   | 736k/1.03M [00:00<00:00, 936kB/s]
100%|██████████| 1.03M/1.03M [00:01<00:00, 831kB/s]

  0%|          | 0.00/1.03M [00:00<?, ?B/s]
  2%|▏         | 16.0k/1.03M [00:00<00:19, 55.6kB/s]
 12%|█▏        | 128k/1.03M [00:00<00:02, 344kB/s]  
 52%|█████▏    | 544k/1.03M [00:00<00:00, 1.11MB/s]
 64%|██████▎   | 672k/1.03M [00:00<00:00, 1.07MB/s]
 74%|███████▍  | 784k/1.03M [00:00<00:00, 1.06MB/s]
100%|██████████| 1.03M/1.03M [00:01<00:00, 808kB/s]

  0%|          | 0.00/193k [00:00<?, ?B/s]
  8%|▊         | 16.0k/193k [00:00<00:02, 64.5kB/s]
100%|██████████| 193k/193k [00:00<00:00, 199kB/s]  

maxnicaise 30 checkpoints [0]
$ kaggle datasets create -p C:\Users\mnica\Documents\Projet_filiere-worktrees\visualization\studies\landscape_v3\kaggle_stage\maxnicaise
Dataset creation error: The requested title "landscape v3 inputs" is already in use by a dataset. Please choose another title.

$ kaggle datasets version -p C:\Users\mnica\Documents\Projet_filiere-worktrees\visualization\studies\landscape_v3\kaggle_stage\maxnicaise -m landscape_v3 reassignment
   | 400k/1.03M [00:00<00:00, 1.31MB/s] 
 56%|█████▌    | 592k/1.03M [00:00<00:00, 802kB/s] 
 68%|██████▊   | 720k/1.03M [00:00<00:00, 894kB/s]
100%|██████████| 1.03M/1.03M [00:01<00:00, 825kB/s]

  0%|          | 0.00/1.03M [00:00<?, ?B/s]
  2%|▏         | 16.0k/1.03M [00:00<00:17, 62.1kB/s]
 38%|███▊      | 400k/1.03M [00:00<00:00, 1.35MB/s] 
 58%|█████▊    | 608k/1.03M [00:00<00:00, 818kB/s] 
 83%|████████▎ | 880k/1.03M [00:00<00:00, 1.06MB/s]
100%|██████████| 1.03M/1.03M [00:01<00:00, 808kB/s]

  0%|          | 0.00/1.03M [00:00<?, ?B/s]
  2%|▏         | 16.0k/1.03M [00:00<00:17, 59.5kB/s]
 26%|██▌       | 272k/1.03M [00:00<00:00, 897kB/s]  
 52%|█████▏    | 544k/1.03M [00:00<00:00, 983kB/s]
 64%|██████▎   | 672k/1.03M [00:00<00:00, 1.01MB/s]
 76%|███████▌  | 800k/1.03M [00:00<00:00, 1.03MB/s]
100%|██████████| 1.03M/1.03M [00:01<00:00, 816kB/s]

  0%|          | 0.00/1.03M [00:00<?, ?B/s]
  2%|▏         | 16.0k/1.03M [00:00<00:17, 60.9kB/s]
 38%|███▊      | 400k/1.03M [00:00<00:00, 1.40MB/s] 
 61%|██████    | 640k/1.03M [00:00<00:00, 894kB/s] 
100%|██████████| 1.03M/1.03M [00:01<00:00, 823kB/s]

  0%|          | 0.00/1.03M [00:00<?, ?B/s]
  2%|▏         | 16.0k/1.03M [00:00<00:17, 60.3kB/s]
 39%|███▉      | 416k/1.03M [00:00<00:00, 1.44MB/s] 
 62%|██████▏   | 656k/1.03M [00:00<00:00, 910kB/s] 
 77%|███████▋  | 816k/1.03M [00:00<00:00, 1.01MB/s]
100%|██████████| 1.03M/1.03M [00:01<00:00, 829kB/s]

  0%|          | 0.00/1.03M [00:00<?, ?B/s]
  2%|▏         | 16.0k/1.03M [00:00<00:18, 59.0kB/s]
 52%|█████▏    | 544k/1.03M [00:00<00:00, 993kB/s]  
 61%|██████    | 640k/1.03M [00:00<00:00, 927kB/s]
 82%|████████▏ | 864k/1.03M [00:00<00:00, 1.15MB/s]
100%|██████████| 1.03M/1.03M [00:01<00:00, 757kB/s]

  0%|          | 0.00/1.03M [00:00<?, ?B/s]
  2%|▏         | 16.0k/1.03M [00:00<00:27, 39.3kB/s]
 44%|████▍     | 464k/1.03M [00:00<00:00, 1.17MB/s] 
 68%|██████▊   | 720k/1.03M [00:00<00:00, 881kB/s] 
100%|██████████| 1.03M/1.03M [00:01<00:00, 737kB/s]

  0%|          | 0.00/1.03M [00:00<?, ?B/s]
  2%|▏         | 16.0k/1.03M [00:00<00:18, 57.9kB/s]
 39%|███▉      | 416k/1.03M [00:00<00:00, 1.36MB/s] 
 61%|██████    | 640k/1.03M [00:00<00:00, 883kB/s] 
 96%|█████████▌| 0.98M/1.03M [00:00<00:00, 1.17MB/s]
100%|██████████| 1.03M/1.03M [00:01<00:00, 739kB/s] 

  0%|          | 0.00/1.03M [00:00<?, ?B/s]
  2%|▏         | 16.0k/1.03M [00:00<00:25, 42.0kB/s]
 49%|████▊     | 512k/1.03M [00:00<00:00, 645kB/s]  
 62%|██████▏   | 656k/1.03M [00:01<00:00, 542kB/s]
100%|██████████| 1.03M/1.03M [00:01<00:00, 608kB/s]

  0%|          | 0.00/1.03M [00:00<?, ?B/s]
  2%|▏         | 16.0k/1.03M [00:00<00:18, 58.3kB/s]
 45%|████▌     | 480k/1.03M [00:00<00:00, 879kB/s]  
 53%|█████▎    | 560k/1.03M [00:00<00:00, 807kB/s]
 67%|██████▋   | 704k/1.03M [00:00<00:00, 922kB/s]
100%|██████████| 1.03M/1.03M [00:01<00:00, 806kB/s]

  0%|          | 0.00/193k [00:00<?, ?B/s]
  8%|▊         | 16.0k/193k [00:00<00:03, 59.5kB/s]
100%|██████████| 193k/193k [00:00<00:00, 210kB/s]  

