$ kaggle kernels output maxnikezz/landscape-v3-maxnikezz -p C:\Users\mnica\Documents\Projet_filiere-worktrees\visualization\studies\landscape_v3\raw\maxnikezz -o
ian/resolution_s2_test_centre_frozen_ord.json
Output file downloaded to C:\Users\mnica\Documents\Projet_filiere-worktrees\visualization\studies\landscape_v3\raw\maxnikezz\v3/hessian/resolution_s2_test_centre_frozen_ord_vectors.pt
Output file downloaded to C:\Users\mnica\Documents\Projet_filiere-worktrees\visualization\studies\landscape_v3\raw\maxnikezz\v3/hessian/resolution_s2_test_centre_frozen_rel.json
Output file downloaded to C:\Users\mnica\Documents\Projet_filiere-worktrees\visualization\studies\landscape_v3\raw\maxnikezz\v3/hessian/resolution_s2_test_centre_frozen_rel_vectors.pt
Output file downloaded to C:\Users\mnica\Documents\Projet_filiere-worktrees\visualization\studies\landscape_v3\raw\maxnikezz\v3/hessian/resolution_s2_test_saved_ord.json
Output file downloaded to C:\Users\mnica\Documents\Projet_filiere-worktrees\visualization\studies\landscape_v3\raw\maxnikezz\v3/hessian/resolution_s2_test_saved_ord_vectors.pt
Output file downloaded to C:\Users\mnica\Documents\Projet_filiere-worktrees\visualization\studies\landscape_v3\raw\maxnikezz\v3/hessian/resolution_s2_test_saved_rel.json
Output file downloaded to C:\Users\mnica\Documents\Projet_filiere-worktrees\visualization\studies\landscape_v3\raw\maxnikezz\v3/hessian/resolution_s2_test_saved_rel_vectors.pt
Output file downloaded to C:\Users\mnica\Documents\Projet_filiere-worktrees\visualization\studies\landscape_v3\raw\maxnikezz\v3/hessian/resolution_s2_train_centre_frozen_ord.json
Output file downloaded to C:\Users\mnica\Documents\Projet_filiere-worktrees\visualization\studies\landscape_v3\raw\maxnikezz\v3/hessian/resolution_s2_train_centre_frozen_ord_vectors.pt
Output file downloaded to C:\Users\mnica\Documents\Projet_filiere-worktrees\visualization\studies\landscape_v3\raw\maxnikezz\v3/hessian/resolution_s2_train_centre_frozen_rel.json
Output file downloaded to C:\Users\mnica\Documents\Projet_filiere-worktrees\visualization\studies\landscape_v3\raw\maxnikezz\v3/hessian/resolution_s2_train_centre_frozen_rel_vectors.pt
Output file downloaded to C:\Users\mnica\Documents\Projet_filiere-worktrees\visualization\studies\landscape_v3\raw\maxnikezz\v3/hessian/resolution_s2_train_saved_ord.json
Output file downloaded to C:\Users\mnica\Documents\Projet_filiere-worktrees\visualization\studies\landscape_v3\raw\maxnikezz\v3/hessian/resolution_s2_train_saved_ord_vectors.pt
Output file downloaded to C:\Users\mnica\Documents\Projet_filiere-worktrees\visualization\studies\landscape_v3\raw\maxnikezz\v3/hessian/resolution_s2_train_saved_rel.json
Output file downloaded to C:\Users\mnica\Documents\Projet_filiere-worktrees\visualization\studies\landscape_v3\raw\maxnikezz\v3/hessian/resolution_s2_train_saved_rel_vectors.pt
Output file downloaded to C:\Users\mnica\Documents\Projet_filiere-worktrees\visualization\studies\landscape_v3\raw\maxnikezz\v3/timing.json
Kernel log downloaded to C:\Users\mnica\Documents\Projet_filiere-worktrees\visualization\studies\landscape_v3\raw\maxnikezz\landscape-v3-maxnikezz.log 

maxnikezz {'listed': 286, 'missing': 0, 'hash_mismatch': 0}
