$ kaggle kernels output maxnicaise/landscape-v3-maxnicaise -p C:\Users\mnica\Documents\Projet_filiere-worktrees\visualization\studies\landscape_v3\raw\maxnicaise -o
test_centre_frozen_ord.json
Output file downloaded to C:\Users\mnica\Documents\Projet_filiere-worktrees\visualization\studies\landscape_v3\raw\maxnicaise\v3/hessian/resolution_s0_test_centre_frozen_ord_vectors.pt
Output file downloaded to C:\Users\mnica\Documents\Projet_filiere-worktrees\visualization\studies\landscape_v3\raw\maxnicaise\v3/hessian/resolution_s0_test_centre_frozen_rel.json
Output file downloaded to C:\Users\mnica\Documents\Projet_filiere-worktrees\visualization\studies\landscape_v3\raw\maxnicaise\v3/hessian/resolution_s0_test_centre_frozen_rel_vectors.pt
Output file downloaded to C:\Users\mnica\Documents\Projet_filiere-worktrees\visualization\studies\landscape_v3\raw\maxnicaise\v3/hessian/resolution_s0_test_saved_ord.json
Output file downloaded to C:\Users\mnica\Documents\Projet_filiere-worktrees\visualization\studies\landscape_v3\raw\maxnicaise\v3/hessian/resolution_s0_test_saved_ord_vectors.pt
Output file downloaded to C:\Users\mnica\Documents\Projet_filiere-worktrees\visualization\studies\landscape_v3\raw\maxnicaise\v3/hessian/resolution_s0_test_saved_rel.json
Output file downloaded to C:\Users\mnica\Documents\Projet_filiere-worktrees\visualization\studies\landscape_v3\raw\maxnicaise\v3/hessian/resolution_s0_test_saved_rel_vectors.pt
Output file downloaded to C:\Users\mnica\Documents\Projet_filiere-worktrees\visualization\studies\landscape_v3\raw\maxnicaise\v3/hessian/resolution_s0_train_centre_frozen_ord.json
Output file downloaded to C:\Users\mnica\Documents\Projet_filiere-worktrees\visualization\studies\landscape_v3\raw\maxnicaise\v3/hessian/resolution_s0_train_centre_frozen_ord_vectors.pt
Output file downloaded to C:\Users\mnica\Documents\Projet_filiere-worktrees\visualization\studies\landscape_v3\raw\maxnicaise\v3/hessian/resolution_s0_train_centre_frozen_rel.json
Output file downloaded to C:\Users\mnica\Documents\Projet_filiere-worktrees\visualization\studies\landscape_v3\raw\maxnicaise\v3/hessian/resolution_s0_train_centre_frozen_rel_vectors.pt
Output file downloaded to C:\Users\mnica\Documents\Projet_filiere-worktrees\visualization\studies\landscape_v3\raw\maxnicaise\v3/hessian/resolution_s0_train_saved_ord.json
Output file downloaded to C:\Users\mnica\Documents\Projet_filiere-worktrees\visualization\studies\landscape_v3\raw\maxnicaise\v3/hessian/resolution_s0_train_saved_ord_vectors.pt
Output file downloaded to C:\Users\mnica\Documents\Projet_filiere-worktrees\visualization\studies\landscape_v3\raw\maxnicaise\v3/hessian/resolution_s0_train_saved_rel.json
Output file downloaded to C:\Users\mnica\Documents\Projet_filiere-worktrees\visualization\studies\landscape_v3\raw\maxnicaise\v3/hessian/resolution_s0_train_saved_rel_vectors.pt
Output file downloaded to C:\Users\mnica\Documents\Projet_filiere-worktrees\visualization\studies\landscape_v3\raw\maxnicaise\v3/timing.json
Kernel log downloaded to C:\Users\mnica\Documents\Projet_filiere-worktrees\visualization\studies\landscape_v3\raw\maxnicaise\landscape-v3-maxnicaise.log 

maxnicaise {'listed': 318, 'missing': 0, 'hash_mismatch': 0}
