$ kaggle kernels output maxlefrr/landscape-v3-maxlefrr -p C:\Users\mnica\Documents\Projet_filiere-worktrees\visualization\studies\landscape_v3\raw\maxlefrr -o
w\maxlefrr\v3/hessian/resolution_s1_test_centre_frozen_ord.json
Output file downloaded to C:\Users\mnica\Documents\Projet_filiere-worktrees\visualization\studies\landscape_v3\raw\maxlefrr\v3/hessian/resolution_s1_test_centre_frozen_ord_vectors.pt
Output file downloaded to C:\Users\mnica\Documents\Projet_filiere-worktrees\visualization\studies\landscape_v3\raw\maxlefrr\v3/hessian/resolution_s1_test_centre_frozen_rel.json
Output file downloaded to C:\Users\mnica\Documents\Projet_filiere-worktrees\visualization\studies\landscape_v3\raw\maxlefrr\v3/hessian/resolution_s1_test_centre_frozen_rel_vectors.pt
Output file downloaded to C:\Users\mnica\Documents\Projet_filiere-worktrees\visualization\studies\landscape_v3\raw\maxlefrr\v3/hessian/resolution_s1_test_saved_ord.json
Output file downloaded to C:\Users\mnica\Documents\Projet_filiere-worktrees\visualization\studies\landscape_v3\raw\maxlefrr\v3/hessian/resolution_s1_test_saved_ord_vectors.pt
Output file downloaded to C:\Users\mnica\Documents\Projet_filiere-worktrees\visualization\studies\landscape_v3\raw\maxlefrr\v3/hessian/resolution_s1_test_saved_rel.json
Output file downloaded to C:\Users\mnica\Documents\Projet_filiere-worktrees\visualization\studies\landscape_v3\raw\maxlefrr\v3/hessian/resolution_s1_test_saved_rel_vectors.pt
Output file downloaded to C:\Users\mnica\Documents\Projet_filiere-worktrees\visualization\studies\landscape_v3\raw\maxlefrr\v3/hessian/resolution_s1_train_centre_frozen_ord.json
Output file downloaded to C:\Users\mnica\Documents\Projet_filiere-worktrees\visualization\studies\landscape_v3\raw\maxlefrr\v3/hessian/resolution_s1_train_centre_frozen_ord_vectors.pt
Output file downloaded to C:\Users\mnica\Documents\Projet_filiere-worktrees\visualization\studies\landscape_v3\raw\maxlefrr\v3/hessian/resolution_s1_train_centre_frozen_rel.json
Output file downloaded to C:\Users\mnica\Documents\Projet_filiere-worktrees\visualization\studies\landscape_v3\raw\maxlefrr\v3/hessian/resolution_s1_train_centre_frozen_rel_vectors.pt
Output file downloaded to C:\Users\mnica\Documents\Projet_filiere-worktrees\visualization\studies\landscape_v3\raw\maxlefrr\v3/hessian/resolution_s1_train_saved_ord.json
Output file downloaded to C:\Users\mnica\Documents\Projet_filiere-worktrees\visualization\studies\landscape_v3\raw\maxlefrr\v3/hessian/resolution_s1_train_saved_ord_vectors.pt
Output file downloaded to C:\Users\mnica\Documents\Projet_filiere-worktrees\visualization\studies\landscape_v3\raw\maxlefrr\v3/hessian/resolution_s1_train_saved_rel.json
Output file downloaded to C:\Users\mnica\Documents\Projet_filiere-worktrees\visualization\studies\landscape_v3\raw\maxlefrr\v3/hessian/resolution_s1_train_saved_rel_vectors.pt
Output file downloaded to C:\Users\mnica\Documents\Projet_filiere-worktrees\visualization\studies\landscape_v3\raw\maxlefrr\v3/timing.json
Kernel log downloaded to C:\Users\mnica\Documents\Projet_filiere-worktrees\visualization\studies\landscape_v3\raw\maxlefrr\landscape-v3-maxlefrr.log 

maxlefrr {'listed': 286, 'missing': 0, 'hash_mismatch': 0}
