[{"stream_name":"stdout","time":9.803009543,"data":"cifar10-resnet 0.1.0\n"}
,{"stream_name":"stdout","time":9.815638601,"data":"config 'fast_steps_l0': resnet18, 50 epochs, seeds [0]\n"}
,{"stream_name":"stdout","time":9.815657747,"data":"torch 2.10.0+cu128\n"}
,{"stream_name":"stdout","time":10.564616581,"data":"device: cuda (Tesla T4, 14.6 GB)\n"}
,{"stream_name":"stdout","time":10.564984698,"data":"run dir: /kaggle/working/runs/20260908-130308_fast_steps_l0_resnet18\n"}
,{"stream_name":"stdout","time":10.574008071,"data":"CIFAR-10: pickled batches under /kaggle/input/datasets/idrisselkhamlichi/cifar-10-python\n"}
,{"stream_name":"stdout","time":14.834269821,"data":"CIFAR-10: 10000 train / 0 val / 10000 test, 75 MB resident (uint8)\n"}
,{"stream_name":"stdout","time":14.843486995,"data":"No W\u0026B key mounted: logging offline.\n"}
,{"stream_name":"stderr","time":16.31140237,"data":"wandb: Tracking run with wandb version 0.26.1\n"}
,{"stream_name":"stderr","time":16.31167085,"data":"wandb: W\u0026B syncing is set to `offline` in this directory. Run `wandb online` or set WANDB_MODE=online to enable cloud syncing.\n"}
,{"stream_name":"stderr","time":16.311689823,"data":"wandb: Run data is saved locally in /kaggle/working/wandb/offline-run-20260908_130313-qwh8za7c\n"}
,{"stream_name":"stdout","time":17.849155968,"data":"\n"}
,{"stream_name":"stdout","time":17.849247744,"data":"--- seed 0 ---\n"}
,{"stream_name":"stdout","time":18.043552478,"data":"model: resnet18, 11.17M params\n"}
,{"stream_name":"stdout","time":23.488021468,"data":"  [seed 0] activation homotopy: alpha 1.0 -\u003e 0.0 (staircase), 1 group(s) over 17 sites (global/all)\n"}
,{"stream_name":"stdout","time":23.488701749,"data":"  [seed 0] continuation: 10 phases, lr restarts at each -- boundaries 0.00, 0.08, 0.16, 0.24, 0.32, 0.40, 0.48, 0.56, 0.64, 0.72, 1.00\n"}
,{"stream_name":"stdout","time":53.647099222,"data":"  [seed 0] --- phase 0 begins, alpha=1.000, grad norm 1.419 leaving the last phase\n"}
,{"stream_name":"stdout","time":53.647863212,"data":"  [seed 0] epoch 000  lr=0.0935  a=1.00  a0=0.1820  loss=2.1509  test=0.2182  16.4s\n"}
,{"stream_name":"stdout","time":69.062417995,"data":"  [seed 0] epoch 001  lr=0.0592  a=1.00  a0=0.2375  loss=2.0750  test=0.2662  9.6s\n"}
,{"stream_name":"stdout","time":84.645799243,"data":"  [seed 0] epoch 002  lr=0.0183  a=1.00  a0=0.2325  loss=2.0249  test=0.2855  9.7s\n"}
,{"stream_name":"stdout","time":100.492303373,"data":"  [seed 0] epoch 003  lr=0.0000  a=1.00  a0=0.2294  loss=1.9909  test=0.2943  9.8s\n"}
,{"stream_name":"stdout","time":116.695549798,"data":"  [seed 0] --- phase 1 begins, alpha=0.889\n"}
,{"stream_name":"stdout","time":116.69633824,"data":"  [seed 0] epoch 004  lr=0.0938  a=0.89  a0=0.2198  loss=1.9936  test=0.3161  10.0s\n"}
,{"stream_name":"stdout","time":133.484895294,"data":"  [seed 0] epoch 005  lr=0.0592  a=0.89  a0=0.1909  loss=1.8979  test=0.3378  10.2s\n"}
,{"stream_name":"stdout","time":150.21425931,"data":"  [seed 0] epoch 006  lr=0.0183  a=0.89  a0=0.1969  loss=1.8065  test=0.3566  10.3s\n"}
,{"stream_name":"stdout","time":167.269237409,"data":"  [seed 0] epoch 007  lr=0.0000  a=0.89  a0=0.2094  loss=1.7224  test=0.3878  10.4s\n"}
,{"stream_name":"stdout","time":184.692838259,"data":"  [seed 0] --- phase 2 begins, alpha=0.778\n"}
,{"stream_name":"stdout","time":184.693443526,"data":"  [seed 0] epoch 008  lr=0.0938  a=0.78  a0=0.2683  loss=1.7523  test=0.3368  10.6s\n"}
,{"stream_name":"stdout","time":202.010665624,"data":"  [seed 0] epoch 009  lr=0.0597  a=0.78  a0=0.2842  loss=1.6864  test=0.3979  10.6s\n"}
,{"stream_name":"stdout","time":219.32062929,"data":"  [seed 0] epoch 010  lr=0.0187  a=0.78  a0=0.2989  loss=1.6118  test=0.4285  10.5s\n"}
,{"stream_name":"stdout","time":236.332110051,"data":"  [seed 0] epoch 011  lr=0.0000  a=0.78  a0=0.3008  loss=1.5505  test=0.4491  10.4s\n"}
,{"stream_name":"stdout","time":253.533930667,"data":"  [seed 0] --- phase 3 begins, alpha=0.667\n"}
,{"stream_name":"stdout","time":253.534814469,"data":"  [seed 0] epoch 012  lr=0.0938  a=0.67  a0=0.3433  loss=1.5938  test=0.4282  10.5s\n"}
,{"stream_name":"stdout","time":270.882933926,"data":"  [seed 0] epoch 013  lr=0.0597  a=0.67  a0=0.3003  loss=1.5434  test=0.4563  10.6s\n"}
,{"stream_name":"stdout","time":288.116486584,"data":"  [seed 0] epoch 014  lr=0.0187  a=0.67  a0=0.3193  loss=1.4685  test=0.4757  10.6s\n"}
,{"stream_name":"stdout","time":305.507148682,"data":"  [seed 0] epoch 015  lr=0.0000  a=0.67  a0=0.3390  loss=1.3986  test=0.5019  10.5s\n"}
,{"stream_name":"stdout","time":322.604627547,"data":"  [seed 0] --- phase 4 begins, alpha=0.556\n"}
,{"stream_name":"stdout","time":322.605090728,"data":"  [seed 0] epoch 016  lr=0.0935  a=0.56  a0=0.3841  loss=1.4438  test=0.4518  10.5s\n"}
,{"stream_name":"stdout","time":339.744070329,"data":"  [seed 0] epoch 017  lr=0.0597  a=0.56  a0=0.4273  loss=1.4012  test=0.4974  10.5s\n"}
,{"stream_name":"stdout","time":356.865718717,"data":"  [seed 0] epoch 018  lr=0.0187  a=0.56  a0=0.4482  loss=1.2889  test=0.5446  10.5s\n"}
,{"stream_name":"stdout","time":373.981689116,"data":"  [seed 0] epoch 019  lr=0.0000  a=0.56  a0=0.4559  loss=1.1946  test=0.5747  10.5s\n"}
,{"stream_name":"stdout","time":391.353960216,"data":"  [seed 0] --- phase 5 begins, alpha=0.444, grad norm 2.467 leaving the last phase\n"}
,{"stream_name":"stdout","time":391.354662487,"data":"  [seed 0] epoch 020  lr=0.0938  a=0.44  a0=0.4996  loss=1.2481  test=0.5253  10.5s\n"}
,{"stream_name":"stdout","time":408.650704861,"data":"  [seed 0] epoch 021  lr=0.0597  a=0.44  a0=0.5475  loss=1.1956  test=0.5867  10.5s\n"}
,{"stream_name":"stdout","time":425.897244273,"data":"  [seed 0] epoch 022  lr=0.0187  a=0.44  a0=0.5778  loss=1.0663  test=0.6361  10.6s\n"}
,{"stream_name":"stdout","time":443.045050536,"data":"  [seed 0] epoch 023  lr=0.0000  a=0.44  a0=0.5792  loss=0.9610  test=0.6565  10.5s\n"}
,{"stream_name":"stdout","time":460.145680047,"data":"  [seed 0] --- phase 6 begins, alpha=0.333\n"}
,{"stream_name":"stdout","time":460.145755523,"data":"  [seed 0] epoch 024  lr=0.0938  a=0.33  a0=0.5857  loss=1.0591  test=0.5720  10.5s\n"}
,{"stream_name":"stdout","time":477.521662339,"data":"  [seed 0] epoch 025  lr=0.0597  a=0.33  a0=0.6216  loss=1.0197  test=0.6475  10.5s\n"}
,{"stream_name":"stdout","time":494.674399979,"data":"  [seed 0] epoch 026  lr=0.0187  a=0.33  a0=0.6432  loss=0.8955  test=0.6797  10.5s\n"}
,{"stream_name":"stdout","time":511.81587729,"data":"  [seed 0] epoch 027  lr=0.0000  a=0.33  a0=0.6525  loss=0.7953  test=0.7021  10.5s\n"}
,{"stream_name":"stdout","time":528.977852981,"data":"  [seed 0] --- phase 7 begins, alpha=0.222\n"}
,{"stream_name":"stdout","time":528.978707757,"data":"  [seed 0] epoch 028  lr=0.0938  a=0.22  a0=0.6547  loss=0.9147  test=0.6346  10.5s\n"}
,{"stream_name":"stdout","time":546.168405434,"data":"  [seed 0] epoch 029  lr=0.0597  a=0.22  a0=0.6862  loss=0.8660  test=0.6637  10.5s\n"}
,{"stream_name":"stdout","time":563.657647508,"data":"  [seed 0] epoch 030  lr=0.0183  a=0.22  a0=0.7075  loss=0.7304  test=0.7219  10.5s\n"}
,{"stream_name":"stdout","time":580.894675311,"data":"  [seed 0] epoch 031  lr=0.0000  a=0.22  a0=0.7059  loss=0.6233  test=0.7445  10.5s\n"}
,{"stream_name":"stdout","time":598.097378196,"data":"  [seed 0] --- phase 8 begins, alpha=0.111\n"}
,{"stream_name":"stdout","time":598.09774342,"data":"  [seed 0] epoch 032  lr=0.0938  a=0.11  a0=0.6838  loss=0.7525  test=0.6225  10.5s\n"}
,{"stream_name":"stdout","time":615.302329204,"data":"  [seed 0] epoch 033  lr=0.0597  a=0.11  a0=0.7265  loss=0.7277  test=0.6953  10.5s\n"}
,{"stream_name":"stdout","time":632.444597397,"data":"  [seed 0] epoch 034  lr=0.0183  a=0.11  a0=0.7457  loss=0.6119  test=0.7637  10.5s\n"}
,{"stream_name":"stdout","time":649.796019653,"data":"  [seed 0] epoch 035  lr=0.0000  a=0.11  a0=0.7568  loss=0.4970  test=0.7778  10.5s\n"}
,{"stream_name":"stdout","time":662.601787315,"data":"  [seed 0] --- phase 9 begins, alpha=0.000\n"}
,{"stream_name":"stdout","time":662.602388969,"data":"  [seed 0] epoch 036  lr=0.0716  a=0.00  a0=0.6989  loss=0.5340  test=0.6989  10.5s\n"}
,{"stream_name":"stdout","time":675.432065005,"data":"  [seed 0] epoch 037  lr=0.0995  a=0.00  a0=0.6747  loss=0.6636  test=0.6747  10.5s\n"}
,{"stream_name":"stdout","time":688.217724726,"data":"  [seed 0] epoch 038  lr=0.0962  a=0.00  a0=0.7212  loss=0.6526  test=0.7212  10.5s\n"}
,{"stream_name":"stdout","time":700.973598264,"data":"  [seed 0] epoch 039  lr=0.0899  a=0.00  a0=0.7105  loss=0.5842  test=0.7105  10.4s\n"}
,{"stream_name":"stdout","time":713.950134547,"data":"  [seed 0] epoch 040  lr=0.0813  a=0.00  a0=0.7362  loss=0.5492  test=0.7362  10.4s\n"}
,{"stream_name":"stdout","time":726.632633203,"data":"  [seed 0] epoch 041  lr=0.0707  a=0.00  a0=0.7412  loss=0.4944  test=0.7412  10.4s\n"}
,{"stream_name":"stdout","time":739.346819944,"data":"  [seed 0] epoch 042  lr=0.0588  a=0.00  a0=0.7582  loss=0.4387  test=0.7582  10.4s\n"}
,{"stream_name":"stdout","time":752.065622605,"data":"  [seed 0] epoch 043  lr=0.0464  a=0.00  a0=0.7611  loss=0.3798  test=0.7611  10.4s\n"}
,{"stream_name":"stdout","time":764.790517073,"data":"  [seed 0] epoch 044  lr=0.0344  a=0.00  a0=0.7889  loss=0.3176  test=0.7889  10.4s\n"}
,{"stream_name":"stdout","time":777.734255435,"data":"  [seed 0] epoch 045  lr=0.0231  a=0.00  a0=0.8075  loss=0.2639  test=0.8075  10.4s\n"}
,{"stream_name":"stdout","time":790.44290881,"data":"  [seed 0] epoch 046  lr=0.0135  a=0.00  a0=0.8223  loss=0.2001  test=0.8223  10.4s\n"}
,{"stream_name":"stdout","time":803.242237255,"data":"  [seed 0] epoch 047  lr=0.0062  a=0.00  a0=0.8295  loss=0.1645  test=0.8295  10.5s\n"}
,{"stream_name":"stdout","time":816.063859827,"data":"  [seed 0] epoch 048  lr=0.0016  a=0.00  a0=0.8327  loss=0.1404  test=0.8327  10.5s\n"}
,{"stream_name":"stdout","time":829.07775708,"data":"  [seed 0] epoch 049  lr=0.0000  a=0.00  a0=0.8335  loss=0.1361  test=0.8335  10.4s\n"}
,{"stream_name":"stdout","time":833.690783342,"data":"  [seed 0] 806s  test_final=0.8335  test_selected=0.8335  train=0.9697  gap=+0.1362\n"}
,{"stream_name":"stdout","time":833.693006225,"data":"\n"}
,{"stream_name":"stdout","time":833.693388781,"data":"==============================================================================\n"}
,{"stream_name":"stdout","time":833.694229685,"data":"CIFAR-10 BASELINE  --  resnet18, 11,173,962 params, 50 epochs, 1 seeds\n"}
,{"stream_name":"stdout","time":833.694858152,"data":"config 'fast_steps_l0': sgd lr=0.1 mom=0.9 wd=0.0005 bs=128 cosine+5ep warmup, augment=True\n"}
,{"stream_name":"stdout","time":833.695599733,"data":"==============================================================================\n"}
,{"stream_name":"stdout","time":833.696265772,"data":"\n"}
,{"stream_name":"stdout","time":833.696432609,"data":"per seed:\n"}
,{"stream_name":"stdout","time":833.69736909,"data":"          seed    test acc  test err %   final acc   train acc     gen gap   worst cls      wall s\n"}
,{"stream_name":"stdout","time":833.698032547,"data":"             0      0.8335      16.650      0.8335      0.9697     +0.1362         nan         806\n"}
,{"stream_name":"stdout","time":833.698055499,"data":"\n"}
,{"stream_name":"stdout","time":833.698076003,"data":"mean +- sem  (min .. max):\n"}
,{"stream_name":"stdout","time":833.698356657,"data":"      test acc  0.8335   (0.8335 .. 0.8335)\n"}
,{"stream_name":"stdout","time":833.699059852,"data":"    test err %  16.650   (16.650 .. 16.650)\n"}
,{"stream_name":"stdout","time":833.699884709,"data":"     final acc  0.8335   (0.8335 .. 0.8335)\n"}
,{"stream_name":"stdout","time":833.700164583,"data":"     train acc  0.9697   (0.9697 .. 0.9697)\n"}
,{"stream_name":"stdout","time":833.70053657,"data":"       gen gap  +0.1362   (+0.1362 .. +0.1362)\n"}
,{"stream_name":"stdout","time":833.70119556,"data":"        wall s  806   (806 .. 806)\n"}
,{"stream_name":"stdout","time":833.701344321,"data":"\n"}
,{"stream_name":"stdout","time":833.701586072,"data":"model selection: final_epoch -- no validation split, so 'selected' == final epoch\n"}
,{"stream_name":"stdout","time":833.702046688,"data":"throughput: 620 img/s mean\n"}
,{"stream_name":"stdout","time":833.703108107,"data":"\n"}
,{"stream_name":"stdout","time":833.70336408,"data":"results written to /kaggle/working/runs/20260908-130308_fast_steps_l0_resnet18/results.json\n"}
,{"stream_name":"stdout","time":833.707838675,"data":"history written to /kaggle/working/runs/20260908-130308_fast_steps_l0_resnet18/history.jsonl and /kaggle/working/runs/20260908-130308_fast_steps_l0_resnet18/history.csv (50 epoch rows)\n"}
,{"stream_name":"stderr","time":833.717655817,"data":"wandb: \n"}
,{"stream_name":"stderr","time":833.717684146,"data":"wandb: Run history:\n"}
,{"stream_name":"stderr","time":833.717690529,"data":"wandb: s0/alpha_max_group ████▇▇▇▆▆▆▆▆▆▆▅▅▅▄▄▄▃▃▃▃▃▃▂▂▂▂▁▁▁▁▁▁▁▁▁▁\n"}
,{"stream_name":"stderr","time":833.717697389,"data":"wandb:      s0/alpha_mean ████▇▇▇▆▆▆▆▆▆▆▅▅▅▄▄▄▃▃▃▃▃▃▃▂▂▂▁▁▁▁▁▁▁▁▁▁\n"}
,{"stream_name":"stderr","time":833.717701742,"data":"wandb: s0/alpha_min_group ████▇▇▇▆▆▆▆▆▆▅▅▅▄▄▄▄▃▃▃▃▃▂▂▂▂▁▁▁▁▁▁▁▁▁▁▁\n"}
,{"stream_name":"stderr","time":833.717706152,"data":"wandb:  s0/dead_frac_mean ▁▁▁▁▁▁▁▁▁▁▁\n"}
,{"stream_name":"stderr","time":833.717710689,"data":"wandb:           s0/epoch ▁▁▁▂▂▂▂▂▃▃▃▃▃▃▄▄▄▄▄▄▅▅▅▅▅▆▆▆▆▆▆▇▇▇▇▇▇███\n"}
,{"stream_name":"stderr","time":833.717715872,"data":"wandb:         s0/epoch_s █▁▁▁▁▂▂▂▂▂▂▂▂▂▂▂▂▂▂▂▂▂▂▂▂▂▂▂▂▂▂▂▂▂▂▂▂▂▂▂\n"}
,{"stream_name":"stderr","time":833.717720632,"data":"wandb:  s0/grad_norm_mean ▁▃▆▅▅▆█▃█▄▃\n"}
,{"stream_name":"stderr","time":833.717724773,"data":"wandb: s0/grad_norm_total ▁▂█▄▄▄▆▁▆▂▁\n"}
,{"stream_name":"stderr","time":833.717728825,"data":"wandb:       s0/img_per_s ▁███▇▇▇▆▆▇▆▆▆▆▇▇▆▇▆▆▇▆▆▆▆▆▆▆▇▇▇▇▇▇▇▇▇▇▇▇\n"}
,{"stream_name":"stderr","time":833.717733343,"data":"wandb: s0/linear_gap_mean ▁▂▃▃▅▅▆▇███\n"}
,{"stream_name":"stderr","time":833.717737541,"data":"wandb:                +36 ...\n"}
,{"stream_name":"stderr","time":833.717741683,"data":"wandb: \n"}
,{"stream_name":"stderr","time":833.717745715,"data":"wandb: Run summary:\n"}
,{"stream_name":"stderr","time":833.717750058,"data":"wandb: s0/alpha_max_group 0\n"}
,{"stream_name":"stderr","time":833.717754201,"data":"wandb:      s0/alpha_mean 0\n"}
,{"stream_name":"stderr","time":833.717770429,"data":"wandb: s0/alpha_min_group 0\n"}
,{"stream_name":"stderr","time":833.717788545,"data":"wandb:  s0/dead_frac_mean 0\n"}
,{"stream_name":"stderr","time":833.71779243,"data":"wandb:           s0/epoch 49\n"}
,{"stream_name":"stderr","time":833.717796403,"data":"wandb:         s0/epoch_s 10.43939\n"}
,{"stream_name":"stderr","time":833.717800568,"data":"wandb:  s0/grad_norm_mean 0.44656\n"}
,{"stream_name":"stderr","time":833.717804328,"data":"wandb: s0/grad_norm_total 1.44102\n"}
,{"stream_name":"stderr","time":833.717808206,"data":"wandb:       s0/img_per_s 956.37733\n"}
,{"stream_name":"stderr","time":833.717811927,"data":"wandb: s0/linear_gap_mean 0.66999\n"}
,{"stream_name":"stderr","time":833.717815786,"data":"wandb:                +41 ...\n"}
,{"stream_name":"stderr","time":833.717819991,"data":"wandb: \n"}
,{"stream_name":"stderr","time":833.717823653,"data":"wandb: You can sync this run to the cloud by running:\n"}
,{"stream_name":"stderr","time":833.717827767,"data":"wandb: wandb sync /kaggle/working/wandb/offline-run-20260908_130313-qwh8za7c\n"}
,{"stream_name":"stderr","time":833.718057855,"data":"wandb: Find logs at: ./wandb/offline-run-20260908_130313-qwh8za7c/logs\n"}
,{"stream_name":"stdout","time":833.718715729,"data":"\n"}
,{"stream_name":"stdout","time":833.718725705,"data":"Done. Everything from this run is in /kaggle/working/runs/20260908-130308_fast_steps_l0_resnet18\n"}
,{"stream_name":"stderr","time":839.218510651,"data":"/usr/local/lib/python3.12/dist-packages/mistune.py:435: SyntaxWarning: invalid escape sequence '\\|'\n"}
,{"stream_name":"stderr","time":839.21855361,"data":"  cells[i][c] = re.sub('\\\\\\\\\\|', '|', cell)\n"}
,{"stream_name":"stderr","time":839.545333332,"data":"/usr/local/lib/python3.12/dist-packages/nbconvert/filters/filter_links.py:36: SyntaxWarning: invalid escape sequence '\\_'\n"}
,{"stream_name":"stderr","time":839.545387273,"data":"  text = re.sub(r'_', '\\_', text) # Escape underscores in display text\n"}
,{"stream_name":"stderr","time":840.207407488,"data":"[NbConvertApp] Converting notebook __script__.ipynb to html\n"}
,{"stream_name":"stderr","time":841.671843095,"data":"[NbConvertApp] Writing 386418 bytes to __results__.html\n"}
]