[{"stream_name":"stdout","time":33.099713473,"data":"[16:54:57 2026-09-17 gpu1] FAILED sgd_standard_aug_160__plain__seed1\n"}
,{"stream_name":"stdout","time":33.099770733,"data":"Traceback (most recent call last):\n"}
,{"stream_name":"stdout","time":33.099776323,"data":"  File \"/kaggle/working/_repo/overnight/job.py\", line 128, in run_train_cell\n"}
,{"stream_name":"stdout","time":33.099779933,"data":"    raise RuntimeError(\"config hash differs from the frozen protocol\")\n"}
,{"stream_name":"stdout","time":33.099783376,"data":"RuntimeError: config hash differs from the frozen protocol\n"}
,{"stream_name":"stdout","time":33.099786676,"data":"\n"}
,{"stream_name":"stdout","time":33.100944393,"data":"[16:54:57 2026-09-17 gpu1] FAILED sgd_standard_aug_160__sdpoint__seed1\n"}
,{"stream_name":"stdout","time":33.100965114,"data":"Traceback (most recent call last):\n"}
,{"stream_name":"stdout","time":33.100969961,"data":"  File \"/kaggle/working/_repo/overnight/job.py\", line 128, in run_train_cell\n"}
,{"stream_name":"stdout","time":33.100974505,"data":"    raise RuntimeError(\"config hash differs from the frozen protocol\")\n"}
,{"stream_name":"stdout","time":33.10097868,"data":"RuntimeError: config hash differs from the frozen protocol\n"}
,{"stream_name":"stdout","time":33.100982821,"data":"\n"}
,{"stream_name":"stdout","time":33.102065057,"data":"[16:54:57 2026-09-17 gpu1] FAILED adamw_long_noaug_160__resolution_max_b1__seed0\n"}
,{"stream_name":"stdout","time":33.102080664,"data":"Traceback (most recent call last):\n"}
,{"stream_name":"stdout","time":33.10208495,"data":"  File \"/kaggle/working/_repo/overnight/job.py\", line 128, in run_train_cell\n"}
,{"stream_name":"stdout","time":33.102088802,"data":"    raise RuntimeError(\"config hash differs from the frozen protocol\")\n"}
,{"stream_name":"stdout","time":33.10209241,"data":"RuntimeError: config hash differs from the frozen protocol\n"}
,{"stream_name":"stdout","time":33.102096002,"data":"\n"}
,{"stream_name":"stdout","time":33.103096159,"data":"[16:54:57 2026-09-17 gpu1] FAILED adamw_long_noaug_160__sdpoint__seed1\n"}
,{"stream_name":"stdout","time":33.103109686,"data":"Traceback (most recent call last):\n"}
,{"stream_name":"stdout","time":33.103113218,"data":"  File \"/kaggle/working/_repo/overnight/job.py\", line 128, in run_train_cell\n"}
,{"stream_name":"stdout","time":33.103116795,"data":"    raise RuntimeError(\"config hash differs from the frozen protocol\")\n"}
,{"stream_name":"stdout","time":33.103120254,"data":"RuntimeError: config hash differs from the frozen protocol\n"}
,{"stream_name":"stdout","time":33.103123583,"data":"\n"}
,{"stream_name":"stdout","time":33.104160151,"data":"[16:54:57 2026-09-17 gpu1] FAILED adamw_long_aug_160__plain__seed0\n"}
,{"stream_name":"stdout","time":33.104174862,"data":"Traceback (most recent call last):\n"}
,{"stream_name":"stdout","time":33.104178669,"data":"  File \"/kaggle/working/_repo/overnight/job.py\", line 128, in run_train_cell\n"}
,{"stream_name":"stdout","time":33.104182419,"data":"    raise RuntimeError(\"config hash differs from the frozen protocol\")\n"}
,{"stream_name":"stdout","time":33.104197139,"data":"RuntimeError: config hash differs from the frozen protocol\n"}
,{"stream_name":"stdout","time":33.104212588,"data":"\n"}
,{"stream_name":"stdout","time":33.105203726,"data":"[16:54:57 2026-09-17 gpu1] FAILED adamw_long_aug_160__cbs_published_schedule__seed1\n"}
,{"stream_name":"stdout","time":33.105217655,"data":"Traceback (most recent call last):\n"}
,{"stream_name":"stdout","time":33.10522217,"data":"  File \"/kaggle/working/_repo/overnight/job.py\", line 128, in run_train_cell\n"}
,{"stream_name":"stdout","time":33.105235438,"data":"    raise RuntimeError(\"config hash differs from the frozen protocol\")\n"}
,{"stream_name":"stdout","time":33.105239257,"data":"RuntimeError: config hash differs from the frozen protocol\n"}
,{"stream_name":"stdout","time":33.10524294,"data":"\n"}
,{"stream_name":"stdout","time":33.350385538,"data":"[16:54:58 2026-09-17 gpu0] FAILED sgd_standard_aug_160__sdpoint__seed0\n"}
,{"stream_name":"stdout","time":33.350410756,"data":"Traceback (most recent call last):\n"}
,{"stream_name":"stdout","time":33.350416569,"data":"  File \"/kaggle/working/_repo/overnight/job.py\", line 128, in run_train_cell\n"}
,{"stream_name":"stdout","time":33.350421509,"data":"    raise RuntimeError(\"config hash differs from the frozen protocol\")\n"}
,{"stream_name":"stdout","time":33.350426453,"data":"RuntimeError: config hash differs from the frozen protocol\n"}
,{"stream_name":"stdout","time":33.350430938,"data":"\n"}
,{"stream_name":"stdout","time":33.351873921,"data":"[16:54:58 2026-09-17 gpu0] FAILED sgd_standard_aug_160__resolution_max_b1_gaussian_conv__seed1\n"}
,{"stream_name":"stdout","time":33.351887957,"data":"Traceback (most recent call last):\n"}
,{"stream_name":"stdout","time":33.351892307,"data":"  File \"/kaggle/working/_repo/overnight/job.py\", line 128, in run_train_cell\n"}
,{"stream_name":"stdout","time":33.351896661,"data":"    raise RuntimeError(\"config hash differs from the frozen protocol\")\n"}
,{"stream_name":"stdout","time":33.351900886,"data":"RuntimeError: config hash differs from the frozen protocol\n"}
,{"stream_name":"stdout","time":33.35190485,"data":"\n"}
,{"stream_name":"stdout","time":33.352997507,"data":"[16:54:58 2026-09-17 gpu0] FAILED adamw_long_noaug_160__resolution_max_b1_gaussian_conv__seed1\n"}
,{"stream_name":"stdout","time":33.353014285,"data":"Traceback (most recent call last):\n"}
,{"stream_name":"stdout","time":33.353018812,"data":"  File \"/kaggle/working/_repo/overnight/job.py\", line 128, in run_train_cell\n"}
,{"stream_name":"stdout","time":33.353023205,"data":"    raise RuntimeError(\"config hash differs from the frozen protocol\")\n"}
,{"stream_name":"stdout","time":33.353027165,"data":"RuntimeError: config hash differs from the frozen protocol\n"}
,{"stream_name":"stdout","time":33.353031157,"data":"\n"}
,{"stream_name":"stdout","time":33.354163563,"data":"[16:54:58 2026-09-17 gpu0] FAILED adamw_long_aug_160__gaussian_postrelu__seed1\n"}
,{"stream_name":"stdout","time":33.354180107,"data":"Traceback (most recent call last):\n"}
,{"stream_name":"stdout","time":33.354185042,"data":"  File \"/kaggle/working/_repo/overnight/job.py\", line 128, in run_train_cell\n"}
,{"stream_name":"stdout","time":33.354189386,"data":"    raise RuntimeError(\"config hash differs from the frozen protocol\")\n"}
,{"stream_name":"stdout","time":33.354193558,"data":"RuntimeError: config hash differs from the frozen protocol\n"}
,{"stream_name":"stdout","time":33.354197716,"data":"\n"}
,{"stream_name":"stdout","time":33.355380742,"data":"[16:54:58 2026-09-17 gpu0] FAILED adamw_long_aug_160__sdpoint__seed2\n"}
,{"stream_name":"stdout","time":33.355397487,"data":"Traceback (most recent call last):\n"}
,{"stream_name":"stdout","time":33.355402531,"data":"  File \"/kaggle/working/_repo/overnight/job.py\", line 128, in run_train_cell\n"}
,{"stream_name":"stdout","time":33.355406875,"data":"    raise RuntimeError(\"config hash differs from the frozen protocol\")\n"}
,{"stream_name":"stdout","time":33.355411081,"data":"RuntimeError: config hash differs from the frozen protocol\n"}
,{"stream_name":"stdout","time":33.355415143,"data":"\n"}
,{"stream_name":"stdout","time":33.863889709,"data":"job finished {\"sgd_standard_aug_160__sdpoint__seed0\": \"failed\", \"sgd_standard_aug_160__resolution_max_b1_gaussian_conv__seed1\": \"failed\", \"adamw_long_noaug_160__resolution_max_b1_gaussian_conv__seed1\": \"failed\", \"adamw_long_aug_160__gaussian_postrelu__seed1\": \"failed\", \"adamw_long_aug_160__sdpoint__seed2\": \"failed\", \"sgd_standard_aug_160__plain__seed1\": \"failed\", \"sgd_standard_aug_160__sdpoint__seed1\": \"failed\", \"adamw_long_noaug_160__resolution_max_b1__seed0\": \"failed\", \"adamw_long_noaug_160__sdpoint__seed1\": \"failed\", \"adamw_long_aug_160__plain__seed0\": \"failed\", \"adamw_long_aug_160__cbs_published_schedule__seed1\": \"failed\"}\n"}
,{"stream_name":"stderr","time":36.324801928,"data":"/usr/local/lib/python3.12/dist-packages/mistune.py:435: SyntaxWarning: invalid escape sequence '\\|'\n"}
,{"stream_name":"stderr","time":36.32485169,"data":"  cells[i][c] = re.sub('\\\\\\\\\\|', '|', cell)\n"}
,{"stream_name":"stderr","time":36.564265869,"data":"/usr/local/lib/python3.12/dist-packages/nbconvert/filters/filter_links.py:36: SyntaxWarning: invalid escape sequence '\\_'\n"}
,{"stream_name":"stderr","time":36.564292068,"data":"  text = re.sub(r'_', '\\_', text) # Escape underscores in display text\n"}
,{"stream_name":"stderr","time":37.179279309,"data":"[NbConvertApp] Converting notebook __script__.ipynb to html\n"}
,{"stream_name":"stderr","time":38.327644666,"data":"[NbConvertApp] Writing 486151 bytes to __results__.html\n"}
]