[{"stream_name":"stdout","time":7.55831021,"data":"cifar10-resnet 0.1.0\n"}
,{"stream_name":"stdout","time":7.566120428,"data":"config 'act_linear': resnet18, 40 epochs, seeds [0]\n"}
,{"stream_name":"stdout","time":7.566192256,"data":"torch 2.10.0+cu128\n"}
,{"stream_name":"stdout","time":8.250949969,"data":"device: cuda (Tesla T4, 14.6 GB)\n"}
,{"stream_name":"stdout","time":8.251434873000001,"data":"run dir: /kaggle/working/runs/20260908-085009_act_linear_resnet18\n"}
,{"stream_name":"stdout","time":8.262510651,"data":"CIFAR-10: pickled batches under /kaggle/input/datasets/idrisselkhamlichi/cifar-10-python\n"}
,{"stream_name":"stdout","time":10.834025072,"data":"CIFAR-10: 50000 train / 0 val / 10000 test, 258 MB resident (uint8)\n"}
,{"stream_name":"stdout","time":10.847729518,"data":"No W\u0026B key mounted: logging offline.\n"}
,{"stream_name":"stderr","time":12.177050522,"data":"wandb: Tracking run with wandb version 0.26.1\n"}
,{"stream_name":"stderr","time":12.177405502,"data":"wandb: W\u0026B syncing is set to `offline` in this directory. Run `wandb online` or set WANDB_MODE=online to enable cloud syncing.\n"}
,{"stream_name":"stderr","time":12.177438641,"data":"wandb: Run data is saved locally in /kaggle/working/wandb/offline-run-20260908_085012-vnbywh4d\n"}
,{"stream_name":"stdout","time":13.354085994,"data":"\n"}
,{"stream_name":"stdout","time":13.35430196,"data":"--- seed 0 ---\n"}
,{"stream_name":"stdout","time":13.541588856,"data":"model: resnet18, 11.17M params\n"}
,{"stream_name":"stdout","time":18.642122426,"data":"  [seed 0] activation homotopy: alpha 1.0 -\u003e 0.0 (linear), 1 group(s) over 17 sites (global/all)\n"}
,{"stream_name":"stdout","time":96.226456255,"data":"  [seed 0] epoch 000  lr=0.0200  a=0.95  a0=0.1909  loss=2.0881  test=0.2598  59.7s\n"}
,{"stream_name":"stdout","time":158.33602919,"data":"  [seed 0] epoch 001  lr=0.0400  a=0.90  a0=0.2426  loss=1.9639  test=0.3034  54.6s\n"}
,{"stream_name":"stdout","time":221.028642713,"data":"  [seed 0] epoch 002  lr=0.0600  a=0.85  a0=0.2453  loss=1.7700  test=0.3867  55.3s\n"}
,{"stream_name":"stdout","time":283.704675651,"data":"  [seed 0] epoch 003  lr=0.0800  a=0.80  a0=0.1843  loss=1.6285  test=0.3909  55.1s\n"}
,{"stream_name":"stdout","time":346.535898269,"data":"  [seed 0] epoch 004  lr=0.1000  a=0.75  a0=0.2697  loss=1.5300  test=0.4728  55.3s\n"}
,{"stream_name":"stdout","time":409.374461524,"data":"  [seed 0] epoch 005  lr=0.0998  a=0.70  a0=0.3951  loss=1.3861  test=0.4575  55.1s\n"}
,{"stream_name":"stdout","time":471.664995617,"data":"  [seed 0] epoch 006  lr=0.0992  a=0.65  a0=0.4552  loss=1.2138  test=0.5846  54.8s\n"}
,{"stream_name":"stdout","time":534.025232649,"data":"  [seed 0] epoch 007  lr=0.0982  a=0.60  a0=0.4570  loss=1.0962  test=0.6241  54.9s\n"}
,{"stream_name":"stdout","time":596.858524512,"data":"  [seed 0] epoch 008  lr=0.0968  a=0.55  a0=0.5349  loss=0.9986  test=0.5775  55.3s\n"}
,{"stream_name":"stdout","time":659.382614503,"data":"  [seed 0] epoch 009  lr=0.0951  a=0.50  a0=0.6136  loss=0.8943  test=0.7084  55.1s\n"}
,{"stream_name":"stdout","time":722.014802306,"data":"  [seed 0] epoch 010  lr=0.0929  a=0.45  a0=0.6466  loss=0.8056  test=0.7177  54.9s\n"}
,{"stream_name":"stdout","time":784.653495834,"data":"  [seed 0] epoch 011  lr=0.0905  a=0.40  a0=0.6650  loss=0.7374  test=0.7216  55.1s\n"}
,{"stream_name":"stdout","time":847.55185147,"data":"  [seed 0] epoch 012  lr=0.0877  a=0.35  a0=0.7264  loss=0.6762  test=0.7440  55.3s\n"}
,{"stream_name":"stdout","time":910.441428133,"data":"  [seed 0] epoch 013  lr=0.0846  a=0.30  a0=0.7481  loss=0.6221  test=0.7740  55.4s\n"}
,{"stream_name":"stdout","time":973.157932466,"data":"  [seed 0] epoch 014  lr=0.0812  a=0.25  a0=0.7442  loss=0.5797  test=0.7481  55.2s\n"}
,{"stream_name":"stdout","time":1035.906745882,"data":"  [seed 0] epoch 015  lr=0.0776  a=0.20  a0=0.7914  loss=0.5363  test=0.7936  55.0s\n"}
,{"stream_name":"stdout","time":1098.326433819,"data":"  [seed 0] epoch 016  lr=0.0737  a=0.15  a0=0.8156  loss=0.5081  test=0.7810  55.0s\n"}
,{"stream_name":"stdout","time":1160.891439463,"data":"  [seed 0] epoch 017  lr=0.0697  a=0.10  a0=0.8214  loss=0.4691  test=0.8297  55.1s\n"}
,{"stream_name":"stdout","time":1223.683371278,"data":"  [seed 0] epoch 018  lr=0.0655  a=0.05  a0=0.8379  loss=0.4366  test=0.8412  55.3s\n"}
,{"stream_name":"stdout","time":1286.591683175,"data":"  [seed 0] epoch 019  lr=0.0611  a=0.00  a0=0.8506  loss=0.4054  test=0.8437  55.4s\n"}
,{"stream_name":"stdout","time":1343.649020731,"data":"  [seed 0] epoch 020  lr=0.0567  a=0.00  a0=0.8503  loss=0.3783  test=0.8503  54.1s\n"}
,{"stream_name":"stdout","time":1400.172435895,"data":"  [seed 0] epoch 021  lr=0.0523  a=0.00  a0=0.8645  loss=0.3529  test=0.8645  53.9s\n"}
,{"stream_name":"stdout","time":1456.606023864,"data":"  [seed 0] epoch 022  lr=0.0478  a=0.00  a0=0.8644  loss=0.3308  test=0.8644  53.8s\n"}
,{"stream_name":"stdout","time":1513.24869216,"data":"  [seed 0] epoch 023  lr=0.0433  a=0.00  a0=0.8649  loss=0.3027  test=0.8649  54.0s\n"}
,{"stream_name":"stdout","time":1570.138447819,"data":"  [seed 0] epoch 024  lr=0.0389  a=0.00  a0=0.8700  loss=0.2815  test=0.8700  54.3s\n"}
,{"stream_name":"stdout","time":1627.251211171,"data":"  [seed 0] epoch 025  lr=0.0346  a=0.00  a0=0.8934  loss=0.2566  test=0.8934  54.2s\n"}
,{"stream_name":"stdout","time":1683.728654054,"data":"  [seed 0] epoch 026  lr=0.0304  a=0.00  a0=0.8870  loss=0.2334  test=0.8870  53.8s\n"}
,{"stream_name":"stdout","time":1740.162129135,"data":"  [seed 0] epoch 027  lr=0.0263  a=0.00  a0=0.8822  loss=0.2122  test=0.8822  53.8s\n"}
,{"stream_name":"stdout","time":1796.873305279,"data":"  [seed 0] epoch 028  lr=0.0225  a=0.00  a0=0.8857  loss=0.1869  test=0.8857  54.1s\n"}
,{"stream_name":"stdout","time":1853.628572172,"data":"  [seed 0] epoch 029  lr=0.0188  a=0.00  a0=0.8978  loss=0.1635  test=0.8978  54.1s\n"}
,{"stream_name":"stdout","time":1910.786985178,"data":"  [seed 0] epoch 030  lr=0.0155  a=0.00  a0=0.9051  loss=0.1372  test=0.9051  54.2s\n"}
,{"stream_name":"stdout","time":1967.631271638,"data":"  [seed 0] epoch 031  lr=0.0124  a=0.00  a0=0.9180  loss=0.1135  test=0.9180  54.2s\n"}
,{"stream_name":"stdout","time":2024.485439725,"data":"  [seed 0] epoch 032  lr=0.0096  a=0.00  a0=0.9204  loss=0.0926  test=0.9204  54.2s\n"}
,{"stream_name":"stdout","time":2081.262067324,"data":"  [seed 0] epoch 033  lr=0.0071  a=0.00  a0=0.9263  loss=0.0714  test=0.9263  54.1s\n"}
,{"stream_name":"stdout","time":2137.758816371,"data":"  [seed 0] epoch 034  lr=0.0050  a=0.00  a0=0.9268  loss=0.0521  test=0.9268  53.9s\n"}
,{"stream_name":"stdout","time":2194.348977788,"data":"  [seed 0] epoch 035  lr=0.0032  a=0.00  a0=0.9292  loss=0.0414  test=0.9292  53.7s\n"}
,{"stream_name":"stdout","time":2250.808908473,"data":"  [seed 0] epoch 036  lr=0.0018  a=0.00  a0=0.9315  loss=0.0329  test=0.9315  53.8s\n"}
,{"stream_name":"stdout","time":2307.518130027,"data":"  [seed 0] epoch 037  lr=0.0008  a=0.00  a0=0.9320  loss=0.0273  test=0.9320  54.1s\n"}
,{"stream_name":"stdout","time":2364.363436283,"data":"  [seed 0] epoch 038  lr=0.0002  a=0.00  a0=0.9306  loss=0.0252  test=0.9306  54.2s\n"}
,{"stream_name":"stdout","time":2421.392914402,"data":"  [seed 0] epoch 039  lr=0.0000  a=0.00  a0=0.9320  loss=0.0234  test=0.9320  54.1s\n"}
,{"stream_name":"stdout","time":2437.194375261,"data":"  [seed 0] 2403s  test_final=0.9320  test_selected=0.9320  train=0.9971  gap=+0.0651\n"}
,{"stream_name":"stdout","time":2437.196375717,"data":"\n"}
,{"stream_name":"stdout","time":2437.196699633,"data":"==============================================================================\n"}
,{"stream_name":"stdout","time":2437.197428181,"data":"CIFAR-10 BASELINE  --  resnet18, 11,173,962 params, 40 epochs, 1 seeds\n"}
,{"stream_name":"stdout","time":2437.198034975,"data":"config 'act_linear': sgd lr=0.1 mom=0.9 wd=0.0005 bs=128 cosine+5ep warmup, augment=True\n"}
,{"stream_name":"stdout","time":2437.198786225,"data":"==============================================================================\n"}
,{"stream_name":"stdout","time":2437.198963047,"data":"\n"}
,{"stream_name":"stdout","time":2437.199461254,"data":"per seed:\n"}
,{"stream_name":"stdout","time":2437.200489646,"data":"          seed    test acc  test err %   final acc   train acc     gen gap   worst cls      wall s\n"}
,{"stream_name":"stdout","time":2437.20134223,"data":"             0      0.9320       6.800      0.9320      0.9971     +0.0651      0.8510        2403\n"}
,{"stream_name":"stdout","time":2437.201554401,"data":"\n"}
,{"stream_name":"stdout","time":2437.201867389,"data":"mean +- sem  (min .. max):\n"}
,{"stream_name":"stdout","time":2437.202595073,"data":"      test acc  0.9320   (0.9320 .. 0.9320)\n"}
,{"stream_name":"stdout","time":2437.202893393,"data":"    test err %  6.800   (6.800 .. 6.800)\n"}
,{"stream_name":"stdout","time":2437.203414663,"data":"     final acc  0.9320   (0.9320 .. 0.9320)\n"}
,{"stream_name":"stdout","time":2437.20392652,"data":"     train acc  0.9971   (0.9971 .. 0.9971)\n"}
,{"stream_name":"stdout","time":2437.2043384,"data":"       gen gap  +0.0651   (+0.0651 .. +0.0651)\n"}
,{"stream_name":"stdout","time":2437.204659711,"data":"     worst cls  0.8510   (0.8510 .. 0.8510)\n"}
,{"stream_name":"stdout","time":2437.205561574,"data":"        wall s  2403   (2403 .. 2403)\n"}
,{"stream_name":"stdout","time":2437.206172532,"data":"\n"}
,{"stream_name":"stdout","time":2437.206226358,"data":"per-class accuracy (seed 0, final epoch):\n"}
,{"stream_name":"stdout","time":2437.206631251,"data":"      airplane  0.9440\n"}
,{"stream_name":"stdout","time":2437.20719989,"data":"    automobile  0.9690\n"}
,{"stream_name":"stdout","time":2437.207724326,"data":"          bird  0.9020\n"}
,{"stream_name":"stdout","time":2437.208273012,"data":"           cat  0.8510\n"}
,{"stream_name":"stdout","time":2437.20869394,"data":"          deer  0.9440\n"}
,{"stream_name":"stdout","time":2437.20950273,"data":"           dog  0.8950\n"}
,{"stream_name":"stdout","time":2437.210000344,"data":"          frog  0.9470\n"}
,{"stream_name":"stdout","time":2437.210522301,"data":"         horse  0.9530\n"}
,{"stream_name":"stdout","time":2437.211392853,"data":"          ship  0.9580\n"}
,{"stream_name":"stdout","time":2437.211861335,"data":"         truck  0.9570\n"}
,{"stream_name":"stdout","time":2437.212296565,"data":"\n"}
,{"stream_name":"stdout","time":2437.212466833,"data":"model selection: final_epoch -- no validation split, so 'selected' == final epoch\n"}
,{"stream_name":"stdout","time":2437.212936594,"data":"throughput: 831 img/s mean\n"}
,{"stream_name":"stdout","time":2437.214389165,"data":"\n"}
,{"stream_name":"stdout","time":2437.214651547,"data":"results written to /kaggle/working/runs/20260908-085009_act_linear_resnet18/results.json\n"}
,{"stream_name":"stdout","time":2437.219164399,"data":"history written to /kaggle/working/runs/20260908-085009_act_linear_resnet18/history.jsonl and /kaggle/working/runs/20260908-085009_act_linear_resnet18/history.csv (40 epoch rows)\n"}
,{"stream_name":"stderr","time":2437.230033747,"data":"wandb: \n"}
,{"stream_name":"stderr","time":2437.23005295,"data":"wandb: Run history:\n"}
,{"stream_name":"stderr","time":2437.230069742,"data":"wandb: s0/alpha_max_group ██▇▇▇▆▆▅▅▅▄▄▄▃▃▂▂▂▁▁▁▁▁▁▁▁▁▁▁▁▁▁▁▁▁▁▁▁▁▁\n"}
,{"stream_name":"stderr","time":2437.23010398,"data":"wandb:      s0/alpha_mean ██▇▇▇▆▆▅▅▅▄▄▄▃▃▂▂▂▁▁▁▁▁▁▁▁▁▁▁▁▁▁▁▁▁▁▁▁▁▁\n"}
,{"stream_name":"stderr","time":2437.230109787,"data":"wandb: s0/alpha_min_group ██▇▇▇▆▆▅▅▅▄▄▄▃▃▂▂▂▁▁▁▁▁▁▁▁▁▁▁▁▁▁▁▁▁▁▁▁▁▁\n"}
,{"stream_name":"stderr","time":2437.230123536,"data":"wandb:  s0/dead_frac_mean ▁▁▂▅▆▇███\n"}
,{"stream_name":"stderr","time":2437.230128148,"data":"wandb:           s0/epoch ▁▁▁▂▂▂▂▂▂▃▃▃▃▃▄▄▄▄▄▄▅▅▅▅▅▅▆▆▆▆▆▇▇▇▇▇▇███\n"}
,{"stream_name":"stderr","time":2437.230132079,"data":"wandb:         s0/epoch_s █▂▃▃▃▃▂▂▃▃▂▃▃▃▃▃▃▃▃▃▂▁▁▁▂▂▁▁▁▂▂▂▂▂▁▁▁▁▂▂\n"}
,{"stream_name":"stderr","time":2437.230136535,"data":"wandb:  s0/grad_norm_mean ▁█▇▅▃▂▃▁▁\n"}
,{"stream_name":"stderr","time":2437.230140937,"data":"wandb: s0/grad_norm_total ▂█▆▅▃▂▃▁▁\n"}
,{"stream_name":"stderr","time":2437.230145139,"data":"wandb:       s0/img_per_s ▁▇▆▆▆▆▇▆▆▆▆▆▆▆▆▆▆▆▆▆▇███▇▇██▇▇▇▇▇▇███▇▇▇\n"}
,{"stream_name":"stderr","time":2437.230149415,"data":"wandb: s0/linear_gap_mean ▁▃▄▆█████\n"}
,{"stream_name":"stderr","time":2437.230153465,"data":"wandb:                +33 ...\n"}
,{"stream_name":"stderr","time":2437.23015727,"data":"wandb: \n"}
,{"stream_name":"stderr","time":2437.230162645,"data":"wandb: Run summary:\n"}
,{"stream_name":"stderr","time":2437.230167274,"data":"wandb: s0/alpha_max_group 0\n"}
,{"stream_name":"stderr","time":2437.230171591,"data":"wandb:      s0/alpha_mean 0\n"}
,{"stream_name":"stderr","time":2437.230175337,"data":"wandb: s0/alpha_min_group 0\n"}
,{"stream_name":"stderr","time":2437.230179156,"data":"wandb:  s0/dead_frac_mean 0.01057\n"}
,{"stream_name":"stderr","time":2437.230183154,"data":"wandb:           s0/epoch 39\n"}
,{"stream_name":"stderr","time":2437.230187256,"data":"wandb:         s0/epoch_s 54.11444\n"}
,{"stream_name":"stderr","time":2437.23019175,"data":"wandb:  s0/grad_norm_mean 0.25655\n"}
,{"stream_name":"stderr","time":2437.230196228,"data":"wandb: s0/grad_norm_total 0.79002\n"}
,{"stream_name":"stderr","time":2437.230200492,"data":"wandb:       s0/img_per_s 922.4895\n"}
,{"stream_name":"stderr","time":2437.230204803,"data":"wandb: s0/linear_gap_mean 0.74793\n"}
,{"stream_name":"stderr","time":2437.230209154,"data":"wandb:                +38 ...\n"}
,{"stream_name":"stderr","time":2437.230213437,"data":"wandb: \n"}
,{"stream_name":"stderr","time":2437.230239923,"data":"wandb: You can sync this run to the cloud by running:\n"}
,{"stream_name":"stderr","time":2437.23024739,"data":"wandb: wandb sync /kaggle/working/wandb/offline-run-20260908_085012-vnbywh4d\n"}
,{"stream_name":"stderr","time":2437.23062981,"data":"wandb: Find logs at: ./wandb/offline-run-20260908_085012-vnbywh4d/logs\n"}
,{"stream_name":"stdout","time":2437.2313244,"data":"\n"}
,{"stream_name":"stdout","time":2437.231337904,"data":"Done. Everything from this run is in /kaggle/working/runs/20260908-085009_act_linear_resnet18\n"}
,{"stream_name":"stderr","time":2441.881375098,"data":"/usr/local/lib/python3.12/dist-packages/mistune.py:435: SyntaxWarning: invalid escape sequence '\\|'\n"}
,{"stream_name":"stderr","time":2441.881435512,"data":"  cells[i][c] = re.sub('\\\\\\\\\\|', '|', cell)\n"}
,{"stream_name":"stderr","time":2442.116857087,"data":"/usr/local/lib/python3.12/dist-packages/nbconvert/filters/filter_links.py:36: SyntaxWarning: invalid escape sequence '\\_'\n"}
,{"stream_name":"stderr","time":2442.116902951,"data":"  text = re.sub(r'_', '\\_', text) # Escape underscores in display text\n"}
,{"stream_name":"stderr","time":2442.756432438,"data":"[NbConvertApp] Converting notebook __script__.ipynb to html\n"}
,{"stream_name":"stderr","time":2443.984927305,"data":"[NbConvertApp] Writing 373139 bytes to __results__.html\n"}
]