[{"stream_name":"stdout","time":9.181134787,"data":"cifar10-resnet 0.1.0\n"}
,{"stream_name":"stdout","time":9.193415592,"data":"config 'fast_steps_l0': resnet18, 50 epochs, seeds [0, 1, 2]\n"}
,{"stream_name":"stdout","time":9.1934355,"data":"torch 2.10.0+cu128\n"}
,{"stream_name":"stdout","time":9.954189317,"data":"device: cuda (Tesla T4, 14.6 GB)\n"}
,{"stream_name":"stdout","time":9.954586421,"data":"run dir: /kaggle/working/runs/20260908-140513_fast_steps_l0_resnet18\n"}
,{"stream_name":"stdout","time":9.963933968,"data":"CIFAR-10: pickled batches under /kaggle/input/datasets/idrisselkhamlichi/cifar-10-python\n"}
,{"stream_name":"stdout","time":14.600442495,"data":"CIFAR-10: 10000 train / 0 val / 10000 test, 75 MB resident (uint8)\n"}
,{"stream_name":"stdout","time":14.612507853,"data":"No W\u0026B key mounted: logging offline.\n"}
,{"stream_name":"stderr","time":16.060524633,"data":"wandb: Tracking run with wandb version 0.26.1\n"}
,{"stream_name":"stderr","time":16.060966574,"data":"wandb: W\u0026B syncing is set to `offline` in this directory. Run `wandb online` or set WANDB_MODE=online to enable cloud syncing.\n"}
,{"stream_name":"stderr","time":16.060989597,"data":"wandb: Run data is saved locally in /kaggle/working/wandb/offline-run-20260908_140518-dbx3hqbl\n"}
,{"stream_name":"stdout","time":17.512033005,"data":"\n"}
,{"stream_name":"stdout","time":17.512243272,"data":"--- seed 0 ---\n"}
,{"stream_name":"stdout","time":17.702602106,"data":"model: resnet18, 11.17M params\n"}
,{"stream_name":"stdout","time":23.137996603,"data":"  [seed 0] activation homotopy: alpha 1.0 -\u003e 0.0 (staircase), 1 group(s) over 17 sites (global/all)\n"}
,{"stream_name":"stdout","time":23.138784758,"data":"  [seed 0] continuation: 10 phases, lr restarts at each -- boundaries 0.00, 0.08, 0.16, 0.24, 0.32, 0.40, 0.48, 0.56, 0.64, 0.72, 1.00\n"}
,{"stream_name":"stdout","time":54.058283884,"data":"  [seed 0] --- phase 0 begins, alpha=1.000, grad norm 1.419 leaving the last phase\n"}
,{"stream_name":"stdout","time":54.059348803,"data":"  [seed 0] epoch 000  lr=0.0935  a=1.00  a0=0.1820  loss=2.1509  test=0.2182  16.5s\n"}
,{"stream_name":"stdout","time":70.293104839,"data":"  [seed 0] epoch 001  lr=0.0592  a=1.00  a0=0.2375  loss=2.0750  test=0.2662  9.9s\n"}
,{"stream_name":"stdout","time":87.167344424,"data":"  [seed 0] epoch 002  lr=0.0183  a=1.00  a0=0.2325  loss=2.0249  test=0.2854  10.2s\n"}
,{"stream_name":"stdout","time":104.915439969,"data":"  [seed 0] epoch 003  lr=0.0000  a=1.00  a0=0.2294  loss=1.9909  test=0.2943  10.6s\n"}
,{"stream_name":"stdout","time":123.338312468,"data":"  [seed 0] --- phase 1 begins, alpha=0.889\n"}
,{"stream_name":"stdout","time":123.339161826,"data":"  [seed 0] epoch 004  lr=0.0938  a=0.89  a0=0.2200  loss=1.9936  test=0.3154  11.1s\n"}
,{"stream_name":"stdout","time":141.40483525,"data":"  [seed 0] epoch 005  lr=0.0592  a=0.89  a0=0.1907  loss=1.8979  test=0.3382  10.9s\n"}
,{"stream_name":"stdout","time":158.96904299,"data":"  [seed 0] epoch 006  lr=0.0183  a=0.89  a0=0.1970  loss=1.8065  test=0.3571  10.7s\n"}
,{"stream_name":"stdout","time":176.64184074,"data":"  [seed 0] epoch 007  lr=0.0000  a=0.89  a0=0.2095  loss=1.7223  test=0.3882  10.7s\n"}
,{"stream_name":"stdout","time":194.377522092,"data":"  [seed 0] --- phase 2 begins, alpha=0.778\n"}
,{"stream_name":"stdout","time":194.378861566,"data":"  [seed 0] epoch 008  lr=0.0938  a=0.78  a0=0.2677  loss=1.7523  test=0.3378  10.8s\n"}
,{"stream_name":"stdout","time":212.149001732,"data":"  [seed 0] epoch 009  lr=0.0597  a=0.78  a0=0.2841  loss=1.6866  test=0.3987  10.8s\n"}
,{"stream_name":"stdout","time":230.148998478,"data":"  [seed 0] epoch 010  lr=0.0187  a=0.78  a0=0.2982  loss=1.6118  test=0.4301  10.8s\n"}
,{"stream_name":"stdout","time":247.804160536,"data":"  [seed 0] epoch 011  lr=0.0000  a=0.78  a0=0.3007  loss=1.5505  test=0.4492  10.7s\n"}
,{"stream_name":"stdout","time":265.463922097,"data":"  [seed 0] --- phase 3 begins, alpha=0.667\n"}
,{"stream_name":"stdout","time":265.464895987,"data":"  [seed 0] epoch 012  lr=0.0938  a=0.67  a0=0.3428  loss=1.5938  test=0.4294  10.7s\n"}
,{"stream_name":"stdout","time":283.131689995,"data":"  [seed 0] epoch 013  lr=0.0597  a=0.67  a0=0.3008  loss=1.5433  test=0.4559  10.7s\n"}
,{"stream_name":"stdout","time":300.791332084,"data":"  [seed 0] epoch 014  lr=0.0187  a=0.67  a0=0.3191  loss=1.4689  test=0.4750  10.7s\n"}
,{"stream_name":"stdout","time":318.737599858,"data":"  [seed 0] epoch 015  lr=0.0000  a=0.67  a0=0.3400  loss=1.3993  test=0.5013  10.7s\n"}
,{"stream_name":"stdout","time":336.415462286,"data":"  [seed 0] --- phase 4 begins, alpha=0.556\n"}
,{"stream_name":"stdout","time":336.416475949,"data":"  [seed 0] epoch 016  lr=0.0935  a=0.56  a0=0.3862  loss=1.4444  test=0.4565  10.7s\n"}
,{"stream_name":"stdout","time":354.079591919,"data":"  [seed 0] epoch 017  lr=0.0597  a=0.56  a0=0.4252  loss=1.4023  test=0.4963  10.7s\n"}
,{"stream_name":"stdout","time":371.741548089,"data":"  [seed 0] epoch 018  lr=0.0187  a=0.56  a0=0.4483  loss=1.2892  test=0.5439  10.7s\n"}
,{"stream_name":"stdout","time":389.399528081,"data":"  [seed 0] epoch 019  lr=0.0000  a=0.56  a0=0.4575  loss=1.1952  test=0.5766  10.7s\n"}
,{"stream_name":"stdout","time":407.307793406,"data":"  [seed 0] --- phase 5 begins, alpha=0.444, grad norm 2.842 leaving the last phase\n"}
,{"stream_name":"stdout","time":407.3083312,"data":"  [seed 0] epoch 020  lr=0.0938  a=0.44  a0=0.4942  loss=1.2490  test=0.5209  10.7s\n"}
,{"stream_name":"stdout","time":424.965023906,"data":"  [seed 0] epoch 021  lr=0.0597  a=0.44  a0=0.5471  loss=1.1968  test=0.5859  10.7s\n"}
,{"stream_name":"stdout","time":442.60336439,"data":"  [seed 0] epoch 022  lr=0.0187  a=0.44  a0=0.5741  loss=1.0651  test=0.6345  10.7s\n"}
,{"stream_name":"stdout","time":460.212035118,"data":"  [seed 0] epoch 023  lr=0.0000  a=0.44  a0=0.5777  loss=0.9608  test=0.6538  10.7s\n"}
,{"stream_name":"stdout","time":477.826851163,"data":"  [seed 0] --- phase 6 begins, alpha=0.333\n"}
,{"stream_name":"stdout","time":477.82744373,"data":"  [seed 0] epoch 024  lr=0.0938  a=0.33  a0=0.5841  loss=1.0569  test=0.5608  10.7s\n"}
,{"stream_name":"stdout","time":495.665809431,"data":"  [seed 0] epoch 025  lr=0.0597  a=0.33  a0=0.6222  loss=1.0178  test=0.6383  10.7s\n"}
,{"stream_name":"stdout","time":513.265791241,"data":"  [seed 0] epoch 026  lr=0.0187  a=0.33  a0=0.6429  loss=0.8942  test=0.6741  10.7s\n"}
,{"stream_name":"stdout","time":530.84810916,"data":"  [seed 0] epoch 027  lr=0.0000  a=0.33  a0=0.6512  loss=0.7941  test=0.7016  10.7s\n"}
,{"stream_name":"stdout","time":548.47612103,"data":"  [seed 0] --- phase 7 begins, alpha=0.222\n"}
,{"stream_name":"stdout","time":548.47679492,"data":"  [seed 0] epoch 028  lr=0.0938  a=0.22  a0=0.6552  loss=0.9106  test=0.6339  10.7s\n"}
,{"stream_name":"stdout","time":566.100879689,"data":"  [seed 0] epoch 029  lr=0.0597  a=0.22  a0=0.6827  loss=0.8640  test=0.6607  10.7s\n"}
,{"stream_name":"stdout","time":584.0123717,"data":"  [seed 0] epoch 030  lr=0.0183  a=0.22  a0=0.7065  loss=0.7276  test=0.7224  10.7s\n"}
,{"stream_name":"stdout","time":601.638619474,"data":"  [seed 0] epoch 031  lr=0.0000  a=0.22  a0=0.7056  loss=0.6213  test=0.7455  10.7s\n"}
,{"stream_name":"stdout","time":619.267340929,"data":"  [seed 0] --- phase 8 begins, alpha=0.111\n"}
,{"stream_name":"stdout","time":619.267675705,"data":"  [seed 0] epoch 032  lr=0.0938  a=0.11  a0=0.6849  loss=0.7512  test=0.6342  10.7s\n"}
,{"stream_name":"stdout","time":636.880265708,"data":"  [seed 0] epoch 033  lr=0.0597  a=0.11  a0=0.7264  loss=0.7274  test=0.7043  10.7s\n"}
,{"stream_name":"stdout","time":654.488280277,"data":"  [seed 0] epoch 034  lr=0.0183  a=0.11  a0=0.7479  loss=0.6070  test=0.7623  10.7s\n"}
,{"stream_name":"stdout","time":672.364646397,"data":"  [seed 0] epoch 035  lr=0.0000  a=0.11  a0=0.7582  loss=0.4927  test=0.7795  10.7s\n"}
,{"stream_name":"stdout","time":685.389752834,"data":"  [seed 0] --- phase 9 begins, alpha=0.000\n"}
,{"stream_name":"stdout","time":685.390290107,"data":"  [seed 0] epoch 036  lr=0.0716  a=0.00  a0=0.7029  loss=0.5297  test=0.7029  10.6s\n"}
,{"stream_name":"stdout","time":698.391873034,"data":"  [seed 0] epoch 037  lr=0.0995  a=0.00  a0=0.6975  loss=0.6651  test=0.6975  10.6s\n"}
,{"stream_name":"stdout","time":711.382760289,"data":"  [seed 0] epoch 038  lr=0.0962  a=0.00  a0=0.7156  loss=0.6516  test=0.7156  10.6s\n"}
,{"stream_name":"stdout","time":724.385777164,"data":"  [seed 0] epoch 039  lr=0.0899  a=0.00  a0=0.6615  loss=0.5836  test=0.6615  10.6s\n"}
,{"stream_name":"stdout","time":737.634651695,"data":"  [seed 0] epoch 040  lr=0.0813  a=0.00  a0=0.7486  loss=0.5511  test=0.7486  10.6s\n"}
,{"stream_name":"stdout","time":750.612152694,"data":"  [seed 0] epoch 041  lr=0.0707  a=0.00  a0=0.7486  loss=0.4880  test=0.7486  10.5s\n"}
,{"stream_name":"stdout","time":763.60834225,"data":"  [seed 0] epoch 042  lr=0.0588  a=0.00  a0=0.7593  loss=0.4329  test=0.7593  10.6s\n"}
,{"stream_name":"stdout","time":776.612352426,"data":"  [seed 0] epoch 043  lr=0.0464  a=0.00  a0=0.7662  loss=0.3738  test=0.7662  10.6s\n"}
,{"stream_name":"stdout","time":789.650633998,"data":"  [seed 0] epoch 044  lr=0.0344  a=0.00  a0=0.7909  loss=0.3225  test=0.7909  10.6s\n"}
,{"stream_name":"stdout","time":802.915767305,"data":"  [seed 0] epoch 045  lr=0.0231  a=0.00  a0=0.8092  loss=0.2649  test=0.8092  10.6s\n"}
,{"stream_name":"stdout","time":815.925517958,"data":"  [seed 0] epoch 046  lr=0.0135  a=0.00  a0=0.8205  loss=0.2044  test=0.8205  10.6s\n"}
,{"stream_name":"stdout","time":828.963685353,"data":"  [seed 0] epoch 047  lr=0.0062  a=0.00  a0=0.8265  loss=0.1649  test=0.8265  10.6s\n"}
,{"stream_name":"stdout","time":841.981723557,"data":"  [seed 0] epoch 048  lr=0.0016  a=0.00  a0=0.8298  loss=0.1404  test=0.8298  10.6s\n"}
,{"stream_name":"stdout","time":855.286115752,"data":"  [seed 0] epoch 049  lr=0.0000  a=0.00  a0=0.8297  loss=0.1365  test=0.8297  10.6s\n"}
,{"stream_name":"stdout","time":860.143781753,"data":"  [seed 0] 832s  test_final=0.8297  test_selected=0.8297  train=0.9673  gap=+0.1376\n"}
,{"stream_name":"stdout","time":860.145547671,"data":"\n"}
,{"stream_name":"stdout","time":860.14596346,"data":"--- seed 1 ---\n"}
,{"stream_name":"stdout","time":860.29388833,"data":"model: resnet18, 11.17M params\n"}
,{"stream_name":"stdout","time":860.29536761,"data":"  [seed 1] activation homotopy: alpha 1.0 -\u003e 0.0 (staircase), 1 group(s) over 17 sites (global/all)\n"}
,{"stream_name":"stdout","time":860.296367246,"data":"  [seed 1] continuation: 10 phases, lr restarts at each -- boundaries 0.00, 0.08, 0.16, 0.24, 0.32, 0.40, 0.48, 0.56, 0.64, 0.72, 1.00\n"}
,{"stream_name":"stdout","time":878.309991419,"data":"  [seed 1] --- phase 0 begins, alpha=1.000, grad norm 2.126 leaving the last phase\n"}
,{"stream_name":"stdout","time":878.310350757,"data":"  [seed 1] epoch 000  lr=0.0935  a=1.00  a0=0.1901  loss=2.1543  test=0.2154  10.7s\n"}
,{"stream_name":"stdout","time":896.014305907,"data":"  [seed 1] epoch 001  lr=0.0592  a=1.00  a0=0.1922  loss=2.0856  test=0.2450  10.7s\n"}
,{"stream_name":"stdout","time":913.752980904,"data":"  [seed 1] epoch 002  lr=0.0183  a=1.00  a0=0.1707  loss=2.0285  test=0.2610  10.7s\n"}
,{"stream_name":"stdout","time":931.495309229,"data":"  [seed 1] epoch 003  lr=0.0000  a=1.00  a0=0.1869  loss=1.9911  test=0.2793  10.8s\n"}
,{"stream_name":"stdout","time":949.214601633,"data":"  [seed 1] --- phase 1 begins, alpha=0.889\n"}
,{"stream_name":"stdout","time":949.214962409,"data":"  [seed 1] epoch 004  lr=0.0938  a=0.89  a0=0.1916  loss=1.9995  test=0.2737  10.7s\n"}
,{"stream_name":"stdout","time":967.233982912,"data":"  [seed 1] epoch 005  lr=0.0592  a=0.89  a0=0.2064  loss=1.9042  test=0.3277  10.8s\n"}
,{"stream_name":"stdout","time":984.955096621,"data":"  [seed 1] epoch 006  lr=0.0183  a=0.89  a0=0.2148  loss=1.7871  test=0.3699  10.7s\n"}
,{"stream_name":"stdout","time":1002.682803457,"data":"  [seed 1] epoch 007  lr=0.0000  a=0.89  a0=0.2244  loss=1.7049  test=0.3931  10.8s\n"}
,{"stream_name":"stdout","time":1020.436743123,"data":"  [seed 1] --- phase 2 begins, alpha=0.778\n"}
,{"stream_name":"stdout","time":1020.437552248,"data":"  [seed 1] epoch 008  lr=0.0938  a=0.78  a0=0.3239  loss=1.7472  test=0.3752  10.8s\n"}
,{"stream_name":"stdout","time":1038.159090235,"data":"  [seed 1] epoch 009  lr=0.0597  a=0.78  a0=0.3009  loss=1.6778  test=0.3392  10.8s\n"}
,{"stream_name":"stdout","time":1056.155953033,"data":"  [seed 1] epoch 010  lr=0.0187  a=0.78  a0=0.3169  loss=1.6007  test=0.4345  10.8s\n"}
,{"stream_name":"stdout","time":1073.849428121,"data":"  [seed 1] epoch 011  lr=0.0000  a=0.78  a0=0.3183  loss=1.5443  test=0.4449  10.7s\n"}
,{"stream_name":"stdout","time":1091.562851475,"data":"  [seed 1] --- phase 3 begins, alpha=0.667\n"}
,{"stream_name":"stdout","time":1091.56301622,"data":"  [seed 1] epoch 012  lr=0.0938  a=0.67  a0=0.3612  loss=1.5843  test=0.4182  10.8s\n"}
,{"stream_name":"stdout","time":1109.292417755,"data":"  [seed 1] epoch 013  lr=0.0597  a=0.67  a0=0.3442  loss=1.5464  test=0.4578  10.8s\n"}
,{"stream_name":"stdout","time":1127.017660851,"data":"  [seed 1] epoch 014  lr=0.0187  a=0.67  a0=0.3425  loss=1.4663  test=0.4867  10.8s\n"}
,{"stream_name":"stdout","time":1144.997135887,"data":"  [seed 1] epoch 015  lr=0.0000  a=0.67  a0=0.3582  loss=1.3867  test=0.5060  10.8s\n"}
,{"stream_name":"stdout","time":1162.684358526,"data":"  [seed 1] --- phase 4 begins, alpha=0.556\n"}
,{"stream_name":"stdout","time":1162.684853853,"data":"  [seed 1] epoch 016  lr=0.0935  a=0.56  a0=0.4396  loss=1.4281  test=0.4797  10.7s\n"}
,{"stream_name":"stdout","time":1180.358169041,"data":"  [seed 1] epoch 017  lr=0.0597  a=0.56  a0=0.4397  loss=1.3782  test=0.5068  10.7s\n"}
,{"stream_name":"stdout","time":1198.040151372,"data":"  [seed 1] epoch 018  lr=0.0187  a=0.56  a0=0.4559  loss=1.2696  test=0.5544  10.7s\n"}
,{"stream_name":"stdout","time":1215.664062505,"data":"  [seed 1] epoch 019  lr=0.0000  a=0.56  a0=0.4760  loss=1.1786  test=0.5775  10.7s\n"}
,{"stream_name":"stdout","time":1233.529637573,"data":"  [seed 1] --- phase 5 begins, alpha=0.444, grad norm 3.214 leaving the last phase\n"}
,{"stream_name":"stdout","time":1233.529675287,"data":"  [seed 1] epoch 020  lr=0.0938  a=0.44  a0=0.5188  loss=1.2524  test=0.5213  10.7s\n"}
,{"stream_name":"stdout","time":1251.141987592,"data":"  [seed 1] epoch 021  lr=0.0597  a=0.44  a0=0.5493  loss=1.2004  test=0.5819  10.7s\n"}
,{"stream_name":"stdout","time":1268.773030113,"data":"  [seed 1] epoch 022  lr=0.0187  a=0.44  a0=0.5707  loss=1.0761  test=0.6352  10.7s\n"}
,{"stream_name":"stdout","time":1286.4311802,"data":"  [seed 1] epoch 023  lr=0.0000  a=0.44  a0=0.5764  loss=0.9672  test=0.6550  10.7s\n"}
,{"stream_name":"stdout","time":1304.091732045,"data":"  [seed 1] --- phase 6 begins, alpha=0.333\n"}
,{"stream_name":"stdout","time":1304.093084288,"data":"  [seed 1] epoch 024  lr=0.0938  a=0.33  a0=0.5860  loss=1.0616  test=0.5982  10.7s\n"}
,{"stream_name":"stdout","time":1322.020292425,"data":"  [seed 1] epoch 025  lr=0.0597  a=0.33  a0=0.6034  loss=1.0262  test=0.6390  10.7s\n"}
,{"stream_name":"stdout","time":1339.688691462,"data":"  [seed 1] epoch 026  lr=0.0187  a=0.33  a0=0.6194  loss=0.9136  test=0.6739  10.7s\n"}
,{"stream_name":"stdout","time":1357.377217813,"data":"  [seed 1] epoch 027  lr=0.0000  a=0.33  a0=0.6382  loss=0.8154  test=0.6935  10.7s\n"}
,{"stream_name":"stdout","time":1375.070176791,"data":"  [seed 1] --- phase 7 begins, alpha=0.222\n"}
,{"stream_name":"stdout","time":1375.070926244,"data":"  [seed 1] epoch 028  lr=0.0938  a=0.22  a0=0.6443  loss=0.9159  test=0.6531  10.7s\n"}
,{"stream_name":"stdout","time":1392.770116792,"data":"  [seed 1] epoch 029  lr=0.0597  a=0.22  a0=0.6645  loss=0.8902  test=0.6789  10.7s\n"}
,{"stream_name":"stdout","time":1410.743818142,"data":"  [seed 1] epoch 030  lr=0.0183  a=0.22  a0=0.6844  loss=0.7836  test=0.7085  10.7s\n"}
,{"stream_name":"stdout","time":1428.416274013,"data":"  [seed 1] epoch 031  lr=0.0000  a=0.22  a0=0.6914  loss=0.6823  test=0.7263  10.7s\n"}
,{"stream_name":"stdout","time":1446.115167589,"data":"  [seed 1] --- phase 8 begins, alpha=0.111\n"}
,{"stream_name":"stdout","time":1446.115750345,"data":"  [seed 1] epoch 032  lr=0.0938  a=0.11  a0=0.6734  loss=0.8177  test=0.6505  10.7s\n"}
,{"stream_name":"stdout","time":1463.810166411,"data":"  [seed 1] epoch 033  lr=0.0597  a=0.11  a0=0.6873  loss=0.7870  test=0.6692  10.8s\n"}
,{"stream_name":"stdout","time":1481.504431001,"data":"  [seed 1] epoch 034  lr=0.0183  a=0.11  a0=0.7214  loss=0.6585  test=0.7334  10.8s\n"}
,{"stream_name":"stdout","time":1499.495112483,"data":"  [seed 1] epoch 035  lr=0.0000  a=0.11  a0=0.7366  loss=0.5606  test=0.7538  10.8s\n"}
,{"stream_name":"stdout","time":1512.553750195,"data":"  [seed 1] --- phase 9 begins, alpha=0.000\n"}
,{"stream_name":"stdout","time":1512.554354673,"data":"  [seed 1] epoch 036  lr=0.0716  a=0.00  a0=0.6707  loss=0.5772  test=0.6707  10.6s\n"}
,{"stream_name":"stdout","time":1525.61806184,"data":"  [seed 1] epoch 037  lr=0.0995  a=0.00  a0=0.6725  loss=0.7350  test=0.6725  10.6s\n"}
,{"stream_name":"stdout","time":1538.662107227,"data":"  [seed 1] epoch 038  lr=0.0962  a=0.00  a0=0.7097  loss=0.6956  test=0.7097  10.6s\n"}
,{"stream_name":"stdout","time":1551.737285278,"data":"  [seed 1] epoch 039  lr=0.0899  a=0.00  a0=0.6898  loss=0.6237  test=0.6898  10.6s\n"}
,{"stream_name":"stdout","time":1565.063124373,"data":"  [seed 1] epoch 040  lr=0.0813  a=0.00  a0=0.7097  loss=0.5765  test=0.7097  10.6s\n"}
,{"stream_name":"stdout","time":1578.089845913,"data":"  [seed 1] epoch 041  lr=0.0707  a=0.00  a0=0.7580  loss=0.5266  test=0.7580  10.6s\n"}
,{"stream_name":"stdout","time":1591.129793653,"data":"  [seed 1] epoch 042  lr=0.0588  a=0.00  a0=0.7710  loss=0.4600  test=0.7710  10.6s\n"}
,{"stream_name":"stdout","time":1604.173366239,"data":"  [seed 1] epoch 043  lr=0.0464  a=0.00  a0=0.7792  loss=0.4047  test=0.7792  10.6s\n"}
,{"stream_name":"stdout","time":1617.231932874,"data":"  [seed 1] epoch 044  lr=0.0344  a=0.00  a0=0.7843  loss=0.3515  test=0.7843  10.6s\n"}
,{"stream_name":"stdout","time":1630.558835221,"data":"  [seed 1] epoch 045  lr=0.0231  a=0.00  a0=0.8080  loss=0.2762  test=0.8080  10.6s\n"}
,{"stream_name":"stdout","time":1643.598282965,"data":"  [seed 1] epoch 046  lr=0.0135  a=0.00  a0=0.8149  loss=0.2157  test=0.8149  10.6s\n"}
,{"stream_name":"stdout","time":1656.661488008,"data":"  [seed 1] epoch 047  lr=0.0062  a=0.00  a0=0.8226  loss=0.1784  test=0.8226  10.6s\n"}
,{"stream_name":"stdout","time":1669.70373852,"data":"  [seed 1] epoch 048  lr=0.0016  a=0.00  a0=0.8236  loss=0.1538  test=0.8236  10.6s\n"}
,{"stream_name":"stdout","time":1683.016617619,"data":"  [seed 1] epoch 049  lr=0.0000  a=0.00  a0=0.8230  loss=0.1371  test=0.8230  10.6s\n"}
,{"stream_name":"stdout","time":1687.881890559,"data":"  [seed 1] 823s  test_final=0.8230  test_selected=0.8230  train=0.9663  gap=+0.1433\n"}
,{"stream_name":"stdout","time":1687.883644889,"data":"\n"}
,{"stream_name":"stdout","time":1687.88402367,"data":"--- seed 2 ---\n"}
,{"stream_name":"stdout","time":1688.027328205,"data":"model: resnet18, 11.17M params\n"}
,{"stream_name":"stdout","time":1688.028800639,"data":"  [seed 2] activation homotopy: alpha 1.0 -\u003e 0.0 (staircase), 1 group(s) over 17 sites (global/all)\n"}
,{"stream_name":"stdout","time":1688.029422158,"data":"  [seed 2] continuation: 10 phases, lr restarts at each -- boundaries 0.00, 0.08, 0.16, 0.24, 0.32, 0.40, 0.48, 0.56, 0.64, 0.72, 1.00\n"}
,{"stream_name":"stdout","time":1706.016245373,"data":"  [seed 2] --- phase 0 begins, alpha=1.000, grad norm 2.193 leaving the last phase\n"}
,{"stream_name":"stdout","time":1706.016559026,"data":"  [seed 2] epoch 000  lr=0.0935  a=1.00  a0=0.1952  loss=2.1634  test=0.2318  10.7s\n"}
,{"stream_name":"stdout","time":1723.739307384,"data":"  [seed 2] epoch 001  lr=0.0592  a=1.00  a0=0.2017  loss=2.0726  test=0.2287  10.8s\n"}
,{"stream_name":"stdout","time":1741.463453164,"data":"  [seed 2] epoch 002  lr=0.0183  a=1.00  a0=0.1952  loss=2.0207  test=0.2670  10.7s\n"}
,{"stream_name":"stdout","time":1759.185109726,"data":"  [seed 2] epoch 003  lr=0.0000  a=1.00  a0=0.2026  loss=1.9934  test=0.2871  10.8s\n"}
,{"stream_name":"stdout","time":1776.922351198,"data":"  [seed 2] --- phase 1 begins, alpha=0.889\n"}
,{"stream_name":"stdout","time":1776.92273767,"data":"  [seed 2] epoch 004  lr=0.0938  a=0.89  a0=0.2102  loss=2.0097  test=0.2788  10.8s\n"}
,{"stream_name":"stdout","time":1794.904013618,"data":"  [seed 2] epoch 005  lr=0.0592  a=0.89  a0=0.2055  loss=1.9083  test=0.3073  10.8s\n"}
,{"stream_name":"stdout","time":1812.612512655,"data":"  [seed 2] epoch 006  lr=0.0183  a=0.89  a0=0.2184  loss=1.8036  test=0.3620  10.7s\n"}
,{"stream_name":"stdout","time":1830.328062629,"data":"  [seed 2] epoch 007  lr=0.0000  a=0.89  a0=0.2170  loss=1.7227  test=0.3957  10.7s\n"}
,{"stream_name":"stdout","time":1848.044160203,"data":"  [seed 2] --- phase 2 begins, alpha=0.778\n"}
,{"stream_name":"stdout","time":1848.044720239,"data":"  [seed 2] epoch 008  lr=0.0938  a=0.78  a0=0.3144  loss=1.7517  test=0.3341  10.8s\n"}
,{"stream_name":"stdout","time":1865.778635039,"data":"  [seed 2] epoch 009  lr=0.0597  a=0.78  a0=0.3043  loss=1.6848  test=0.4084  10.8s\n"}
,{"stream_name":"stdout","time":1883.73271124,"data":"  [seed 2] epoch 010  lr=0.0187  a=0.78  a0=0.3226  loss=1.6071  test=0.4410  10.7s\n"}
,{"stream_name":"stdout","time":1901.440465153,"data":"  [seed 2] epoch 011  lr=0.0000  a=0.78  a0=0.3189  loss=1.5462  test=0.4493  10.7s\n"}
,{"stream_name":"stdout","time":1919.134633689,"data":"  [seed 2] --- phase 3 begins, alpha=0.667\n"}
,{"stream_name":"stdout","time":1919.135117875,"data":"  [seed 2] epoch 012  lr=0.0938  a=0.67  a0=0.3640  loss=1.5814  test=0.4175  10.8s\n"}
,{"stream_name":"stdout","time":1936.839172629,"data":"  [seed 2] epoch 013  lr=0.0597  a=0.67  a0=0.3740  loss=1.5482  test=0.4584  10.7s\n"}
,{"stream_name":"stdout","time":1954.556039991,"data":"  [seed 2] epoch 014  lr=0.0187  a=0.67  a0=0.3669  loss=1.4530  test=0.4965  10.8s\n"}
,{"stream_name":"stdout","time":1972.545480427,"data":"  [seed 2] epoch 015  lr=0.0000  a=0.67  a0=0.3618  loss=1.3662  test=0.5144  10.8s\n"}
,{"stream_name":"stdout","time":1990.258919526,"data":"  [seed 2] --- phase 4 begins, alpha=0.556\n"}
,{"stream_name":"stdout","time":1990.259902634,"data":"  [seed 2] epoch 016  lr=0.0935  a=0.56  a0=0.4604  loss=1.4246  test=0.4904  10.7s\n"}
,{"stream_name":"stdout","time":2008.015009983,"data":"  [seed 2] epoch 017  lr=0.0597  a=0.56  a0=0.4641  loss=1.3544  test=0.5289  10.8s\n"}
,{"stream_name":"stdout","time":2025.743430324,"data":"  [seed 2] epoch 018  lr=0.0187  a=0.56  a0=0.4811  loss=1.2374  test=0.5743  10.8s\n"}
,{"stream_name":"stdout","time":2043.48221858,"data":"  [seed 2] epoch 019  lr=0.0000  a=0.56  a0=0.4895  loss=1.1464  test=0.5888  10.8s\n"}
,{"stream_name":"stdout","time":2061.466880403,"data":"  [seed 2] --- phase 5 begins, alpha=0.444, grad norm 6.681 leaving the last phase\n"}
,{"stream_name":"stdout","time":2061.467667315,"data":"  [seed 2] epoch 020  lr=0.0938  a=0.44  a0=0.5212  loss=1.2182  test=0.4950  10.8s\n"}
,{"stream_name":"stdout","time":2079.162454613,"data":"  [seed 2] epoch 021  lr=0.0597  a=0.44  a0=0.5570  loss=1.1715  test=0.5668  10.7s\n"}
,{"stream_name":"stdout","time":2096.878038235,"data":"  [seed 2] epoch 022  lr=0.0187  a=0.44  a0=0.5735  loss=1.0494  test=0.6172  10.8s\n"}
,{"stream_name":"stdout","time":2114.576297936,"data":"  [seed 2] epoch 023  lr=0.0000  a=0.44  a0=0.5720  loss=0.9649  test=0.6555  10.7s\n"}
,{"stream_name":"stdout","time":2132.256301958,"data":"  [seed 2] --- phase 6 begins, alpha=0.333\n"}
,{"stream_name":"stdout","time":2132.25673953,"data":"  [seed 2] epoch 024  lr=0.0938  a=0.33  a0=0.5859  loss=1.0554  test=0.5888  10.7s\n"}
,{"stream_name":"stdout","time":2150.225108932,"data":"  [seed 2] epoch 025  lr=0.0597  a=0.33  a0=0.6073  loss=1.0208  test=0.6130  10.8s\n"}
,{"stream_name":"stdout","time":2167.918470599,"data":"  [seed 2] epoch 026  lr=0.0187  a=0.33  a0=0.6276  loss=0.9048  test=0.6823  10.7s\n"}
,{"stream_name":"stdout","time":2185.625957608,"data":"  [seed 2] epoch 027  lr=0.0000  a=0.33  a0=0.6400  loss=0.8085  test=0.6965  10.7s\n"}
,{"stream_name":"stdout","time":2203.321181115,"data":"  [seed 2] --- phase 7 begins, alpha=0.222\n"}
,{"stream_name":"stdout","time":2203.321475371,"data":"  [seed 2] epoch 028  lr=0.0938  a=0.22  a0=0.6204  loss=0.9059  test=0.5919  10.7s\n"}
,{"stream_name":"stdout","time":2221.012684643,"data":"  [seed 2] epoch 029  lr=0.0597  a=0.22  a0=0.6570  loss=0.8812  test=0.6545  10.7s\n"}
,{"stream_name":"stdout","time":2238.98063704,"data":"  [seed 2] epoch 030  lr=0.0183  a=0.22  a0=0.6896  loss=0.7678  test=0.7149  10.7s\n"}
,{"stream_name":"stdout","time":2256.681857954,"data":"  [seed 2] epoch 031  lr=0.0000  a=0.22  a0=0.7051  loss=0.6624  test=0.7373  10.7s\n"}
,{"stream_name":"stdout","time":2274.391149068,"data":"  [seed 2] --- phase 8 begins, alpha=0.111\n"}
,{"stream_name":"stdout","time":2274.391982526,"data":"  [seed 2] epoch 032  lr=0.0938  a=0.11  a0=0.6946  loss=0.7851  test=0.6752  10.8s\n"}
,{"stream_name":"stdout","time":2292.11436619,"data":"  [seed 2] epoch 033  lr=0.0597  a=0.11  a0=0.6994  loss=0.7666  test=0.7045  10.8s\n"}
,{"stream_name":"stdout","time":2309.838316344,"data":"  [seed 2] epoch 034  lr=0.0183  a=0.11  a0=0.7403  loss=0.6207  test=0.7444  10.7s\n"}
,{"stream_name":"stdout","time":2327.83843852,"data":"  [seed 2] epoch 035  lr=0.0000  a=0.11  a0=0.7580  loss=0.5208  test=0.7730  10.8s\n"}
,{"stream_name":"stdout","time":2340.913745026,"data":"  [seed 2] --- phase 9 begins, alpha=0.000\n"}
,{"stream_name":"stdout","time":2340.914431259,"data":"  [seed 2] epoch 036  lr=0.0716  a=0.00  a0=0.6864  loss=0.5436  test=0.6864  10.6s\n"}
,{"stream_name":"stdout","time":2353.982519962,"data":"  [seed 2] epoch 037  lr=0.0995  a=0.00  a0=0.6548  loss=0.6945  test=0.6548  10.6s\n"}
,{"stream_name":"stdout","time":2367.036421365,"data":"  [seed 2] epoch 038  lr=0.0962  a=0.00  a0=0.6989  loss=0.6621  test=0.6989  10.6s\n"}
,{"stream_name":"stdout","time":2380.096473933,"data":"  [seed 2] epoch 039  lr=0.0899  a=0.00  a0=0.6993  loss=0.6095  test=0.6993  10.6s\n"}
,{"stream_name":"stdout","time":2393.41360108,"data":"  [seed 2] epoch 040  lr=0.0813  a=0.00  a0=0.7230  loss=0.5575  test=0.7230  10.6s\n"}
,{"stream_name":"stdout","time":2406.438449246,"data":"  [seed 2] epoch 041  lr=0.0707  a=0.00  a0=0.7624  loss=0.5018  test=0.7624  10.6s\n"}
,{"stream_name":"stdout","time":2419.486483356,"data":"  [seed 2] epoch 042  lr=0.0588  a=0.00  a0=0.7905  loss=0.4401  test=0.7905  10.6s\n"}
,{"stream_name":"stdout","time":2432.520808538,"data":"  [seed 2] epoch 043  lr=0.0464  a=0.00  a0=0.7841  loss=0.3921  test=0.7841  10.6s\n"}
,{"stream_name":"stdout","time":2445.560498263,"data":"  [seed 2] epoch 044  lr=0.0344  a=0.00  a0=0.8030  loss=0.3392  test=0.8030  10.6s\n"}
,{"stream_name":"stdout","time":2458.860486737,"data":"  [seed 2] epoch 045  lr=0.0231  a=0.00  a0=0.8129  loss=0.2686  test=0.8129  10.6s\n"}
,{"stream_name":"stdout","time":2471.904641451,"data":"  [seed 2] epoch 046  lr=0.0135  a=0.00  a0=0.8174  loss=0.2195  test=0.8174  10.6s\n"}
,{"stream_name":"stdout","time":2484.953499166,"data":"  [seed 2] epoch 047  lr=0.0062  a=0.00  a0=0.8305  loss=0.1782  test=0.8305  10.6s\n"}
,{"stream_name":"stdout","time":2497.985325771,"data":"  [seed 2] epoch 048  lr=0.0016  a=0.00  a0=0.8323  loss=0.1501  test=0.8323  10.6s\n"}
,{"stream_name":"stdout","time":2511.28987745,"data":"  [seed 2] epoch 049  lr=0.0000  a=0.00  a0=0.8308  loss=0.1387  test=0.8308  10.6s\n"}
,{"stream_name":"stdout","time":2516.15229722,"data":"  [seed 2] 823s  test_final=0.8308  test_selected=0.8308  train=0.9628  gap=+0.1320\n"}
,{"stream_name":"stdout","time":2516.154764869,"data":"\n"}
,{"stream_name":"stdout","time":2516.155122042,"data":"==============================================================================\n"}
,{"stream_name":"stdout","time":2516.156017485,"data":"CIFAR-10 BASELINE  --  resnet18, 11,173,962 params, 50 epochs, 3 seeds\n"}
,{"stream_name":"stdout","time":2516.156308206,"data":"config 'fast_steps_l0': sgd lr=0.1 mom=0.9 wd=0.0005 bs=128 cosine+5ep warmup, augment=True\n"}
,{"stream_name":"stdout","time":2516.157061722,"data":"==============================================================================\n"}
,{"stream_name":"stdout","time":2516.157213889,"data":"\n"}
,{"stream_name":"stdout","time":2516.157304046,"data":"per seed:\n"}
,{"stream_name":"stdout","time":2516.157551614,"data":"          seed    test acc  test err %   final acc   train acc     gen gap   worst cls      wall s\n"}
,{"stream_name":"stdout","time":2516.157867929,"data":"             0      0.8297      17.030      0.8297      0.9673     +0.1376         nan         832\n"}
,{"stream_name":"stdout","time":2516.158136983,"data":"             1      0.8230      17.700      0.8230      0.9663     +0.1433         nan         823\n"}
,{"stream_name":"stdout","time":2516.158792832,"data":"             2      0.8308      16.920      0.8308      0.9628     +0.1320         nan         823\n"}
,{"stream_name":"stdout","time":2516.159022228,"data":"\n"}
,{"stream_name":"stdout","time":2516.159126743,"data":"mean +- sem  (min .. max):\n"}
,{"stream_name":"stdout","time":2516.15937342,"data":"      test acc  0.8278 +- 0.0024   (0.8230 .. 0.8308)\n"}
,{"stream_name":"stdout","time":2516.159757696,"data":"    test err %  17.217 +- 0.244   (16.920 .. 17.700)\n"}
,{"stream_name":"stdout","time":2516.16029348,"data":"     final acc  0.8278 +- 0.0024   (0.8230 .. 0.8308)\n"}
,{"stream_name":"stdout","time":2516.160852297,"data":"     train acc  0.9655 +- 0.0014   (0.9628 .. 0.9673)\n"}
,{"stream_name":"stdout","time":2516.161568214,"data":"       gen gap  +0.1376 +- 0.0033   (+0.1320 .. +0.1433)\n"}
,{"stream_name":"stdout","time":2516.16242251,"data":"        wall s  826 +- 3   (823 .. 832)\n"}
,{"stream_name":"stdout","time":2516.162581938,"data":"\n"}
,{"stream_name":"stdout","time":2516.162743793,"data":"resolution of this baseline:\n"}
,{"stream_name":"stdout","time":2516.163191042,"data":"  seed-to-seed sem             0.00244  (24.4 test images)\n"}
,{"stream_name":"stdout","time":2516.163602585,"data":"  binomial sem on n=10000      0.00378  (37.8 test images)\n"}
,{"stream_name":"stdout","time":2516.164129404,"data":"  smallest credible difference 0.00755  (75.5 test images)\n"}
,{"stream_name":"stdout","time":2516.164654267,"data":"  -\u003e a change must beat 0.8278 by more than 0.0076 to have shown anything\n"}
,{"stream_name":"stdout","time":2516.165348239,"data":"\n"}
,{"stream_name":"stdout","time":2516.165805862,"data":"model selection: final_epoch -- no validation split, so 'selected' == final epoch\n"}
,{"stream_name":"stdout","time":2516.166307621,"data":"throughput: 604 img/s mean\n"}
,{"stream_name":"stdout","time":2516.16787194,"data":"\n"}
,{"stream_name":"stdout","time":2516.168122804,"data":"results written to /kaggle/working/runs/20260908-140513_fast_steps_l0_resnet18/results.json\n"}
,{"stream_name":"stdout","time":2516.177653308,"data":"history written to /kaggle/working/runs/20260908-140513_fast_steps_l0_resnet18/history.jsonl and /kaggle/working/runs/20260908-140513_fast_steps_l0_resnet18/history.csv (150 epoch rows)\n"}
,{"stream_name":"stderr","time":2516.188204745,"data":"wandb: \n"}
,{"stream_name":"stderr","time":2516.188221878,"data":"wandb: Run history:\n"}
,{"stream_name":"stderr","time":2516.188226596,"data":"wandb: s0/alpha_max_group ████▇▇▇▆▆▆▆▆▆▆▅▅▅▄▄▄▃▃▃▃▃▃▂▂▂▁▁▁▁▁▁▁▁▁▁▁\n"}
,{"stream_name":"stderr","time":2516.188231681,"data":"wandb:      s0/alpha_mean ███▇▇▇▆▆▆▆▆▆▆▅▅▅▄▄▄▃▃▃▃▃▃▂▂▂▂▁▁▁▁▁▁▁▁▁▁▁\n"}
,{"stream_name":"stderr","time":2516.188235971,"data":"wandb: s0/alpha_min_group ████▇▇▇▆▆▆▆▆▆▆▅▅▅▄▄▄▃▃▃▃▃▃▂▂▂▂▁▁▁▁▁▁▁▁▁▁\n"}
,{"stream_name":"stderr","time":2516.18824078,"data":"wandb:  s0/dead_frac_mean ▁▁▁▁▁▁▁▁▁▁▁\n"}
,{"stream_name":"stderr","time":2516.188244677,"data":"wandb:           s0/epoch ▁▁▁▁▂▂▂▂▂▃▃▃▃▃▃▄▄▄▄▄▅▅▅▅▅▆▆▆▆▆▆▇▇▇▇▇▇███\n"}
,{"stream_name":"stderr","time":2516.188249211,"data":"wandb:         s0/epoch_s █▁▁▂▂▂▂▂▂▂▂▂▂▂▂▂▂▂▂▂▂▂▂▂▂▂▂▂▂▂▂▂▂▂▂▂▂▂▂▂\n"}
,{"stream_name":"stderr","time":2516.188253611,"data":"wandb:  s0/grad_norm_mean ▁▃▆▄▅▇█▃▇▄▄\n"}
,{"stream_name":"stderr","time":2516.188257997,"data":"wandb: s0/grad_norm_total ▁▂█▄▅▆▇▁▆▂▂\n"}
,{"stream_name":"stderr","time":2516.188262197,"data":"wandb:       s0/img_per_s ▁█▇▇▆▇▇▇▇▇▇▇▇▇▇▇▇▇▇▇▇▇▇▇▇▇▇▇▇▇▇▇▇▇▇▇▇▇▇▇\n"}
,{"stream_name":"stderr","time":2516.188267614,"data":"wandb: s0/linear_gap_mean ▁▂▃▃▅▅▆▇███\n"}
,{"stream_name":"stderr","time":2516.188271809,"data":"wandb:               +128 ...\n"}
,{"stream_name":"stderr","time":2516.188276333,"data":"wandb: \n"}
,{"stream_name":"stderr","time":2516.188280768,"data":"wandb: Run summary:\n"}
,{"stream_name":"stderr","time":2516.188285323,"data":"wandb: s0/alpha_max_group 0\n"}
,{"stream_name":"stderr","time":2516.188289622,"data":"wandb:      s0/alpha_mean 0\n"}
,{"stream_name":"stderr","time":2516.188304911,"data":"wandb: s0/alpha_min_group 0\n"}
,{"stream_name":"stderr","time":2516.188309504,"data":"wandb:  s0/dead_frac_mean 0\n"}
,{"stream_name":"stderr","time":2516.188313153,"data":"wandb:           s0/epoch 49\n"}
,{"stream_name":"stderr","time":2516.188317979,"data":"wandb:         s0/epoch_s 10.60513\n"}
,{"stream_name":"stderr","time":2516.188338714,"data":"wandb:  s0/grad_norm_mean 0.55193\n"}
,{"stream_name":"stderr","time":2516.18834291,"data":"wandb: s0/grad_norm_total 1.7684\n"}
,{"stream_name":"stderr","time":2516.188346605,"data":"wandb:       s0/img_per_s 941.43122\n"}
,{"stream_name":"stderr","time":2516.188350363,"data":"wandb: s0/linear_gap_mean 0.66881\n"}
,{"stream_name":"stderr","time":2516.188354744,"data":"wandb:               +145 ...\n"}
,{"stream_name":"stderr","time":2516.188359111,"data":"wandb: \n"}
,{"stream_name":"stderr","time":2516.188467843,"data":"wandb: You can sync this run to the cloud by running:\n"}
,{"stream_name":"stderr","time":2516.188475815,"data":"wandb: wandb sync /kaggle/working/wandb/offline-run-20260908_140518-dbx3hqbl\n"}
,{"stream_name":"stderr","time":2516.188694726,"data":"wandb: Find logs at: ./wandb/offline-run-20260908_140518-dbx3hqbl/logs\n"}
,{"stream_name":"stdout","time":2516.189359282,"data":"\n"}
,{"stream_name":"stdout","time":2516.189433319,"data":"Done. Everything from this run is in /kaggle/working/runs/20260908-140513_fast_steps_l0_resnet18\n"}
,{"stream_name":"stderr","time":2521.468992984,"data":"/usr/local/lib/python3.12/dist-packages/mistune.py:435: SyntaxWarning: invalid escape sequence '\\|'\n"}
,{"stream_name":"stderr","time":2521.469043224,"data":"  cells[i][c] = re.sub('\\\\\\\\\\|', '|', cell)\n"}
,{"stream_name":"stderr","time":2521.784136122,"data":"/usr/local/lib/python3.12/dist-packages/nbconvert/filters/filter_links.py:36: SyntaxWarning: invalid escape sequence '\\_'\n"}
,{"stream_name":"stderr","time":2521.784163155,"data":"  text = re.sub(r'_', '\\_', text) # Escape underscores in display text\n"}
,{"stream_name":"stderr","time":2522.512605524,"data":"[NbConvertApp] Converting notebook __script__.ipynb to html\n"}
,{"stream_name":"stderr","time":2523.862415628,"data":"[NbConvertApp] Writing 386422 bytes to __results__.html\n"}
]