[{"stream_name":"stdout","time":6.579397801,"data":"{'torch': '2.10.0+cu128', 'cuda': '12.8', 'n_gpu': 2, 'gpus': ['Tesla T4', 'Tesla T4'], 'inputs': '/kaggle/input/datasets/maximemonstrenikez/landscape-v2-inputs', 'data_root': '/kaggle/input/datasets/pankrzysiu/cifar10-python', 'seeds': [3], 'pilot': False}\n"}
,{"stream_name":"stdout","time":44.933713436,"data":"[23:17:10 gpu0] epoch 1/30  update 391  loss 1.7113  test acc current 0.4566 target 0.1818\n"}
,{"stream_name":"stdout","time":50.92749707,"data":"[23:17:16 gpu1] epoch 1/30  update 391  loss 1.7075  test acc current 0.4720 target 0.2137\n"}
,{"stream_name":"stdout","time":67.552033905,"data":"[23:17:33 gpu0] epoch 2/30  update 782  loss 1.3214  test acc current 0.5656 target 0.1688\n"}
,{"stream_name":"stdout","time":79.321764432,"data":"[23:17:45 gpu1] epoch 2/30  update 782  loss 1.2943  test acc current 0.5835 target 0.2265\n"}
,{"stream_name":"stdout","time":90.155967071,"data":"[23:17:55 gpu0] epoch 3/30  update 1173  loss 1.1525  test acc current 0.5864 target 0.1467\n"}
,{"stream_name":"stdout","time":108.609244753,"data":"[23:18:14 gpu1] epoch 3/30  update 1173  loss 1.1043  test acc current 0.6283 target 0.1760\n"}
,{"stream_name":"stdout","time":112.62081646,"data":"[23:18:18 gpu0] epoch 4/30  update 1564  loss 1.0208  test acc current 0.6217 target 0.1435\n"}
,{"stream_name":"stdout","time":134.679289416,"data":"[23:18:40 gpu0] epoch 5/30  update 1955  loss 0.9311  test acc current 0.6716 target 0.1506\n"}
,{"stream_name":"stdout","time":136.174247243,"data":"[23:18:41 gpu1] epoch 4/30  update 1564  loss 0.9829  test acc current 0.6452 target 0.2065\n"}
,{"stream_name":"stdout","time":157.078752078,"data":"[23:19:02 gpu0] epoch 6/30  update 2346  loss 0.8493  test acc current 0.7028 target 0.1583\n"}
,{"stream_name":"stdout","time":164.048629742,"data":"[23:19:09 gpu1] epoch 5/30  update 1955  loss 0.8876  test acc current 0.6834 target 0.2135\n"}
,{"stream_name":"stdout","time":178.633237138,"data":"[23:19:24 gpu0] epoch 7/30  update 2737  loss 0.7805  test acc current 0.7143 target 0.2528\n"}
,{"stream_name":"stdout","time":191.22251838,"data":"[23:19:37 gpu1] epoch 6/30  update 2346  loss 0.8168  test acc current 0.7060 target 0.2045\n"}
,{"stream_name":"stdout","time":200.446893149,"data":"[23:19:46 gpu0] epoch 8/30  update 3128  loss 0.7246  test acc current 0.7280 target 0.2985\n"}
,{"stream_name":"stdout","time":218.090716818,"data":"[23:20:03 gpu1] epoch 7/30  update 2737  loss 0.8641  test acc current 0.7028 target 0.2348\n"}
,{"stream_name":"stdout","time":222.742931444,"data":"[23:20:08 gpu0] epoch 9/30  update 3519  loss 0.6806  test acc current 0.7373 target 0.3130\n"}
,{"stream_name":"stdout","time":244.46946497,"data":"[23:20:30 gpu0] epoch 10/30  update 3910  loss 0.6383  test acc current 0.7668 target 0.3550\n"}
,{"stream_name":"stdout","time":244.782890396,"data":"[23:20:30 gpu1] epoch 8/30  update 3128  loss 0.7699  test acc current 0.7119 target 0.2431\n"}
,{"stream_name":"stdout","time":266.756355285,"data":"[23:20:52 gpu0] epoch 11/30  update 4301  loss 0.6044  test acc current 0.7668 target 0.3798\n"}
,{"stream_name":"stdout","time":271.741824524,"data":"[23:20:57 gpu1] epoch 9/30  update 3519  loss 0.7210  test acc current 0.7391 target 0.2195\n"}
,{"stream_name":"stdout","time":288.527705086,"data":"[23:21:14 gpu0] epoch 12/30  update 4692  loss 0.5756  test acc current 0.7741 target 0.3678\n"}
,{"stream_name":"stdout","time":298.198479233,"data":"[23:21:23 gpu1] epoch 10/30  update 3910  loss 0.6730  test acc current 0.7562 target 0.2327\n"}
,{"stream_name":"stdout","time":310.397492955,"data":"[23:21:36 gpu0] epoch 13/30  update 5083  loss 0.5546  test acc current 0.7810 target 0.4348\n"}
,{"stream_name":"stdout","time":324.928027924,"data":"[23:21:50 gpu1] epoch 11/30  update 4301  loss 0.6281  test acc current 0.7618 target 0.2057\n"}
,{"stream_name":"stdout","time":332.652358957,"data":"[23:21:58 gpu0] epoch 14/30  update 5474  loss 0.5198  test acc current 0.7861 target 0.4745\n"}
,{"stream_name":"stdout","time":351.709906844,"data":"[23:22:17 gpu1] epoch 12/30  update 4692  loss 0.5967  test acc current 0.7772 target 0.1750\n"}
,{"stream_name":"stdout","time":354.357061556,"data":"[23:22:20 gpu0] epoch 15/30  update 5865  loss 0.4948  test acc current 0.7878 target 0.4702\n"}
,{"stream_name":"stdout","time":376.042475045,"data":"[23:22:41 gpu0] epoch 16/30  update 6256  loss 0.5210  test acc current 0.7956 target 0.7120\n"}
,{"stream_name":"stdout","time":379.157079688,"data":"[23:22:44 gpu1] epoch 13/30  update 5083  loss 0.6775  test acc current 0.7592 target 0.3114\n"}
,{"stream_name":"stdout","time":398.137284608,"data":"[23:23:03 gpu0] epoch 17/30  update 6647  loss 0.4752  test acc current 0.7905 target 0.7138\n"}
,{"stream_name":"stdout","time":406.891468009,"data":"[23:23:12 gpu1] epoch 14/30  update 5474  loss 0.6073  test acc current 0.7738 target 0.3263\n"}
,{"stream_name":"stdout","time":420.062957691,"data":"[23:23:25 gpu0] epoch 18/30  update 7038  loss 0.4448  test acc current 0.7993 target 0.7347\n"}
,{"stream_name":"stdout","time":434.76476249,"data":"[23:23:40 gpu1] epoch 15/30  update 5865  loss 0.5717  test acc current 0.7876 target 0.3329\n"}
,{"stream_name":"stdout","time":441.917092967,"data":"[23:23:47 gpu0] epoch 19/30  update 7429  loss 0.4839  test acc current 0.7950 target 0.7937\n"}
,{"stream_name":"stdout","time":462.731129593,"data":"[23:24:08 gpu1] epoch 16/30  update 6256  loss 0.5675  test acc current 0.7920 target 0.7031\n"}
,{"stream_name":"stdout","time":463.938650319,"data":"[23:24:09 gpu0] epoch 20/30  update 7820  loss 0.4404  test acc current 0.8030 target 0.7997\n"}
,{"stream_name":"stdout","time":486.669360424,"data":"[23:24:32 gpu0] epoch 21/30  update 8211  loss 0.4146  test acc current 0.8064 target 0.8028\n"}
,{"stream_name":"stdout","time":491.131202679,"data":"[23:24:36 gpu1] epoch 17/30  update 6647  loss 0.5198  test acc current 0.7873 target 0.6819\n"}
,{"stream_name":"stdout","time":504.602412284,"data":"[23:24:50 gpu0] epoch 22/30  update 8602  loss 0.3978  test acc current 0.8084 target 0.8084\n"}
,{"stream_name":"stdout","time":521.524534621,"data":"[23:25:07 gpu1] epoch 18/30  update 7038  loss 0.4898  test acc current 0.8049 target 0.7270\n"}
,{"stream_name":"stdout","time":521.630915972,"data":"[23:25:07 gpu0] epoch 23/30  update 8993  loss 0.3800  test acc current 0.8071 target 0.8071\n"}
,{"stream_name":"stdout","time":539.565647427,"data":"[23:25:25 gpu0] epoch 24/30  update 9384  loss 0.3623  test acc current 0.8089 target 0.8089\n"}
,{"stream_name":"stdout","time":551.631696024,"data":"[23:25:37 gpu1] epoch 19/30  update 7429  loss 0.5074  test acc current 0.8008 target 0.7978\n"}
,{"stream_name":"stdout","time":556.378817602,"data":"[23:25:42 gpu0] epoch 25/30  update 9775  loss 0.3514  test acc current 0.8126 target 0.8126\n"}
,{"stream_name":"stdout","time":574.010077288,"data":"[23:25:59 gpu0] epoch 26/30  update 10166  loss 0.3416  test acc current 0.8124 target 0.8124\n"}
,{"stream_name":"stdout","time":581.068636777,"data":"[23:26:06 gpu1] epoch 20/30  update 7820  loss 0.4687  test acc current 0.8053 target 0.8040\n"}
,{"stream_name":"stdout","time":591.075717359,"data":"[23:26:16 gpu0] epoch 27/30  update 10557  loss 0.3362  test acc current 0.8093 target 0.8093\n"}
,{"stream_name":"stdout","time":609.483687216,"data":"[23:26:35 gpu0] epoch 28/30  update 10948  loss 0.3324  test acc current 0.8092 target 0.8092\n"}
,{"stream_name":"stdout","time":611.70752524,"data":"[23:26:37 gpu1] epoch 21/30  update 8211  loss 0.4443  test acc current 0.8117 target 0.8117\n"}
,{"stream_name":"stdout","time":626.454687234,"data":"[23:26:52 gpu0] epoch 29/30  update 11339  loss 0.3302  test acc current 0.8120 target 0.8120\n"}
,{"stream_name":"stdout","time":628.789798355,"data":"[23:26:54 gpu1] epoch 22/30  update 8602  loss 0.4285  test acc current 0.8108 target 0.8108\n"}
,{"stream_name":"stdout","time":643.50732628,"data":"[23:27:09 gpu0] epoch 30/30  update 11730  loss 0.3267  test acc current 0.8098 target 0.8098\n"}
,{"stream_name":"stdout","time":643.510244509,"data":"[23:27:09 gpu0] DONE gaussian_postrelu seed 3 in 633s\n"}
,{"stream_name":"stdout","time":646.567690727,"data":"[23:27:12 gpu1] epoch 23/30  update 8993  loss 0.4116  test acc current 0.8125 target 0.8125\n"}
,{"stream_name":"stdout","time":663.436840251,"data":"[23:27:29 gpu0] epoch 1/30  update 391  loss 1.8041  test acc current 0.4546 target 0.2386\n"}
,{"stream_name":"stdout","time":664.122455415,"data":"[23:27:29 gpu1] epoch 24/30  update 9384  loss 0.3961  test acc current 0.8113 target 0.8113\n"}
,{"stream_name":"stdout","time":679.035390485,"data":"[23:27:44 gpu0] epoch 2/30  update 782  loss 1.3894  test acc current 0.5392 target 0.2203\n"}
,{"stream_name":"stdout","time":681.23486931,"data":"[23:27:47 gpu1] epoch 25/30  update 9775  loss 0.3870  test acc current 0.8128 target 0.8128\n"}
,{"stream_name":"stdout","time":694.43350305,"data":"[23:28:00 gpu0] epoch 3/30  update 1173  loss 1.2122  test acc current 0.5828 target 0.1748\n"}
,{"stream_name":"stdout","time":698.214466649,"data":"[23:28:03 gpu1] epoch 26/30  update 10166  loss 0.3773  test acc current 0.8133 target 0.8133\n"}
,{"stream_name":"stdout","time":709.417275554,"data":"[23:28:15 gpu0] epoch 4/30  update 1564  loss 1.0879  test acc current 0.6139 target 0.1814\n"}
,{"stream_name":"stdout","time":714.841774635,"data":"[23:28:20 gpu1] epoch 27/30  update 10557  loss 0.3733  test acc current 0.8122 target 0.8122\n"}
,{"stream_name":"stdout","time":725.068764666,"data":"[23:28:30 gpu0] epoch 5/30  update 1955  loss 0.9871  test acc current 0.6434 target 0.1533\n"}
,{"stream_name":"stdout","time":731.969424202,"data":"[23:28:37 gpu1] epoch 28/30  update 10948  loss 0.3668  test acc current 0.8136 target 0.8136\n"}
,{"stream_name":"stdout","time":741.317706946,"data":"[23:28:47 gpu0] epoch 6/30  update 2346  loss 0.9084  test acc current 0.6692 target 0.1723\n"}
,{"stream_name":"stdout","time":749.661898905,"data":"[23:28:55 gpu1] epoch 29/30  update 11339  loss 0.3663  test acc current 0.8144 target 0.8144\n"}
,{"stream_name":"stdout","time":758.025756578,"data":"[23:29:03 gpu0] epoch 7/30  update 2737  loss 0.9504  test acc current 0.6855 target 0.1663\n"}
,{"stream_name":"stdout","time":766.512989114,"data":"[23:29:12 gpu1] epoch 30/30  update 11730  loss 0.3642  test acc current 0.8153 target 0.8153\n"}
,{"stream_name":"stdout","time":766.516072917,"data":"[23:29:12 gpu1] DONE resolution_max_b1_gaussian_conv seed 3 in 756s\n"}
,{"stream_name":"stdout","time":774.560359193,"data":"[23:29:20 gpu0] epoch 8/30  update 3128  loss 0.8404  test acc current 0.6998 target 0.1155\n"}
,{"stream_name":"stdout","time":786.404425061,"data":"[23:29:32 gpu1] epoch 1/30  update 391  loss 1.8417  test acc current 0.4152 target 0.4152\n"}
,{"stream_name":"stdout","time":789.980926582,"data":"[23:29:35 gpu0] epoch 9/30  update 3519  loss 0.7733  test acc current 0.7193 target 0.2119\n"}
,{"stream_name":"stdout","time":803.020258249,"data":"[23:29:48 gpu1] epoch 2/30  update 782  loss 1.4491  test acc current 0.5167 target 0.5167\n"}
,{"stream_name":"stdout","time":806.103061135,"data":"[23:29:51 gpu0] epoch 10/30  update 3910  loss 0.7193  test acc current 0.7359 target 0.1991\n"}
,{"stream_name":"stdout","time":819.672835608,"data":"[23:30:05 gpu1] epoch 3/30  update 1173  loss 1.2583  test acc current 0.5511 target 0.5511\n"}
,{"stream_name":"stdout","time":822.404804927,"data":"[23:30:08 gpu0] epoch 11/30  update 4301  loss 0.6737  test acc current 0.7446 target 0.2052\n"}
,{"stream_name":"stdout","time":836.333384214,"data":"[23:30:22 gpu1] epoch 4/30  update 1564  loss 1.1293  test acc current 0.5901 target 0.5901\n"}
,{"stream_name":"stdout","time":838.46370018,"data":"[23:30:24 gpu0] epoch 12/30  update 4692  loss 0.6322  test acc current 0.7515 target 0.1891\n"}
,{"stream_name":"stdout","time":852.698764018,"data":"[23:30:38 gpu1] epoch 5/30  update 1955  loss 1.0300  test acc current 0.6357 target 0.6357\n"}
,{"stream_name":"stdout","time":854.794958803,"data":"[23:30:40 gpu0] epoch 13/30  update 5083  loss 0.7505  test acc current 0.7445 target 0.7445\n"}
,{"stream_name":"stdout","time":869.080876157,"data":"[23:30:54 gpu1] epoch 6/30  update 2346  loss 0.9539  test acc current 0.6584 target 0.6584\n"}
,{"stream_name":"stdout","time":870.896989001,"data":"[23:30:56 gpu0] epoch 14/30  update 5474  loss 0.6646  test acc current 0.7643 target 0.7643\n"}
,{"stream_name":"stdout","time":885.228698723,"data":"[23:31:11 gpu1] epoch 7/30  update 2737  loss 0.8852  test acc current 0.6649 target 0.6649\n"}
,{"stream_name":"stdout","time":886.823003743,"data":"[23:31:12 gpu0] epoch 15/30  update 5865  loss 0.6199  test acc current 0.7713 target 0.7713\n"}
,{"stream_name":"stdout","time":901.604928686,"data":"[23:31:27 gpu1] epoch 8/30  update 3128  loss 0.8272  test acc current 0.6764 target 0.6764\n"}
,{"stream_name":"stdout","time":903.026058999,"data":"[23:31:28 gpu0] epoch 16/30  update 6256  loss 0.5782  test acc current 0.7719 target 0.7719\n"}
,{"stream_name":"stdout","time":917.807786763,"data":"[23:31:43 gpu1] epoch 9/30  update 3519  loss 0.7793  test acc current 0.6911 target 0.6911\n"}
,{"stream_name":"stdout","time":918.896893176,"data":"[23:31:44 gpu0] epoch 17/30  update 6647  loss 0.5502  test acc current 0.7778 target 0.7778\n"}
,{"stream_name":"stdout","time":934.203846428,"data":"[23:31:59 gpu1] epoch 10/30  update 3910  loss 0.7330  test acc current 0.7133 target 0.7133\n"}
,{"stream_name":"stdout","time":934.989834334,"data":"[23:32:00 gpu0] epoch 18/30  update 7038  loss 0.5185  test acc current 0.7863 target 0.7863\n"}
,{"stream_name":"stdout","time":950.366058751,"data":"[23:32:16 gpu1] epoch 11/30  update 4301  loss 0.6879  test acc current 0.7262 target 0.7262\n"}
,{"stream_name":"stdout","time":950.952896537,"data":"[23:32:16 gpu0] epoch 19/30  update 7429  loss 0.4959  test acc current 0.7900 target 0.7900\n"}
,{"stream_name":"stdout","time":966.854522195,"data":"[23:32:32 gpu1] epoch 12/30  update 4692  loss 0.6512  test acc current 0.7312 target 0.7312\n"}
,{"stream_name":"stdout","time":967.192744409,"data":"[23:32:32 gpu0] epoch 20/30  update 7820  loss 0.4709  test acc current 0.7910 target 0.7910\n"}
,{"stream_name":"stdout","time":983.500903771,"data":"[23:32:49 gpu1] epoch 13/30  update 5083  loss 0.6092  test acc current 0.7324 target 0.7324\n"}
,{"stream_name":"stdout","time":983.572740453,"data":"[23:32:49 gpu0] epoch 21/30  update 8211  loss 0.4499  test acc current 0.7905 target 0.7905\n"}
,{"stream_name":"stdout","time":999.848497257,"data":"[23:33:05 gpu0] epoch 22/30  update 8602  loss 0.4320  test acc current 0.7931 target 0.7931\n"}
,{"stream_name":"stdout","time":999.949393428,"data":"[23:33:05 gpu1] epoch 14/30  update 5474  loss 0.5761  test acc current 0.7287 target 0.7287\n"}
,{"stream_name":"stdout","time":1016.415434543,"data":"[23:33:22 gpu0] epoch 23/30  update 8993  loss 0.4134  test acc current 0.7941 target 0.7941\n"}
,{"stream_name":"stdout","time":1016.658576755,"data":"[23:33:22 gpu1] epoch 15/30  update 5865  loss 0.5448  test acc current 0.7482 target 0.7482\n"}
,{"stream_name":"stdout","time":1032.674236422,"data":"[23:33:38 gpu0] epoch 24/30  update 9384  loss 0.3989  test acc current 0.7953 target 0.7953\n"}
,{"stream_name":"stdout","time":1033.057239634,"data":"[23:33:38 gpu1] epoch 16/30  update 6256  loss 0.5048  test acc current 0.7552 target 0.7552\n"}
,{"stream_name":"stdout","time":1048.872510657,"data":"[23:33:54 gpu0] epoch 25/30  update 9775  loss 0.3889  test acc current 0.7984 target 0.7984\n"}
,{"stream_name":"stdout","time":1049.390365324,"data":"[23:33:55 gpu1] epoch 17/30  update 6647  loss 0.4733  test acc current 0.7502 target 0.7502\n"}
,{"stream_name":"stdout","time":1065.053302706,"data":"[23:34:10 gpu0] epoch 26/30  update 10166  loss 0.3820  test acc current 0.7977 target 0.7977\n"}
,{"stream_name":"stdout","time":1065.803255988,"data":"[23:34:11 gpu1] epoch 18/30  update 7038  loss 0.4477  test acc current 0.7533 target 0.7533\n"}
,{"stream_name":"stdout","time":1080.853094555,"data":"[23:34:26 gpu0] epoch 27/30  update 10557  loss 0.3756  test acc current 0.8001 target 0.8001\n"}
,{"stream_name":"stdout","time":1081.831223251,"data":"[23:34:27 gpu1] epoch 19/30  update 7429  loss 0.4195  test acc current 0.7549 target 0.7549\n"}
,{"stream_name":"stdout","time":1097.026731558,"data":"[23:34:42 gpu0] epoch 28/30  update 10948  loss 0.3687  test acc current 0.7973 target 0.7973\n"}
,{"stream_name":"stdout","time":1098.09927772,"data":"[23:34:43 gpu1] epoch 20/30  update 7820  loss 0.3907  test acc current 0.7542 target 0.7542\n"}
,{"stream_name":"stdout","time":1112.842773237,"data":"[23:34:58 gpu0] epoch 29/30  update 11339  loss 0.3662  test acc current 0.7999 target 0.7999\n"}
,{"stream_name":"stdout","time":1114.319683299,"data":"[23:35:00 gpu1] epoch 21/30  update 8211  loss 0.3665  test acc current 0.7554 target 0.7554\n"}
,{"stream_name":"stdout","time":1129.219046528,"data":"[23:35:14 gpu0] epoch 30/30  update 11730  loss 0.3640  test acc current 0.8000 target 0.8000\n"}
,{"stream_name":"stdout","time":1129.221760153,"data":"[23:35:14 gpu0] DONE resolution_max_b1 seed 3 in 486s\n"}
,{"stream_name":"stdout","time":1130.852025913,"data":"[23:35:16 gpu1] epoch 22/30  update 8602  loss 0.3416  test acc current 0.7501 target 0.7501\n"}
,{"stream_name":"stdout","time":1146.762282243,"data":"[23:35:32 gpu1] epoch 23/30  update 8993  loss 0.3223  test acc current 0.7522 target 0.7522\n"}
,{"stream_name":"stdout","time":1162.634784125,"data":"[23:35:48 gpu1] epoch 24/30  update 9384  loss 0.3046  test acc current 0.7521 target 0.7521\n"}
,{"stream_name":"stdout","time":1178.452751872,"data":"[23:36:04 gpu1] epoch 25/30  update 9775  loss 0.2906  test acc current 0.7551 target 0.7551\n"}
,{"stream_name":"stdout","time":1194.216256383,"data":"[23:36:19 gpu1] epoch 26/30  update 10166  loss 0.2777  test acc current 0.7545 target 0.7545\n"}
,{"stream_name":"stdout","time":1210.144372488,"data":"[23:36:35 gpu1] epoch 27/30  update 10557  loss 0.2725  test acc current 0.7527 target 0.7527\n"}
,{"stream_name":"stdout","time":1225.935840681,"data":"[23:36:51 gpu1] epoch 28/30  update 10948  loss 0.2648  test acc current 0.7522 target 0.7522\n"}
,{"stream_name":"stdout","time":1241.698855118,"data":"[23:37:07 gpu1] epoch 29/30  update 11339  loss 0.2626  test acc current 0.7509 target 0.7509\n"}
,{"stream_name":"stdout","time":1257.421127477,"data":"[23:37:23 gpu1] epoch 30/30  update 11730  loss 0.2604  test acc current 0.7535 target 0.7535\n"}
,{"stream_name":"stdout","time":1257.424074981,"data":"[23:37:23 gpu1] DONE plain seed 3 in 491s\n"}
,{"stream_name":"stdout","time":1272.031674071,"data":"checks seed 3 {'inventory_ok': True, 'pairing_ok': True, 'reproduction_max_test_ce_abs_diff': 0.0, 'bypass_ok': True, 'directions_max_rel_error': 8.881784197001252e-16, 'reconstruction_ok': True, 'endpoints_ok': True, 'repeatability_ok': True, 'non_mutation_ok': True}\n"}
,{"stream_name":"stdout","time":1335.81484894,"data":"[23:38:41 gpu0] sens1d__resolution__seed3                               complete      59s\n"}
,{"stream_name":"stdout","time":1339.238771206,"data":"[23:38:45 gpu1] sens1d__plain__seed3                                    complete      62s\n"}
,{"stream_name":"stdout","time":1395.273473545,"data":"[23:39:41 gpu0] sens1d__gaussian__seed3                                 complete      59s\n"}
,{"stream_name":"stdout","time":1400.404248049,"data":"[23:39:46 gpu1] sens1d__combined__seed3                                 complete      61s\n"}
,{"stream_name":"stdout","time":1417.277737402,"data":"[23:40:03 gpu0] validation__plain__seed3                                complete      22s\n"}
,{"stream_name":"stdout","time":1422.980673423,"data":"[23:40:08 gpu1] validation__resolution__seed3                           complete      23s\n"}
,{"stream_name":"stdout","time":1439.264204739,"data":"[23:40:25 gpu0] validation__gaussian__seed3                             complete      22s\n"}
,{"stream_name":"stdout","time":1445.459172099,"data":"[23:40:31 gpu1] validation__combined__seed3                             complete      22s\n"}
,{"stream_name":"stdout","time":1449.520411391,"data":"[23:40:35 gpu0] interp__plain_resolution__seed3                         complete      10s\n"}
,{"stream_name":"stdout","time":1455.882924889,"data":"[23:40:41 gpu1] interp__plain_gaussian__seed3                           complete      10s\n"}
,{"stream_name":"stdout","time":1459.80895801,"data":"[23:40:45 gpu0] interp__plain_combined__seed3                           complete      10s\n"}
,{"stream_name":"stdout","time":1466.321591289,"data":"[23:40:52 gpu1] interp__resolution_combined__seed3                      complete      10s\n"}
,{"stream_name":"stdout","time":1517.122593002,"data":"[23:41:42 gpu0] fixed1d__resolution__seed3__u002346                     complete      57s\n"}
,{"stream_name":"stdout","time":1524.182865954,"data":"[23:41:49 gpu1] fixed1d__resolution__seed3__u004692                     complete      58s\n"}
,{"stream_name":"stdout","time":1591.243533426,"data":"[23:42:57 gpu1] fixed1d__gaussian__seed3__u008211                       complete      67s\n"}
,{"stream_name":"stdout","time":1626.822918577,"data":"[23:43:32 gpu0] fixed1d__gaussian__seed3__u001173                       complete     110s\n"}
,{"stream_name":"stdout","time":1695.245807364,"data":"[23:44:41 gpu1] fixed1d__combined__seed3__u001173                       complete     104s\n"}
,{"stream_name":"stdout","time":1704.859850346,"data":"[23:44:50 gpu1] traj__plain__seed3                                      complete      10s\n"}
,{"stream_name":"stdout","time":1710.317050377,"data":"[23:44:56 gpu0] fixed1d__combined__seed3__u008211                       complete      83s\n"}
,{"stream_name":"stdout","time":1723.110635575,"data":"[23:45:08 gpu1] traj__resolution__seed3                                 complete      18s\n"}
,{"stream_name":"stdout","time":1767.294117085,"data":"[23:45:53 gpu0] traj__gaussian__seed3                                   complete      57s\n"}
,{"stream_name":"stdout","time":1786.201175869,"data":"[23:46:11 gpu1] traj__combined__seed3                                   complete      63s\n"}
,{"stream_name":"stdout","time":1857.966128466,"data":"[23:47:23 gpu0] surface__plain__seed3__g21                              complete      91s\n"}
,{"stream_name":"stdout","time":1876.903755543,"data":"[23:47:42 gpu1] surface__resolution__seed3__g21                         complete      91s\n"}
,{"stream_name":"stdout","time":1948.616446118,"data":"[23:48:54 gpu0] surface__gaussian__seed3__g21                           complete      91s\n"}
,{"stream_name":"stdout","time":1967.525626108,"data":"[23:49:13 gpu1] surface__combined__seed3__g21                           complete      91s\n"}
,{"stream_name":"stdout","time":1968.180849331,"data":"job done {'start': 1789427792.0329185, 'train_seconds': 1250.6624908447266, 'directions_pca_seconds': 4.067403316497803, 'checks_seconds': 9.079412937164307, 'eval_seconds': 695.9884026050568, 'total_seconds': 1961.9262435436249}\n"}
,{"stream_name":"stderr","time":1970.830443922,"data":"/usr/local/lib/python3.12/dist-packages/mistune.py:435: SyntaxWarning: invalid escape sequence '\\|'\n"}
,{"stream_name":"stderr","time":1970.830525824,"data":"  cells[i][c] = re.sub('\\\\\\\\\\|', '|', cell)\n"}
,{"stream_name":"stderr","time":1971.071379779,"data":"/usr/local/lib/python3.12/dist-packages/nbconvert/filters/filter_links.py:36: SyntaxWarning: invalid escape sequence '\\_'\n"}
,{"stream_name":"stderr","time":1971.071419351,"data":"  text = re.sub(r'_', '\\_', text) # Escape underscores in display text\n"}
,{"stream_name":"stderr","time":1971.714625527,"data":"[NbConvertApp] Converting notebook __script__.ipynb to html\n"}
,{"stream_name":"stderr","time":1972.847716093,"data":"[NbConvertApp] Writing 426872 bytes to __results__.html\n"}
]