[{"stream_name":"stdout","time":14.246231594,"data":"cifar10-resnet 0.1.0\n"}
,{"stream_name":"stdout","time":14.278774234,"data":"config 'fast_baseline': resnet18, 50 epochs, seeds [0, 1, 2]\n"}
,{"stream_name":"stdout","time":14.278798943,"data":"torch 2.10.0+cu128\n"}
,{"stream_name":"stdout","time":15.158857814,"data":"device: cuda (Tesla T4, 14.6 GB)\n"}
,{"stream_name":"stdout","time":15.159195872,"data":"run dir: /kaggle/working/runs/20260908-140517_fast_baseline_resnet18\n"}
,{"stream_name":"stdout","time":15.164808888,"data":"CIFAR-10: pickled batches under /kaggle/input/datasets/idrisselkhamlichi/cifar-10-python\n"}
,{"stream_name":"stdout","time":18.308781377,"data":"CIFAR-10: 10000 train / 0 val / 10000 test, 75 MB resident (uint8)\n"}
,{"stream_name":"stdout","time":18.322160323,"data":"No W\u0026B key mounted: logging offline.\n"}
,{"stream_name":"stderr","time":20.374762125,"data":"wandb: Tracking run with wandb version 0.26.1\n"}
,{"stream_name":"stderr","time":20.375018213,"data":"wandb: W\u0026B syncing is set to `offline` in this directory. Run `wandb online` or set WANDB_MODE=online to enable cloud syncing.\n"}
,{"stream_name":"stderr","time":20.375039299,"data":"wandb: Run data is saved locally in /kaggle/working/wandb/offline-run-20260908_140520-3sjm3fpf\n"}
,{"stream_name":"stdout","time":22.450311609,"data":"\n"}
,{"stream_name":"stdout","time":22.450520023,"data":"--- seed 0 ---\n"}
,{"stream_name":"stdout","time":22.666675883,"data":"model: resnet18, 11.17M params\n"}
,{"stream_name":"stdout","time":55.690781757,"data":"  [seed 0] epoch 000  lr=0.0200  loss=2.1152  test=0.2849  17.2s\n"}
,{"stream_name":"stdout","time":67.22503097,"data":"  [seed 0] epoch 001  lr=0.0400  loss=1.9097  test=0.2968  9.5s\n"}
,{"stream_name":"stdout","time":78.925161629,"data":"  [seed 0] epoch 002  lr=0.0600  loss=1.8000  test=0.3416  9.6s\n"}
,{"stream_name":"stdout","time":90.767012493,"data":"  [seed 0] epoch 003  lr=0.0800  loss=1.6746  test=0.3798  9.8s\n"}
,{"stream_name":"stdout","time":102.743443273,"data":"  [seed 0] epoch 004  lr=0.1000  loss=1.5402  test=0.4081  9.9s\n"}
,{"stream_name":"stdout","time":115.081093766,"data":"  [seed 0] epoch 005  lr=0.0999  loss=1.3958  test=0.4817  10.0s\n"}
,{"stream_name":"stdout","time":127.347029722,"data":"  [seed 0] epoch 006  lr=0.0995  loss=1.2587  test=0.4858  10.1s\n"}
,{"stream_name":"stdout","time":139.805606662,"data":"  [seed 0] epoch 007  lr=0.0989  loss=1.1466  test=0.5462  10.3s\n"}
,{"stream_name":"stdout","time":152.391564262,"data":"  [seed 0] epoch 008  lr=0.0981  loss=1.0686  test=0.5404  10.4s\n"}
,{"stream_name":"stdout","time":164.943435289,"data":"  [seed 0] epoch 009  lr=0.0970  loss=0.9888  test=0.6074  10.4s\n"}
,{"stream_name":"stdout","time":177.539662238,"data":"  [seed 0] epoch 010  lr=0.0957  loss=0.9325  test=0.6087  10.2s\n"}
,{"stream_name":"stdout","time":189.850147992,"data":"  [seed 0] epoch 011  lr=0.0942  loss=0.8734  test=0.6467  10.2s\n"}
,{"stream_name":"stdout","time":202.16956887,"data":"  [seed 0] epoch 012  lr=0.0924  loss=0.8223  test=0.6059  10.2s\n"}
,{"stream_name":"stdout","time":214.559244094,"data":"  [seed 0] epoch 013  lr=0.0905  loss=0.7752  test=0.6709  10.2s\n"}
,{"stream_name":"stdout","time":227.002487515,"data":"  [seed 0] epoch 014  lr=0.0883  loss=0.7486  test=0.6366  10.3s\n"}
,{"stream_name":"stdout","time":239.642291498,"data":"  [seed 0] epoch 015  lr=0.0860  loss=0.6910  test=0.6482  10.3s\n"}
,{"stream_name":"stdout","time":252.015338473,"data":"  [seed 0] epoch 016  lr=0.0835  loss=0.6634  test=0.7117  10.2s\n"}
,{"stream_name":"stdout","time":264.385422038,"data":"  [seed 0] epoch 017  lr=0.0808  loss=0.6147  test=0.6911  10.2s\n"}
,{"stream_name":"stdout","time":276.74701976,"data":"  [seed 0] epoch 018  lr=0.0780  loss=0.5822  test=0.6954  10.2s\n"}
,{"stream_name":"stdout","time":289.134515074,"data":"  [seed 0] epoch 019  lr=0.0750  loss=0.5380  test=0.7234  10.2s\n"}
,{"stream_name":"stdout","time":301.752235817,"data":"  [seed 0] epoch 020  lr=0.0720  loss=0.5059  test=0.7337  10.2s\n"}
,{"stream_name":"stdout","time":314.17371751,"data":"  [seed 0] epoch 021  lr=0.0688  loss=0.4716  test=0.7091  10.2s\n"}
,{"stream_name":"stdout","time":326.573658017,"data":"  [seed 0] epoch 022  lr=0.0655  loss=0.4449  test=0.7539  10.2s\n"}
,{"stream_name":"stdout","time":338.97664954,"data":"  [seed 0] epoch 023  lr=0.0621  loss=0.4104  test=0.7681  10.2s\n"}
,{"stream_name":"stdout","time":351.364293921,"data":"  [seed 0] epoch 024  lr=0.0587  loss=0.3907  test=0.7427  10.2s\n"}
,{"stream_name":"stdout","time":363.93494255,"data":"  [seed 0] epoch 025  lr=0.0553  loss=0.3517  test=0.7527  10.2s\n"}
,{"stream_name":"stdout","time":376.299665407,"data":"  [seed 0] epoch 026  lr=0.0518  loss=0.3390  test=0.7695  10.2s\n"}
,{"stream_name":"stdout","time":388.656068566,"data":"  [seed 0] epoch 027  lr=0.0483  loss=0.3033  test=0.7886  10.2s\n"}
,{"stream_name":"stdout","time":401.014161263,"data":"  [seed 0] epoch 028  lr=0.0448  loss=0.2729  test=0.7807  10.2s\n"}
,{"stream_name":"stdout","time":413.350931941,"data":"  [seed 0] epoch 029  lr=0.0414  loss=0.2438  test=0.7839  10.2s\n"}
,{"stream_name":"stdout","time":425.902675916,"data":"  [seed 0] epoch 030  lr=0.0379  loss=0.2215  test=0.7796  10.2s\n"}
,{"stream_name":"stdout","time":438.242844321,"data":"  [seed 0] epoch 031  lr=0.0346  loss=0.2067  test=0.7902  10.2s\n"}
,{"stream_name":"stdout","time":450.604765397,"data":"  [seed 0] epoch 032  lr=0.0313  loss=0.1805  test=0.7960  10.2s\n"}
,{"stream_name":"stdout","time":462.984555893,"data":"  [seed 0] epoch 033  lr=0.0281  loss=0.1442  test=0.8028  10.2s\n"}
,{"stream_name":"stdout","time":475.344924437,"data":"  [seed 0] epoch 034  lr=0.0250  loss=0.1280  test=0.8010  10.2s\n"}
,{"stream_name":"stdout","time":487.936425883,"data":"  [seed 0] epoch 035  lr=0.0221  loss=0.1018  test=0.8156  10.2s\n"}
,{"stream_name":"stdout","time":500.306317342,"data":"  [seed 0] epoch 036  lr=0.0193  loss=0.0945  test=0.8099  10.2s\n"}
,{"stream_name":"stdout","time":512.695959367,"data":"  [seed 0] epoch 037  lr=0.0166  loss=0.0648  test=0.8238  10.2s\n"}
,{"stream_name":"stdout","time":525.098765188,"data":"  [seed 0] epoch 038  lr=0.0141  loss=0.0492  test=0.8252  10.2s\n"}
,{"stream_name":"stdout","time":537.495864005,"data":"  [seed 0] epoch 039  lr=0.0117  loss=0.0392  test=0.8304  10.2s\n"}
,{"stream_name":"stdout","time":550.093972332,"data":"  [seed 0] epoch 040  lr=0.0096  loss=0.0320  test=0.8344  10.2s\n"}
,{"stream_name":"stdout","time":562.455836034,"data":"  [seed 0] epoch 041  lr=0.0076  loss=0.0259  test=0.8379  10.2s\n"}
,{"stream_name":"stdout","time":574.831644851,"data":"  [seed 0] epoch 042  lr=0.0059  loss=0.0209  test=0.8347  10.2s\n"}
,{"stream_name":"stdout","time":587.186108045,"data":"  [seed 0] epoch 043  lr=0.0043  loss=0.0193  test=0.8389  10.2s\n"}
,{"stream_name":"stdout","time":599.549921802,"data":"  [seed 0] epoch 044  lr=0.0030  loss=0.0159  test=0.8358  10.2s\n"}
,{"stream_name":"stdout","time":612.093121337,"data":"  [seed 0] epoch 045  lr=0.0019  loss=0.0156  test=0.8375  10.2s\n"}
,{"stream_name":"stdout","time":624.428683503,"data":"  [seed 0] epoch 046  lr=0.0011  loss=0.0120  test=0.8385  10.2s\n"}
,{"stream_name":"stdout","time":636.779585508,"data":"  [seed 0] epoch 047  lr=0.0005  loss=0.0130  test=0.8382  10.2s\n"}
,{"stream_name":"stdout","time":649.122209467,"data":"  [seed 0] epoch 048  lr=0.0001  loss=0.0120  test=0.8373  10.2s\n"}
,{"stream_name":"stdout","time":661.659218467,"data":"  [seed 0] epoch 049  lr=0.0000  loss=0.0133  test=0.8371  10.2s\n"}
,{"stream_name":"stdout","time":665.959652684,"data":"  [seed 0] 633s  test_final=0.8371  test_selected=0.8371  train=0.9993  gap=+0.1622\n"}
,{"stream_name":"stdout","time":665.961500909,"data":"\n"}
,{"stream_name":"stdout","time":665.961713656,"data":"--- seed 1 ---\n"}
,{"stream_name":"stdout","time":666.108113513,"data":"model: resnet18, 11.17M params\n"}
,{"stream_name":"stdout","time":678.717724742,"data":"  [seed 1] epoch 000  lr=0.0200  loss=2.1082  test=0.2837  10.2s\n"}
,{"stream_name":"stdout","time":691.114318026,"data":"  [seed 1] epoch 001  lr=0.0400  loss=1.9100  test=0.3138  10.2s\n"}
,{"stream_name":"stdout","time":703.533515536,"data":"  [seed 1] epoch 002  lr=0.0600  loss=1.7863  test=0.3540  10.2s\n"}
,{"stream_name":"stdout","time":715.964613171,"data":"  [seed 1] epoch 003  lr=0.0800  loss=1.6630  test=0.3531  10.2s\n"}
,{"stream_name":"stdout","time":728.384568485,"data":"  [seed 1] epoch 004  lr=0.1000  loss=1.5691  test=0.4203  10.2s\n"}
,{"stream_name":"stdout","time":741.034306711,"data":"  [seed 1] epoch 005  lr=0.0999  loss=1.4181  test=0.5143  10.3s\n"}
,{"stream_name":"stdout","time":753.45054896,"data":"  [seed 1] epoch 006  lr=0.0995  loss=1.2740  test=0.5335  10.2s\n"}
,{"stream_name":"stdout","time":765.864495233,"data":"  [seed 1] epoch 007  lr=0.0989  loss=1.1831  test=0.5486  10.2s\n"}
,{"stream_name":"stdout","time":778.271421762,"data":"  [seed 1] epoch 008  lr=0.0981  loss=1.0714  test=0.5829  10.2s\n"}
,{"stream_name":"stdout","time":790.66386732,"data":"  [seed 1] epoch 009  lr=0.0970  loss=0.9968  test=0.5933  10.2s\n"}
,{"stream_name":"stdout","time":803.253617583,"data":"  [seed 1] epoch 010  lr=0.0957  loss=0.9362  test=0.6146  10.2s\n"}
,{"stream_name":"stdout","time":815.609589877,"data":"  [seed 1] epoch 011  lr=0.0942  loss=0.8740  test=0.5949  10.2s\n"}
,{"stream_name":"stdout","time":827.963353792,"data":"  [seed 1] epoch 012  lr=0.0924  loss=0.8312  test=0.6366  10.2s\n"}
,{"stream_name":"stdout","time":840.340678926,"data":"  [seed 1] epoch 013  lr=0.0905  loss=0.7859  test=0.6496  10.2s\n"}
,{"stream_name":"stdout","time":852.730042514,"data":"  [seed 1] epoch 014  lr=0.0883  loss=0.7547  test=0.6669  10.2s\n"}
,{"stream_name":"stdout","time":865.332680161,"data":"  [seed 1] epoch 015  lr=0.0860  loss=0.6916  test=0.6889  10.2s\n"}
,{"stream_name":"stdout","time":877.718995897,"data":"  [seed 1] epoch 016  lr=0.0835  loss=0.6636  test=0.6872  10.2s\n"}
,{"stream_name":"stdout","time":890.143308757,"data":"  [seed 1] epoch 017  lr=0.0808  loss=0.6382  test=0.6561  10.2s\n"}
,{"stream_name":"stdout","time":902.554841797,"data":"  [seed 1] epoch 018  lr=0.0780  loss=0.5832  test=0.7127  10.2s\n"}
,{"stream_name":"stdout","time":914.962477075,"data":"  [seed 1] epoch 019  lr=0.0750  loss=0.5603  test=0.6935  10.2s\n"}
,{"stream_name":"stdout","time":927.576782848,"data":"  [seed 1] epoch 020  lr=0.0720  loss=0.5066  test=0.7188  10.2s\n"}
,{"stream_name":"stdout","time":939.97624875,"data":"  [seed 1] epoch 021  lr=0.0688  loss=0.4905  test=0.7480  10.2s\n"}
,{"stream_name":"stdout","time":952.392503523,"data":"  [seed 1] epoch 022  lr=0.0655  loss=0.4584  test=0.7593  10.2s\n"}
,{"stream_name":"stdout","time":964.815128151,"data":"  [seed 1] epoch 023  lr=0.0621  loss=0.4171  test=0.7531  10.2s\n"}
,{"stream_name":"stdout","time":977.231769894,"data":"  [seed 1] epoch 024  lr=0.0587  loss=0.3944  test=0.7741  10.2s\n"}
,{"stream_name":"stdout","time":989.854773728,"data":"  [seed 1] epoch 025  lr=0.0553  loss=0.3707  test=0.7575  10.2s\n"}
,{"stream_name":"stdout","time":1002.241425073,"data":"  [seed 1] epoch 026  lr=0.0518  loss=0.3318  test=0.7834  10.2s\n"}
,{"stream_name":"stdout","time":1014.621516498,"data":"  [seed 1] epoch 027  lr=0.0483  loss=0.2996  test=0.7776  10.2s\n"}
,{"stream_name":"stdout","time":1027.003291452,"data":"  [seed 1] epoch 028  lr=0.0448  loss=0.2758  test=0.7974  10.2s\n"}
,{"stream_name":"stdout","time":1039.371535628,"data":"  [seed 1] epoch 029  lr=0.0414  loss=0.2360  test=0.7810  10.2s\n"}
,{"stream_name":"stdout","time":1051.907774942,"data":"  [seed 1] epoch 030  lr=0.0379  loss=0.2164  test=0.7999  10.2s\n"}
,{"stream_name":"stdout","time":1064.246991617,"data":"  [seed 1] epoch 031  lr=0.0346  loss=0.1908  test=0.8062  10.2s\n"}
,{"stream_name":"stdout","time":1076.590247025,"data":"  [seed 1] epoch 032  lr=0.0313  loss=0.1730  test=0.8029  10.2s\n"}
,{"stream_name":"stdout","time":1088.934962292,"data":"  [seed 1] epoch 033  lr=0.0281  loss=0.1388  test=0.8099  10.2s\n"}
,{"stream_name":"stdout","time":1101.265944234,"data":"  [seed 1] epoch 034  lr=0.0250  loss=0.1301  test=0.8068  10.2s\n"}
,{"stream_name":"stdout","time":1113.814662663,"data":"  [seed 1] epoch 035  lr=0.0221  loss=0.1070  test=0.8143  10.2s\n"}
,{"stream_name":"stdout","time":1126.170545282,"data":"  [seed 1] epoch 036  lr=0.0193  loss=0.0804  test=0.8254  10.2s\n"}
,{"stream_name":"stdout","time":1138.513931119,"data":"  [seed 1] epoch 037  lr=0.0166  loss=0.0614  test=0.8268  10.2s\n"}
,{"stream_name":"stdout","time":1150.870914922,"data":"  [seed 1] epoch 038  lr=0.0141  loss=0.0493  test=0.8233  10.2s\n"}
,{"stream_name":"stdout","time":1163.248166219,"data":"  [seed 1] epoch 039  lr=0.0117  loss=0.0351  test=0.8292  10.2s\n"}
,{"stream_name":"stdout","time":1175.834258284,"data":"  [seed 1] epoch 040  lr=0.0096  loss=0.0320  test=0.8303  10.2s\n"}
,{"stream_name":"stdout","time":1188.208581405,"data":"  [seed 1] epoch 041  lr=0.0076  loss=0.0253  test=0.8353  10.2s\n"}
,{"stream_name":"stdout","time":1200.611986147,"data":"  [seed 1] epoch 042  lr=0.0059  loss=0.0205  test=0.8360  10.2s\n"}
,{"stream_name":"stdout","time":1213.014135791,"data":"  [seed 1] epoch 043  lr=0.0043  loss=0.0168  test=0.8408  10.2s\n"}
,{"stream_name":"stdout","time":1225.40802376,"data":"  [seed 1] epoch 044  lr=0.0030  loss=0.0163  test=0.8351  10.2s\n"}
,{"stream_name":"stdout","time":1238.002345135,"data":"  [seed 1] epoch 045  lr=0.0019  loss=0.0124  test=0.8399  10.2s\n"}
,{"stream_name":"stdout","time":1250.389216043,"data":"  [seed 1] epoch 046  lr=0.0011  loss=0.0119  test=0.8417  10.2s\n"}
,{"stream_name":"stdout","time":1262.810627643,"data":"  [seed 1] epoch 047  lr=0.0005  loss=0.0123  test=0.8413  10.2s\n"}
,{"stream_name":"stdout","time":1275.210022915,"data":"  [seed 1] epoch 048  lr=0.0001  loss=0.0125  test=0.8397  10.2s\n"}
,{"stream_name":"stdout","time":1287.773433517,"data":"  [seed 1] epoch 049  lr=0.0000  loss=0.0122  test=0.8400  10.2s\n"}
,{"stream_name":"stdout","time":1292.110725759,"data":"  [seed 1] 622s  test_final=0.8400  test_selected=0.8400  train=0.9991  gap=+0.1591\n"}
,{"stream_name":"stdout","time":1292.11267384,"data":"\n"}
,{"stream_name":"stdout","time":1292.113074051,"data":"--- seed 2 ---\n"}
,{"stream_name":"stdout","time":1292.249034212,"data":"model: resnet18, 11.17M params\n"}
,{"stream_name":"stdout","time":1304.892641912,"data":"  [seed 2] epoch 000  lr=0.0200  loss=2.1082  test=0.2900  10.2s\n"}
,{"stream_name":"stdout","time":1317.295771396,"data":"  [seed 2] epoch 001  lr=0.0400  loss=1.9132  test=0.3028  10.2s\n"}
,{"stream_name":"stdout","time":1329.69908257,"data":"  [seed 2] epoch 002  lr=0.0600  loss=1.7937  test=0.3535  10.2s\n"}
,{"stream_name":"stdout","time":1342.081610939,"data":"  [seed 2] epoch 003  lr=0.0800  loss=1.6775  test=0.4070  10.2s\n"}
,{"stream_name":"stdout","time":1354.464499597,"data":"  [seed 2] epoch 004  lr=0.1000  loss=1.5631  test=0.4517  10.2s\n"}
,{"stream_name":"stdout","time":1367.058953456,"data":"  [seed 2] epoch 005  lr=0.0999  loss=1.4200  test=0.4195  10.2s\n"}
,{"stream_name":"stdout","time":1379.445093407,"data":"  [seed 2] epoch 006  lr=0.0995  loss=1.2917  test=0.4941  10.2s\n"}
,{"stream_name":"stdout","time":1391.838927997,"data":"  [seed 2] epoch 007  lr=0.0989  loss=1.1829  test=0.5182  10.2s\n"}
,{"stream_name":"stdout","time":1404.250316205,"data":"  [seed 2] epoch 008  lr=0.0981  loss=1.0863  test=0.5122  10.2s\n"}
,{"stream_name":"stdout","time":1416.662660391,"data":"  [seed 2] epoch 009  lr=0.0970  loss=0.9977  test=0.5967  10.2s\n"}
,{"stream_name":"stdout","time":1429.245190159,"data":"  [seed 2] epoch 010  lr=0.0957  loss=0.9385  test=0.6125  10.2s\n"}
,{"stream_name":"stdout","time":1441.624720045,"data":"  [seed 2] epoch 011  lr=0.0942  loss=0.8690  test=0.6580  10.2s\n"}
,{"stream_name":"stdout","time":1454.035913607,"data":"  [seed 2] epoch 012  lr=0.0924  loss=0.8200  test=0.6564  10.2s\n"}
,{"stream_name":"stdout","time":1466.433559286,"data":"  [seed 2] epoch 013  lr=0.0905  loss=0.7717  test=0.6787  10.2s\n"}
,{"stream_name":"stdout","time":1478.833830613,"data":"  [seed 2] epoch 014  lr=0.0883  loss=0.7368  test=0.6343  10.2s\n"}
,{"stream_name":"stdout","time":1491.433627797,"data":"  [seed 2] epoch 015  lr=0.0860  loss=0.6892  test=0.5984  10.2s\n"}
,{"stream_name":"stdout","time":1503.808058814,"data":"  [seed 2] epoch 016  lr=0.0835  loss=0.6459  test=0.6808  10.2s\n"}
,{"stream_name":"stdout","time":1516.189822641,"data":"  [seed 2] epoch 017  lr=0.0808  loss=0.6155  test=0.7184  10.2s\n"}
,{"stream_name":"stdout","time":1528.588480833,"data":"  [seed 2] epoch 018  lr=0.0780  loss=0.5678  test=0.7404  10.2s\n"}
,{"stream_name":"stdout","time":1540.98528462,"data":"  [seed 2] epoch 019  lr=0.0750  loss=0.5422  test=0.7133  10.2s\n"}
,{"stream_name":"stdout","time":1553.589667409,"data":"  [seed 2] epoch 020  lr=0.0720  loss=0.5042  test=0.7517  10.2s\n"}
,{"stream_name":"stdout","time":1565.98127183,"data":"  [seed 2] epoch 021  lr=0.0688  loss=0.4790  test=0.7349  10.2s\n"}
,{"stream_name":"stdout","time":1578.382943967,"data":"  [seed 2] epoch 022  lr=0.0655  loss=0.4332  test=0.7240  10.2s\n"}
,{"stream_name":"stdout","time":1590.785813066,"data":"  [seed 2] epoch 023  lr=0.0621  loss=0.4126  test=0.7655  10.2s\n"}
,{"stream_name":"stdout","time":1603.174355052,"data":"  [seed 2] epoch 024  lr=0.0587  loss=0.3976  test=0.7782  10.2s\n"}
,{"stream_name":"stdout","time":1615.763548996,"data":"  [seed 2] epoch 025  lr=0.0553  loss=0.3428  test=0.7601  10.2s\n"}
,{"stream_name":"stdout","time":1628.135180023,"data":"  [seed 2] epoch 026  lr=0.0518  loss=0.3382  test=0.7771  10.2s\n"}
,{"stream_name":"stdout","time":1640.51559099,"data":"  [seed 2] epoch 027  lr=0.0483  loss=0.2971  test=0.7770  10.2s\n"}
,{"stream_name":"stdout","time":1652.903932315,"data":"  [seed 2] epoch 028  lr=0.0448  loss=0.2778  test=0.7928  10.2s\n"}
,{"stream_name":"stdout","time":1665.290941814,"data":"  [seed 2] epoch 029  lr=0.0414  loss=0.2572  test=0.7863  10.2s\n"}
,{"stream_name":"stdout","time":1677.884532605,"data":"  [seed 2] epoch 030  lr=0.0379  loss=0.2166  test=0.7951  10.2s\n"}
,{"stream_name":"stdout","time":1690.263616165,"data":"  [seed 2] epoch 031  lr=0.0346  loss=0.2001  test=0.7981  10.2s\n"}
,{"stream_name":"stdout","time":1702.635333111,"data":"  [seed 2] epoch 032  lr=0.0313  loss=0.1779  test=0.8042  10.2s\n"}
,{"stream_name":"stdout","time":1715.021851389,"data":"  [seed 2] epoch 033  lr=0.0281  loss=0.1474  test=0.8002  10.2s\n"}
,{"stream_name":"stdout","time":1727.407796065,"data":"  [seed 2] epoch 034  lr=0.0250  loss=0.1274  test=0.8083  10.2s\n"}
,{"stream_name":"stdout","time":1739.972029532,"data":"  [seed 2] epoch 035  lr=0.0221  loss=0.1048  test=0.8194  10.2s\n"}
,{"stream_name":"stdout","time":1752.329835101,"data":"  [seed 2] epoch 036  lr=0.0193  loss=0.0903  test=0.8172  10.2s\n"}
,{"stream_name":"stdout","time":1764.696408353,"data":"  [seed 2] epoch 037  lr=0.0166  loss=0.0717  test=0.8237  10.2s\n"}
,{"stream_name":"stdout","time":1777.056598585,"data":"  [seed 2] epoch 038  lr=0.0141  loss=0.0510  test=0.8271  10.2s\n"}
,{"stream_name":"stdout","time":1789.428255607,"data":"  [seed 2] epoch 039  lr=0.0117  loss=0.0428  test=0.8283  10.2s\n"}
,{"stream_name":"stdout","time":1801.997380999,"data":"  [seed 2] epoch 040  lr=0.0096  loss=0.0379  test=0.8309  10.2s\n"}
,{"stream_name":"stdout","time":1814.346707373,"data":"  [seed 2] epoch 041  lr=0.0076  loss=0.0257  test=0.8329  10.2s\n"}
,{"stream_name":"stdout","time":1826.721441523,"data":"  [seed 2] epoch 042  lr=0.0059  loss=0.0231  test=0.8333  10.2s\n"}
,{"stream_name":"stdout","time":1839.079607926,"data":"  [seed 2] epoch 043  lr=0.0043  loss=0.0206  test=0.8327  10.2s\n"}
,{"stream_name":"stdout","time":1851.452898631,"data":"  [seed 2] epoch 044  lr=0.0030  loss=0.0184  test=0.8340  10.2s\n"}
,{"stream_name":"stdout","time":1864.033759989,"data":"  [seed 2] epoch 045  lr=0.0019  loss=0.0153  test=0.8336  10.2s\n"}
,{"stream_name":"stdout","time":1876.397363914,"data":"  [seed 2] epoch 046  lr=0.0011  loss=0.0146  test=0.8348  10.2s\n"}
,{"stream_name":"stdout","time":1888.782241208,"data":"  [seed 2] epoch 047  lr=0.0005  loss=0.0130  test=0.8342  10.2s\n"}
,{"stream_name":"stdout","time":1901.16677953,"data":"  [seed 2] epoch 048  lr=0.0001  loss=0.0144  test=0.8353  10.2s\n"}
,{"stream_name":"stdout","time":1913.760895939,"data":"  [seed 2] epoch 049  lr=0.0000  loss=0.0135  test=0.8352  10.2s\n"}
,{"stream_name":"stdout","time":1918.094344768,"data":"  [seed 2] 622s  test_final=0.8352  test_selected=0.8352  train=0.9992  gap=+0.1640\n"}
,{"stream_name":"stdout","time":1918.09629941,"data":"\n"}
,{"stream_name":"stdout","time":1918.09659417,"data":"==============================================================================\n"}
,{"stream_name":"stdout","time":1918.097091949,"data":"CIFAR-10 BASELINE  --  resnet18, 11,173,962 params, 50 epochs, 3 seeds\n"}
,{"stream_name":"stdout","time":1918.097395441,"data":"config 'fast_baseline': sgd lr=0.1 mom=0.9 wd=0.0005 bs=128 cosine+5ep warmup, augment=True\n"}
,{"stream_name":"stdout","time":1918.098101643,"data":"==============================================================================\n"}
,{"stream_name":"stdout","time":1918.098380554,"data":"\n"}
,{"stream_name":"stdout","time":1918.098704898,"data":"per seed:\n"}
,{"stream_name":"stdout","time":1918.099359327,"data":"          seed    test acc  test err %   final acc   train acc     gen gap   worst cls      wall s\n"}
,{"stream_name":"stdout","time":1918.099843448,"data":"             0      0.8371      16.290      0.8371      0.9993     +0.1622         nan         633\n"}
,{"stream_name":"stdout","time":1918.10036348,"data":"             1      0.8400      16.000      0.8400      0.9991     +0.1591         nan         622\n"}
,{"stream_name":"stdout","time":1918.100896172,"data":"             2      0.8352      16.480      0.8352      0.9992     +0.1640         nan         622\n"}
,{"stream_name":"stdout","time":1918.101053844,"data":"\n"}
,{"stream_name":"stdout","time":1918.101316959,"data":"mean +- sem  (min .. max):\n"}
,{"stream_name":"stdout","time":1918.101969764,"data":"      test acc  0.8374 +- 0.0014   (0.8352 .. 0.8400)\n"}
,{"stream_name":"stdout","time":1918.102372635,"data":"    test err %  16.257 +- 0.140   (16.000 .. 16.480)\n"}
,{"stream_name":"stdout","time":1918.102973532,"data":"     final acc  0.8374 +- 0.0014   (0.8352 .. 0.8400)\n"}
,{"stream_name":"stdout","time":1918.103561067,"data":"     train acc  0.9992 +- 0.0001   (0.9991 .. 0.9993)\n"}
,{"stream_name":"stdout","time":1918.104018137,"data":"       gen gap  +0.1618 +- 0.0014   (+0.1591 .. +0.1640)\n"}
,{"stream_name":"stdout","time":1918.104420595,"data":"        wall s  625 +- 4   (622 .. 633)\n"}
,{"stream_name":"stdout","time":1918.104771706,"data":"\n"}
,{"stream_name":"stdout","time":1918.104891798,"data":"resolution of this baseline:\n"}
,{"stream_name":"stdout","time":1918.105289351,"data":"  seed-to-seed sem             0.00140  (14.0 test images)\n"}
,{"stream_name":"stdout","time":1918.105751718,"data":"  binomial sem on n=10000      0.00369  (36.9 test images)\n"}
,{"stream_name":"stdout","time":1918.106418462,"data":"  smallest credible difference 0.00738  (73.8 test images)\n"}
,{"stream_name":"stdout","time":1918.106601115,"data":"  -\u003e a change must beat 0.8374 by more than 0.0074 to have shown anything\n"}
,{"stream_name":"stdout","time":1918.106743364,"data":"\n"}
,{"stream_name":"stdout","time":1918.10707597,"data":"model selection: final_epoch -- no validation split, so 'selected' == final epoch\n"}
,{"stream_name":"stdout","time":1918.107398932,"data":"throughput: 798 img/s mean\n"}
,{"stream_name":"stdout","time":1918.109260097,"data":"\n"}
,{"stream_name":"stdout","time":1918.109477801,"data":"results written to /kaggle/working/runs/20260908-140517_fast_baseline_resnet18/results.json\n"}
,{"stream_name":"stdout","time":1918.115204682,"data":"history written to /kaggle/working/runs/20260908-140517_fast_baseline_resnet18/history.jsonl and /kaggle/working/runs/20260908-140517_fast_baseline_resnet18/history.csv (150 epoch rows)\n"}
,{"stream_name":"stderr","time":1918.123749846,"data":"wandb: \n"}
,{"stream_name":"stderr","time":1918.123766272,"data":"wandb: Run history:\n"}
,{"stream_name":"stderr","time":1918.123771192,"data":"wandb:            s0/epoch ▁▁▁▁▂▂▂▂▂▃▃▃▃▃▃▄▄▄▄▄▅▅▅▅▅▆▆▆▆▆▆▇▇▇▇▇▇███\n"}
,{"stream_name":"stderr","time":1918.123776127,"data":"wandb:          s0/epoch_s █▁▁▁▁▂▂▂▂▂▂▂▂▂▂▂▂▂▂▂▂▂▂▂▂▂▂▂▂▂▂▂▂▂▂▂▂▂▂▂\n"}
,{"stream_name":"stderr","time":1918.123779819,"data":"wandb:   s0/grad_norm_mean ▁▆█▇▅▆▇▃▂▁▁\n"}
,{"stream_name":"stderr","time":1918.123783174,"data":"wandb:  s0/grad_norm_total ▂▇█▇▅▆▇▃▂▁▁\n"}
,{"stream_name":"stderr","time":1918.123786992,"data":"wandb:        s0/img_per_s ▁███▇▇▇▇▇▇▇▇▇▇▇▇▇▇▇▇▇▇▇▇▇▇▇▇▇▇▇▇▇▇▇▇▇▇▇▇\n"}
,{"stream_name":"stderr","time":1918.123790972,"data":"wandb:               s0/lr ▄▅▇███████▇▇▇▇▇▆▆▆▆▅▅▅▄▄▄▃▃▃▃▃▂▂▂▂▁▁▁▁▁▁\n"}
,{"stream_name":"stderr","time":1918.123795353,"data":"wandb:            s0/phase ▁▁▁▁▁▁▁▁▁▁▁▁▁▁▁▁▁▁▁▁▁▁▁▁▁▁▁▁▁▁▁▁▁▁▁▁▁▁▁▁\n"}
,{"stream_name":"stderr","time":1918.123799439,"data":"wandb: s0/ratio_last_block ▁▃▅▅▆▇▇████\n"}
,{"stream_name":"stderr","time":1918.123802989,"data":"wandb:       s0/ratio_mean ▁▃▄▅▆▇▇████\n"}
,{"stream_name":"stderr","time":1918.123806515,"data":"wandb:      s0/s_max_block ▁▁▁▁▁▁▁▁▁▁▁▁▁▁▁▁▁▁▁▁▁▁▁▁▁▁▁▁▁▁▁▁▁▁▁▁▁▁▁▁\n"}
,{"stream_name":"stderr","time":1918.123821917,"data":"wandb:                +104 ...\n"}
,{"stream_name":"stderr","time":1918.123826115,"data":"wandb: \n"}
,{"stream_name":"stderr","time":1918.123829561,"data":"wandb: Run summary:\n"}
,{"stream_name":"stderr","time":1918.123832646,"data":"wandb:            s0/epoch 49\n"}
,{"stream_name":"stderr","time":1918.123835966,"data":"wandb:          s0/epoch_s 10.17781\n"}
,{"stream_name":"stderr","time":1918.12383911,"data":"wandb:   s0/grad_norm_mean 0.13856\n"}
,{"stream_name":"stderr","time":1918.123842464,"data":"wandb:  s0/grad_norm_total 0.46155\n"}
,{"stream_name":"stderr","time":1918.123845639,"data":"wandb:        s0/img_per_s 980.95748\n"}
,{"stream_name":"stderr","time":1918.123849216,"data":"wandb:               s0/lr 0.0\n"}
,{"stream_name":"stderr","time":1918.123852442,"data":"wandb:            s0/phase 0\n"}
,{"stream_name":"stderr","time":1918.123855738,"data":"wandb: s0/ratio_last_block 0.35505\n"}
,{"stream_name":"stderr","time":1918.123858955,"data":"wandb:       s0/ratio_mean 0.82196\n"}
,{"stream_name":"stderr","time":1918.123862517,"data":"wandb:      s0/s_max_block 1\n"}
,{"stream_name":"stderr","time":1918.123865924,"data":"wandb:                +118 ...\n"}
,{"stream_name":"stderr","time":1918.123869093,"data":"wandb: \n"}
,{"stream_name":"stderr","time":1918.123967869,"data":"wandb: You can sync this run to the cloud by running:\n"}
,{"stream_name":"stderr","time":1918.123984541,"data":"wandb: wandb sync /kaggle/working/wandb/offline-run-20260908_140520-3sjm3fpf\n"}
,{"stream_name":"stderr","time":1918.124180728,"data":"wandb: Find logs at: ./wandb/offline-run-20260908_140520-3sjm3fpf/logs\n"}
,{"stream_name":"stdout","time":1918.124925622,"data":"\n"}
,{"stream_name":"stdout","time":1918.124937902,"data":"Done. Everything from this run is in /kaggle/working/runs/20260908-140517_fast_baseline_resnet18\n"}
,{"stream_name":"stderr","time":1925.209372163,"data":"/usr/local/lib/python3.12/dist-packages/mistune.py:435: SyntaxWarning: invalid escape sequence '\\|'\n"}
,{"stream_name":"stderr","time":1925.209412622,"data":"  cells[i][c] = re.sub('\\\\\\\\\\|', '|', cell)\n"}
,{"stream_name":"stderr","time":1925.687747933,"data":"/usr/local/lib/python3.12/dist-packages/nbconvert/filters/filter_links.py:36: SyntaxWarning: invalid escape sequence '\\_'\n"}
,{"stream_name":"stderr","time":1925.687793181,"data":"  text = re.sub(r'_', '\\_', text) # Escape underscores in display text\n"}
,{"stream_name":"stderr","time":1926.468102379,"data":"[NbConvertApp] Converting notebook __script__.ipynb to html\n"}
,{"stream_name":"stderr","time":1928.140136552,"data":"[NbConvertApp] Writing 386422 bytes to __results__.html\n"}
]