[{"stream_name":"stdout","time":8.220403162,"data":"cifar10-resnet 0.1.0\n"}
,{"stream_name":"stdout","time":8.231837024,"data":"config 'fast_steps_l3': resnet18, 50 epochs, seeds [0]\n"}
,{"stream_name":"stdout","time":8.231855852,"data":"torch 2.10.0+cu128\n"}
,{"stream_name":"stdout","time":8.965930496,"data":"device: cuda (Tesla T4, 14.6 GB)\n"}
,{"stream_name":"stdout","time":8.966293059,"data":"run dir: /kaggle/working/runs/20260908-133759_fast_steps_l3_resnet18\n"}
,{"stream_name":"stdout","time":8.97699924,"data":"CIFAR-10: pickled batches under /kaggle/input/datasets/idrisselkhamlichi/cifar-10-python\n"}
,{"stream_name":"stdout","time":11.990288455,"data":"CIFAR-10: 10000 train / 0 val / 10000 test, 75 MB resident (uint8)\n"}
,{"stream_name":"stdout","time":11.999868914,"data":"No W\u0026B key mounted: logging offline.\n"}
,{"stream_name":"stderr","time":13.411842412,"data":"wandb: Tracking run with wandb version 0.26.1\n"}
,{"stream_name":"stderr","time":13.41206302,"data":"wandb: W\u0026B syncing is set to `offline` in this directory. Run `wandb online` or set WANDB_MODE=online to enable cloud syncing.\n"}
,{"stream_name":"stderr","time":13.412084104,"data":"wandb: Run data is saved locally in /kaggle/working/wandb/offline-run-20260908_133803-4upxsw6c\n"}
,{"stream_name":"stdout","time":14.856714257,"data":"\n"}
,{"stream_name":"stdout","time":14.856942983,"data":"--- seed 0 ---\n"}
,{"stream_name":"stdout","time":15.036876244,"data":"model: resnet18, 11.17M params\n"}
,{"stream_name":"stdout","time":20.082458664,"data":"  [seed 0] activation homotopy: alpha 1.0 -\u003e 0.0 (staircase), 1 group(s) over 17 sites (global/all)\n"}
,{"stream_name":"stdout","time":20.083788591,"data":"  [seed 0] continuation: 10 phases, lr restarts at each -- boundaries 0.00, 0.08, 0.16, 0.24, 0.32, 0.40, 0.48, 0.56, 0.64, 0.72, 1.00\n"}
,{"stream_name":"stdout","time":53.511617323,"data":"  [seed 0] --- phase 0 begins, alpha=1.000, grad norm 1.424 leaving the last phase\n"}
,{"stream_name":"stdout","time":53.512180878,"data":"  [seed 0] epoch 000  lr=0.0935  a=1.00  a0=0.1841  pen=0.0086  |dth|=4.2  loss=2.1549  test=0.2172  17.6s\n"}
,{"stream_name":"stdout","time":72.852853817,"data":"  [seed 0] epoch 001  lr=0.0592  a=1.00  a0=0.2368  pen=0.0188  |dth|=6.2  loss=2.0901  test=0.2645  11.4s\n"}
,{"stream_name":"stdout","time":93.704978559,"data":"  [seed 0] epoch 002  lr=0.0183  a=1.00  a0=0.2313  pen=0.0249  |dth|=7.1  loss=2.0481  test=0.2856  12.6s\n"}
,{"stream_name":"stdout","time":112.852971512,"data":"  [seed 0] epoch 003  lr=0.0000  a=1.00  a0=0.2295  pen=0.0260  |dth|=7.2  loss=2.0169  test=0.2935  11.7s\n"}
,{"stream_name":"stdout","time":131.328005531,"data":"  [seed 0] --- phase 1 begins, alpha=0.889\n"}
,{"stream_name":"stdout","time":131.328056695,"data":"  [seed 0] epoch 004  lr=0.0938  a=0.89  a0=0.2223  pen=0.0391  |dth|=9.4  loss=2.0251  test=0.3183  11.2s\n"}
,{"stream_name":"stdout","time":150.434767789,"data":"  [seed 0] epoch 005  lr=0.0592  a=0.89  a0=0.1929  pen=0.0590  |dth|=11.5  loss=1.9528  test=0.3381  11.3s\n"}
,{"stream_name":"stdout","time":169.968403539,"data":"  [seed 0] epoch 006  lr=0.0183  a=0.89  a0=0.1940  pen=0.0688  |dth|=12.5  loss=1.8764  test=0.3540  11.7s\n"}
,{"stream_name":"stdout","time":189.56757839,"data":"  [seed 0] epoch 007  lr=0.0000  a=0.89  a0=0.2091  pen=0.0704  |dth|=12.6  loss=1.7948  test=0.3858  11.9s\n"}
,{"stream_name":"stdout","time":208.710369097,"data":"  [seed 0] --- phase 2 begins, alpha=0.778\n"}
,{"stream_name":"stdout","time":208.710974402,"data":"  [seed 0] epoch 008  lr=0.0938  a=0.78  a0=0.2650  pen=0.0823  |dth|=14.6  loss=1.8263  test=0.3310  11.6s\n"}
,{"stream_name":"stdout","time":227.64722026,"data":"  [seed 0] epoch 009  lr=0.0597  a=0.78  a0=0.2836  pen=0.1034  |dth|=16.3  loss=1.7889  test=0.3894  11.4s\n"}
,{"stream_name":"stdout","time":247.081579507,"data":"  [seed 0] epoch 010  lr=0.0187  a=0.78  a0=0.2958  pen=0.1133  |dth|=17.1  loss=1.7259  test=0.4259  11.5s\n"}
,{"stream_name":"stdout","time":266.424198915,"data":"  [seed 0] epoch 011  lr=0.0000  a=0.78  a0=0.2983  pen=0.1149  |dth|=17.2  loss=1.6666  test=0.4468  11.6s\n"}
,{"stream_name":"stdout","time":285.761678354,"data":"  [seed 0] --- phase 3 begins, alpha=0.667\n"}
,{"stream_name":"stdout","time":285.762237683,"data":"  [seed 0] epoch 012  lr=0.0938  a=0.67  a0=0.3345  pen=0.1185  |dth|=18.9  loss=1.7065  test=0.4205  11.7s\n"}
,{"stream_name":"stdout","time":305.057461099,"data":"  [seed 0] epoch 013  lr=0.0597  a=0.67  a0=0.3006  pen=0.1392  |dth|=20.4  loss=1.6806  test=0.4532  11.6s\n"}
,{"stream_name":"stdout","time":324.307140608,"data":"  [seed 0] epoch 014  lr=0.0187  a=0.67  a0=0.3225  pen=0.1486  |dth|=21.1  loss=1.6171  test=0.4737  11.6s\n"}
,{"stream_name":"stdout","time":343.857806325,"data":"  [seed 0] epoch 015  lr=0.0000  a=0.67  a0=0.3420  pen=0.1502  |dth|=21.2  loss=1.5474  test=0.5011  11.6s\n"}
,{"stream_name":"stdout","time":363.104983866,"data":"  [seed 0] --- phase 4 begins, alpha=0.556\n"}
,{"stream_name":"stdout","time":363.105307853,"data":"  [seed 0] epoch 016  lr=0.0935  a=0.56  a0=0.3876  pen=0.1453  |dth|=22.9  loss=1.5808  test=0.4491  11.6s\n"}
,{"stream_name":"stdout","time":382.339984897,"data":"  [seed 0] epoch 017  lr=0.0597  a=0.56  a0=0.4402  pen=0.1652  |dth|=24.4  loss=1.5618  test=0.4955  11.6s\n"}
,{"stream_name":"stdout","time":401.597535034,"data":"  [seed 0] epoch 018  lr=0.0187  a=0.56  a0=0.4616  pen=0.1745  |dth|=25.1  loss=1.4572  test=0.5443  11.6s\n"}
,{"stream_name":"stdout","time":420.849989745,"data":"  [seed 0] epoch 019  lr=0.0000  a=0.56  a0=0.4698  pen=0.1761  |dth|=25.2  loss=1.3620  test=0.5785  11.6s\n"}
,{"stream_name":"stdout","time":440.393947372,"data":"  [seed 0] --- phase 5 begins, alpha=0.444, grad norm 2.624 leaving the last phase\n"}
,{"stream_name":"stdout","time":440.39399026,"data":"  [seed 0] epoch 020  lr=0.0938  a=0.44  a0=0.4983  pen=0.1608  |dth|=26.9  loss=1.3939  test=0.5211  11.6s\n"}
,{"stream_name":"stdout","time":459.634329581,"data":"  [seed 0] epoch 021  lr=0.0597  a=0.44  a0=0.5490  pen=0.1801  |dth|=28.5  loss=1.3662  test=0.5884  11.6s\n"}
,{"stream_name":"stdout","time":478.873647363,"data":"  [seed 0] epoch 022  lr=0.0187  a=0.44  a0=0.5866  pen=0.1883  |dth|=29.1  loss=1.2411  test=0.6392  11.6s\n"}
,{"stream_name":"stdout","time":498.100994065,"data":"  [seed 0] epoch 023  lr=0.0000  a=0.44  a0=0.5836  pen=0.1896  |dth|=29.2  loss=1.1377  test=0.6626  11.6s\n"}
,{"stream_name":"stdout","time":517.305219084,"data":"  [seed 0] --- phase 6 begins, alpha=0.333\n"}
,{"stream_name":"stdout","time":517.305612085,"data":"  [seed 0] epoch 024  lr=0.0938  a=0.33  a0=0.5907  pen=0.1591  |dth|=30.9  loss=1.1957  test=0.5461  11.6s\n"}
,{"stream_name":"stdout","time":536.792218918,"data":"  [seed 0] epoch 025  lr=0.0597  a=0.33  a0=0.6261  pen=0.1751  |dth|=32.4  loss=1.1806  test=0.6417  11.6s\n"}
,{"stream_name":"stdout","time":555.994279499,"data":"  [seed 0] epoch 026  lr=0.0187  a=0.33  a0=0.6540  pen=0.1818  |dth|=33.0  loss=1.0584  test=0.6874  11.6s\n"}
,{"stream_name":"stdout","time":575.181862904,"data":"  [seed 0] epoch 027  lr=0.0000  a=0.33  a0=0.6633  pen=0.1828  |dth|=33.1  loss=0.9530  test=0.7119  11.6s\n"}
,{"stream_name":"stdout","time":594.373892416,"data":"  [seed 0] --- phase 7 begins, alpha=0.222\n"}
,{"stream_name":"stdout","time":594.374247326,"data":"  [seed 0] epoch 028  lr=0.0938  a=0.22  a0=0.6515  pen=0.1350  |dth|=34.9  loss=1.0218  test=0.6053  11.6s\n"}
,{"stream_name":"stdout","time":613.56846882,"data":"  [seed 0] epoch 029  lr=0.0597  a=0.22  a0=0.6813  pen=0.1471  |dth|=36.4  loss=0.9943  test=0.6764  11.6s\n"}
,{"stream_name":"stdout","time":633.032241691,"data":"  [seed 0] epoch 030  lr=0.0183  a=0.22  a0=0.7190  pen=0.1522  |dth|=37.0  loss=0.8677  test=0.7288  11.6s\n"}
,{"stream_name":"stdout","time":652.199745968,"data":"  [seed 0] epoch 031  lr=0.0000  a=0.22  a0=0.7254  pen=0.1529  |dth|=37.1  loss=0.7596  test=0.7524  11.6s\n"}
,{"stream_name":"stdout","time":671.375098175,"data":"  [seed 0] --- phase 8 begins, alpha=0.111\n"}
,{"stream_name":"stdout","time":671.375426038,"data":"  [seed 0] epoch 032  lr=0.0938  a=0.11  a0=0.6902  pen=0.0842  |dth|=39.0  loss=0.8253  test=0.6655  11.6s\n"}
,{"stream_name":"stdout","time":690.547664109,"data":"  [seed 0] epoch 033  lr=0.0597  a=0.11  a0=0.7306  pen=0.0914  |dth|=40.6  loss=0.8133  test=0.7197  11.6s\n"}
,{"stream_name":"stdout","time":709.7211489,"data":"  [seed 0] epoch 034  lr=0.0183  a=0.11  a0=0.7529  pen=0.0943  |dth|=41.2  loss=0.6932  test=0.7637  11.6s\n"}
,{"stream_name":"stdout","time":729.168902248,"data":"  [seed 0] epoch 035  lr=0.0000  a=0.11  a0=0.7692  pen=0.0947  |dth|=41.3  loss=0.5798  test=0.7846  11.6s\n"}
,{"stream_name":"stdout","time":743.144310383,"data":"  [seed 0] --- phase 9 begins, alpha=0.000\n"}
,{"stream_name":"stdout","time":743.145989255,"data":"  [seed 0] epoch 036  lr=0.0716  a=0.00  a0=0.6965  pen=0.0000  |dth|=42.0  loss=0.5192  test=0.6965  11.3s\n"}
,{"stream_name":"stdout","time":757.088756991,"data":"  [seed 0] epoch 037  lr=0.0995  a=0.00  a0=0.6165  pen=0.0000  |dth|=44.5  loss=0.6557  test=0.6165  11.3s\n"}
,{"stream_name":"stdout","time":771.060180838,"data":"  [seed 0] epoch 038  lr=0.0962  a=0.00  a0=0.7328  pen=0.0000  |dth|=46.8  loss=0.6517  test=0.7328  11.3s\n"}
,{"stream_name":"stdout","time":785.008349204,"data":"  [seed 0] epoch 039  lr=0.0899  a=0.00  a0=0.7021  pen=0.0000  |dth|=48.7  loss=0.5825  test=0.7021  11.3s\n"}
,{"stream_name":"stdout","time":799.239019778,"data":"  [seed 0] epoch 040  lr=0.0813  a=0.00  a0=0.7385  pen=0.0000  |dth|=50.4  loss=0.5443  test=0.7385  11.3s\n"}
,{"stream_name":"stdout","time":813.169209687,"data":"  [seed 0] epoch 041  lr=0.0707  a=0.00  a0=0.7390  pen=0.0000  |dth|=51.7  loss=0.4842  test=0.7390  11.3s\n"}
,{"stream_name":"stdout","time":827.108025969,"data":"  [seed 0] epoch 042  lr=0.0588  a=0.00  a0=0.7636  pen=0.0000  |dth|=52.8  loss=0.4328  test=0.7636  11.3s\n"}
,{"stream_name":"stdout","time":841.061128262,"data":"  [seed 0] epoch 043  lr=0.0464  a=0.00  a0=0.7777  pen=0.0000  |dth|=53.6  loss=0.3786  test=0.7777  11.3s\n"}
,{"stream_name":"stdout","time":855.002254468,"data":"  [seed 0] epoch 044  lr=0.0344  a=0.00  a0=0.7857  pen=0.0000  |dth|=54.1  loss=0.3104  test=0.7857  11.3s\n"}
,{"stream_name":"stdout","time":869.21458872,"data":"  [seed 0] epoch 045  lr=0.0231  a=0.00  a0=0.8117  pen=0.0000  |dth|=54.5  loss=0.2557  test=0.8117  11.3s\n"}
,{"stream_name":"stdout","time":883.126988689,"data":"  [seed 0] epoch 046  lr=0.0135  a=0.00  a0=0.8172  pen=0.0000  |dth|=54.7  loss=0.1994  test=0.8172  11.2s\n"}
,{"stream_name":"stdout","time":897.059008479,"data":"  [seed 0] epoch 047  lr=0.0062  a=0.00  a0=0.8270  pen=0.0000  |dth|=54.8  loss=0.1634  test=0.8270  11.3s\n"}
,{"stream_name":"stdout","time":910.984221393,"data":"  [seed 0] epoch 048  lr=0.0016  a=0.00  a0=0.8295  pen=0.0000  |dth|=54.8  loss=0.1381  test=0.8295  11.3s\n"}
,{"stream_name":"stdout","time":925.187420343,"data":"  [seed 0] epoch 049  lr=0.0000  a=0.00  a0=0.8297  pen=0.0000  |dth|=54.8  loss=0.1324  test=0.8297  11.3s\n"}
,{"stream_name":"stdout","time":930.504998912,"data":"  [seed 0] 905s  test_final=0.8297  test_selected=0.8297  train=0.9687  gap=+0.1390\n"}
,{"stream_name":"stdout","time":930.507200256,"data":"\n"}
,{"stream_name":"stdout","time":930.50765234,"data":"==============================================================================\n"}
,{"stream_name":"stdout","time":930.508285504,"data":"CIFAR-10 BASELINE  --  resnet18, 11,173,962 params, 50 epochs, 1 seeds\n"}
,{"stream_name":"stdout","time":930.508600082,"data":"config 'fast_steps_l3': sgd lr=0.1 mom=0.9 wd=0.0005 bs=128 cosine+5ep warmup, augment=True\n"}
,{"stream_name":"stdout","time":930.50922647,"data":"==============================================================================\n"}
,{"stream_name":"stdout","time":930.509518199,"data":"\n"}
,{"stream_name":"stdout","time":930.509770491,"data":"per seed:\n"}
,{"stream_name":"stdout","time":930.510901022,"data":"          seed    test acc  test err %   final acc   train acc     gen gap   worst cls      wall s\n"}
,{"stream_name":"stdout","time":930.511077468,"data":"             0      0.8297      17.030      0.8297      0.9687     +0.1390         nan         905\n"}
,{"stream_name":"stdout","time":930.511256254,"data":"\n"}
,{"stream_name":"stdout","time":930.511653322,"data":"mean +- sem  (min .. max):\n"}
,{"stream_name":"stdout","time":930.512004123,"data":"      test acc  0.8297   (0.8297 .. 0.8297)\n"}
,{"stream_name":"stdout","time":930.512918737,"data":"    test err %  17.030   (17.030 .. 17.030)\n"}
,{"stream_name":"stdout","time":930.513306559,"data":"     final acc  0.8297   (0.8297 .. 0.8297)\n"}
,{"stream_name":"stdout","time":930.513834986,"data":"     train acc  0.9687   (0.9687 .. 0.9687)\n"}
,{"stream_name":"stdout","time":930.514516403,"data":"       gen gap  +0.1390   (+0.1390 .. +0.1390)\n"}
,{"stream_name":"stdout","time":930.514829112,"data":"        wall s  905   (905 .. 905)\n"}
,{"stream_name":"stdout","time":930.51556237,"data":"\n"}
,{"stream_name":"stdout","time":930.515885386,"data":"model selection: final_epoch -- no validation split, so 'selected' == final epoch\n"}
,{"stream_name":"stdout","time":930.516592079,"data":"throughput: 552 img/s mean\n"}
,{"stream_name":"stdout","time":930.517568684,"data":"\n"}
,{"stream_name":"stdout","time":930.518284092,"data":"results written to /kaggle/working/runs/20260908-133759_fast_steps_l3_resnet18/results.json\n"}
,{"stream_name":"stdout","time":930.522359223,"data":"history written to /kaggle/working/runs/20260908-133759_fast_steps_l3_resnet18/history.jsonl and /kaggle/working/runs/20260908-133759_fast_steps_l3_resnet18/history.csv (50 epoch rows)\n"}
,{"stream_name":"stderr","time":930.530867927,"data":"wandb: \n"}
,{"stream_name":"stderr","time":930.530889393,"data":"wandb: Run history:\n"}
,{"stream_name":"stderr","time":930.530894227,"data":"wandb: s0/alpha_max_group ████▇▇▆▆▆▆▆▆▆▅▅▅▄▄▄▄▃▃▃▃▃▂▂▂▂▁▁▁▁▁▁▁▁▁▁▁\n"}
,{"stream_name":"stderr","time":930.530898969,"data":"wandb:      s0/alpha_mean ███▇▇▇▆▆▆▆▆▆▆▅▅▅▄▄▄▃▃▃▃▃▃▂▂▂▂▁▁▁▁▁▁▁▁▁▁▁\n"}
,{"stream_name":"stderr","time":930.530903077,"data":"wandb: s0/alpha_min_group ████▇▇▇▆▆▆▆▆▆▆▅▅▅▄▄▄▃▃▃▃▃▃▂▂▂▁▁▁▁▁▁▁▁▁▁▁\n"}
,{"stream_name":"stderr","time":930.530907711,"data":"wandb:   s0/anchor_lambda ▁▁▁▁▁▁▁▁▁▁▁▁▁▁▁▁▁▁▁▁▁▁▁▁▁▁▁▁▁▁▁▁▁▁▁▁▁▁▁▁\n"}
,{"stream_name":"stderr","time":930.530911746,"data":"wandb:     s0/anchor_term ▁▂▂▂▂▄▅▅▅▅▆▇▆▇▇▇███▇██▆▆▇▄▄▄▄▁▁▁▁▁▁▁▁▁▁▁\n"}
,{"stream_name":"stderr","time":930.530927155,"data":"wandb:         s0/ce_loss ████▇▇▆▇▆▆▇▆▆▆▆▅▅▅▄▄▄▄▃▃▄▃▃▃▂▃▃▃▂▃▂▂▂▁▁▁\n"}
,{"stream_name":"stderr","time":930.530931854,"data":"wandb:  s0/dead_frac_mean ▁▁▁▁▁▁▁▁▁▁▁\n"}
,{"stream_name":"stderr","time":930.530936347,"data":"wandb:           s0/epoch ▁▁▁▁▂▂▂▂▂▃▃▃▃▃▃▄▄▄▄▄▅▅▅▅▅▅▆▆▆▆▆▆▇▇▇▇▇▇██\n"}
,{"stream_name":"stderr","time":930.530940674,"data":"wandb:         s0/epoch_s █▁▃▂▁▂▂▁▁▁▂▁▁▁▁▁▁▁▁▁▁▁▁▁▁▁▁▁▁▁▁▁▁▁▁▁▁▁▁▁\n"}
,{"stream_name":"stderr","time":930.530945292,"data":"wandb:  s0/grad_norm_mean ▁▃▅▄▅█▆▄▇▄▃\n"}
,{"stream_name":"stderr","time":930.530949561,"data":"wandb:                +41 ...\n"}
,{"stream_name":"stderr","time":930.530953729,"data":"wandb: \n"}
,{"stream_name":"stderr","time":930.530957652,"data":"wandb: Run summary:\n"}
,{"stream_name":"stderr","time":930.530961714,"data":"wandb: s0/alpha_max_group 0\n"}
,{"stream_name":"stderr","time":930.530965862,"data":"wandb:      s0/alpha_mean 0\n"}
,{"stream_name":"stderr","time":930.530969763,"data":"wandb: s0/alpha_min_group 0\n"}
,{"stream_name":"stderr","time":930.530974045,"data":"wandb:   s0/anchor_lambda 0.001\n"}
,{"stream_name":"stderr","time":930.530978186,"data":"wandb:     s0/anchor_term 0\n"}
,{"stream_name":"stderr","time":930.530982431,"data":"wandb:         s0/ce_loss 0.12746\n"}
,{"stream_name":"stderr","time":930.53098656,"data":"wandb:  s0/dead_frac_mean 0\n"}
,{"stream_name":"stderr","time":930.531002747,"data":"wandb:           s0/epoch 49\n"}
,{"stream_name":"stderr","time":930.531006592,"data":"wandb:         s0/epoch_s 11.26699\n"}
,{"stream_name":"stderr","time":930.531010403,"data":"wandb:  s0/grad_norm_mean 0.48813\n"}
,{"stream_name":"stderr","time":930.531014237,"data":"wandb:                +46 ...\n"}
,{"stream_name":"stderr","time":930.531018065,"data":"wandb: \n"}
,{"stream_name":"stderr","time":930.531074668,"data":"wandb: You can sync this run to the cloud by running:\n"}
,{"stream_name":"stderr","time":930.53109933,"data":"wandb: wandb sync /kaggle/working/wandb/offline-run-20260908_133803-4upxsw6c\n"}
,{"stream_name":"stderr","time":930.531191877,"data":"wandb: Find logs at: ./wandb/offline-run-20260908_133803-4upxsw6c/logs\n"}
,{"stream_name":"stdout","time":930.532654984,"data":"\n"}
,{"stream_name":"stdout","time":930.532670344,"data":"Done. Everything from this run is in /kaggle/working/runs/20260908-133759_fast_steps_l3_resnet18\n"}
,{"stream_name":"stderr","time":935.61786091,"data":"/usr/local/lib/python3.12/dist-packages/mistune.py:435: SyntaxWarning: invalid escape sequence '\\|'\n"}
,{"stream_name":"stderr","time":935.617887378,"data":"  cells[i][c] = re.sub('\\\\\\\\\\|', '|', cell)\n"}
,{"stream_name":"stderr","time":935.891677313,"data":"/usr/local/lib/python3.12/dist-packages/nbconvert/filters/filter_links.py:36: SyntaxWarning: invalid escape sequence '\\_'\n"}
,{"stream_name":"stderr","time":935.891726714,"data":"  text = re.sub(r'_', '\\_', text) # Escape underscores in display text\n"}
,{"stream_name":"stderr","time":936.52995685,"data":"[NbConvertApp] Converting notebook __script__.ipynb to html\n"}
,{"stream_name":"stderr","time":937.775145937,"data":"[NbConvertApp] Writing 386418 bytes to __results__.html\n"}
]