[{"stream_name":"stdout","time":9.198316219,"data":"cifar10-resnet 0.1.0\n"}
,{"stream_name":"stdout","time":9.209178367,"data":"config 'baseline40': resnet18, 40 epochs, seeds [0]\n"}
,{"stream_name":"stdout","time":9.209198066,"data":"torch 2.10.0+cu128\n"}
,{"stream_name":"stdout","time":9.951855404,"data":"device: cuda (Tesla T4, 14.6 GB)\n"}
,{"stream_name":"stdout","time":9.952415667,"data":"run dir: /kaggle/working/runs/20260908-085154_baseline40_resnet18\n"}
,{"stream_name":"stdout","time":9.963340564,"data":"CIFAR-10: pickled batches under /kaggle/input/datasets/idrisselkhamlichi/cifar-10-python\n"}
,{"stream_name":"stdout","time":12.959295730000001,"data":"CIFAR-10: 50000 train / 0 val / 10000 test, 258 MB resident (uint8)\n"}
,{"stream_name":"stdout","time":12.969786303,"data":"No W\u0026B key mounted: logging offline.\n"}
,{"stream_name":"stderr","time":14.39415807,"data":"wandb: Tracking run with wandb version 0.26.1\n"}
,{"stream_name":"stderr","time":14.39442174,"data":"wandb: W\u0026B syncing is set to `offline` in this directory. Run `wandb online` or set WANDB_MODE=online to enable cloud syncing.\n"}
,{"stream_name":"stderr","time":14.3944322,"data":"wandb: Run data is saved locally in /kaggle/working/wandb/offline-run-20260908_085157-j1jdd7fy\n"}
,{"stream_name":"stdout","time":15.899594215,"data":"\n"}
,{"stream_name":"stdout","time":15.899830834,"data":"--- seed 0 ---\n"}
,{"stream_name":"stdout","time":16.08680865,"data":"model: resnet18, 11.17M params\n"}
,{"stream_name":"stdout","time":91.110748062,"data":"  [seed 0] epoch 000  lr=0.0200  loss=1.9632  test=0.3517  58.4s\n"}
,{"stream_name":"stdout","time":150.658629842,"data":"  [seed 0] epoch 001  lr=0.0400  loss=1.5709  test=0.4538  56.9s\n"}
,{"stream_name":"stdout","time":208.670592156,"data":"  [seed 0] epoch 002  lr=0.0600  loss=1.1827  test=0.5641  55.3s\n"}
,{"stream_name":"stdout","time":266.715512444,"data":"  [seed 0] epoch 003  lr=0.0800  loss=0.9519  test=0.6727  55.4s\n"}
,{"stream_name":"stdout","time":324.78957501,"data":"  [seed 0] epoch 004  lr=0.1000  loss=0.8035  test=0.7200  55.4s\n"}
,{"stream_name":"stdout","time":383.298337394,"data":"  [seed 0] epoch 005  lr=0.0998  loss=0.6830  test=0.7103  55.6s\n"}
,{"stream_name":"stdout","time":441.356327328,"data":"  [seed 0] epoch 006  lr=0.0992  loss=0.5991  test=0.7744  55.4s\n"}
,{"stream_name":"stdout","time":499.370133702,"data":"  [seed 0] epoch 007  lr=0.0982  loss=0.5533  test=0.7869  55.4s\n"}
,{"stream_name":"stdout","time":557.352957673,"data":"  [seed 0] epoch 008  lr=0.0968  loss=0.5083  test=0.7823  55.3s\n"}
,{"stream_name":"stdout","time":615.313683306,"data":"  [seed 0] epoch 009  lr=0.0951  loss=0.4774  test=0.8059  55.3s\n"}
,{"stream_name":"stdout","time":673.596563634,"data":"  [seed 0] epoch 010  lr=0.0929  loss=0.4547  test=0.7709  55.4s\n"}
,{"stream_name":"stdout","time":731.699325164,"data":"  [seed 0] epoch 011  lr=0.0905  loss=0.4336  test=0.8376  55.4s\n"}
,{"stream_name":"stdout","time":789.680656134,"data":"  [seed 0] epoch 012  lr=0.0877  loss=0.4119  test=0.7957  55.3s\n"}
,{"stream_name":"stdout","time":847.425858716,"data":"  [seed 0] epoch 013  lr=0.0846  loss=0.3917  test=0.8356  55.1s\n"}
,{"stream_name":"stdout","time":905.28985628,"data":"  [seed 0] epoch 014  lr=0.0812  loss=0.3791  test=0.7780  55.2s\n"}
,{"stream_name":"stdout","time":963.435942059,"data":"  [seed 0] epoch 015  lr=0.0776  loss=0.3573  test=0.8457  55.3s\n"}
,{"stream_name":"stdout","time":1021.401348286,"data":"  [seed 0] epoch 016  lr=0.0737  loss=0.3504  test=0.8181  55.3s\n"}
,{"stream_name":"stdout","time":1079.351141766,"data":"  [seed 0] epoch 017  lr=0.0697  loss=0.3326  test=0.8564  55.3s\n"}
,{"stream_name":"stdout","time":1137.22127718,"data":"  [seed 0] epoch 018  lr=0.0655  loss=0.3131  test=0.8408  55.2s\n"}
,{"stream_name":"stdout","time":1195.115440167,"data":"  [seed 0] epoch 019  lr=0.0611  loss=0.2990  test=0.8688  55.3s\n"}
,{"stream_name":"stdout","time":1253.26244445,"data":"  [seed 0] epoch 020  lr=0.0567  loss=0.2813  test=0.8470  55.3s\n"}
,{"stream_name":"stdout","time":1311.158506728,"data":"  [seed 0] epoch 021  lr=0.0523  loss=0.2731  test=0.8832  55.3s\n"}
,{"stream_name":"stdout","time":1369.066754658,"data":"  [seed 0] epoch 022  lr=0.0478  loss=0.2490  test=0.8786  55.3s\n"}
,{"stream_name":"stdout","time":1426.928959316,"data":"  [seed 0] epoch 023  lr=0.0433  loss=0.2306  test=0.8498  55.2s\n"}
,{"stream_name":"stdout","time":1484.774648784,"data":"  [seed 0] epoch 024  lr=0.0389  loss=0.2128  test=0.8781  55.2s\n"}
,{"stream_name":"stdout","time":1542.854953803,"data":"  [seed 0] epoch 025  lr=0.0346  loss=0.1978  test=0.8862  55.2s\n"}
,{"stream_name":"stdout","time":1600.736604196,"data":"  [seed 0] epoch 026  lr=0.0304  loss=0.1799  test=0.8880  55.2s\n"}
,{"stream_name":"stdout","time":1658.701984703,"data":"  [seed 0] epoch 027  lr=0.0263  loss=0.1589  test=0.9038  55.3s\n"}
,{"stream_name":"stdout","time":1716.654450773,"data":"  [seed 0] epoch 028  lr=0.0225  loss=0.1386  test=0.8982  55.3s\n"}
,{"stream_name":"stdout","time":1774.621998611,"data":"  [seed 0] epoch 029  lr=0.0188  loss=0.1184  test=0.9044  55.3s\n"}
,{"stream_name":"stdout","time":1832.788027422,"data":"  [seed 0] epoch 030  lr=0.0155  loss=0.0975  test=0.9231  55.3s\n"}
,{"stream_name":"stdout","time":1890.720544765,"data":"  [seed 0] epoch 031  lr=0.0124  loss=0.0747  test=0.9237  55.3s\n"}
,{"stream_name":"stdout","time":1948.563679098,"data":"  [seed 0] epoch 032  lr=0.0096  loss=0.0591  test=0.9270  55.2s\n"}
,{"stream_name":"stdout","time":2006.502058451,"data":"  [seed 0] epoch 033  lr=0.0071  loss=0.0432  test=0.9295  55.3s\n"}
,{"stream_name":"stdout","time":2064.378836156,"data":"  [seed 0] epoch 034  lr=0.0050  loss=0.0295  test=0.9352  55.2s\n"}
,{"stream_name":"stdout","time":2122.505600617,"data":"  [seed 0] epoch 035  lr=0.0032  loss=0.0229  test=0.9362  55.3s\n"}
,{"stream_name":"stdout","time":2180.326740687,"data":"  [seed 0] epoch 036  lr=0.0018  loss=0.0182  test=0.9391  55.2s\n"}
,{"stream_name":"stdout","time":2238.058225794,"data":"  [seed 0] epoch 037  lr=0.0008  loss=0.0160  test=0.9397  55.1s\n"}
,{"stream_name":"stdout","time":2295.984430122,"data":"  [seed 0] epoch 038  lr=0.0002  loss=0.0140  test=0.9404  55.3s\n"}
,{"stream_name":"stdout","time":2354.031330641,"data":"  [seed 0] epoch 039  lr=0.0000  loss=0.0120  test=0.9397  55.2s\n"}
,{"stream_name":"stdout","time":2369.80873389,"data":"  [seed 0] 2333s  test_final=0.9397  test_selected=0.9397  train=0.9988  gap=+0.0591\n"}
,{"stream_name":"stdout","time":2369.810731655,"data":"\n"}
,{"stream_name":"stdout","time":2369.811062239,"data":"==============================================================================\n"}
,{"stream_name":"stdout","time":2369.811597992,"data":"CIFAR-10 BASELINE  --  resnet18, 11,173,962 params, 40 epochs, 1 seeds\n"}
,{"stream_name":"stdout","time":2369.811893448,"data":"config 'baseline40': sgd lr=0.1 mom=0.9 wd=0.0005 bs=128 cosine+5ep warmup, augment=True\n"}
,{"stream_name":"stdout","time":2369.812174344,"data":"==============================================================================\n"}
,{"stream_name":"stdout","time":2369.812387588,"data":"\n"}
,{"stream_name":"stdout","time":2369.812499963,"data":"per seed:\n"}
,{"stream_name":"stdout","time":2369.813036802,"data":"          seed    test acc  test err %   final acc   train acc     gen gap   worst cls      wall s\n"}
,{"stream_name":"stdout","time":2369.813351457,"data":"             0      0.9397       6.030      0.9397      0.9988     +0.0591      0.8630        2333\n"}
,{"stream_name":"stdout","time":2369.81370807,"data":"\n"}
,{"stream_name":"stdout","time":2369.813988733,"data":"mean +- sem  (min .. max):\n"}
,{"stream_name":"stdout","time":2369.814390271,"data":"      test acc  0.9397   (0.9397 .. 0.9397)\n"}
,{"stream_name":"stdout","time":2369.814810898,"data":"    test err %  6.030   (6.030 .. 6.030)\n"}
,{"stream_name":"stdout","time":2369.815099273,"data":"     final acc  0.9397   (0.9397 .. 0.9397)\n"}
,{"stream_name":"stdout","time":2369.815437469,"data":"     train acc  0.9988   (0.9988 .. 0.9988)\n"}
,{"stream_name":"stdout","time":2369.81557793,"data":"       gen gap  +0.0591   (+0.0591 .. +0.0591)\n"}
,{"stream_name":"stdout","time":2369.816544975,"data":"     worst cls  0.8630   (0.8630 .. 0.8630)\n"}
,{"stream_name":"stdout","time":2369.81730509,"data":"        wall s  2333   (2333 .. 2333)\n"}
,{"stream_name":"stdout","time":2369.817569619,"data":"\n"}
,{"stream_name":"stdout","time":2369.81788885,"data":"per-class accuracy (seed 0, final epoch):\n"}
,{"stream_name":"stdout","time":2369.81904681,"data":"      airplane  0.9490\n"}
,{"stream_name":"stdout","time":2369.819062217,"data":"    automobile  0.9680\n"}
,{"stream_name":"stdout","time":2369.819347804,"data":"          bird  0.9080\n"}
,{"stream_name":"stdout","time":2369.820007319,"data":"           cat  0.8630\n"}
,{"stream_name":"stdout","time":2369.820401214,"data":"          deer  0.9610\n"}
,{"stream_name":"stdout","time":2369.821140918,"data":"           dog  0.9070\n"}
,{"stream_name":"stdout","time":2369.821667849,"data":"          frog  0.9550\n"}
,{"stream_name":"stdout","time":2369.822228885,"data":"         horse  0.9540\n"}
,{"stream_name":"stdout","time":2369.822536659,"data":"          ship  0.9680\n"}
,{"stream_name":"stdout","time":2369.8229156,"data":"         truck  0.9640\n"}
,{"stream_name":"stdout","time":2369.823073689,"data":"\n"}
,{"stream_name":"stdout","time":2369.823614411,"data":"model selection: final_epoch -- no validation split, so 'selected' == final epoch\n"}
,{"stream_name":"stdout","time":2369.823852461,"data":"throughput: 856 img/s mean\n"}
,{"stream_name":"stdout","time":2369.824770979,"data":"\n"}
,{"stream_name":"stdout","time":2369.825185653,"data":"results written to /kaggle/working/runs/20260908-085154_baseline40_resnet18/results.json\n"}
,{"stream_name":"stdout","time":2369.82804698,"data":"history written to /kaggle/working/runs/20260908-085154_baseline40_resnet18/history.jsonl and /kaggle/working/runs/20260908-085154_baseline40_resnet18/history.csv (40 epoch rows)\n"}
,{"stream_name":"stderr","time":2369.836758268,"data":"wandb: \n"}
,{"stream_name":"stderr","time":2369.836773225,"data":"wandb: Run history:\n"}
,{"stream_name":"stderr","time":2369.836777873,"data":"wandb:            s0/epoch ▁▁▁▂▂▂▂▂▂▃▃▃▃▃▄▄▄▄▄▄▅▅▅▅▅▅▆▆▆▆▆▇▇▇▇▇▇███\n"}
,{"stream_name":"stderr","time":2369.836783257,"data":"wandb:          s0/epoch_s █▅▁▂▂▂▂▂▁▁▂▂▁▁▁▁▁▁▁▁▁▁▁▁▁▁▁▁▁▁▁▁▁▁▁▁▁▁▁▁\n"}
,{"stream_name":"stderr","time":2369.836787578,"data":"wandb:   s0/grad_norm_mean ▂▇█▄▇▃▃▁▁\n"}
,{"stream_name":"stderr","time":2369.836791267,"data":"wandb:  s0/grad_norm_total ▄██▄▆▃▃▁▁\n"}
,{"stream_name":"stderr","time":2369.836795222,"data":"wandb:        s0/img_per_s ▁▄█▇▇▇▇▇▇█▇▇▇███████████████████████████\n"}
,{"stream_name":"stderr","time":2369.836812497,"data":"wandb:               s0/lr ▂▄▅▇███████▇▇▇▇▆▆▆▆▅▅▅▄▄▄▃▃▃▃▂▂▂▂▁▁▁▁▁▁▁\n"}
,{"stream_name":"stderr","time":2369.83681662,"data":"wandb:            s0/phase ▁▁▁▁▁▁▁▁▁▁▁▁▁▁▁▁▁▁▁▁▁▁▁▁▁▁▁▁▁▁▁▁▁▁▁▁▁▁▁▁\n"}
,{"stream_name":"stderr","time":2369.836820325,"data":"wandb: s0/ratio_last_block ▁▄▅▆▆▇▇██\n"}
,{"stream_name":"stderr","time":2369.836823505,"data":"wandb:       s0/ratio_mean ▁▄▆▆▇▇███\n"}
,{"stream_name":"stderr","time":2369.836826923,"data":"wandb:      s0/s_max_block ▁▁▁▁▁▁▁▁▁▁▁▁▁▁▁▁▁▁▁▁▁▁▁▁▁▁▁▁▁▁▁▁▁▁▁▁▁▁▁▁\n"}
,{"stream_name":"stderr","time":2369.836830801,"data":"wandb:                 +26 ...\n"}
,{"stream_name":"stderr","time":2369.836834303,"data":"wandb: \n"}
,{"stream_name":"stderr","time":2369.836837734,"data":"wandb: Run summary:\n"}
,{"stream_name":"stderr","time":2369.836841127,"data":"wandb:            s0/epoch 39\n"}
,{"stream_name":"stderr","time":2369.836844361,"data":"wandb:          s0/epoch_s 55.19821\n"}
,{"stream_name":"stderr","time":2369.836847962,"data":"wandb:   s0/grad_norm_mean 0.22282\n"}
,{"stream_name":"stderr","time":2369.836851211,"data":"wandb:  s0/grad_norm_total 0.71444\n"}
,{"stream_name":"stderr","time":2369.836854238,"data":"wandb:        s0/img_per_s 904.37714\n"}
,{"stream_name":"stderr","time":2369.836861398,"data":"wandb:               s0/lr 0.0\n"}
,{"stream_name":"stderr","time":2369.836864627,"data":"wandb:            s0/phase 0\n"}
,{"stream_name":"stderr","time":2369.836867889,"data":"wandb: s0/ratio_last_block 0.41088\n"}
,{"stream_name":"stderr","time":2369.836871579,"data":"wandb:       s0/ratio_mean 1.21883\n"}
,{"stream_name":"stderr","time":2369.836874967,"data":"wandb:      s0/s_max_block 1\n"}
,{"stream_name":"stderr","time":2369.836878823,"data":"wandb:                 +30 ...\n"}
,{"stream_name":"stderr","time":2369.836882196,"data":"wandb: \n"}
,{"stream_name":"stderr","time":2369.836955897,"data":"wandb: You can sync this run to the cloud by running:\n"}
,{"stream_name":"stderr","time":2369.836968489,"data":"wandb: wandb sync /kaggle/working/wandb/offline-run-20260908_085157-j1jdd7fy\n"}
,{"stream_name":"stderr","time":2369.837139042,"data":"wandb: Find logs at: ./wandb/offline-run-20260908_085157-j1jdd7fy/logs\n"}
,{"stream_name":"stdout","time":2369.838815575,"data":"\n"}
,{"stream_name":"stdout","time":2369.838836715,"data":"Done. Everything from this run is in /kaggle/working/runs/20260908-085154_baseline40_resnet18\n"}
,{"stream_name":"stderr","time":2375.126566817,"data":"/usr/local/lib/python3.12/dist-packages/mistune.py:435: SyntaxWarning: invalid escape sequence '\\|'\n"}
,{"stream_name":"stderr","time":2375.126596512,"data":"  cells[i][c] = re.sub('\\\\\\\\\\|', '|', cell)\n"}
,{"stream_name":"stderr","time":2375.43674505,"data":"/usr/local/lib/python3.12/dist-packages/nbconvert/filters/filter_links.py:36: SyntaxWarning: invalid escape sequence '\\_'\n"}
,{"stream_name":"stderr","time":2375.436772305,"data":"  text = re.sub(r'_', '\\_', text) # Escape underscores in display text\n"}
,{"stream_name":"stderr","time":2376.090354752,"data":"[NbConvertApp] Converting notebook __script__.ipynb to html\n"}
,{"stream_name":"stderr","time":2377.384649165,"data":"[NbConvertApp] Writing 373139 bytes to __results__.html\n"}
]