[{"stream_name":"stdout","time":7.065867358,"data":"ENVIRONMENT {\"python\": \"3.12.13\", \"platform\": \"Linux-6.12.90+-x86_64-with-glibc2.35\", \"requested_gpu\": true, \"shipped\": 54, \"torch\": \"2.10.0+cu128\", \"cuda_version\": \"12.8\", \"cudnn\": 91002, \"cuda_available\": true, \"gpu_name\": \"Tesla T4\", \"gpu_total_vram_mib\": 14912, \"gpu_capability\": \"7.5\"}\n"}
,{"stream_name":"stdout","time":7.42412285,"data":"assets=/kaggle/input/datasets/idrisselk/cc-assets-r20bn\n"}
,{"stream_name":"stdout","time":7.42415276,"data":"checkpoints=/kaggle/input/datasets/idrisselk/cc-grid-final\n"}
,{"stream_name":"stdout","time":7.424156061,"data":"shard=3/4\n"}
,{"stream_name":"stdout","time":8.717985171,"data":"shard 3/4: 12 of 48 measurements\n"}
,{"stream_name":"stdout","time":128.100792836,"data":"  gaussian_postrelu__reference__seed0    fixed_batch_stats  test   trH=    2241.5 lam=     76.2    119s\n"}
,{"stream_name":"stdout","time":228.192801716,"data":"  gaussian_postrelu__reference__seed1    fixed_batch_stats  test   trH=    2087.5 lam=     81.4    219s\n"}
,{"stream_name":"stdout","time":322.690717667,"data":"  gaussian_postrelu__reference__seed2    fixed_batch_stats  test   trH=    2154.6 lam=     73.0    314s\n"}
,{"stream_name":"stdout","time":461.605987827,"data":"  plain__reference__seed0                fixed_batch_stats  test   trH=    2657.0 lam=     54.9    453s\n"}
,{"stream_name":"stdout","time":600.731375151,"data":"  plain__reference__seed1                fixed_batch_stats  test   trH=    2746.5 lam=     58.1    592s\n"}
,{"stream_name":"stdout","time":739.618128453,"data":"  plain__reference__seed2                fixed_batch_stats  test   trH=    2817.9 lam=     56.8    731s\n"}
,{"stream_name":"stdout","time":872.907131492,"data":"  resolution_max_b1__reference__seed0    fixed_batch_stats  test   trH=    1824.6 lam=     41.9    864s\n"}
,{"stream_name":"stdout","time":1011.728619207,"data":"  resolution_max_b1__reference__seed1    fixed_batch_stats  test   trH=    2046.8 lam=     44.5   1003s\n"}
,{"stream_name":"stdout","time":1150.83053063,"data":"  resolution_max_b1__reference__seed2    fixed_batch_stats  test   trH=    1842.6 lam=     38.5   1142s\n"}
,{"stream_name":"stdout","time":1270.294390215,"data":"  resolution_max_b1_gaussian_conv__reference__seed0 fixed_batch_stats  test   trH=    1584.0 lam=     34.4   1262s\n"}
,{"stream_name":"stdout","time":1381.184382788,"data":"  resolution_max_b1_gaussian_conv__reference__seed1 fixed_batch_stats  test   trH=    1647.1 lam=     31.5   1372s\n"}
,{"stream_name":"stdout","time":1517.321712665,"data":"  resolution_max_b1_gaussian_conv__reference__seed2 fixed_batch_stats  test   trH=    1572.9 lam=     33.0   1509s\n"}
,{"stream_name":"stdout","time":1517.338842524,"data":"done in 1509 s\n"}
,{"stream_name":"stderr","time":1521.87654401,"data":"/usr/local/lib/python3.12/dist-packages/mistune.py:435: SyntaxWarning: invalid escape sequence '\\|'\n"}
,{"stream_name":"stderr","time":1521.876603352,"data":"  cells[i][c] = re.sub('\\\\\\\\\\|', '|', cell)\n"}
,{"stream_name":"stderr","time":1522.175045702,"data":"/usr/local/lib/python3.12/dist-packages/nbconvert/filters/filter_links.py:36: SyntaxWarning: invalid escape sequence '\\_'\n"}
,{"stream_name":"stderr","time":1522.175072401,"data":"  text = re.sub(r'_', '\\_', text) # Escape underscores in display text\n"}
,{"stream_name":"stderr","time":1522.868277797,"data":"[NbConvertApp] Converting notebook __script__.ipynb to html\n"}
,{"stream_name":"stderr","time":1524.096965679,"data":"[NbConvertApp] Writing 402592 bytes to __results__.html\n"}
]