[{"stream_name":"stdout","time":7.752812294,"data":"cifar10-resnet 0.1.0\n"}
,{"stream_name":"stdout","time":7.763733134,"data":"config 'vgg11_steps70_norestart': vgg11, 70 epochs, seeds [0]\n"}
,{"stream_name":"stdout","time":7.763921522,"data":"torch 2.10.0+cu128\n"}
,{"stream_name":"stdout","time":8.483921935,"data":"device: cuda (Tesla T4, 14.6 GB)\n"}
,{"stream_name":"stdout","time":8.484315428,"data":"run dir: /kaggle/working/runs/20260909-094758_vgg11_steps70_norestart_vgg11\n"}
,{"stream_name":"stdout","time":8.496817355,"data":"CIFAR-10: pickled batches under /kaggle/input/datasets/idrisselkhamlichi/cifar-10-python\n"}
,{"stream_name":"stdout","time":12.043359482,"data":"CIFAR-10: 50000 train / 0 val / 10000 test, 258 MB resident (uint8)\n"}
,{"stream_name":"stdout","time":12.055928465,"data":"No W\u0026B key mounted: logging offline.\n"}
,{"stream_name":"stderr","time":13.354995186,"data":"wandb: Tracking run with wandb version 0.26.1\n"}
,{"stream_name":"stderr","time":13.355286524,"data":"wandb: W\u0026B syncing is set to `offline` in this directory. Run `wandb online` or set WANDB_MODE=online to enable cloud syncing.\n"}
,{"stream_name":"stderr","time":13.3553091,"data":"wandb: Run data is saved locally in /kaggle/working/wandb/offline-run-20260909_094802-170bsn07\n"}
,{"stream_name":"stdout","time":14.547510421,"data":"\n"}
,{"stream_name":"stdout","time":14.547708661,"data":"--- seed 0 ---\n"}
,{"stream_name":"stdout","time":14.710002425,"data":"model: vgg11-bn, 9.23M params\n"}
,{"stream_name":"stdout","time":19.788563784,"data":"  [seed 0] activation homotopy: alpha 1.0 -\u003e 0.0 (staircase), 1 group(s) over 8 sites (global/all)\n"}
,{"stream_name":"stdout","time":45.410346671,"data":"  [seed 0] epoch 000  lr=0.0200  a=1.00  a0=0.5025  loss=1.4977  test=0.4952  18.1s\n"}
,{"stream_name":"stdout","time":62.783960668,"data":"  [seed 0] epoch 001  lr=0.0400  a=1.00  a0=0.6120  loss=1.1578  test=0.6384  15.2s\n"}
,{"stream_name":"stdout","time":80.804054872,"data":"  [seed 0] epoch 002  lr=0.0600  a=1.00  a0=0.6800  loss=0.9954  test=0.6766  15.8s\n"}
,{"stream_name":"stdout","time":98.942665185,"data":"  [seed 0] epoch 003  lr=0.0800  a=1.00  a0=0.6951  loss=0.8823  test=0.7016  15.8s\n"}
,{"stream_name":"stdout","time":117.185545518,"data":"  [seed 0] epoch 004  lr=0.1000  a=1.00  a0=0.6896  loss=0.8240  test=0.6923  16.0s\n"}
,{"stream_name":"stdout","time":135.269152723,"data":"  [seed 0] epoch 005  lr=0.0999  a=0.89  a0=0.7256  loss=0.7644  test=0.7308  15.8s\n"}
,{"stream_name":"stdout","time":153.321391466,"data":"  [seed 0] epoch 006  lr=0.0998  a=0.89  a0=0.7490  loss=0.7210  test=0.7469  15.8s\n"}
,{"stream_name":"stdout","time":171.367420556,"data":"  [seed 0] epoch 007  lr=0.0995  a=0.89  a0=0.7601  loss=0.7016  test=0.7521  15.8s\n"}
,{"stream_name":"stdout","time":189.396291293,"data":"  [seed 0] epoch 008  lr=0.0991  a=0.89  a0=0.7590  loss=0.6853  test=0.7643  15.8s\n"}
,{"stream_name":"stdout","time":207.425743864,"data":"  [seed 0] epoch 009  lr=0.0985  a=0.89  a0=0.7615  loss=0.6688  test=0.7767  15.8s\n"}
,{"stream_name":"stdout","time":225.501270091,"data":"  [seed 0] epoch 010  lr=0.0979  a=0.78  a0=0.7613  loss=0.6601  test=0.7607  15.8s\n"}
,{"stream_name":"stdout","time":243.564985718,"data":"  [seed 0] epoch 011  lr=0.0972  a=0.78  a0=0.7672  loss=0.6470  test=0.7777  15.8s\n"}
,{"stream_name":"stdout","time":261.590828061,"data":"  [seed 0] epoch 012  lr=0.0963  a=0.78  a0=0.7726  loss=0.6382  test=0.7382  15.8s\n"}
,{"stream_name":"stdout","time":279.631456649,"data":"  [seed 0] epoch 013  lr=0.0953  a=0.78  a0=0.7592  loss=0.6268  test=0.7355  15.8s\n"}
,{"stream_name":"stdout","time":297.67322695,"data":"  [seed 0] epoch 014  lr=0.0943  a=0.78  a0=0.7798  loss=0.6243  test=0.7821  15.8s\n"}
,{"stream_name":"stdout","time":315.761907866,"data":"  [seed 0] epoch 015  lr=0.0931  a=0.67  a0=0.7781  loss=0.6108  test=0.7863  15.8s\n"}
,{"stream_name":"stdout","time":333.798111043,"data":"  [seed 0] epoch 016  lr=0.0918  a=0.67  a0=0.7790  loss=0.5965  test=0.7709  15.8s\n"}
,{"stream_name":"stdout","time":351.831849727,"data":"  [seed 0] epoch 017  lr=0.0905  a=0.67  a0=0.7620  loss=0.5860  test=0.7684  15.8s\n"}
,{"stream_name":"stdout","time":369.874262731,"data":"  [seed 0] epoch 018  lr=0.0890  a=0.67  a0=0.7889  loss=0.5761  test=0.7667  15.8s\n"}
,{"stream_name":"stdout","time":387.901883103,"data":"  [seed 0] epoch 019  lr=0.0874  a=0.67  a0=0.7716  loss=0.5717  test=0.7958  15.8s\n"}
,{"stream_name":"stdout","time":405.96776263,"data":"  [seed 0] epoch 020  lr=0.0858  a=0.67  a0=0.7902  loss=0.5634  test=0.7870  15.7s\n"}
,{"stream_name":"stdout","time":424.008422317,"data":"  [seed 0] epoch 021  lr=0.0841  a=0.56  a0=0.7862  loss=0.5453  test=0.7779  15.8s\n"}
,{"stream_name":"stdout","time":442.057247159,"data":"  [seed 0] epoch 022  lr=0.0822  a=0.56  a0=0.7799  loss=0.5371  test=0.7850  15.8s\n"}
,{"stream_name":"stdout","time":460.087967156,"data":"  [seed 0] epoch 023  lr=0.0804  a=0.56  a0=0.7795  loss=0.5250  test=0.8061  15.8s\n"}
,{"stream_name":"stdout","time":478.117177818,"data":"  [seed 0] epoch 024  lr=0.0784  a=0.56  a0=0.7981  loss=0.5160  test=0.8196  15.8s\n"}
,{"stream_name":"stdout","time":496.192894195,"data":"  [seed 0] epoch 025  lr=0.0764  a=0.56  a0=0.7989  loss=0.5132  test=0.8224  15.8s\n"}
,{"stream_name":"stdout","time":514.256661795,"data":"  [seed 0] epoch 026  lr=0.0743  a=0.44  a0=0.7962  loss=0.4918  test=0.8107  15.8s\n"}
,{"stream_name":"stdout","time":532.291182215,"data":"  [seed 0] epoch 027  lr=0.0722  a=0.44  a0=0.7903  loss=0.4811  test=0.7975  15.8s\n"}
,{"stream_name":"stdout","time":550.322351176,"data":"  [seed 0] epoch 028  lr=0.0700  a=0.44  a0=0.7993  loss=0.4705  test=0.8069  15.8s\n"}
,{"stream_name":"stdout","time":568.344706034,"data":"  [seed 0] epoch 029  lr=0.0677  a=0.44  a0=0.7891  loss=0.4575  test=0.8115  15.7s\n"}
,{"stream_name":"stdout","time":586.428505851,"data":"  [seed 0] epoch 030  lr=0.0655  a=0.44  a0=0.7942  loss=0.4548  test=0.8241  15.8s\n"}
,{"stream_name":"stdout","time":604.453574334,"data":"  [seed 0] epoch 031  lr=0.0631  a=0.33  a0=0.8142  loss=0.4353  test=0.8056  15.8s\n"}
,{"stream_name":"stdout","time":622.48275557,"data":"  [seed 0] epoch 032  lr=0.0608  a=0.33  a0=0.8124  loss=0.4201  test=0.8289  15.8s\n"}
,{"stream_name":"stdout","time":640.509204447,"data":"  [seed 0] epoch 033  lr=0.0584  a=0.33  a0=0.8175  loss=0.4098  test=0.8377  15.8s\n"}
,{"stream_name":"stdout","time":658.541076057,"data":"  [seed 0] epoch 034  lr=0.0560  a=0.33  a0=0.8063  loss=0.3960  test=0.8137  15.8s\n"}
,{"stream_name":"stdout","time":676.60559306,"data":"  [seed 0] epoch 035  lr=0.0536  a=0.33  a0=0.7948  loss=0.3851  test=0.8251  15.7s\n"}
,{"stream_name":"stdout","time":694.633725262,"data":"  [seed 0] epoch 036  lr=0.0512  a=0.22  a0=0.8250  loss=0.3740  test=0.8324  15.8s\n"}
,{"stream_name":"stdout","time":712.670092127,"data":"  [seed 0] epoch 037  lr=0.0488  a=0.22  a0=0.8253  loss=0.3617  test=0.8323  15.8s\n"}
,{"stream_name":"stdout","time":730.693355741,"data":"  [seed 0] epoch 038  lr=0.0464  a=0.22  a0=0.8196  loss=0.3463  test=0.8253  15.8s\n"}
,{"stream_name":"stdout","time":748.712836058,"data":"  [seed 0] epoch 039  lr=0.0440  a=0.22  a0=0.8241  loss=0.3353  test=0.8484  15.8s\n"}
,{"stream_name":"stdout","time":766.791407193,"data":"  [seed 0] epoch 040  lr=0.0416  a=0.22  a0=0.8344  loss=0.3179  test=0.8480  15.8s\n"}
,{"stream_name":"stdout","time":784.842922672,"data":"  [seed 0] epoch 041  lr=0.0392  a=0.22  a0=0.8391  loss=0.3095  test=0.8681  15.8s\n"}
,{"stream_name":"stdout","time":802.861077388,"data":"  [seed 0] epoch 042  lr=0.0369  a=0.11  a0=0.8577  loss=0.2911  test=0.8469  15.8s\n"}
,{"stream_name":"stdout","time":820.882274619,"data":"  [seed 0] epoch 043  lr=0.0346  a=0.11  a0=0.8569  loss=0.2769  test=0.8623  15.8s\n"}
,{"stream_name":"stdout","time":838.904414788,"data":"  [seed 0] epoch 044  lr=0.0323  a=0.11  a0=0.8540  loss=0.2580  test=0.8589  15.8s\n"}
,{"stream_name":"stdout","time":856.98017035,"data":"  [seed 0] epoch 045  lr=0.0300  a=0.11  a0=0.8543  loss=0.2438  test=0.8616  15.8s\n"}
,{"stream_name":"stdout","time":875.007320476,"data":"  [seed 0] epoch 046  lr=0.0278  a=0.11  a0=0.8601  loss=0.2326  test=0.8632  15.8s\n"}
,{"stream_name":"stdout","time":891.407163529,"data":"  [seed 0] epoch 047  lr=0.0257  a=0.00  a0=0.8607  loss=0.2323  test=0.8607  15.8s\n"}
,{"stream_name":"stdout","time":907.801866859,"data":"  [seed 0] epoch 048  lr=0.0236  a=0.00  a0=0.8679  loss=0.2056  test=0.8679  15.8s\n"}
,{"stream_name":"stdout","time":924.197997439,"data":"  [seed 0] epoch 049  lr=0.0216  a=0.00  a0=0.8741  loss=0.1932  test=0.8741  15.8s\n"}
,{"stream_name":"stdout","time":940.631941073,"data":"  [seed 0] epoch 050  lr=0.0196  a=0.00  a0=0.8785  loss=0.1698  test=0.8785  15.8s\n"}
,{"stream_name":"stdout","time":957.029710246,"data":"  [seed 0] epoch 051  lr=0.0178  a=0.00  a0=0.8734  loss=0.1572  test=0.8734  15.8s\n"}
,{"stream_name":"stdout","time":973.418813866,"data":"  [seed 0] epoch 052  lr=0.0160  a=0.00  a0=0.8818  loss=0.1310  test=0.8818  15.8s\n"}
,{"stream_name":"stdout","time":989.815589505,"data":"  [seed 0] epoch 053  lr=0.0142  a=0.00  a0=0.8946  loss=0.1207  test=0.8946  15.8s\n"}
,{"stream_name":"stdout","time":1006.194585074,"data":"  [seed 0] epoch 054  lr=0.0126  a=0.00  a0=0.8978  loss=0.0998  test=0.8978  15.8s\n"}
,{"stream_name":"stdout","time":1022.631478903,"data":"  [seed 0] epoch 055  lr=0.0110  a=0.00  a0=0.8966  loss=0.0835  test=0.8966  15.8s\n"}
,{"stream_name":"stdout","time":1039.021248083,"data":"  [seed 0] epoch 056  lr=0.0096  a=0.00  a0=0.8961  loss=0.0704  test=0.8961  15.8s\n"}
,{"stream_name":"stdout","time":1055.41842375,"data":"  [seed 0] epoch 057  lr=0.0082  a=0.00  a0=0.8998  loss=0.0605  test=0.8998  15.8s\n"}
,{"stream_name":"stdout","time":1071.796971233,"data":"  [seed 0] epoch 058  lr=0.0069  a=0.00  a0=0.9057  loss=0.0479  test=0.9057  15.8s\n"}
,{"stream_name":"stdout","time":1088.191267826,"data":"  [seed 0] epoch 059  lr=0.0057  a=0.00  a0=0.9076  loss=0.0390  test=0.9076  15.8s\n"}
,{"stream_name":"stdout","time":1104.628111986,"data":"  [seed 0] epoch 060  lr=0.0047  a=0.00  a0=0.9081  loss=0.0304  test=0.9081  15.8s\n"}
,{"stream_name":"stdout","time":1121.035644391,"data":"  [seed 0] epoch 061  lr=0.0037  a=0.00  a0=0.9124  loss=0.0252  test=0.9124  15.8s\n"}
,{"stream_name":"stdout","time":1137.424157509,"data":"  [seed 0] epoch 062  lr=0.0028  a=0.00  a0=0.9105  loss=0.0210  test=0.9105  15.8s\n"}
,{"stream_name":"stdout","time":1153.817613139,"data":"  [seed 0] epoch 063  lr=0.0021  a=0.00  a0=0.9135  loss=0.0182  test=0.9135  15.8s\n"}
,{"stream_name":"stdout","time":1170.204425769,"data":"  [seed 0] epoch 064  lr=0.0015  a=0.00  a0=0.9149  loss=0.0163  test=0.9149  15.8s\n"}
,{"stream_name":"stdout","time":1186.662006616,"data":"  [seed 0] epoch 065  lr=0.0009  a=0.00  a0=0.9146  loss=0.0145  test=0.9146  15.8s\n"}
,{"stream_name":"stdout","time":1203.056725838,"data":"  [seed 0] epoch 066  lr=0.0005  a=0.00  a0=0.9149  loss=0.0146  test=0.9149  15.8s\n"}
,{"stream_name":"stdout","time":1219.428519412,"data":"  [seed 0] epoch 067  lr=0.0002  a=0.00  a0=0.9154  loss=0.0132  test=0.9154  15.8s\n"}
,{"stream_name":"stdout","time":1235.80880724,"data":"  [seed 0] epoch 068  lr=0.0001  a=0.00  a0=0.9139  loss=0.0131  test=0.9139  15.8s\n"}
,{"stream_name":"stdout","time":1252.269267863,"data":"  [seed 0] epoch 069  lr=0.0000  a=0.00  a0=0.9145  loss=0.0126  test=0.9145  15.8s\n"}
,{"stream_name":"stdout","time":1255.936402609,"data":"  [seed 0] 1233s  test_final=0.9145  test_selected=0.9145  train=0.9992  gap=+0.0847\n"}
,{"stream_name":"stdout","time":1255.938097619,"data":"\n"}
,{"stream_name":"stdout","time":1255.938403127,"data":"==============================================================================\n"}
,{"stream_name":"stdout","time":1255.939327807,"data":"CIFAR-10 BASELINE  --  vgg11, 9,228,362 params, 70 epochs, 1 seeds\n"}
,{"stream_name":"stdout","time":1255.939704092,"data":"config 'vgg11_steps70_norestart': sgd lr=0.1 mom=0.9 wd=0.0005 bs=128 cosine+5ep warmup, augment=True\n"}
,{"stream_name":"stdout","time":1255.940370063,"data":"==============================================================================\n"}
,{"stream_name":"stdout","time":1255.940568424,"data":"\n"}
,{"stream_name":"stdout","time":1255.941275381,"data":"per seed:\n"}
,{"stream_name":"stdout","time":1255.941991368,"data":"          seed    test acc  test err %   final acc   train acc     gen gap   worst cls      wall s\n"}
,{"stream_name":"stdout","time":1255.942573139,"data":"             0      0.9145       8.550      0.9145      0.9992     +0.0847      0.8230        1233\n"}
,{"stream_name":"stdout","time":1255.943116278,"data":"\n"}
,{"stream_name":"stdout","time":1255.943420363,"data":"mean +- sem  (min .. max):\n"}
,{"stream_name":"stdout","time":1255.943933078,"data":"      test acc  0.9145   (0.9145 .. 0.9145)\n"}
,{"stream_name":"stdout","time":1255.94422383,"data":"    test err %  8.550   (8.550 .. 8.550)\n"}
,{"stream_name":"stdout","time":1255.944666151,"data":"     final acc  0.9145   (0.9145 .. 0.9145)\n"}
,{"stream_name":"stdout","time":1255.945246779,"data":"     train acc  0.9992   (0.9992 .. 0.9992)\n"}
,{"stream_name":"stdout","time":1255.946207727,"data":"       gen gap  +0.0847   (+0.0847 .. +0.0847)\n"}
,{"stream_name":"stdout","time":1255.946666271,"data":"     worst cls  0.8230   (0.8230 .. 0.8230)\n"}
,{"stream_name":"stdout","time":1255.947193506,"data":"        wall s  1233   (1233 .. 1233)\n"}
,{"stream_name":"stdout","time":1255.947691828,"data":"\n"}
,{"stream_name":"stdout","time":1255.947829245,"data":"per-class accuracy (seed 0, final epoch):\n"}
,{"stream_name":"stdout","time":1255.948388163,"data":"      airplane  0.9300\n"}
,{"stream_name":"stdout","time":1255.948765678,"data":"    automobile  0.9620\n"}
,{"stream_name":"stdout","time":1255.94956102,"data":"          bird  0.8820\n"}
,{"stream_name":"stdout","time":1255.950112505,"data":"           cat  0.8230\n"}
,{"stream_name":"stdout","time":1255.950437309,"data":"          deer  0.9260\n"}
,{"stream_name":"stdout","time":1255.951129893,"data":"           dog  0.8480\n"}
,{"stream_name":"stdout","time":1255.952117679,"data":"          frog  0.9430\n"}
,{"stream_name":"stdout","time":1255.952436089,"data":"         horse  0.9480\n"}
,{"stream_name":"stdout","time":1255.952794596,"data":"          ship  0.9410\n"}
,{"stream_name":"stdout","time":1255.953358747,"data":"         truck  0.9420\n"}
,{"stream_name":"stdout","time":1255.95358617,"data":"\n"}
,{"stream_name":"stdout","time":1255.9538716,"data":"model selection: final_epoch -- no validation split, so 'selected' == final epoch\n"}
,{"stream_name":"stdout","time":1255.954420331,"data":"throughput: 2,835 img/s mean\n"}
,{"stream_name":"stdout","time":1255.956201166,"data":"\n"}
,{"stream_name":"stdout","time":1255.956632173,"data":"results written to /kaggle/working/runs/20260909-094758_vgg11_steps70_norestart_vgg11/results.json\n"}
,{"stream_name":"stdout","time":1255.961143171,"data":"history written to /kaggle/working/runs/20260909-094758_vgg11_steps70_norestart_vgg11/history.jsonl and /kaggle/working/runs/20260909-094758_vgg11_steps70_norestart_vgg11/history.csv (70 epoch rows)\n"}
,{"stream_name":"stderr","time":1255.969228145,"data":"wandb: \n"}
,{"stream_name":"stderr","time":1255.969244412,"data":"wandb: Run history:\n"}
,{"stream_name":"stderr","time":1255.969249578,"data":"wandb: s0/alpha_max_group ███▇▇▇▆▆▆▆▆▅▅▅▅▄▄▄▃▃▃▃▃▃▃▂▂▂▁▁▁▁▁▁▁▁▁▁▁▁\n"}
,{"stream_name":"stderr","time":1255.969255632,"data":"wandb:      s0/alpha_mean ████▇▆▆▆▆▆▆▆▅▅▅▅▄▄▄▄▃▃▃▃▃▂▂▂▂▁▁▁▁▁▁▁▁▁▁▁\n"}
,{"stream_name":"stderr","time":1255.969273274,"data":"wandb: s0/alpha_min_group ███▇▇▆▆▆▆▆▆▆▆▅▅▄▄▃▃▃▃▃▂▂▂▁▁▁▁▁▁▁▁▁▁▁▁▁▁▁\n"}
,{"stream_name":"stderr","time":1255.969278496,"data":"wandb:  s0/dead_frac_mean ▁▁▁▁▁▁▁▁▁▁▁▁▁▁▁\n"}
,{"stream_name":"stderr","time":1255.969283323,"data":"wandb:           s0/epoch ▁▁▂▂▂▂▂▂▃▃▃▃▃▃▄▄▄▄▄▄▅▅▅▅▆▆▆▆▆▆▇▇▇▇▇▇▇███\n"}
,{"stream_name":"stderr","time":1255.969288748,"data":"wandb:         s0/epoch_s █▁▁▁▁▁▁▁▁▁▁▁▁▁▁▁▁▁▁▁▁▁▁▁▁▁▁▁▁▁▁▁▁▁▁▁▁▁▁▁\n"}
,{"stream_name":"stderr","time":1255.969293916,"data":"wandb: s0/grad_norm_total █▂▂▂▂▂▂▂▂▂▂▂▁▁▁\n"}
,{"stream_name":"stderr","time":1255.96929855,"data":"wandb:       s0/img_per_s ▁█▆▆▆▆▆▆▆▆▆▆▆▆▆▆▆▆▆▆▆▆▆▆▆▆▆▆▆▆▆▆▆▆▆▆▆▆▆▆\n"}
,{"stream_name":"stderr","time":1255.969303716,"data":"wandb: s0/linear_gap_mean ▁▂▂▃▃▄▅▆▆▇█████\n"}
,{"stream_name":"stderr","time":1255.969308426,"data":"wandb:              s0/lr ▂▇██████▇▇▇▇▇▆▆▆▅▅▅▅▄▄▄▃▃▃▃▃▃▂▂▂▂▂▁▁▁▁▁▁\n"}
,{"stream_name":"stderr","time":1255.969313612,"data":"wandb:                +33 ...\n"}
,{"stream_name":"stderr","time":1255.969318005,"data":"wandb: \n"}
,{"stream_name":"stderr","time":1255.969322194,"data":"wandb: Run summary:\n"}
,{"stream_name":"stderr","time":1255.969326432,"data":"wandb: s0/alpha_max_group 0\n"}
,{"stream_name":"stderr","time":1255.969330714,"data":"wandb:      s0/alpha_mean 0\n"}
,{"stream_name":"stderr","time":1255.969334956,"data":"wandb: s0/alpha_min_group 0\n"}
,{"stream_name":"stderr","time":1255.969339273,"data":"wandb:  s0/dead_frac_mean 0\n"}
,{"stream_name":"stderr","time":1255.96934358,"data":"wandb:           s0/epoch 69\n"}
,{"stream_name":"stderr","time":1255.969347946,"data":"wandb:         s0/epoch_s 15.79562\n"}
,{"stream_name":"stderr","time":1255.969352324,"data":"wandb: s0/grad_norm_total 0.23196\n"}
,{"stream_name":"stderr","time":1255.969356629,"data":"wandb:       s0/img_per_s 3160.36926\n"}
,{"stream_name":"stderr","time":1255.969360944,"data":"wandb: s0/linear_gap_mean 0.84681\n"}
,{"stream_name":"stderr","time":1255.969365254,"data":"wandb:              s0/lr 0.0\n"}
,{"stream_name":"stderr","time":1255.969369549,"data":"wandb:                +38 ...\n"}
,{"stream_name":"stderr","time":1255.969373856,"data":"wandb: \n"}
,{"stream_name":"stderr","time":1255.969923561,"data":"wandb: You can sync this run to the cloud by running:\n"}
,{"stream_name":"stderr","time":1255.969945035,"data":"wandb: wandb sync /kaggle/working/wandb/offline-run-20260909_094802-170bsn07\n"}
,{"stream_name":"stderr","time":1255.969949858,"data":"wandb: Find logs at: ./wandb/offline-run-20260909_094802-170bsn07/logs\n"}
,{"stream_name":"stdout","time":1255.970208466,"data":"\n"}
,{"stream_name":"stdout","time":1255.970228127,"data":"Done. Everything from this run is in /kaggle/working/runs/20260909-094758_vgg11_steps70_norestart_vgg11\n"}
,{"stream_name":"stderr","time":1260.441089321,"data":"/usr/local/lib/python3.12/dist-packages/mistune.py:435: SyntaxWarning: invalid escape sequence '\\|'\n"}
,{"stream_name":"stderr","time":1260.441118597,"data":"  cells[i][c] = re.sub('\\\\\\\\\\|', '|', cell)\n"}
,{"stream_name":"stderr","time":1260.679785006,"data":"/usr/local/lib/python3.12/dist-packages/nbconvert/filters/filter_links.py:36: SyntaxWarning: invalid escape sequence '\\_'\n"}
,{"stream_name":"stderr","time":1260.679818416,"data":"  text = re.sub(r'_', '\\_', text) # Escape underscores in display text\n"}
,{"stream_name":"stderr","time":1261.373770374,"data":"[NbConvertApp] Converting notebook __script__.ipynb to html\n"}
,{"stream_name":"stderr","time":1262.590060806,"data":"[NbConvertApp] Writing 398128 bytes to __results__.html\n"}
]