[{"stream_name":"stdout","time":8.736368533,"data":"cifar10-resnet 0.1.0\n"}
,{"stream_name":"stdout","time":8.747253273,"data":"config 'fast_steps_l4': resnet18, 50 epochs, seeds [0]\n"}
,{"stream_name":"stdout","time":8.747274169,"data":"torch 2.10.0+cu128\n"}
,{"stream_name":"stdout","time":9.48253363,"data":"device: cuda (Tesla T4, 14.6 GB)\n"}
,{"stream_name":"stdout","time":9.483022295,"data":"run dir: /kaggle/working/runs/20260908-133802_fast_steps_l4_resnet18\n"}
,{"stream_name":"stdout","time":9.498642479,"data":"CIFAR-10: pickled batches under /kaggle/input/datasets/idrisselkhamlichi/cifar-10-python\n"}
,{"stream_name":"stdout","time":12.625089916,"data":"CIFAR-10: 10000 train / 0 val / 10000 test, 75 MB resident (uint8)\n"}
,{"stream_name":"stdout","time":12.638499674,"data":"No W\u0026B key mounted: logging offline.\n"}
,{"stream_name":"stderr","time":14.078132003,"data":"wandb: Tracking run with wandb version 0.26.1\n"}
,{"stream_name":"stderr","time":14.078341552,"data":"wandb: W\u0026B syncing is set to `offline` in this directory. Run `wandb online` or set WANDB_MODE=online to enable cloud syncing.\n"}
,{"stream_name":"stderr","time":14.078359288,"data":"wandb: Run data is saved locally in /kaggle/working/wandb/offline-run-20260908_133805-dpg452sh\n"}
,{"stream_name":"stdout","time":15.435727456,"data":"\n"}
,{"stream_name":"stdout","time":15.436017669,"data":"--- seed 0 ---\n"}
,{"stream_name":"stdout","time":15.623988855,"data":"model: resnet18, 11.17M params\n"}
,{"stream_name":"stdout","time":21.029312843,"data":"  [seed 0] activation homotopy: alpha 1.0 -\u003e 0.0 (staircase), 1 group(s) over 17 sites (global/all)\n"}
,{"stream_name":"stdout","time":21.030849775,"data":"  [seed 0] continuation: 10 phases, lr restarts at each -- boundaries 0.00, 0.08, 0.16, 0.24, 0.32, 0.40, 0.48, 0.56, 0.64, 0.72, 1.00\n"}
,{"stream_name":"stdout","time":52.494890535,"data":"  [seed 0] --- phase 0 begins, alpha=1.000, grad norm 1.419 leaving the last phase\n"}
,{"stream_name":"stdout","time":52.495352493,"data":"  [seed 0] epoch 000  lr=0.0935  a=1.00  a0=0.1820  pen=0.0009  |dth|=4.3  loss=2.1513  test=0.2185  17.1s\n"}
,{"stream_name":"stdout","time":69.193863095,"data":"  [seed 0] epoch 001  lr=0.0592  a=1.00  a0=0.2391  pen=0.0021  |dth|=6.5  loss=2.0767  test=0.2663  10.3s\n"}
,{"stream_name":"stdout","time":86.435934701,"data":"  [seed 0] epoch 002  lr=0.0183  a=1.00  a0=0.2336  pen=0.0028  |dth|=7.5  loss=2.0275  test=0.2850  10.6s\n"}
,{"stream_name":"stdout","time":104.313198735,"data":"  [seed 0] epoch 003  lr=0.0000  a=1.00  a0=0.2295  pen=0.0030  |dth|=7.7  loss=1.9939  test=0.2940  10.9s\n"}
,{"stream_name":"stdout","time":123.095237009,"data":"  [seed 0] --- phase 1 begins, alpha=0.889\n"}
,{"stream_name":"stdout","time":123.095830097,"data":"  [seed 0] epoch 004  lr=0.0938  a=0.89  a0=0.2203  pen=0.0046  |dth|=10.2  loss=1.9971  test=0.3163  11.3s\n"}
,{"stream_name":"stdout","time":142.344934766,"data":"  [seed 0] epoch 005  lr=0.0592  a=0.89  a0=0.1916  pen=0.0072  |dth|=12.7  loss=1.9044  test=0.3377  11.6s\n"}
,{"stream_name":"stdout","time":160.568113323,"data":"  [seed 0] epoch 006  lr=0.0183  a=0.89  a0=0.1965  pen=0.0085  |dth|=13.9  loss=1.8150  test=0.3573  11.2s\n"}
,{"stream_name":"stdout","time":178.601211358,"data":"  [seed 0] epoch 007  lr=0.0000  a=0.89  a0=0.2100  pen=0.0088  |dth|=14.0  loss=1.7318  test=0.3880  11.1s\n"}
,{"stream_name":"stdout","time":196.624401861,"data":"  [seed 0] --- phase 2 begins, alpha=0.778\n"}
,{"stream_name":"stdout","time":196.624714787,"data":"  [seed 0] epoch 008  lr=0.0938  a=0.78  a0=0.2671  pen=0.0105  |dth|=16.4  loss=1.7616  test=0.3373  11.1s\n"}
,{"stream_name":"stdout","time":214.878791848,"data":"  [seed 0] epoch 009  lr=0.0597  a=0.78  a0=0.2845  pen=0.0136  |dth|=18.7  loss=1.6992  test=0.3974  11.1s\n"}
,{"stream_name":"stdout","time":233.597326037,"data":"  [seed 0] epoch 010  lr=0.0187  a=0.78  a0=0.2981  pen=0.0151  |dth|=19.7  loss=1.6263  test=0.4296  11.3s\n"}
,{"stream_name":"stdout","time":251.865922443,"data":"  [seed 0] epoch 011  lr=0.0000  a=0.78  a0=0.3021  pen=0.0154  |dth|=19.9  loss=1.5655  test=0.4478  11.2s\n"}
,{"stream_name":"stdout","time":270.050302165,"data":"  [seed 0] --- phase 3 begins, alpha=0.667\n"}
,{"stream_name":"stdout","time":270.050849188,"data":"  [seed 0] epoch 012  lr=0.0938  a=0.67  a0=0.3439  pen=0.0161  |dth|=22.0  loss=1.6079  test=0.4285  11.1s\n"}
,{"stream_name":"stdout","time":288.182317639,"data":"  [seed 0] epoch 013  lr=0.0597  a=0.67  a0=0.3004  pen=0.0193  |dth|=24.1  loss=1.5617  test=0.4572  11.1s\n"}
,{"stream_name":"stdout","time":306.295151775,"data":"  [seed 0] epoch 014  lr=0.0187  a=0.67  a0=0.3196  pen=0.0209  |dth|=25.0  loss=1.4890  test=0.4755  11.1s\n"}
,{"stream_name":"stdout","time":324.702006553,"data":"  [seed 0] epoch 015  lr=0.0000  a=0.67  a0=0.3406  pen=0.0212  |dth|=25.2  loss=1.4201  test=0.5012  11.1s\n"}
,{"stream_name":"stdout","time":342.911439559,"data":"  [seed 0] --- phase 4 begins, alpha=0.556\n"}
,{"stream_name":"stdout","time":342.912130617,"data":"  [seed 0] epoch 016  lr=0.0935  a=0.56  a0=0.3861  pen=0.0206  |dth|=27.3  loss=1.4637  test=0.4537  11.1s\n"}
,{"stream_name":"stdout","time":361.118197198,"data":"  [seed 0] epoch 017  lr=0.0597  a=0.56  a0=0.4246  pen=0.0237  |dth|=29.2  loss=1.4242  test=0.4963  11.1s\n"}
,{"stream_name":"stdout","time":379.379234309,"data":"  [seed 0] epoch 018  lr=0.0187  a=0.56  a0=0.4476  pen=0.0252  |dth|=30.2  loss=1.3133  test=0.5422  11.2s\n"}
,{"stream_name":"stdout","time":397.663520351,"data":"  [seed 0] epoch 019  lr=0.0000  a=0.56  a0=0.4552  pen=0.0255  |dth|=30.3  loss=1.2196  test=0.5766  11.2s\n"}
,{"stream_name":"stdout","time":416.236878052,"data":"  [seed 0] --- phase 5 begins, alpha=0.444, grad norm 2.605 leaving the last phase\n"}
,{"stream_name":"stdout","time":416.237521004,"data":"  [seed 0] epoch 020  lr=0.0938  a=0.44  a0=0.4980  pen=0.0232  |dth|=32.3  loss=1.2700  test=0.5268  11.2s\n"}
,{"stream_name":"stdout","time":434.555123571,"data":"  [seed 0] epoch 021  lr=0.0597  a=0.44  a0=0.5455  pen=0.0260  |dth|=34.3  loss=1.2206  test=0.5779  11.2s\n"}
,{"stream_name":"stdout","time":452.855356488,"data":"  [seed 0] epoch 022  lr=0.0187  a=0.44  a0=0.5808  pen=0.0274  |dth|=35.1  loss=1.0920  test=0.6354  11.2s\n"}
,{"stream_name":"stdout","time":471.187444964,"data":"  [seed 0] epoch 023  lr=0.0000  a=0.44  a0=0.5790  pen=0.0276  |dth|=35.2  loss=0.9877  test=0.6573  11.2s\n"}
,{"stream_name":"stdout","time":489.525780342,"data":"  [seed 0] --- phase 6 begins, alpha=0.333\n"}
,{"stream_name":"stdout","time":489.526662486,"data":"  [seed 0] epoch 024  lr=0.0938  a=0.33  a0=0.5852  pen=0.0230  |dth|=37.2  loss=1.0759  test=0.5706  11.2s\n"}
,{"stream_name":"stdout","time":508.128351001,"data":"  [seed 0] epoch 025  lr=0.0597  a=0.33  a0=0.6232  pen=0.0252  |dth|=38.9  loss=1.0414  test=0.6365  11.2s\n"}
,{"stream_name":"stdout","time":526.423909481,"data":"  [seed 0] epoch 026  lr=0.0187  a=0.33  a0=0.6451  pen=0.0262  |dth|=39.7  loss=0.9180  test=0.6801  11.2s\n"}
,{"stream_name":"stdout","time":544.656434084,"data":"  [seed 0] epoch 027  lr=0.0000  a=0.33  a0=0.6533  pen=0.0264  |dth|=39.8  loss=0.8171  test=0.7025  11.2s\n"}
,{"stream_name":"stdout","time":562.814570768,"data":"  [seed 0] --- phase 7 begins, alpha=0.222\n"}
,{"stream_name":"stdout","time":562.815241404,"data":"  [seed 0] epoch 028  lr=0.0938  a=0.22  a0=0.6567  pen=0.0192  |dth|=41.6  loss=0.9274  test=0.6344  11.1s\n"}
,{"stream_name":"stdout","time":580.961187473,"data":"  [seed 0] epoch 029  lr=0.0597  a=0.22  a0=0.6876  pen=0.0208  |dth|=43.3  loss=0.8803  test=0.6651  11.1s\n"}
,{"stream_name":"stdout","time":599.364329414,"data":"  [seed 0] epoch 030  lr=0.0183  a=0.22  a0=0.7086  pen=0.0215  |dth|=44.0  loss=0.7460  test=0.7210  11.1s\n"}
,{"stream_name":"stdout","time":617.460632314,"data":"  [seed 0] epoch 031  lr=0.0000  a=0.22  a0=0.7093  pen=0.0216  |dth|=44.1  loss=0.6376  test=0.7484  11.1s\n"}
,{"stream_name":"stdout","time":635.580252614,"data":"  [seed 0] --- phase 8 begins, alpha=0.111\n"}
,{"stream_name":"stdout","time":635.580845063,"data":"  [seed 0] epoch 032  lr=0.0938  a=0.11  a0=0.6853  pen=0.0117  |dth|=45.8  loss=0.7660  test=0.6799  11.1s\n"}
,{"stream_name":"stdout","time":653.704453158,"data":"  [seed 0] epoch 033  lr=0.0597  a=0.11  a0=0.7231  pen=0.0125  |dth|=47.4  loss=0.7410  test=0.6863  11.1s\n"}
,{"stream_name":"stdout","time":671.81174333,"data":"  [seed 0] epoch 034  lr=0.0183  a=0.11  a0=0.7486  pen=0.0128  |dth|=48.0  loss=0.6216  test=0.7573  11.1s\n"}
,{"stream_name":"stdout","time":690.212798268,"data":"  [seed 0] epoch 035  lr=0.0000  a=0.11  a0=0.7596  pen=0.0129  |dth|=48.1  loss=0.5065  test=0.7791  11.1s\n"}
,{"stream_name":"stdout","time":703.543933533,"data":"  [seed 0] --- phase 9 begins, alpha=0.000\n"}
,{"stream_name":"stdout","time":703.544245814,"data":"  [seed 0] epoch 036  lr=0.0716  a=0.00  a0=0.7183  pen=0.0000  |dth|=48.8  loss=0.5287  test=0.7183  10.9s\n"}
,{"stream_name":"stdout","time":716.892453074,"data":"  [seed 0] epoch 037  lr=0.0995  a=0.00  a0=0.6740  pen=0.0000  |dth|=50.9  loss=0.6646  test=0.6740  10.9s\n"}
,{"stream_name":"stdout","time":730.245326064,"data":"  [seed 0] epoch 038  lr=0.0962  a=0.00  a0=0.7380  pen=0.0000  |dth|=52.8  loss=0.6525  test=0.7380  10.9s\n"}
,{"stream_name":"stdout","time":743.583284561,"data":"  [seed 0] epoch 039  lr=0.0899  a=0.00  a0=0.7116  pen=0.0000  |dth|=54.5  loss=0.5866  test=0.7116  10.9s\n"}
,{"stream_name":"stdout","time":757.205249521,"data":"  [seed 0] epoch 040  lr=0.0813  a=0.00  a0=0.7496  pen=0.0000  |dth|=55.9  loss=0.5408  test=0.7496  10.9s\n"}
,{"stream_name":"stdout","time":770.561744488,"data":"  [seed 0] epoch 041  lr=0.0707  a=0.00  a0=0.7402  pen=0.0000  |dth|=57.1  loss=0.4881  test=0.7402  10.9s\n"}
,{"stream_name":"stdout","time":783.920638311,"data":"  [seed 0] epoch 042  lr=0.0588  a=0.00  a0=0.7608  pen=0.0000  |dth|=58.0  loss=0.4427  test=0.7608  10.9s\n"}
,{"stream_name":"stdout","time":797.295431266,"data":"  [seed 0] epoch 043  lr=0.0464  a=0.00  a0=0.7713  pen=0.0000  |dth|=58.7  loss=0.3778  test=0.7713  10.9s\n"}
,{"stream_name":"stdout","time":810.656842103,"data":"  [seed 0] epoch 044  lr=0.0344  a=0.00  a0=0.7975  pen=0.0000  |dth|=59.2  loss=0.3198  test=0.7975  10.9s\n"}
,{"stream_name":"stdout","time":824.287392236,"data":"  [seed 0] epoch 045  lr=0.0231  a=0.00  a0=0.8059  pen=0.0000  |dth|=59.5  loss=0.2636  test=0.8059  10.9s\n"}
,{"stream_name":"stdout","time":837.639863158,"data":"  [seed 0] epoch 046  lr=0.0135  a=0.00  a0=0.8173  pen=0.0000  |dth|=59.7  loss=0.2057  test=0.8173  10.9s\n"}
,{"stream_name":"stdout","time":851.01787732,"data":"  [seed 0] epoch 047  lr=0.0062  a=0.00  a0=0.8242  pen=0.0000  |dth|=59.8  loss=0.1626  test=0.8242  10.9s\n"}
,{"stream_name":"stdout","time":864.418912407,"data":"  [seed 0] epoch 048  lr=0.0016  a=0.00  a0=0.8305  pen=0.0000  |dth|=59.8  loss=0.1398  test=0.8305  10.9s\n"}
,{"stream_name":"stdout","time":878.069810534,"data":"  [seed 0] epoch 049  lr=0.0000  a=0.00  a0=0.8311  pen=0.0000  |dth|=59.8  loss=0.1306  test=0.8311  10.9s\n"}
,{"stream_name":"stdout","time":883.002535231,"data":"  [seed 0] 857s  test_final=0.8311  test_selected=0.8311  train=0.9683  gap=+0.1372\n"}
,{"stream_name":"stdout","time":883.005234048,"data":"\n"}
,{"stream_name":"stdout","time":883.005541401,"data":"==============================================================================\n"}
,{"stream_name":"stdout","time":883.006344139,"data":"CIFAR-10 BASELINE  --  resnet18, 11,173,962 params, 50 epochs, 1 seeds\n"}
,{"stream_name":"stdout","time":883.006969051,"data":"config 'fast_steps_l4': sgd lr=0.1 mom=0.9 wd=0.0005 bs=128 cosine+5ep warmup, augment=True\n"}
,{"stream_name":"stdout","time":883.007799231,"data":"==============================================================================\n"}
,{"stream_name":"stdout","time":883.007974951,"data":"\n"}
,{"stream_name":"stdout","time":883.008467411,"data":"per seed:\n"}
,{"stream_name":"stdout","time":883.009227198,"data":"          seed    test acc  test err %   final acc   train acc     gen gap   worst cls      wall s\n"}
,{"stream_name":"stdout","time":883.009995284,"data":"             0      0.8311      16.890      0.8311      0.9683     +0.1372         nan         857\n"}
,{"stream_name":"stdout","time":883.010262458,"data":"\n"}
,{"stream_name":"stdout","time":883.010478124,"data":"mean +- sem  (min .. max):\n"}
,{"stream_name":"stdout","time":883.011174847,"data":"      test acc  0.8311   (0.8311 .. 0.8311)\n"}
,{"stream_name":"stdout","time":883.01179431,"data":"    test err %  16.890   (16.890 .. 16.890)\n"}
,{"stream_name":"stdout","time":883.012466178,"data":"     final acc  0.8311   (0.8311 .. 0.8311)\n"}
,{"stream_name":"stdout","time":883.01362784,"data":"     train acc  0.9683   (0.9683 .. 0.9683)\n"}
,{"stream_name":"stdout","time":883.013645719,"data":"       gen gap  +0.1372   (+0.1372 .. +0.1372)\n"}
,{"stream_name":"stdout","time":883.013660686,"data":"        wall s  857   (857 .. 857)\n"}
,{"stream_name":"stdout","time":883.013885246,"data":"\n"}
,{"stream_name":"stdout","time":883.014486298,"data":"model selection: final_epoch -- no validation split, so 'selected' == final epoch\n"}
,{"stream_name":"stdout","time":883.014967789,"data":"throughput: 582 img/s mean\n"}
,{"stream_name":"stdout","time":883.016070435,"data":"\n"}
,{"stream_name":"stdout","time":883.016368158,"data":"results written to /kaggle/working/runs/20260908-133802_fast_steps_l4_resnet18/results.json\n"}
,{"stream_name":"stdout","time":883.021252771,"data":"history written to /kaggle/working/runs/20260908-133802_fast_steps_l4_resnet18/history.jsonl and /kaggle/working/runs/20260908-133802_fast_steps_l4_resnet18/history.csv (50 epoch rows)\n"}
,{"stream_name":"stderr","time":883.032057414,"data":"wandb: \n"}
,{"stream_name":"stderr","time":883.032075245,"data":"wandb: Run history:\n"}
,{"stream_name":"stderr","time":883.032081048,"data":"wandb: s0/alpha_max_group ████▇▇▇▆▆▆▆▆▆▆▅▅▅▄▄▄▃▃▃▃▃▃▃▂▂▂▁▁▁▁▁▁▁▁▁▁\n"}
,{"stream_name":"stderr","time":883.03208768,"data":"wandb:      s0/alpha_mean ████▇▇▇▆▆▆▆▆▆▅▅▅▄▄▄▄▃▃▃▃▃▂▂▂▂▁▁▁▁▁▁▁▁▁▁▁\n"}
,{"stream_name":"stderr","time":883.032101014,"data":"wandb: s0/alpha_min_group ████▇▇▇▆▆▆▆▆▆▆▅▅▅▄▄▄▃▃▃▃▃▃▂▂▂▂▁▁▁▁▁▁▁▁▁▁\n"}
,{"stream_name":"stderr","time":883.032106799,"data":"wandb:   s0/anchor_lambda ▁▁▁▁▁▁▁▁▁▁▁▁▁▁▁▁▁▁▁▁▁▁▁▁▁▁▁▁▁▁▁▁▁▁▁▁▁▁▁▁\n"}
,{"stream_name":"stderr","time":883.032112563,"data":"wandb:     s0/anchor_term ▁▂▂▂▂▃▃▄▄▅▅▆▆▆▇▇▇███▇██▆▆▆▄▄▄▄▁▁▁▁▁▁▁▁▁▁\n"}
,{"stream_name":"stderr","time":883.03212811,"data":"wandb:         s0/ce_loss ████▇▇▆▇▆▆▇▆▆▆▆▅▅▄▄▄▄▃▃▄▄▃▃▃▂▃▃▂▂▃▂▂▂▁▁▁\n"}
,{"stream_name":"stderr","time":883.032133849,"data":"wandb:  s0/dead_frac_mean ▁▁▁▁▁▁▁▁▁▁▁\n"}
,{"stream_name":"stderr","time":883.032138748,"data":"wandb:           s0/epoch ▁▁▁▂▂▂▂▂▂▃▃▃▃▃▃▄▄▄▄▄▅▅▅▅▅▆▆▆▆▆▆▇▇▇▇▇▇███\n"}
,{"stream_name":"stderr","time":883.032144276,"data":"wandb:         s0/epoch_s █▁▁▂▂▂▂▂▂▂▂▂▂▂▂▂▂▂▂▂▂▂▂▂▂▂▂▂▂▂▂▂▂▂▂▂▂▂▂▂\n"}
,{"stream_name":"stderr","time":883.032149776,"data":"wandb:  s0/grad_norm_mean ▁▃▆▅▅██▄▆▅▃\n"}
,{"stream_name":"stderr","time":883.032154509,"data":"wandb:                +41 ...\n"}
,{"stream_name":"stderr","time":883.032158999,"data":"wandb: \n"}
,{"stream_name":"stderr","time":883.03216344,"data":"wandb: Run summary:\n"}
,{"stream_name":"stderr","time":883.032167947,"data":"wandb: s0/alpha_max_group 0\n"}
,{"stream_name":"stderr","time":883.032172424,"data":"wandb:      s0/alpha_mean 0\n"}
,{"stream_name":"stderr","time":883.03217689,"data":"wandb: s0/alpha_min_group 0\n"}
,{"stream_name":"stderr","time":883.03218156,"data":"wandb:   s0/anchor_lambda 0.0001\n"}
,{"stream_name":"stderr","time":883.032186442,"data":"wandb:     s0/anchor_term 0\n"}
,{"stream_name":"stderr","time":883.032190979,"data":"wandb:         s0/ce_loss 0.14416\n"}
,{"stream_name":"stderr","time":883.032195592,"data":"wandb:  s0/dead_frac_mean 0\n"}
,{"stream_name":"stderr","time":883.032200164,"data":"wandb:           s0/epoch 49\n"}
,{"stream_name":"stderr","time":883.032221696,"data":"wandb:         s0/epoch_s 10.93322\n"}
,{"stream_name":"stderr","time":883.032226587,"data":"wandb:  s0/grad_norm_mean 0.4278\n"}
,{"stream_name":"stderr","time":883.032231485,"data":"wandb:                +46 ...\n"}
,{"stream_name":"stderr","time":883.032236461,"data":"wandb: \n"}
,{"stream_name":"stderr","time":883.032308688,"data":"wandb: You can sync this run to the cloud by running:\n"}
,{"stream_name":"stderr","time":883.03231535,"data":"wandb: wandb sync /kaggle/working/wandb/offline-run-20260908_133805-dpg452sh\n"}
,{"stream_name":"stderr","time":883.032461711,"data":"wandb: Find logs at: ./wandb/offline-run-20260908_133805-dpg452sh/logs\n"}
,{"stream_name":"stdout","time":883.033283926,"data":"\n"}
,{"stream_name":"stdout","time":883.03333473,"data":"Done. Everything from this run is in /kaggle/working/runs/20260908-133802_fast_steps_l4_resnet18\n"}
,{"stream_name":"stderr","time":888.233761631,"data":"/usr/local/lib/python3.12/dist-packages/mistune.py:435: SyntaxWarning: invalid escape sequence '\\|'\n"}
,{"stream_name":"stderr","time":888.233805101,"data":"  cells[i][c] = re.sub('\\\\\\\\\\|', '|', cell)\n"}
,{"stream_name":"stderr","time":888.538590436,"data":"/usr/local/lib/python3.12/dist-packages/nbconvert/filters/filter_links.py:36: SyntaxWarning: invalid escape sequence '\\_'\n"}
,{"stream_name":"stderr","time":888.53862804,"data":"  text = re.sub(r'_', '\\_', text) # Escape underscores in display text\n"}
,{"stream_name":"stderr","time":889.259907527,"data":"[NbConvertApp] Converting notebook __script__.ipynb to html\n"}
,{"stream_name":"stderr","time":890.59504317,"data":"[NbConvertApp] Writing 386418 bytes to __results__.html\n"}
]