[{"stream_name":"stdout","time":8.619091612,"data":"cifar10-resnet 0.1.0\n"}
,{"stream_name":"stdout","time":8.632650608,"data":"config 'vgg11_steps70': vgg11, 70 epochs, seeds [0]\n"}
,{"stream_name":"stdout","time":8.632670107,"data":"torch 2.10.0+cu128\n"}
,{"stream_name":"stdout","time":9.377879065,"data":"device: cuda (Tesla T4, 14.6 GB)\n"}
,{"stream_name":"stdout","time":9.378263277,"data":"run dir: /kaggle/working/runs/20260909-092045_vgg11_steps70_vgg11\n"}
,{"stream_name":"stdout","time":9.389130636,"data":"CIFAR-10: pickled batches under /kaggle/input/datasets/idrisselkhamlichi/cifar-10-python\n"}
,{"stream_name":"stdout","time":12.510467643,"data":"CIFAR-10: 50000 train / 0 val / 10000 test, 258 MB resident (uint8)\n"}
,{"stream_name":"stdout","time":12.521331602,"data":"No W\u0026B key mounted: logging offline.\n"}
,{"stream_name":"stderr","time":13.966698175,"data":"wandb: Tracking run with wandb version 0.26.1\n"}
,{"stream_name":"stderr","time":13.966933139,"data":"wandb: W\u0026B syncing is set to `offline` in this directory. Run `wandb online` or set WANDB_MODE=online to enable cloud syncing.\n"}
,{"stream_name":"stderr","time":13.966947313,"data":"wandb: Run data is saved locally in /kaggle/working/wandb/offline-run-20260909_092049-jrvp09bj\n"}
,{"stream_name":"stdout","time":15.432200795,"data":"\n"}
,{"stream_name":"stdout","time":15.432455977,"data":"--- seed 0 ---\n"}
,{"stream_name":"stdout","time":15.603895671,"data":"model: vgg11-bn, 9.23M params\n"}
,{"stream_name":"stdout","time":20.7943132,"data":"  [seed 0] activation homotopy: alpha 1.0 -\u003e 0.0 (staircase), 1 group(s) over 8 sites (global/all)\n"}
,{"stream_name":"stdout","time":20.795666105,"data":"  [seed 0] continuation: 10 phases, lr restarts at each -- boundaries 0.00, 0.07, 0.15, 0.23, 0.30, 0.38, 0.45, 0.53, 0.60, 0.68, 1.00\n"}
,{"stream_name":"stdout","time":48.237644624,"data":"  [seed 0] --- phase 0 begins, alpha=1.000, grad norm 3.986 leaving the last phase\n"}
,{"stream_name":"stdout","time":48.237982118,"data":"  [seed 0] epoch 000  lr=0.0960  a=1.00  a0=0.5712  loss=1.6288  test=0.5730  19.1s\n"}
,{"stream_name":"stdout","time":66.887969742,"data":"  [seed 0] epoch 001  lr=0.0751  a=1.00  a0=0.6526  loss=1.0349  test=0.6724  16.1s\n"}
,{"stream_name":"stdout","time":86.86345348,"data":"  [seed 0] epoch 002  lr=0.0441  a=1.00  a0=0.7192  loss=0.8468  test=0.7241  17.1s\n"}
,{"stream_name":"stdout","time":106.389177618,"data":"  [seed 0] epoch 003  lr=0.0154  a=1.00  a0=0.7499  loss=0.7086  test=0.7883  17.1s\n"}
,{"stream_name":"stdout","time":125.013438517,"data":"  [seed 0] epoch 004  lr=0.0007  a=1.00  a0=0.7659  loss=0.5925  test=0.8044  16.2s\n"}
,{"stream_name":"stdout","time":143.63762786,"data":"  [seed 0] --- phase 1 begins, alpha=0.889, grad norm 2.699 leaving the last phase\n"}
,{"stream_name":"stdout","time":143.63791776,"data":"  [seed 0] epoch 005  lr=0.0986  a=0.89  a0=0.6950  loss=0.7212  test=0.6938  16.2s\n"}
,{"stream_name":"stdout","time":162.721385754,"data":"  [seed 0] epoch 006  lr=0.0817  a=0.89  a0=0.7399  loss=0.7829  test=0.7435  16.5s\n"}
,{"stream_name":"stdout","time":182.09902361,"data":"  [seed 0] epoch 007  lr=0.0521  a=0.89  a0=0.7582  loss=0.6934  test=0.7737  16.8s\n"}
,{"stream_name":"stdout","time":201.245382004,"data":"  [seed 0] epoch 008  lr=0.0217  a=0.89  a0=0.7897  loss=0.5947  test=0.8136  16.7s\n"}
,{"stream_name":"stdout","time":220.130050368,"data":"  [seed 0] epoch 009  lr=0.0026  a=0.89  a0=0.8009  loss=0.4869  test=0.8336  16.4s\n"}
,{"stream_name":"stdout","time":239.140864383,"data":"  [seed 0] --- phase 2 begins, alpha=0.778, grad norm 3.664 leaving the last phase\n"}
,{"stream_name":"stdout","time":239.141270574,"data":"  [seed 0] epoch 010  lr=0.0998  a=0.78  a0=0.7366  loss=0.5288  test=0.7048  16.5s\n"}
,{"stream_name":"stdout","time":258.243972889,"data":"  [seed 0] epoch 011  lr=0.0875  a=0.78  a0=0.7570  loss=0.7113  test=0.7590  16.6s\n"}
,{"stream_name":"stdout","time":277.377646102,"data":"  [seed 0] epoch 012  lr=0.0601  a=0.78  a0=0.7759  loss=0.6403  test=0.7840  16.6s\n"}
,{"stream_name":"stdout","time":296.420679862,"data":"  [seed 0] epoch 013  lr=0.0287  a=0.78  a0=0.8026  loss=0.5505  test=0.8263  16.6s\n"}
,{"stream_name":"stdout","time":315.43436269,"data":"  [seed 0] epoch 014  lr=0.0058  a=0.78  a0=0.8093  loss=0.4460  test=0.8503  16.5s\n"}
,{"stream_name":"stdout","time":334.474780353,"data":"  [seed 0] --- phase 3 begins, alpha=0.667, grad norm 3.805 leaving the last phase\n"}
,{"stream_name":"stdout","time":334.474822626,"data":"  [seed 0] epoch 015  lr=0.0664  a=0.67  a0=0.7773  loss=0.3940  test=0.7744  16.5s\n"}
,{"stream_name":"stdout","time":353.426289,"data":"  [seed 0] epoch 016  lr=0.0923  a=0.67  a0=0.7675  loss=0.6680  test=0.7464  16.5s\n"}
,{"stream_name":"stdout","time":372.358557487,"data":"  [seed 0] epoch 017  lr=0.0678  a=0.67  a0=0.7683  loss=0.6124  test=0.7870  16.5s\n"}
,{"stream_name":"stdout","time":391.333941718,"data":"  [seed 0] epoch 018  lr=0.0362  a=0.67  a0=0.7983  loss=0.5227  test=0.8186  16.5s\n"}
,{"stream_name":"stdout","time":410.332780441,"data":"  [seed 0] epoch 019  lr=0.0101  a=0.67  a0=0.8153  loss=0.4194  test=0.8515  16.5s\n"}
,{"stream_name":"stdout","time":429.42713443,"data":"  [seed 0] epoch 020  lr=0.0000  a=0.67  a0=0.8194  loss=0.3414  test=0.8612  16.6s\n"}
,{"stream_name":"stdout","time":448.45705983,"data":"  [seed 0] --- phase 4 begins, alpha=0.556\n"}
,{"stream_name":"stdout","time":448.45780677,"data":"  [seed 0] epoch 021  lr=0.0960  a=0.56  a0=0.7792  loss=0.5697  test=0.7672  16.6s\n"}
,{"stream_name":"stdout","time":467.508811426,"data":"  [seed 0] epoch 022  lr=0.0751  a=0.56  a0=0.7624  loss=0.5869  test=0.7784  16.6s\n"}
,{"stream_name":"stdout","time":486.539472488,"data":"  [seed 0] epoch 023  lr=0.0441  a=0.56  a0=0.7952  loss=0.5074  test=0.8218  16.6s\n"}
,{"stream_name":"stdout","time":505.580405161,"data":"  [seed 0] epoch 024  lr=0.0154  a=0.56  a0=0.8172  loss=0.4027  test=0.8566  16.6s\n"}
,{"stream_name":"stdout","time":524.671823032,"data":"  [seed 0] epoch 025  lr=0.0007  a=0.56  a0=0.8245  loss=0.3091  test=0.8728  16.6s\n"}
,{"stream_name":"stdout","time":543.714843079,"data":"  [seed 0] --- phase 5 begins, alpha=0.444\n"}
,{"stream_name":"stdout","time":543.71554763,"data":"  [seed 0] epoch 026  lr=0.0986  a=0.44  a0=0.7728  loss=0.4567  test=0.7847  16.6s\n"}
,{"stream_name":"stdout","time":562.762863199,"data":"  [seed 0] epoch 027  lr=0.0817  a=0.44  a0=0.7765  loss=0.5700  test=0.7728  16.6s\n"}
,{"stream_name":"stdout","time":581.809685851,"data":"  [seed 0] epoch 028  lr=0.0521  a=0.44  a0=0.8111  loss=0.4933  test=0.8294  16.6s\n"}
,{"stream_name":"stdout","time":600.869856585,"data":"  [seed 0] epoch 029  lr=0.0217  a=0.44  a0=0.8183  loss=0.3926  test=0.8563  16.6s\n"}
,{"stream_name":"stdout","time":619.993371151,"data":"  [seed 0] epoch 030  lr=0.0026  a=0.44  a0=0.8270  loss=0.2910  test=0.8785  16.6s\n"}
,{"stream_name":"stdout","time":639.05652031,"data":"  [seed 0] --- phase 6 begins, alpha=0.333\n"}
,{"stream_name":"stdout","time":639.057354826,"data":"  [seed 0] epoch 031  lr=0.0998  a=0.33  a0=0.7739  loss=0.3428  test=0.7164  16.6s\n"}
,{"stream_name":"stdout","time":658.123291193,"data":"  [seed 0] epoch 032  lr=0.0875  a=0.33  a0=0.7800  loss=0.5490  test=0.7976  16.6s\n"}
,{"stream_name":"stdout","time":677.195611143,"data":"  [seed 0] epoch 033  lr=0.0601  a=0.33  a0=0.8139  loss=0.4803  test=0.8303  16.6s\n"}
,{"stream_name":"stdout","time":696.267156988,"data":"  [seed 0] epoch 034  lr=0.0287  a=0.33  a0=0.8346  loss=0.3828  test=0.8724  16.6s\n"}
,{"stream_name":"stdout","time":715.411478647,"data":"  [seed 0] epoch 035  lr=0.0058  a=0.33  a0=0.8350  loss=0.2800  test=0.8840  16.6s\n"}
,{"stream_name":"stdout","time":734.490287273,"data":"  [seed 0] --- phase 7 begins, alpha=0.222\n"}
,{"stream_name":"stdout","time":734.49083028,"data":"  [seed 0] epoch 036  lr=0.0664  a=0.22  a0=0.8115  loss=0.2315  test=0.8038  16.6s\n"}
,{"stream_name":"stdout","time":753.556082097,"data":"  [seed 0] epoch 037  lr=0.0923  a=0.22  a0=0.7970  loss=0.5361  test=0.8051  16.6s\n"}
,{"stream_name":"stdout","time":772.635189166,"data":"  [seed 0] epoch 038  lr=0.0678  a=0.22  a0=0.8160  loss=0.4728  test=0.8215  16.6s\n"}
,{"stream_name":"stdout","time":791.701727118,"data":"  [seed 0] epoch 039  lr=0.0362  a=0.22  a0=0.8382  loss=0.3815  test=0.8589  16.6s\n"}
,{"stream_name":"stdout","time":810.817870796,"data":"  [seed 0] epoch 040  lr=0.0101  a=0.22  a0=0.8562  loss=0.2717  test=0.8821  16.6s\n"}
,{"stream_name":"stdout","time":829.882896479,"data":"  [seed 0] epoch 041  lr=0.0000  a=0.22  a0=0.8636  loss=0.1990  test=0.8929  16.6s\n"}
,{"stream_name":"stdout","time":848.956342975,"data":"  [seed 0] --- phase 8 begins, alpha=0.111\n"}
,{"stream_name":"stdout","time":848.956429365,"data":"  [seed 0] epoch 042  lr=0.0960  a=0.11  a0=0.8210  loss=0.4570  test=0.8038  16.6s\n"}
,{"stream_name":"stdout","time":868.030145371,"data":"  [seed 0] epoch 043  lr=0.0751  a=0.11  a0=0.8320  loss=0.4667  test=0.8294  16.6s\n"}
,{"stream_name":"stdout","time":887.095152208,"data":"  [seed 0] epoch 044  lr=0.0441  a=0.11  a0=0.8381  loss=0.3763  test=0.8398  16.6s\n"}
,{"stream_name":"stdout","time":906.195356866,"data":"  [seed 0] epoch 045  lr=0.0154  a=0.11  a0=0.8698  loss=0.2707  test=0.8859  16.6s\n"}
,{"stream_name":"stdout","time":925.21928741,"data":"  [seed 0] epoch 046  lr=0.0007  a=0.11  a0=0.8765  loss=0.1819  test=0.8974  16.6s\n"}
,{"stream_name":"stdout","time":942.389119591,"data":"  [seed 0] --- phase 9 begins, alpha=0.000\n"}
,{"stream_name":"stdout","time":942.389231171,"data":"  [seed 0] epoch 047  lr=0.0461  a=0.00  a0=0.8071  loss=0.2029  test=0.8071  16.5s\n"}
,{"stream_name":"stdout","time":959.484300877,"data":"  [seed 0] epoch 048  lr=0.1000  a=0.00  a0=0.8006  loss=0.4381  test=0.8006  16.4s\n"}
,{"stream_name":"stdout","time":976.598359522,"data":"  [seed 0] epoch 049  lr=0.0993  a=0.00  a0=0.7981  loss=0.4902  test=0.7981  16.4s\n"}
,{"stream_name":"stdout","time":993.753853718,"data":"  [seed 0] epoch 050  lr=0.0975  a=0.00  a0=0.7664  loss=0.4614  test=0.7664  16.4s\n"}
,{"stream_name":"stdout","time":1010.879217326,"data":"  [seed 0] epoch 051  lr=0.0947  a=0.00  a0=0.7834  loss=0.4542  test=0.7834  16.5s\n"}
,{"stream_name":"stdout","time":1028.031400698,"data":"  [seed 0] epoch 052  lr=0.0909  a=0.00  a0=0.7909  loss=0.4369  test=0.7909  16.5s\n"}
,{"stream_name":"stdout","time":1045.152430742,"data":"  [seed 0] epoch 053  lr=0.0862  a=0.00  a0=0.7571  loss=0.4236  test=0.7571  16.4s\n"}
,{"stream_name":"stdout","time":1062.24209474,"data":"  [seed 0] epoch 054  lr=0.0807  a=0.00  a0=0.7817  loss=0.3993  test=0.7817  16.4s\n"}
,{"stream_name":"stdout","time":1079.407985374,"data":"  [seed 0] epoch 055  lr=0.0745  a=0.00  a0=0.8386  loss=0.3810  test=0.8386  16.4s\n"}
,{"stream_name":"stdout","time":1096.505086446,"data":"  [seed 0] epoch 056  lr=0.0677  a=0.00  a0=0.8444  loss=0.3658  test=0.8444  16.4s\n"}
,{"stream_name":"stdout","time":1113.596011893,"data":"  [seed 0] epoch 057  lr=0.0606  a=0.00  a0=0.8282  loss=0.3492  test=0.8282  16.4s\n"}
,{"stream_name":"stdout","time":1130.680031777,"data":"  [seed 0] epoch 058  lr=0.0533  a=0.00  a0=0.8596  loss=0.3215  test=0.8596  16.4s\n"}
,{"stream_name":"stdout","time":1147.748344635,"data":"  [seed 0] epoch 059  lr=0.0458  a=0.00  a0=0.8296  loss=0.2907  test=0.8296  16.4s\n"}
,{"stream_name":"stdout","time":1164.872307174,"data":"  [seed 0] epoch 060  lr=0.0385  a=0.00  a0=0.8719  loss=0.2607  test=0.8719  16.4s\n"}
,{"stream_name":"stdout","time":1181.940516428,"data":"  [seed 0] epoch 061  lr=0.0314  a=0.00  a0=0.8788  loss=0.2291  test=0.8788  16.4s\n"}
,{"stream_name":"stdout","time":1198.991691774,"data":"  [seed 0] epoch 062  lr=0.0247  a=0.00  a0=0.8761  loss=0.1920  test=0.8761  16.4s\n"}
,{"stream_name":"stdout","time":1216.050603347,"data":"  [seed 0] epoch 063  lr=0.0186  a=0.00  a0=0.8904  loss=0.1602  test=0.8904  16.4s\n"}
,{"stream_name":"stdout","time":1233.088079275,"data":"  [seed 0] epoch 064  lr=0.0132  a=0.00  a0=0.9016  loss=0.1273  test=0.9016  16.4s\n"}
,{"stream_name":"stdout","time":1250.197517961,"data":"  [seed 0] epoch 065  lr=0.0086  a=0.00  a0=0.9077  loss=0.0929  test=0.9077  16.4s\n"}
,{"stream_name":"stdout","time":1267.267180032,"data":"  [seed 0] epoch 066  lr=0.0049  a=0.00  a0=0.9097  loss=0.0691  test=0.9097  16.4s\n"}
,{"stream_name":"stdout","time":1284.310891783,"data":"  [seed 0] epoch 067  lr=0.0022  a=0.00  a0=0.9128  loss=0.0546  test=0.9128  16.4s\n"}
,{"stream_name":"stdout","time":1301.36658206,"data":"  [seed 0] epoch 068  lr=0.0006  a=0.00  a0=0.9155  loss=0.0459  test=0.9155  16.4s\n"}
,{"stream_name":"stdout","time":1318.495910635,"data":"  [seed 0] epoch 069  lr=0.0000  a=0.00  a0=0.9153  loss=0.0422  test=0.9153  16.4s\n"}
,{"stream_name":"stdout","time":1322.587793713,"data":"  [seed 0] 1298s  test_final=0.9153  test_selected=0.9153  train=0.9936  gap=+0.0783\n"}
,{"stream_name":"stdout","time":1322.589581979,"data":"\n"}
,{"stream_name":"stdout","time":1322.589786626,"data":"==============================================================================\n"}
,{"stream_name":"stdout","time":1322.590603859,"data":"CIFAR-10 BASELINE  --  vgg11, 9,228,362 params, 70 epochs, 1 seeds\n"}
,{"stream_name":"stdout","time":1322.590899012,"data":"config 'vgg11_steps70': sgd lr=0.1 mom=0.9 wd=0.0005 bs=128 cosine+5ep warmup, augment=True\n"}
,{"stream_name":"stdout","time":1322.591586727,"data":"==============================================================================\n"}
,{"stream_name":"stdout","time":1322.5917826,"data":"\n"}
,{"stream_name":"stdout","time":1322.592159816,"data":"per seed:\n"}
,{"stream_name":"stdout","time":1322.5925856,"data":"          seed    test acc  test err %   final acc   train acc     gen gap   worst cls      wall s\n"}
,{"stream_name":"stdout","time":1322.593319821,"data":"             0      0.9153       8.470      0.9153      0.9936     +0.0783      0.8290        1298\n"}
,{"stream_name":"stdout","time":1322.593533675,"data":"\n"}
,{"stream_name":"stdout","time":1322.593824137,"data":"mean +- sem  (min .. max):\n"}
,{"stream_name":"stdout","time":1322.594441849,"data":"      test acc  0.9153   (0.9153 .. 0.9153)\n"}
,{"stream_name":"stdout","time":1322.595225964,"data":"    test err %  8.470   (8.470 .. 8.470)\n"}
,{"stream_name":"stdout","time":1322.595779299,"data":"     final acc  0.9153   (0.9153 .. 0.9153)\n"}
,{"stream_name":"stdout","time":1322.596470864,"data":"     train acc  0.9936   (0.9936 .. 0.9936)\n"}
,{"stream_name":"stdout","time":1322.596791782,"data":"       gen gap  +0.0783   (+0.0783 .. +0.0783)\n"}
,{"stream_name":"stdout","time":1322.597268819,"data":"     worst cls  0.8290   (0.8290 .. 0.8290)\n"}
,{"stream_name":"stdout","time":1322.597971023,"data":"        wall s  1298   (1298 .. 1298)\n"}
,{"stream_name":"stdout","time":1322.599145513,"data":"\n"}
,{"stream_name":"stdout","time":1322.599567586,"data":"per-class accuracy (seed 0, final epoch):\n"}
,{"stream_name":"stdout","time":1322.600186713,"data":"      airplane  0.9180\n"}
,{"stream_name":"stdout","time":1322.600535802,"data":"    automobile  0.9580\n"}
,{"stream_name":"stdout","time":1322.601099515,"data":"          bird  0.8810\n"}
,{"stream_name":"stdout","time":1322.601467008,"data":"           cat  0.8290\n"}
,{"stream_name":"stdout","time":1322.602255159,"data":"          deer  0.9340\n"}
,{"stream_name":"stdout","time":1322.602988572,"data":"           dog  0.8570\n"}
,{"stream_name":"stdout","time":1322.603544874,"data":"          frog  0.9350\n"}
,{"stream_name":"stdout","time":1322.603995509,"data":"         horse  0.9430\n"}
,{"stream_name":"stdout","time":1322.604449126,"data":"          ship  0.9530\n"}
,{"stream_name":"stdout","time":1322.604845269,"data":"         truck  0.9450\n"}
,{"stream_name":"stdout","time":1322.604983943,"data":"\n"}
,{"stream_name":"stdout","time":1322.605252169,"data":"model selection: final_epoch -- no validation split, so 'selected' == final epoch\n"}
,{"stream_name":"stdout","time":1322.605761207,"data":"throughput: 2,693 img/s mean\n"}
,{"stream_name":"stdout","time":1322.607134521,"data":"\n"}
,{"stream_name":"stdout","time":1322.607313719,"data":"results written to /kaggle/working/runs/20260909-092045_vgg11_steps70_vgg11/results.json\n"}
,{"stream_name":"stdout","time":1322.612117548,"data":"history written to /kaggle/working/runs/20260909-092045_vgg11_steps70_vgg11/history.jsonl and /kaggle/working/runs/20260909-092045_vgg11_steps70_vgg11/history.csv (70 epoch rows)\n"}
,{"stream_name":"stderr","time":1322.621541699,"data":"wandb: \n"}
,{"stream_name":"stderr","time":1322.621710267,"data":"wandb: Run history:\n"}
,{"stream_name":"stderr","time":1322.621721736,"data":"wandb: s0/alpha_max_group ███▇▇▇▇▆▆▆▆▆▆▅▅▄▄▄▃▃▃▃▃▃▃▂▂▂▁▁▁▁▁▁▁▁▁▁▁▁\n"}
,{"stream_name":"stderr","time":1322.621728629,"data":"wandb:      s0/alpha_mean ████▇▇▇▆▆▆▆▆▆▅▅▄▄▄▄▃▃▃▃▃▃▂▂▂▂▂▁▁▁▁▁▁▁▁▁▁\n"}
,{"stream_name":"stderr","time":1322.621734599,"data":"wandb: s0/alpha_min_group ████▇▆▆▆▆▆▆▅▅▅▄▄▄▄▃▃▃▃▃▃▃▂▂▁▁▁▁▁▁▁▁▁▁▁▁▁\n"}
,{"stream_name":"stderr","time":1322.621740601,"data":"wandb:  s0/dead_frac_mean ▁▁▁▁▁▁▁▁▁▁▇▇███\n"}
,{"stream_name":"stderr","time":1322.621746101,"data":"wandb:           s0/epoch ▁▁▂▂▂▂▂▂▂▃▃▃▃▃▄▄▄▄▄▄▅▅▅▅▅▅▆▆▆▆▆▆▆▆▇▇▇▇██\n"}
,{"stream_name":"stderr","time":1322.621752218,"data":"wandb:         s0/epoch_s ▁██▂▁▃▄▄▅▄▃▄▄▄▄▄▄▄▄▄▄▄▄▄▄▄▃▃▃▃▃▃▃▃▃▃▃▃▃▃\n"}
,{"stream_name":"stderr","time":1322.621758832,"data":"wandb: s0/grad_norm_total ▇▅▇▇▂▂▂▂▃▂█▅▃▂▁\n"}
,{"stream_name":"stderr","time":1322.621764079,"data":"wandb:       s0/img_per_s ▁▆██▆▇▇▇▇▇▇▇▇▇▇▇▇▇▇▇▇▇▇▇▇▇▇▇▇▇▇▇▇▇▇▇▇▇▇▇\n"}
,{"stream_name":"stderr","time":1322.621768877,"data":"wandb: s0/linear_gap_mean ▁▂▂▃▃▄▅▆▆▇█████\n"}
,{"stream_name":"stderr","time":1322.62177301,"data":"wandb:              s0/lr █▆▂▁▇▃▁█▇▁▇▆▄▁█▂▁▇▅▃█▅▃▁▆▄▂▁█▄▁▄██▇▆▅▄▄▁\n"}
,{"stream_name":"stderr","time":1322.621778346,"data":"wandb:                +33 ...\n"}
,{"stream_name":"stderr","time":1322.621793721,"data":"wandb: \n"}
,{"stream_name":"stderr","time":1322.621797982,"data":"wandb: Run summary:\n"}
,{"stream_name":"stderr","time":1322.621802085,"data":"wandb: s0/alpha_max_group 0\n"}
,{"stream_name":"stderr","time":1322.621806244,"data":"wandb:      s0/alpha_mean 0\n"}
,{"stream_name":"stderr","time":1322.621810879,"data":"wandb: s0/alpha_min_group 0\n"}
,{"stream_name":"stderr","time":1322.621815791,"data":"wandb:  s0/dead_frac_mean 0.00122\n"}
,{"stream_name":"stderr","time":1322.621820182,"data":"wandb:           s0/epoch 69\n"}
,{"stream_name":"stderr","time":1322.621824538,"data":"wandb:         s0/epoch_s 16.39436\n"}
,{"stream_name":"stderr","time":1322.62182916,"data":"wandb: s0/grad_norm_total 0.70859\n"}
,{"stream_name":"stderr","time":1322.621833715,"data":"wandb:       s0/img_per_s 3044.94959\n"}
,{"stream_name":"stderr","time":1322.621838066,"data":"wandb: s0/linear_gap_mean 0.84785\n"}
,{"stream_name":"stderr","time":1322.621842999,"data":"wandb:              s0/lr 0.0\n"}
,{"stream_name":"stderr","time":1322.621847228,"data":"wandb:                +38 ...\n"}
,{"stream_name":"stderr","time":1322.621851631,"data":"wandb: \n"}
,{"stream_name":"stderr","time":1322.622273887,"data":"wandb: You can sync this run to the cloud by running:\n"}
,{"stream_name":"stderr","time":1322.622287678,"data":"wandb: wandb sync /kaggle/working/wandb/offline-run-20260909_092049-jrvp09bj\n"}
,{"stream_name":"stderr","time":1322.622293639,"data":"wandb: Find logs at: ./wandb/offline-run-20260909_092049-jrvp09bj/logs\n"}
,{"stream_name":"stdout","time":1322.623309399,"data":"\n"}
,{"stream_name":"stdout","time":1322.623324797,"data":"Done. Everything from this run is in /kaggle/working/runs/20260909-092045_vgg11_steps70_vgg11\n"}
,{"stream_name":"stderr","time":1327.604196558,"data":"/usr/local/lib/python3.12/dist-packages/mistune.py:435: SyntaxWarning: invalid escape sequence '\\|'\n"}
,{"stream_name":"stderr","time":1327.604263708,"data":"  cells[i][c] = re.sub('\\\\\\\\\\|', '|', cell)\n"}
,{"stream_name":"stderr","time":1327.893760523,"data":"/usr/local/lib/python3.12/dist-packages/nbconvert/filters/filter_links.py:36: SyntaxWarning: invalid escape sequence '\\_'\n"}
,{"stream_name":"stderr","time":1327.893834057,"data":"  text = re.sub(r'_', '\\_', text) # Escape underscores in display text\n"}
,{"stream_name":"stderr","time":1328.571289882,"data":"[NbConvertApp] Converting notebook __script__.ipynb to html\n"}
,{"stream_name":"stderr","time":1329.860630898,"data":"[NbConvertApp] Writing 397411 bytes to __results__.html\n"}
]