[{"stream_name":"stdout","time":12.328712088,"data":"{'torch': '2.10.0+cu128', 'cuda': '12.8', 'n_gpu': 2, 'gpus': ['Tesla T4', 'Tesla T4'], 'inputs': '/kaggle/input/datasets/maxlefrr/landscape-v2-inputs', 'data_root': '/kaggle/input/datasets/pankrzysiu/cifar10-python', 'seeds': [1, 4], 'pilot': False}\n"}
,{"stream_name":"stdout","time":52.619476283,"data":"[23:17:47 gpu1] epoch 1/30  update 391  loss 1.7444  test acc current 0.4534 target 0.1770\n"}
,{"stream_name":"stdout","time":58.80271439,"data":"[23:17:53 gpu0] epoch 1/30  update 391  loss 1.7147  test acc current 0.4764 target 0.1374\n"}
,{"stream_name":"stdout","time":75.064999527,"data":"[23:18:10 gpu1] epoch 2/30  update 782  loss 1.3658  test acc current 0.5211 target 0.1673\n"}
,{"stream_name":"stdout","time":87.39118121,"data":"[23:18:22 gpu0] epoch 2/30  update 782  loss 1.3015  test acc current 0.5389 target 0.1721\n"}
,{"stream_name":"stdout","time":97.137068498,"data":"[23:18:32 gpu1] epoch 3/30  update 1173  loss 1.2165  test acc current 0.5675 target 0.1834\n"}
,{"stream_name":"stdout","time":115.575896016,"data":"[23:18:50 gpu0] epoch 3/30  update 1173  loss 1.1387  test acc current 0.6082 target 0.1928\n"}
,{"stream_name":"stdout","time":119.606136064,"data":"[23:18:54 gpu1] epoch 4/30  update 1564  loss 1.0772  test acc current 0.6423 target 0.2021\n"}
,{"stream_name":"stdout","time":142.130474375,"data":"[23:19:17 gpu1] epoch 5/30  update 1955  loss 0.9686  test acc current 0.6642 target 0.1092\n"}
,{"stream_name":"stdout","time":144.051682302,"data":"[23:19:19 gpu0] epoch 4/30  update 1564  loss 1.0224  test acc current 0.6513 target 0.1847\n"}
,{"stream_name":"stdout","time":164.437694258,"data":"[23:19:39 gpu1] epoch 6/30  update 2346  loss 0.8925  test acc current 0.6837 target 0.1450\n"}
,{"stream_name":"stdout","time":172.29777044,"data":"[23:19:47 gpu0] epoch 5/30  update 1955  loss 0.9226  test acc current 0.6815 target 0.1307\n"}
,{"stream_name":"stdout","time":186.532644728,"data":"[23:20:01 gpu1] epoch 7/30  update 2737  loss 0.8178  test acc current 0.7097 target 0.1861\n"}
,{"stream_name":"stdout","time":200.328017272,"data":"[23:20:15 gpu0] epoch 6/30  update 2346  loss 0.8501  test acc current 0.6998 target 0.1183\n"}
,{"stream_name":"stdout","time":208.993191179,"data":"[23:20:23 gpu1] epoch 8/30  update 3128  loss 0.7655  test acc current 0.7294 target 0.1692\n"}
,{"stream_name":"stdout","time":227.512581598,"data":"[23:20:42 gpu0] epoch 7/30  update 2737  loss 0.8922  test acc current 0.7034 target 0.2019\n"}
,{"stream_name":"stdout","time":230.810379949,"data":"[23:20:45 gpu1] epoch 9/30  update 3519  loss 0.7250  test acc current 0.7379 target 0.1307\n"}
,{"stream_name":"stdout","time":253.073763293,"data":"[23:21:08 gpu1] epoch 10/30  update 3910  loss 0.6730  test acc current 0.7486 target 0.2721\n"}
,{"stream_name":"stdout","time":254.616034254,"data":"[23:21:09 gpu0] epoch 8/30  update 3128  loss 0.7998  test acc current 0.7229 target 0.1344\n"}
,{"stream_name":"stdout","time":274.721160393,"data":"[23:21:29 gpu1] epoch 11/30  update 4301  loss 0.6398  test acc current 0.7546 target 0.2185\n"}
,{"stream_name":"stdout","time":281.452564429,"data":"[23:21:36 gpu0] epoch 9/30  update 3519  loss 0.7456  test acc current 0.7393 target 0.1187\n"}
,{"stream_name":"stdout","time":296.618638779,"data":"[23:21:51 gpu1] epoch 12/30  update 4692  loss 0.6063  test acc current 0.7735 target 0.2135\n"}
,{"stream_name":"stdout","time":308.326869428,"data":"[23:22:03 gpu0] epoch 10/30  update 3910  loss 0.6899  test acc current 0.7480 target 0.2093\n"}
,{"stream_name":"stdout","time":318.687375348,"data":"[23:22:13 gpu1] epoch 13/30  update 5083  loss 0.5850  test acc current 0.7747 target 0.3524\n"}
,{"stream_name":"stdout","time":335.14211503,"data":"[23:22:30 gpu0] epoch 11/30  update 4301  loss 0.6446  test acc current 0.7375 target 0.1110\n"}
,{"stream_name":"stdout","time":340.442786611,"data":"[23:22:35 gpu1] epoch 14/30  update 5474  loss 0.5544  test acc current 0.7821 target 0.4239\n"}
,{"stream_name":"stdout","time":361.706324481,"data":"[23:22:56 gpu0] epoch 12/30  update 4692  loss 0.6089  test acc current 0.7721 target 0.1925\n"}
,{"stream_name":"stdout","time":362.287701919,"data":"[23:22:57 gpu1] epoch 15/30  update 5865  loss 0.5196  test acc current 0.7892 target 0.3666\n"}
,{"stream_name":"stdout","time":384.38716436,"data":"[23:23:19 gpu1] epoch 16/30  update 6256  loss 0.5536  test acc current 0.7833 target 0.6927\n"}
,{"stream_name":"stdout","time":389.522020443,"data":"[23:23:24 gpu0] epoch 13/30  update 5083  loss 0.6903  test acc current 0.7559 target 0.3254\n"}
,{"stream_name":"stdout","time":406.080878593,"data":"[23:23:41 gpu1] epoch 17/30  update 6647  loss 0.4992  test acc current 0.7842 target 0.7005\n"}
,{"stream_name":"stdout","time":417.325568359,"data":"[23:23:52 gpu0] epoch 14/30  update 5474  loss 0.6205  test acc current 0.7768 target 0.2582\n"}
,{"stream_name":"stdout","time":428.418034275,"data":"[23:24:03 gpu1] epoch 18/30  update 7038  loss 0.4700  test acc current 0.7901 target 0.6933\n"}
,{"stream_name":"stdout","time":445.433764073,"data":"[23:24:20 gpu0] epoch 15/30  update 5865  loss 0.5795  test acc current 0.7804 target 0.2288\n"}
,{"stream_name":"stdout","time":450.314318231,"data":"[23:24:25 gpu1] epoch 19/30  update 7429  loss 0.5111  test acc current 0.7798 target 0.7786\n"}
,{"stream_name":"stdout","time":472.33567659,"data":"[23:24:47 gpu1] epoch 20/30  update 7820  loss 0.4633  test acc current 0.7900 target 0.7866\n"}
,{"stream_name":"stdout","time":473.359696969,"data":"[23:24:48 gpu0] epoch 16/30  update 6256  loss 0.5825  test acc current 0.7898 target 0.7239\n"}
,{"stream_name":"stdout","time":494.319972004,"data":"[23:25:09 gpu1] epoch 21/30  update 8211  loss 0.4379  test acc current 0.7871 target 0.7827\n"}
,{"stream_name":"stdout","time":501.919435556,"data":"[23:25:16 gpu0] epoch 17/30  update 6647  loss 0.5300  test acc current 0.7963 target 0.7365\n"}
,{"stream_name":"stdout","time":512.282151661,"data":"[23:25:27 gpu1] epoch 22/30  update 8602  loss 0.4211  test acc current 0.7959 target 0.7959\n"}
,{"stream_name":"stdout","time":529.050588799,"data":"[23:25:44 gpu1] epoch 23/30  update 8993  loss 0.4006  test acc current 0.7936 target 0.7936\n"}
,{"stream_name":"stdout","time":531.109565153,"data":"[23:25:46 gpu0] epoch 18/30  update 7038  loss 0.5010  test acc current 0.8054 target 0.7230\n"}
,{"stream_name":"stdout","time":547.629459601,"data":"[23:26:02 gpu1] epoch 24/30  update 9384  loss 0.3824  test acc current 0.7982 target 0.7982\n"}
,{"stream_name":"stdout","time":562.130187996,"data":"[23:26:17 gpu0] epoch 19/30  update 7429  loss 0.5181  test acc current 0.7992 target 0.7979\n"}
,{"stream_name":"stdout","time":564.31086271,"data":"[23:26:19 gpu1] epoch 25/30  update 9775  loss 0.3730  test acc current 0.7998 target 0.7998\n"}
,{"stream_name":"stdout","time":580.102891084,"data":"[23:26:35 gpu1] epoch 26/30  update 10166  loss 0.3588  test acc current 0.7970 target 0.7970\n"}
,{"stream_name":"stdout","time":590.627834347,"data":"[23:26:45 gpu0] epoch 20/30  update 7820  loss 0.4791  test acc current 0.8035 target 0.8006\n"}
,{"stream_name":"stdout","time":598.200460864,"data":"[23:26:53 gpu1] epoch 27/30  update 10557  loss 0.3499  test acc current 0.7969 target 0.7969\n"}
,{"stream_name":"stdout","time":614.857373617,"data":"[23:27:09 gpu1] epoch 28/30  update 10948  loss 0.3438  test acc current 0.7994 target 0.7994\n"}
,{"stream_name":"stdout","time":620.078985344,"data":"[23:27:15 gpu0] epoch 21/30  update 8211  loss 0.4543  test acc current 0.8061 target 0.8036\n"}
,{"stream_name":"stdout","time":631.796458932,"data":"[23:27:26 gpu1] epoch 29/30  update 11339  loss 0.3429  test acc current 0.7994 target 0.7994\n"}
,{"stream_name":"stdout","time":637.12534698,"data":"[23:27:32 gpu0] epoch 22/30  update 8602  loss 0.4377  test acc current 0.8099 target 0.8099\n"}
,{"stream_name":"stdout","time":647.936061768,"data":"[23:27:42 gpu1] epoch 30/30  update 11730  loss 0.3417  test acc current 0.8008 target 0.8008\n"}
,{"stream_name":"stdout","time":647.93898281,"data":"[23:27:42 gpu1] DONE gaussian_postrelu seed 1 in 632s\n"}
,{"stream_name":"stdout","time":654.551151642,"data":"[23:27:49 gpu0] epoch 23/30  update 8993  loss 0.4221  test acc current 0.8092 target 0.8092\n"}
,{"stream_name":"stdout","time":666.710059953,"data":"[23:28:01 gpu1] epoch 1/30  update 391  loss 1.8291  test acc current 0.4226 target 0.2174\n"}
,{"stream_name":"stdout","time":671.437438507,"data":"[23:28:06 gpu0] epoch 24/30  update 9384  loss 0.4055  test acc current 0.8105 target 0.8105\n"}
,{"stream_name":"stdout","time":682.184664265,"data":"[23:28:17 gpu1] epoch 2/30  update 782  loss 1.3954  test acc current 0.5245 target 0.1938\n"}
,{"stream_name":"stdout","time":688.553444561,"data":"[23:28:23 gpu0] epoch 25/30  update 9775  loss 0.3956  test acc current 0.8121 target 0.8121\n"}
,{"stream_name":"stdout","time":697.296322283,"data":"[23:28:32 gpu1] epoch 3/30  update 1173  loss 1.2239  test acc current 0.5822 target 0.2084\n"}
,{"stream_name":"stdout","time":705.365058684,"data":"[23:28:40 gpu0] epoch 26/30  update 10166  loss 0.3866  test acc current 0.8096 target 0.8096\n"}
,{"stream_name":"stdout","time":712.325075709,"data":"[23:28:47 gpu1] epoch 4/30  update 1564  loss 1.0880  test acc current 0.6244 target 0.1704\n"}
,{"stream_name":"stdout","time":721.925506204,"data":"[23:28:56 gpu0] epoch 27/30  update 10557  loss 0.3780  test acc current 0.8109 target 0.8109\n"}
,{"stream_name":"stdout","time":726.907017032,"data":"[23:29:01 gpu1] epoch 5/30  update 1955  loss 0.9888  test acc current 0.6562 target 0.1101\n"}
,{"stream_name":"stdout","time":738.60420908,"data":"[23:29:13 gpu0] epoch 28/30  update 10948  loss 0.3734  test acc current 0.8137 target 0.8137\n"}
,{"stream_name":"stdout","time":741.870693903,"data":"[23:29:16 gpu1] epoch 6/30  update 2346  loss 0.9037  test acc current 0.6733 target 0.1195\n"}
,{"stream_name":"stdout","time":755.341552893,"data":"[23:29:30 gpu0] epoch 29/30  update 11339  loss 0.3740  test acc current 0.8121 target 0.8121\n"}
,{"stream_name":"stdout","time":757.475727102,"data":"[23:29:32 gpu1] epoch 7/30  update 2737  loss 0.9393  test acc current 0.6818 target 0.1363\n"}
,{"stream_name":"stdout","time":772.331102832,"data":"[23:29:47 gpu0] epoch 30/30  update 11730  loss 0.3705  test acc current 0.8124 target 0.8124\n"}
,{"stream_name":"stdout","time":772.333807842,"data":"[23:29:47 gpu0] DONE resolution_max_b1_gaussian_conv seed 1 in 756s\n"}
,{"stream_name":"stdout","time":773.865829352,"data":"[23:29:48 gpu1] epoch 8/30  update 3128  loss 0.8333  test acc current 0.7140 target 0.1260\n"}
,{"stream_name":"stdout","time":789.854331449,"data":"[23:30:04 gpu1] epoch 9/30  update 3519  loss 0.7651  test acc current 0.7239 target 0.1535\n"}
,{"stream_name":"stdout","time":792.516926838,"data":"[23:30:07 gpu0] epoch 1/30  update 391  loss 1.8713  test acc current 0.3832 target 0.3832\n"}
,{"stream_name":"stdout","time":806.204187106,"data":"[23:30:21 gpu1] epoch 10/30  update 3910  loss 0.7057  test acc current 0.7395 target 0.1392\n"}
,{"stream_name":"stdout","time":809.35513818,"data":"[23:30:24 gpu0] epoch 2/30  update 782  loss 1.4761  test acc current 0.4933 target 0.4933\n"}
,{"stream_name":"stdout","time":821.913475374,"data":"[23:30:36 gpu1] epoch 11/30  update 4301  loss 0.6653  test acc current 0.7346 target 0.1433\n"}
,{"stream_name":"stdout","time":825.545253561,"data":"[23:30:40 gpu0] epoch 3/30  update 1173  loss 1.2836  test acc current 0.5332 target 0.5332\n"}
,{"stream_name":"stdout","time":837.788112523,"data":"[23:30:52 gpu1] epoch 12/30  update 4692  loss 0.6235  test acc current 0.7511 target 0.1522\n"}
,{"stream_name":"stdout","time":842.038674257,"data":"[23:30:57 gpu0] epoch 4/30  update 1564  loss 1.1460  test acc current 0.6061 target 0.6061\n"}
,{"stream_name":"stdout","time":853.565747424,"data":"[23:31:08 gpu1] epoch 13/30  update 5083  loss 0.7406  test acc current 0.7465 target 0.7465\n"}
,{"stream_name":"stdout","time":858.255457075,"data":"[23:31:13 gpu0] epoch 5/30  update 1955  loss 1.0463  test acc current 0.6383 target 0.6383\n"}
,{"stream_name":"stdout","time":869.826721148,"data":"[23:31:24 gpu1] epoch 14/30  update 5474  loss 0.6581  test acc current 0.7643 target 0.7643\n"}
,{"stream_name":"stdout","time":874.736000491,"data":"[23:31:29 gpu0] epoch 6/30  update 2346  loss 0.9657  test acc current 0.6556 target 0.6556\n"}
,{"stream_name":"stdout","time":885.966610399,"data":"[23:31:40 gpu1] epoch 15/30  update 5865  loss 0.6119  test acc current 0.7708 target 0.7708\n"}
,{"stream_name":"stdout","time":891.095177644,"data":"[23:31:46 gpu0] epoch 7/30  update 2737  loss 0.9003  test acc current 0.6709 target 0.6709\n"}
,{"stream_name":"stdout","time":901.595660555,"data":"[23:31:56 gpu1] epoch 16/30  update 6256  loss 0.5735  test acc current 0.7785 target 0.7785\n"}
,{"stream_name":"stdout","time":907.329099194,"data":"[23:32:02 gpu0] epoch 8/30  update 3128  loss 0.8449  test acc current 0.6943 target 0.6943\n"}
,{"stream_name":"stdout","time":917.57879504,"data":"[23:32:12 gpu1] epoch 17/30  update 6647  loss 0.5412  test acc current 0.7811 target 0.7811\n"}
,{"stream_name":"stdout","time":923.659898034,"data":"[23:32:18 gpu0] epoch 9/30  update 3519  loss 0.7878  test acc current 0.7084 target 0.7084\n"}
,{"stream_name":"stdout","time":933.945283461,"data":"[23:32:28 gpu1] epoch 18/30  update 7038  loss 0.5133  test acc current 0.7871 target 0.7871\n"}
,{"stream_name":"stdout","time":940.218545151,"data":"[23:32:35 gpu0] epoch 10/30  update 3910  loss 0.7369  test acc current 0.7138 target 0.7138\n"}
,{"stream_name":"stdout","time":950.048485479,"data":"[23:32:45 gpu1] epoch 19/30  update 7429  loss 0.4875  test acc current 0.7865 target 0.7865\n"}
,{"stream_name":"stdout","time":956.515328178,"data":"[23:32:51 gpu0] epoch 11/30  update 4301  loss 0.6927  test acc current 0.7201 target 0.7201\n"}
,{"stream_name":"stdout","time":965.892748169,"data":"[23:33:00 gpu1] epoch 20/30  update 7820  loss 0.4651  test acc current 0.7886 target 0.7886\n"}
,{"stream_name":"stdout","time":972.810137777,"data":"[23:33:07 gpu0] epoch 12/30  update 4692  loss 0.6558  test acc current 0.7317 target 0.7317\n"}
,{"stream_name":"stdout","time":982.185915473,"data":"[23:33:17 gpu1] epoch 21/30  update 8211  loss 0.4429  test acc current 0.7897 target 0.7897\n"}
,{"stream_name":"stdout","time":989.26160898,"data":"[23:33:24 gpu0] epoch 13/30  update 5083  loss 0.6172  test acc current 0.7357 target 0.7357\n"}
,{"stream_name":"stdout","time":998.263911441,"data":"[23:33:33 gpu1] epoch 22/30  update 8602  loss 0.4256  test acc current 0.7967 target 0.7967\n"}
,{"stream_name":"stdout","time":1005.588422262,"data":"[23:33:40 gpu0] epoch 14/30  update 5474  loss 0.5804  test acc current 0.7479 target 0.7479\n"}
,{"stream_name":"stdout","time":1014.371352759,"data":"[23:33:49 gpu1] epoch 23/30  update 8993  loss 0.4107  test acc current 0.7949 target 0.7949\n"}
,{"stream_name":"stdout","time":1022.068074342,"data":"[23:33:57 gpu0] epoch 15/30  update 5865  loss 0.5431  test acc current 0.7417 target 0.7417\n"}
,{"stream_name":"stdout","time":1030.653275293,"data":"[23:34:05 gpu1] epoch 24/30  update 9384  loss 0.3956  test acc current 0.7988 target 0.7988\n"}
,{"stream_name":"stdout","time":1038.368909147,"data":"[23:34:13 gpu0] epoch 16/30  update 6256  loss 0.5111  test acc current 0.7500 target 0.7500\n"}
,{"stream_name":"stdout","time":1046.676213898,"data":"[23:34:21 gpu1] epoch 25/30  update 9775  loss 0.3846  test acc current 0.7994 target 0.7994\n"}
,{"stream_name":"stdout","time":1054.78830034,"data":"[23:34:29 gpu0] epoch 17/30  update 6647  loss 0.4831  test acc current 0.7484 target 0.7484\n"}
,{"stream_name":"stdout","time":1062.973507197,"data":"[23:34:37 gpu1] epoch 26/30  update 10166  loss 0.3747  test acc current 0.7986 target 0.7986\n"}
,{"stream_name":"stdout","time":1071.186637763,"data":"[23:34:46 gpu0] epoch 18/30  update 7038  loss 0.4553  test acc current 0.7502 target 0.7502\n"}
,{"stream_name":"stdout","time":1078.900579825,"data":"[23:34:53 gpu1] epoch 27/30  update 10557  loss 0.3649  test acc current 0.7961 target 0.7961\n"}
,{"stream_name":"stdout","time":1087.29357327,"data":"[23:35:02 gpu0] epoch 19/30  update 7429  loss 0.4289  test acc current 0.7389 target 0.7389\n"}
,{"stream_name":"stdout","time":1094.860006165,"data":"[23:35:09 gpu1] epoch 28/30  update 10948  loss 0.3593  test acc current 0.7978 target 0.7978\n"}
,{"stream_name":"stdout","time":1103.570891878,"data":"[23:35:18 gpu0] epoch 20/30  update 7820  loss 0.4027  test acc current 0.7554 target 0.7554\n"}
,{"stream_name":"stdout","time":1110.860132468,"data":"[23:35:25 gpu1] epoch 29/30  update 11339  loss 0.3586  test acc current 0.7997 target 0.7997\n"}
,{"stream_name":"stdout","time":1119.895654442,"data":"[23:35:34 gpu0] epoch 21/30  update 8211  loss 0.3773  test acc current 0.7460 target 0.7460\n"}
,{"stream_name":"stdout","time":1126.889294395,"data":"[23:35:41 gpu1] epoch 30/30  update 11730  loss 0.3580  test acc current 0.8002 target 0.8002\n"}
,{"stream_name":"stdout","time":1126.892173535,"data":"[23:35:41 gpu1] DONE resolution_max_b1 seed 1 in 479s\n"}
,{"stream_name":"stdout","time":1136.379446806,"data":"[23:35:51 gpu0] epoch 22/30  update 8602  loss 0.3558  test acc current 0.7600 target 0.7600\n"}
,{"stream_name":"stdout","time":1153.12449857,"data":"[23:36:08 gpu0] epoch 23/30  update 8993  loss 0.3380  test acc current 0.7543 target 0.7543\n"}
,{"stream_name":"stdout","time":1158.600145564,"data":"[23:36:13 gpu1] epoch 1/30  update 391  loss 1.7125  test acc current 0.4667 target 0.1451\n"}
,{"stream_name":"stdout","time":1170.482090159,"data":"[23:36:25 gpu0] epoch 24/30  update 9384  loss 0.3196  test acc current 0.7582 target 0.7582\n"}
,{"stream_name":"stdout","time":1188.367567772,"data":"[23:36:43 gpu1] epoch 2/30  update 782  loss 1.3363  test acc current 0.5615 target 0.1623\n"}
,{"stream_name":"stdout","time":1188.419594164,"data":"[23:36:43 gpu0] epoch 25/30  update 9775  loss 0.3063  test acc current 0.7579 target 0.7579\n"}
,{"stream_name":"stdout","time":1205.963842091,"data":"[23:37:00 gpu0] epoch 26/30  update 10166  loss 0.2941  test acc current 0.7586 target 0.7586\n"}
,{"stream_name":"stdout","time":1217.89974398,"data":"[23:37:12 gpu1] epoch 3/30  update 1173  loss 1.1603  test acc current 0.6026 target 0.1233\n"}
,{"stream_name":"stdout","time":1224.239617064,"data":"[23:37:19 gpu0] epoch 27/30  update 10557  loss 0.2828  test acc current 0.7556 target 0.7556\n"}
,{"stream_name":"stdout","time":1240.648965759,"data":"[23:37:35 gpu0] epoch 28/30  update 10948  loss 0.2776  test acc current 0.7573 target 0.7573\n"}
,{"stream_name":"stdout","time":1245.600390125,"data":"[23:37:40 gpu1] epoch 4/30  update 1564  loss 1.0345  test acc current 0.6369 target 0.2079\n"}
,{"stream_name":"stdout","time":1257.198193861,"data":"[23:37:52 gpu0] epoch 29/30  update 11339  loss 0.2749  test acc current 0.7558 target 0.7558\n"}
,{"stream_name":"stdout","time":1274.6362348,"data":"[23:38:09 gpu1] epoch 5/30  update 1955  loss 0.9287  test acc current 0.6667 target 0.1873\n"}
,{"stream_name":"stdout","time":1275.262529785,"data":"[23:38:10 gpu0] epoch 30/30  update 11730  loss 0.2752  test acc current 0.7565 target 0.7565\n"}
,{"stream_name":"stdout","time":1275.265285778,"data":"[23:38:10 gpu0] DONE plain seed 1 in 503s\n"}
,{"stream_name":"stdout","time":1302.660574827,"data":"[23:38:37 gpu0] epoch 1/30  update 391  loss 1.7530  test acc current 0.4524 target 0.1444\n"}
,{"stream_name":"stdout","time":1302.762591522,"data":"[23:38:37 gpu1] epoch 6/30  update 2346  loss 0.8468  test acc current 0.6856 target 0.1490\n"}
,{"stream_name":"stdout","time":1325.762891934,"data":"[23:39:00 gpu0] epoch 2/30  update 782  loss 1.3628  test acc current 0.5557 target 0.1666\n"}
,{"stream_name":"stdout","time":1329.337299982,"data":"[23:39:04 gpu1] epoch 7/30  update 2737  loss 0.8942  test acc current 0.7083 target 0.1929\n"}
,{"stream_name":"stdout","time":1348.270344055,"data":"[23:39:23 gpu0] epoch 3/30  update 1173  loss 1.1986  test acc current 0.5764 target 0.1771\n"}
,{"stream_name":"stdout","time":1355.353851878,"data":"[23:39:30 gpu1] epoch 8/30  update 3128  loss 0.7922  test acc current 0.7183 target 0.2719\n"}
,{"stream_name":"stdout","time":1370.643224299,"data":"[23:39:45 gpu0] epoch 4/30  update 1564  loss 1.0639  test acc current 0.6347 target 0.1355\n"}
,{"stream_name":"stdout","time":1381.386619173,"data":"[23:39:56 gpu1] epoch 9/30  update 3519  loss 0.7320  test acc current 0.7184 target 0.2496\n"}
,{"stream_name":"stdout","time":1393.474645138,"data":"[23:40:08 gpu0] epoch 5/30  update 1955  loss 0.9716  test acc current 0.6674 target 0.1843\n"}
,{"stream_name":"stdout","time":1407.440161576,"data":"[23:40:22 gpu1] epoch 10/30  update 3910  loss 0.6845  test acc current 0.7555 target 0.2283\n"}
,{"stream_name":"stdout","time":1416.161922337,"data":"[23:40:31 gpu0] epoch 6/30  update 2346  loss 0.8991  test acc current 0.6892 target 0.2086\n"}
,{"stream_name":"stdout","time":1433.540984588,"data":"[23:40:48 gpu1] epoch 11/30  update 4301  loss 0.6354  test acc current 0.7499 target 0.2665\n"}
,{"stream_name":"stdout","time":1439.410608147,"data":"[23:40:54 gpu0] epoch 7/30  update 2737  loss 0.8317  test acc current 0.7104 target 0.2380\n"}
,{"stream_name":"stdout","time":1459.845670426,"data":"[23:41:14 gpu1] epoch 12/30  update 4692  loss 0.5975  test acc current 0.7699 target 0.2583\n"}
,{"stream_name":"stdout","time":1461.596640317,"data":"[23:41:16 gpu0] epoch 8/30  update 3128  loss 0.7734  test acc current 0.7282 target 0.2451\n"}
,{"stream_name":"stdout","time":1484.274607427,"data":"[23:41:39 gpu0] epoch 9/30  update 3519  loss 0.7330  test acc current 0.7281 target 0.2388\n"}
,{"stream_name":"stdout","time":1486.788279955,"data":"[23:41:41 gpu1] epoch 13/30  update 5083  loss 0.6831  test acc current 0.7676 target 0.2287\n"}
,{"stream_name":"stdout","time":1507.145251836,"data":"[23:42:02 gpu0] epoch 10/30  update 3910  loss 0.6851  test acc current 0.7366 target 0.2579\n"}
,{"stream_name":"stdout","time":1513.880084626,"data":"[23:42:08 gpu1] epoch 14/30  update 5474  loss 0.6020  test acc current 0.7698 target 0.1724\n"}
,{"stream_name":"stdout","time":1529.258079632,"data":"[23:42:24 gpu0] epoch 11/30  update 4301  loss 0.6493  test acc current 0.7593 target 0.3007\n"}
,{"stream_name":"stdout","time":1540.695669015,"data":"[23:42:35 gpu1] epoch 15/30  update 5865  loss 0.5668  test acc current 0.7933 target 0.2043\n"}
,{"stream_name":"stdout","time":1551.686735338,"data":"[23:42:46 gpu0] epoch 12/30  update 4692  loss 0.6125  test acc current 0.7678 target 0.2839\n"}
,{"stream_name":"stdout","time":1567.974616213,"data":"[23:43:02 gpu1] epoch 16/30  update 6256  loss 0.5687  test acc current 0.8016 target 0.7151\n"}
,{"stream_name":"stdout","time":1574.473200793,"data":"[23:43:09 gpu0] epoch 13/30  update 5083  loss 0.5908  test acc current 0.7839 target 0.4173\n"}
,{"stream_name":"stdout","time":1594.925391088,"data":"[23:43:29 gpu1] epoch 17/30  update 6647  loss 0.5174  test acc current 0.7988 target 0.7143\n"}
,{"stream_name":"stdout","time":1596.793723682,"data":"[23:43:31 gpu0] epoch 14/30  update 5474  loss 0.5517  test acc current 0.7648 target 0.3671\n"}
,{"stream_name":"stdout","time":1619.533850682,"data":"[23:43:54 gpu0] epoch 15/30  update 5865  loss 0.5253  test acc current 0.7746 target 0.3943\n"}
,{"stream_name":"stdout","time":1622.248277587,"data":"[23:43:57 gpu1] epoch 18/30  update 7038  loss 0.4901  test acc current 0.8055 target 0.7375\n"}
,{"stream_name":"stdout","time":1641.810691731,"data":"[23:44:16 gpu0] epoch 16/30  update 6256  loss 0.5510  test acc current 0.7840 target 0.7014\n"}
,{"stream_name":"stdout","time":1649.335174516,"data":"[23:44:24 gpu1] epoch 19/30  update 7429  loss 0.5063  test acc current 0.8081 target 0.8062\n"}
,{"stream_name":"stdout","time":1664.886344008,"data":"[23:44:39 gpu0] epoch 17/30  update 6647  loss 0.5044  test acc current 0.7854 target 0.6942\n"}
,{"stream_name":"stdout","time":1676.230151258,"data":"[23:44:51 gpu1] epoch 20/30  update 7820  loss 0.4641  test acc current 0.8107 target 0.8074\n"}
,{"stream_name":"stdout","time":1686.993678301,"data":"[23:45:01 gpu0] epoch 18/30  update 7038  loss 0.4726  test acc current 0.7901 target 0.7209\n"}
,{"stream_name":"stdout","time":1702.779152813,"data":"[23:45:17 gpu1] epoch 21/30  update 8211  loss 0.4406  test acc current 0.8104 target 0.8081\n"}
,{"stream_name":"stdout","time":1709.398715933,"data":"[23:45:24 gpu0] epoch 19/30  update 7429  loss 0.5087  test acc current 0.7832 target 0.7819\n"}
,{"stream_name":"stdout","time":1719.292685142,"data":"[23:45:34 gpu1] epoch 22/30  update 8602  loss 0.4248  test acc current 0.8167 target 0.8167\n"}
,{"stream_name":"stdout","time":1732.124714149,"data":"[23:45:47 gpu0] epoch 20/30  update 7820  loss 0.4583  test acc current 0.7904 target 0.7876\n"}
,{"stream_name":"stdout","time":1735.975607351,"data":"[23:45:50 gpu1] epoch 23/30  update 8993  loss 0.4071  test acc current 0.8131 target 0.8131\n"}
,{"stream_name":"stdout","time":1752.91848616,"data":"[23:46:07 gpu1] epoch 24/30  update 9384  loss 0.3935  test acc current 0.8170 target 0.8170\n"}
,{"stream_name":"stdout","time":1755.313603048,"data":"[23:46:10 gpu0] epoch 21/30  update 8211  loss 0.4348  test acc current 0.7909 target 0.7884\n"}
,{"stream_name":"stdout","time":1769.23042032,"data":"[23:46:24 gpu1] epoch 25/30  update 9775  loss 0.3835  test acc current 0.8180 target 0.8180\n"}
,{"stream_name":"stdout","time":1771.810842253,"data":"[23:46:26 gpu0] epoch 22/30  update 8602  loss 0.4156  test acc current 0.7874 target 0.7874\n"}
,{"stream_name":"stdout","time":1785.741725215,"data":"[23:46:40 gpu1] epoch 26/30  update 10166  loss 0.3727  test acc current 0.8177 target 0.8177\n"}
,{"stream_name":"stdout","time":1788.447382973,"data":"[23:46:43 gpu0] epoch 23/30  update 8993  loss 0.3962  test acc current 0.7929 target 0.7929\n"}
,{"stream_name":"stdout","time":1801.986353777,"data":"[23:46:56 gpu1] epoch 27/30  update 10557  loss 0.3654  test acc current 0.8167 target 0.8167\n"}
,{"stream_name":"stdout","time":1804.895647411,"data":"[23:46:59 gpu0] epoch 24/30  update 9384  loss 0.3800  test acc current 0.7970 target 0.7970\n"}
,{"stream_name":"stdout","time":1818.52047006,"data":"[23:47:13 gpu1] epoch 28/30  update 10948  loss 0.3644  test acc current 0.8162 target 0.8162\n"}
,{"stream_name":"stdout","time":1821.492728562,"data":"[23:47:16 gpu0] epoch 25/30  update 9775  loss 0.3699  test acc current 0.7960 target 0.7960\n"}
,{"stream_name":"stdout","time":1834.912380471,"data":"[23:47:29 gpu1] epoch 29/30  update 11339  loss 0.3613  test acc current 0.8178 target 0.8178\n"}
,{"stream_name":"stdout","time":1837.996020648,"data":"[23:47:32 gpu0] epoch 26/30  update 10166  loss 0.3549  test acc current 0.7953 target 0.7953\n"}
,{"stream_name":"stdout","time":1851.339824178,"data":"[23:47:46 gpu1] epoch 30/30  update 11730  loss 0.3588  test acc current 0.8190 target 0.8190\n"}
,{"stream_name":"stdout","time":1851.342895215,"data":"[23:47:46 gpu1] DONE resolution_max_b1_gaussian_conv seed 4 in 724s\n"}
,{"stream_name":"stdout","time":1855.014869022,"data":"[23:47:50 gpu0] epoch 27/30  update 10557  loss 0.3471  test acc current 0.7977 target 0.7977\n"}
,{"stream_name":"stdout","time":1869.785795169,"data":"[23:48:04 gpu1] epoch 1/30  update 391  loss 1.8295  test acc current 0.4350 target 0.1469\n"}
,{"stream_name":"stdout","time":1871.416963197,"data":"[23:48:06 gpu0] epoch 28/30  update 10948  loss 0.3459  test acc current 0.7968 target 0.7968\n"}
,{"stream_name":"stdout","time":1885.109208369,"data":"[23:48:20 gpu1] epoch 2/30  update 782  loss 1.4202  test acc current 0.5354 target 0.1676\n"}
,{"stream_name":"stdout","time":1888.135747488,"data":"[23:48:23 gpu0] epoch 29/30  update 11339  loss 0.3388  test acc current 0.7988 target 0.7988\n"}
,{"stream_name":"stdout","time":1900.819644356,"data":"[23:48:35 gpu1] epoch 3/30  update 1173  loss 1.2200  test acc current 0.5958 target 0.1864\n"}
,{"stream_name":"stdout","time":1905.197647705,"data":"[23:48:40 gpu0] epoch 30/30  update 11730  loss 0.3403  test acc current 0.7984 target 0.7984\n"}
,{"stream_name":"stdout","time":1905.200996351,"data":"[23:48:40 gpu0] DONE gaussian_postrelu seed 4 in 630s\n"}
,{"stream_name":"stdout","time":1916.023936946,"data":"[23:48:51 gpu1] epoch 4/30  update 1564  loss 1.0704  test acc current 0.6314 target 0.1765\n"}
,{"stream_name":"stdout","time":1925.886623054,"data":"[23:49:00 gpu0] epoch 1/30  update 391  loss 1.8655  test acc current 0.4097 target 0.4097\n"}
,{"stream_name":"stdout","time":1932.134498154,"data":"[23:49:07 gpu1] epoch 5/30  update 1955  loss 0.9772  test acc current 0.6561 target 0.1793\n"}
,{"stream_name":"stdout","time":1943.079465556,"data":"[23:49:18 gpu0] epoch 2/30  update 782  loss 1.4941  test acc current 0.5000 target 0.5000\n"}
,{"stream_name":"stdout","time":1948.84461743,"data":"[23:49:23 gpu1] epoch 6/30  update 2346  loss 0.8996  test acc current 0.6579 target 0.1641\n"}
,{"stream_name":"stdout","time":1959.661636595,"data":"[23:49:34 gpu0] epoch 3/30  update 1173  loss 1.3084  test acc current 0.5361 target 0.5361\n"}
,{"stream_name":"stdout","time":1964.722803671,"data":"[23:49:39 gpu1] epoch 7/30  update 2737  loss 0.9471  test acc current 0.6873 target 0.2150\n"}
,{"stream_name":"stdout","time":1976.542327551,"data":"[23:49:51 gpu0] epoch 4/30  update 1564  loss 1.1529  test acc current 0.6041 target 0.6041\n"}
,{"stream_name":"stdout","time":1980.925914914,"data":"[23:49:55 gpu1] epoch 8/30  update 3128  loss 0.8387  test acc current 0.7092 target 0.2150\n"}
,{"stream_name":"stdout","time":1992.848683928,"data":"[23:50:07 gpu0] epoch 5/30  update 1955  loss 1.0433  test acc current 0.6342 target 0.6342\n"}
,{"stream_name":"stdout","time":1996.742074428,"data":"[23:50:11 gpu1] epoch 9/30  update 3519  loss 0.7675  test acc current 0.7021 target 0.2405\n"}
,{"stream_name":"stdout","time":2009.483646719,"data":"[23:50:24 gpu0] epoch 6/30  update 2346  loss 0.9559  test acc current 0.6316 target 0.6316\n"}
,{"stream_name":"stdout","time":2012.728246513,"data":"[23:50:27 gpu1] epoch 10/30  update 3910  loss 0.7161  test acc current 0.7379 target 0.2300\n"}
,{"stream_name":"stdout","time":2026.162992771,"data":"[23:50:41 gpu0] epoch 7/30  update 2737  loss 0.8916  test acc current 0.6659 target 0.6659\n"}
,{"stream_name":"stdout","time":2029.392757719,"data":"[23:50:44 gpu1] epoch 11/30  update 4301  loss 0.6631  test acc current 0.7406 target 0.2600\n"}
,{"stream_name":"stdout","time":2043.160862846,"data":"[23:50:58 gpu0] epoch 8/30  update 3128  loss 0.8266  test acc current 0.7014 target 0.7014\n"}
,{"stream_name":"stdout","time":2045.890104778,"data":"[23:51:00 gpu1] epoch 12/30  update 4692  loss 0.6262  test acc current 0.7552 target 0.2316\n"}
,{"stream_name":"stdout","time":2059.520719997,"data":"[23:51:14 gpu0] epoch 9/30  update 3519  loss 0.7669  test acc current 0.6993 target 0.6993\n"}
,{"stream_name":"stdout","time":2061.745384667,"data":"[23:51:16 gpu1] epoch 13/30  update 5083  loss 0.7448  test acc current 0.7558 target 0.7558\n"}
,{"stream_name":"stdout","time":2075.886658476,"data":"[23:51:30 gpu0] epoch 10/30  update 3910  loss 0.7179  test acc current 0.7381 target 0.7381\n"}
,{"stream_name":"stdout","time":2077.85363492,"data":"[23:51:32 gpu1] epoch 14/30  update 5474  loss 0.6528  test acc current 0.7537 target 0.7537\n"}
,{"stream_name":"stdout","time":2092.096826788,"data":"[23:51:47 gpu0] epoch 11/30  update 4301  loss 0.6722  test acc current 0.7335 target 0.7335\n"}
,{"stream_name":"stdout","time":2094.028925681,"data":"[23:51:49 gpu1] epoch 15/30  update 5865  loss 0.6097  test acc current 0.7744 target 0.7744\n"}
,{"stream_name":"stdout","time":2108.447641781,"data":"[23:52:03 gpu0] epoch 12/30  update 4692  loss 0.6308  test acc current 0.7493 target 0.7493\n"}
,{"stream_name":"stdout","time":2110.022608757,"data":"[23:52:05 gpu1] epoch 16/30  update 6256  loss 0.5714  test acc current 0.7850 target 0.7850\n"}
,{"stream_name":"stdout","time":2124.686736071,"data":"[23:52:19 gpu0] epoch 13/30  update 5083  loss 0.5914  test acc current 0.7527 target 0.7527\n"}
,{"stream_name":"stdout","time":2126.155474381,"data":"[23:52:21 gpu1] epoch 17/30  update 6647  loss 0.5437  test acc current 0.7827 target 0.7827\n"}
,{"stream_name":"stdout","time":2140.843933378,"data":"[23:52:35 gpu0] epoch 14/30  update 5474  loss 0.5546  test acc current 0.7498 target 0.7498\n"}
,{"stream_name":"stdout","time":2142.202623921,"data":"[23:52:37 gpu1] epoch 18/30  update 7038  loss 0.5159  test acc current 0.7918 target 0.7918\n"}
,{"stream_name":"stdout","time":2157.083086076,"data":"[23:52:52 gpu0] epoch 15/30  update 5865  loss 0.5225  test acc current 0.7470 target 0.7470\n"}
,{"stream_name":"stdout","time":2158.205687722,"data":"[23:52:53 gpu1] epoch 19/30  update 7429  loss 0.4888  test acc current 0.7854 target 0.7854\n"}
,{"stream_name":"stdout","time":2173.701421844,"data":"[23:53:08 gpu0] epoch 16/30  update 6256  loss 0.4887  test acc current 0.7592 target 0.7592\n"}
,{"stream_name":"stdout","time":2174.541367015,"data":"[23:53:09 gpu1] epoch 20/30  update 7820  loss 0.4653  test acc current 0.7958 target 0.7958\n"}
,{"stream_name":"stdout","time":2189.861982819,"data":"[23:53:24 gpu0] epoch 17/30  update 6647  loss 0.4600  test acc current 0.7603 target 0.7603\n"}
,{"stream_name":"stdout","time":2190.45693159,"data":"[23:53:25 gpu1] epoch 21/30  update 8211  loss 0.4467  test acc current 0.7925 target 0.7925\n"}
,{"stream_name":"stdout","time":2206.177054462,"data":"[23:53:41 gpu0] epoch 18/30  update 7038  loss 0.4298  test acc current 0.7607 target 0.7607\n"}
,{"stream_name":"stdout","time":2206.543099167,"data":"[23:53:41 gpu1] epoch 22/30  update 8602  loss 0.4266  test acc current 0.7934 target 0.7934\n"}
,{"stream_name":"stdout","time":2222.460794546,"data":"[23:53:57 gpu0] epoch 19/30  update 7429  loss 0.4006  test acc current 0.7621 target 0.7621\n"}
,{"stream_name":"stdout","time":2222.580388007,"data":"[23:53:57 gpu1] epoch 23/30  update 8993  loss 0.4111  test acc current 0.7964 target 0.7964\n"}
,{"stream_name":"stdout","time":2238.69864748,"data":"[23:54:13 gpu0] epoch 20/30  update 7820  loss 0.3694  test acc current 0.7610 target 0.7610\n"}
,{"stream_name":"stdout","time":2238.712083782,"data":"[23:54:13 gpu1] epoch 24/30  update 9384  loss 0.3968  test acc current 0.7995 target 0.7995\n"}
,{"stream_name":"stdout","time":2254.632306631,"data":"[23:54:29 gpu1] epoch 25/30  update 9775  loss 0.3881  test acc current 0.7990 target 0.7990\n"}
,{"stream_name":"stdout","time":2254.823395372,"data":"[23:54:29 gpu0] epoch 21/30  update 8211  loss 0.3497  test acc current 0.7632 target 0.7632\n"}
,{"stream_name":"stdout","time":2270.91333298,"data":"[23:54:45 gpu1] epoch 26/30  update 10166  loss 0.3765  test acc current 0.7993 target 0.7993\n"}
,{"stream_name":"stdout","time":2271.209668822,"data":"[23:54:46 gpu0] epoch 22/30  update 8602  loss 0.3221  test acc current 0.7667 target 0.7667\n"}
,{"stream_name":"stdout","time":2286.923407895,"data":"[23:55:01 gpu1] epoch 27/30  update 10557  loss 0.3692  test acc current 0.7983 target 0.7983\n"}
,{"stream_name":"stdout","time":2287.5293305,"data":"[23:55:02 gpu0] epoch 23/30  update 8993  loss 0.3054  test acc current 0.7654 target 0.7654\n"}
,{"stream_name":"stdout","time":2302.761429878,"data":"[23:55:17 gpu1] epoch 28/30  update 10948  loss 0.3689  test acc current 0.7985 target 0.7985\n"}
,{"stream_name":"stdout","time":2303.597975613,"data":"[23:55:18 gpu0] epoch 24/30  update 9384  loss 0.2874  test acc current 0.7623 target 0.7623\n"}
,{"stream_name":"stdout","time":2318.828878033,"data":"[23:55:33 gpu1] epoch 29/30  update 11339  loss 0.3657  test acc current 0.7996 target 0.7996\n"}
,{"stream_name":"stdout","time":2319.903056217,"data":"[23:55:34 gpu0] epoch 25/30  update 9775  loss 0.2734  test acc current 0.7665 target 0.7665\n"}
,{"stream_name":"stdout","time":2335.116650941,"data":"[23:55:50 gpu1] epoch 30/30  update 11730  loss 0.3625  test acc current 0.7993 target 0.7993\n"}
,{"stream_name":"stdout","time":2335.1193105,"data":"[23:55:50 gpu1] DONE resolution_max_b1 seed 4 in 484s\n"}
,{"stream_name":"stdout","time":2336.474939077,"data":"[23:55:51 gpu0] epoch 26/30  update 10166  loss 0.2634  test acc current 0.7608 target 0.7608\n"}
,{"stream_name":"stdout","time":2352.313196407,"data":"[23:56:07 gpu0] epoch 27/30  update 10557  loss 0.2540  test acc current 0.7633 target 0.7633\n"}
,{"stream_name":"stdout","time":2368.124163237,"data":"[23:56:23 gpu0] epoch 28/30  update 10948  loss 0.2519  test acc current 0.7639 target 0.7639\n"}
,{"stream_name":"stdout","time":2383.834944704,"data":"[23:56:38 gpu0] epoch 29/30  update 11339  loss 0.2462  test acc current 0.7668 target 0.7668\n"}
,{"stream_name":"stdout","time":2399.672033437,"data":"[23:56:54 gpu0] epoch 30/30  update 11730  loss 0.2470  test acc current 0.7650 target 0.7650\n"}
,{"stream_name":"stdout","time":2399.674474206,"data":"[23:56:54 gpu0] DONE plain seed 4 in 494s\n"}
,{"stream_name":"stdout","time":2419.017572905,"data":"checks seed 1 {'inventory_ok': True, 'pairing_ok': True, 'reproduction_max_test_ce_abs_diff': 0.0, 'bypass_ok': True, 'directions_max_rel_error': 6.661338147750939e-16, 'reconstruction_ok': True, 'endpoints_ok': True, 'repeatability_ok': True, 'non_mutation_ok': True}\n"}
,{"stream_name":"stdout","time":2425.526671882,"data":"checks seed 4 {'inventory_ok': True, 'pairing_ok': True, 'reproduction_max_test_ce_abs_diff': 0.0, 'bypass_ok': True, 'directions_max_rel_error': 8.881784197001252e-16, 'reconstruction_ok': True, 'endpoints_ok': True, 'repeatability_ok': True, 'non_mutation_ok': True}\n"}
,{"stream_name":"stdout","time":2490.232178478,"data":"[23:58:25 gpu1] sens1d__plain__seed1                                    complete      60s\n"}
,{"stream_name":"stdout","time":2491.931413603,"data":"[23:58:26 gpu0] sens1d__resolution__seed1                               complete      61s\n"}
,{"stream_name":"stdout","time":2550.557080175,"data":"[23:59:25 gpu1] sens1d__gaussian__seed1                                 complete      60s\n"}
,{"stream_name":"stdout","time":2552.477117521,"data":"[23:59:27 gpu0] sens1d__combined__seed1                                 complete      61s\n"}
,{"stream_name":"stdout","time":2611.558643155,"data":"[00:00:26 gpu1] sens1d__plain__seed4                                    complete      61s\n"}
,{"stream_name":"stdout","time":2613.120010075,"data":"[00:00:28 gpu0] sens1d__resolution__seed4                               complete      61s\n"}
,{"stream_name":"stdout","time":2672.87642009,"data":"[00:01:27 gpu1] sens1d__gaussian__seed4                                 complete      61s\n"}
,{"stream_name":"stdout","time":2673.960079025,"data":"[00:01:28 gpu0] sens1d__combined__seed4                                 complete      61s\n"}
,{"stream_name":"stdout","time":2695.353936562,"data":"[00:01:50 gpu1] validation__plain__seed1                                complete      22s\n"}
,{"stream_name":"stdout","time":2696.094056897,"data":"[00:01:51 gpu0] validation__resolution__seed1                           complete      22s\n"}
,{"stream_name":"stdout","time":2717.879667931,"data":"[00:02:12 gpu1] validation__gaussian__seed1                             complete      23s\n"}
,{"stream_name":"stdout","time":2718.216217941,"data":"[00:02:13 gpu0] validation__combined__seed1                             complete      22s\n"}
,{"stream_name":"stdout","time":2728.294597304,"data":"[00:02:23 gpu1] interp__plain_resolution__seed1                         complete      10s\n"}
,{"stream_name":"stdout","time":2728.503480878,"data":"[00:02:23 gpu0] interp__plain_gaussian__seed1                           complete      10s\n"}
,{"stream_name":"stdout","time":2738.732767611,"data":"[00:02:33 gpu1] interp__plain_combined__seed1                           complete      10s\n"}
,{"stream_name":"stdout","time":2738.802318525,"data":"[00:02:33 gpu0] interp__resolution_combined__seed1                      complete      10s\n"}
,{"stream_name":"stdout","time":2761.017990237,"data":"[00:02:56 gpu0] validation__resolution__seed4                           complete      22s\n"}
,{"stream_name":"stdout","time":2761.298579612,"data":"[00:02:56 gpu1] validation__plain__seed4                                complete      23s\n"}
,{"stream_name":"stdout","time":2783.226023243,"data":"[00:03:18 gpu0] validation__gaussian__seed4                             complete      22s\n"}
,{"stream_name":"stdout","time":2783.88763496,"data":"[00:03:18 gpu1] validation__combined__seed4                             complete      23s\n"}
,{"stream_name":"stdout","time":2793.513007207,"data":"[00:03:28 gpu0] interp__plain_resolution__seed4                         complete      10s\n"}
,{"stream_name":"stdout","time":2794.323504783,"data":"[00:03:29 gpu1] interp__plain_gaussian__seed4                           complete      10s\n"}
,{"stream_name":"stdout","time":2803.824300992,"data":"[00:03:38 gpu0] interp__plain_combined__seed4                           complete      10s\n"}
,{"stream_name":"stdout","time":2804.769377692,"data":"[00:03:39 gpu1] interp__resolution_combined__seed4                      complete      10s\n"}
,{"stream_name":"stdout","time":2860.881122073,"data":"[00:04:35 gpu0] fixed1d__resolution__seed1__u002346                     complete      57s\n"}
,{"stream_name":"stdout","time":2862.635633809,"data":"[00:04:37 gpu1] fixed1d__resolution__seed1__u004692                     complete      58s\n"}
,{"stream_name":"stdout","time":2929.682853401,"data":"[00:05:44 gpu1] fixed1d__gaussian__seed1__u008211                       complete      67s\n"}
,{"stream_name":"stdout","time":2969.301093815,"data":"[00:06:24 gpu0] fixed1d__gaussian__seed1__u001173                       complete     108s\n"}
,{"stream_name":"stdout","time":3033.3552192,"data":"[00:07:28 gpu1] fixed1d__combined__seed1__u001173                       complete     104s\n"}
,{"stream_name":"stdout","time":3042.945249071,"data":"[00:07:37 gpu1] traj__plain__seed1                                      complete      10s\n"}
,{"stream_name":"stdout","time":3051.510675306,"data":"[00:07:46 gpu0] fixed1d__combined__seed1__u008211                       complete      82s\n"}
,{"stream_name":"stdout","time":3061.17156883,"data":"[00:07:56 gpu1] traj__resolution__seed1                                 complete      18s\n"}
,{"stream_name":"stdout","time":3107.382262777,"data":"[00:08:42 gpu0] traj__gaussian__seed1                                   complete      56s\n"}
,{"stream_name":"stdout","time":3124.313394776,"data":"[00:08:59 gpu1] traj__combined__seed1                                   complete      63s\n"}
,{"stream_name":"stdout","time":3164.495363467,"data":"[00:09:39 gpu0] fixed1d__resolution__seed4__u002346                     complete      57s\n"}
,{"stream_name":"stdout","time":3182.26821377,"data":"[00:09:57 gpu1] fixed1d__resolution__seed4__u004692                     complete      58s\n"}
,{"stream_name":"stdout","time":3249.392473019,"data":"[00:11:04 gpu1] fixed1d__gaussian__seed4__u008211                       complete      67s\n"}
,{"stream_name":"stdout","time":3272.647816656,"data":"[00:11:27 gpu0] fixed1d__gaussian__seed4__u001173                       complete     108s\n"}
,{"stream_name":"stdout","time":3353.15571175,"data":"[00:12:48 gpu1] fixed1d__combined__seed4__u001173                       complete     104s\n"}
,{"stream_name":"stdout","time":3354.722328967,"data":"[00:12:49 gpu0] fixed1d__combined__seed4__u008211                       complete      82s\n"}
,{"stream_name":"stdout","time":3362.775246087,"data":"[00:12:57 gpu1] traj__plain__seed4                                      complete      10s\n"}
,{"stream_name":"stdout","time":3372.681808941,"data":"[00:13:07 gpu0] traj__resolution__seed4                                 complete      18s\n"}
,{"stream_name":"stdout","time":3419.894311602,"data":"[00:13:54 gpu1] traj__gaussian__seed4                                   complete      57s\n"}
,{"stream_name":"stdout","time":3434.771201965,"data":"[00:14:09 gpu0] traj__combined__seed4                                   complete      62s\n"}
,{"stream_name":"stdout","time":3510.805034427,"data":"[00:15:25 gpu1] surface__plain__seed1__g21                              complete      91s\n"}
,{"stream_name":"stdout","time":3524.260407221,"data":"[00:15:39 gpu0] surface__resolution__seed1__g21                         complete      89s\n"}
,{"stream_name":"stdout","time":3601.602666374,"data":"[00:16:56 gpu1] surface__gaussian__seed1__g21                           complete      91s\n"}
,{"stream_name":"stdout","time":3613.800946476,"data":"[00:17:08 gpu0] surface__combined__seed1__g21                           complete      90s\n"}
,{"stream_name":"stdout","time":3692.459466697,"data":"[00:18:27 gpu1] surface__plain__seed4__g21                              complete      91s\n"}
,{"stream_name":"stdout","time":3703.243472695,"data":"[00:18:38 gpu0] surface__resolution__seed4__g21                         complete      89s\n"}
,{"stream_name":"stdout","time":3783.366118337,"data":"[00:19:58 gpu1] surface__gaussian__seed4__g21                           complete      91s\n"}
,{"stream_name":"stdout","time":3792.662222843,"data":"[00:20:07 gpu0] surface__combined__seed4__g21                           complete      89s\n"}
,{"stream_name":"stdout","time":3793.44073673,"data":"job done {'start': 1789427827.0046532, 'train_seconds': 2387.3808131217957, 'directions_pca_seconds': 7.909224987030029, 'checks_seconds': 15.783585548400879, 'eval_seconds': 1367.6095497608185, 'total_seconds': 3781.436896085739}\n"}
,{"stream_name":"stderr","time":3796.81822689,"data":"/usr/local/lib/python3.12/dist-packages/mistune.py:435: SyntaxWarning: invalid escape sequence '\\|'\n"}
,{"stream_name":"stderr","time":3796.818300002,"data":"  cells[i][c] = re.sub('\\\\\\\\\\|', '|', cell)\n"}
,{"stream_name":"stderr","time":3797.301433369,"data":"/usr/local/lib/python3.12/dist-packages/nbconvert/filters/filter_links.py:36: SyntaxWarning: invalid escape sequence '\\_'\n"}
,{"stream_name":"stderr","time":3797.301457846,"data":"  text = re.sub(r'_', '\\_', text) # Escape underscores in display text\n"}
,{"stream_name":"stderr","time":3798.127734674,"data":"[NbConvertApp] Converting notebook __script__.ipynb to html\n"}
,{"stream_name":"stderr","time":3799.737876426,"data":"[NbConvertApp] Writing 426934 bytes to __results__.html\n"}
]