[{"stream_name":"stdout","time":7.659279358,"data":"cifar10-resnet 0.1.0\n"}
,{"stream_name":"stdout","time":7.668124038,"data":"config 'vgg11_baseline70': vgg11, 70 epochs, seeds [0]\n"}
,{"stream_name":"stdout","time":7.668143765,"data":"torch 2.10.0+cu128\n"}
,{"stream_name":"stdout","time":8.346487836,"data":"device: cuda (Tesla T4, 14.6 GB)\n"}
,{"stream_name":"stdout","time":8.346845301,"data":"run dir: /kaggle/working/runs/20260909-092042_vgg11_baseline70_vgg11\n"}
,{"stream_name":"stdout","time":8.362448554,"data":"CIFAR-10: pickled batches under /kaggle/input/datasets/idrisselkhamlichi/cifar-10-python\n"}
,{"stream_name":"stdout","time":12.432811291,"data":"CIFAR-10: 50000 train / 0 val / 10000 test, 258 MB resident (uint8)\n"}
,{"stream_name":"stdout","time":12.442563473,"data":"No W\u0026B key mounted: logging offline.\n"}
,{"stream_name":"stderr","time":13.708811586,"data":"wandb: Tracking run with wandb version 0.26.1\n"}
,{"stream_name":"stderr","time":13.709115101,"data":"wandb: W\u0026B syncing is set to `offline` in this directory. Run `wandb online` or set WANDB_MODE=online to enable cloud syncing.\n"}
,{"stream_name":"stderr","time":13.709131041,"data":"wandb: Run data is saved locally in /kaggle/working/wandb/offline-run-20260909_092047-c804y6ny\n"}
,{"stream_name":"stdout","time":14.910605271,"data":"\n"}
,{"stream_name":"stdout","time":14.910855576,"data":"--- seed 0 ---\n"}
,{"stream_name":"stdout","time":15.058045329,"data":"model: vgg11-bn, 9.23M params\n"}
,{"stream_name":"stdout","time":42.760970368,"data":"  [seed 0] epoch 000  lr=0.0200  loss=1.5339  test=0.4883  17.5s\n"}
,{"stream_name":"stdout","time":57.900018773,"data":"  [seed 0] epoch 001  lr=0.0400  loss=1.0603  test=0.5795  14.6s\n"}
,{"stream_name":"stdout","time":73.493374536,"data":"  [seed 0] epoch 002  lr=0.0600  loss=0.8511  test=0.7124  15.0s\n"}
,{"stream_name":"stdout","time":89.744679675,"data":"  [seed 0] epoch 003  lr=0.0800  loss=0.7404  test=0.7589  15.6s\n"}
,{"stream_name":"stdout","time":106.565471317,"data":"  [seed 0] epoch 004  lr=0.1000  loss=0.6849  test=0.7165  16.1s\n"}
,{"stream_name":"stdout","time":123.555254581,"data":"  [seed 0] epoch 005  lr=0.0999  loss=0.6350  test=0.7585  16.3s\n"}
,{"stream_name":"stdout","time":139.928761576,"data":"  [seed 0] epoch 006  lr=0.0998  loss=0.5835  test=0.7667  15.8s\n"}
,{"stream_name":"stdout","time":156.076020958,"data":"  [seed 0] epoch 007  lr=0.0995  loss=0.5597  test=0.7990  15.5s\n"}
,{"stream_name":"stdout","time":172.218873089,"data":"  [seed 0] epoch 008  lr=0.0991  loss=0.5335  test=0.7782  15.5s\n"}
,{"stream_name":"stdout","time":188.589951519,"data":"  [seed 0] epoch 009  lr=0.0985  loss=0.5153  test=0.7829  15.7s\n"}
,{"stream_name":"stdout","time":205.082416026,"data":"  [seed 0] epoch 010  lr=0.0979  loss=0.5072  test=0.7663  15.8s\n"}
,{"stream_name":"stdout","time":221.531653671,"data":"  [seed 0] epoch 011  lr=0.0972  loss=0.4904  test=0.7645  15.8s\n"}
,{"stream_name":"stdout","time":237.933936882,"data":"  [seed 0] epoch 012  lr=0.0963  loss=0.4820  test=0.7994  15.8s\n"}
,{"stream_name":"stdout","time":254.208575575,"data":"  [seed 0] epoch 013  lr=0.0953  loss=0.4702  test=0.7876  15.6s\n"}
,{"stream_name":"stdout","time":270.576007031,"data":"  [seed 0] epoch 014  lr=0.0943  loss=0.4649  test=0.7896  15.7s\n"}
,{"stream_name":"stdout","time":287.05780112,"data":"  [seed 0] epoch 015  lr=0.0931  loss=0.4525  test=0.8114  15.8s\n"}
,{"stream_name":"stdout","time":303.509407953,"data":"  [seed 0] epoch 016  lr=0.0918  loss=0.4485  test=0.8228  15.8s\n"}
,{"stream_name":"stdout","time":319.964179945,"data":"  [seed 0] epoch 017  lr=0.0905  loss=0.4411  test=0.8242  15.8s\n"}
,{"stream_name":"stdout","time":336.360800425,"data":"  [seed 0] epoch 018  lr=0.0890  loss=0.4304  test=0.7657  15.8s\n"}
,{"stream_name":"stdout","time":352.74874934,"data":"  [seed 0] epoch 019  lr=0.0874  loss=0.4229  test=0.8151  15.8s\n"}
,{"stream_name":"stdout","time":369.178991212,"data":"  [seed 0] epoch 020  lr=0.0858  loss=0.4187  test=0.8288  15.8s\n"}
,{"stream_name":"stdout","time":385.594286549,"data":"  [seed 0] epoch 021  lr=0.0841  loss=0.4121  test=0.8270  15.8s\n"}
,{"stream_name":"stdout","time":402.042364687,"data":"  [seed 0] epoch 022  lr=0.0822  loss=0.4065  test=0.8298  15.8s\n"}
,{"stream_name":"stdout","time":418.508562842,"data":"  [seed 0] epoch 023  lr=0.0804  loss=0.3953  test=0.8128  15.8s\n"}
,{"stream_name":"stdout","time":434.985133957,"data":"  [seed 0] epoch 024  lr=0.0784  loss=0.3940  test=0.8144  15.8s\n"}
,{"stream_name":"stdout","time":451.491318351,"data":"  [seed 0] epoch 025  lr=0.0764  loss=0.3835  test=0.8373  15.8s\n"}
,{"stream_name":"stdout","time":467.943347613,"data":"  [seed 0] epoch 026  lr=0.0743  loss=0.3809  test=0.8221  15.8s\n"}
,{"stream_name":"stdout","time":484.400387676,"data":"  [seed 0] epoch 027  lr=0.0722  loss=0.3662  test=0.8353  15.8s\n"}
,{"stream_name":"stdout","time":500.869288618,"data":"  [seed 0] epoch 028  lr=0.0700  loss=0.3656  test=0.8122  15.8s\n"}
,{"stream_name":"stdout","time":517.310538966,"data":"  [seed 0] epoch 029  lr=0.0677  loss=0.3501  test=0.8383  15.8s\n"}
,{"stream_name":"stdout","time":533.781734622,"data":"  [seed 0] epoch 030  lr=0.0655  loss=0.3466  test=0.8499  15.8s\n"}
,{"stream_name":"stdout","time":550.220594218,"data":"  [seed 0] epoch 031  lr=0.0631  loss=0.3395  test=0.8427  15.8s\n"}
,{"stream_name":"stdout","time":566.664441602,"data":"  [seed 0] epoch 032  lr=0.0608  loss=0.3291  test=0.8500  15.8s\n"}
,{"stream_name":"stdout","time":583.078055258,"data":"  [seed 0] epoch 033  lr=0.0584  loss=0.3189  test=0.8399  15.8s\n"}
,{"stream_name":"stdout","time":599.514996441,"data":"  [seed 0] epoch 034  lr=0.0560  loss=0.3110  test=0.8466  15.8s\n"}
,{"stream_name":"stdout","time":615.980837114,"data":"  [seed 0] epoch 035  lr=0.0536  loss=0.3001  test=0.8562  15.8s\n"}
,{"stream_name":"stdout","time":632.390073821,"data":"  [seed 0] epoch 036  lr=0.0512  loss=0.2948  test=0.8462  15.8s\n"}
,{"stream_name":"stdout","time":648.819528815,"data":"  [seed 0] epoch 037  lr=0.0488  loss=0.2872  test=0.8443  15.8s\n"}
,{"stream_name":"stdout","time":665.195233542,"data":"  [seed 0] epoch 038  lr=0.0464  loss=0.2711  test=0.8036  15.7s\n"}
,{"stream_name":"stdout","time":681.581475964,"data":"  [seed 0] epoch 039  lr=0.0440  loss=0.2687  test=0.8644  15.8s\n"}
,{"stream_name":"stdout","time":698.017024787,"data":"  [seed 0] epoch 040  lr=0.0416  loss=0.2547  test=0.8620  15.8s\n"}
,{"stream_name":"stdout","time":714.442981761,"data":"  [seed 0] epoch 041  lr=0.0392  loss=0.2429  test=0.8694  15.8s\n"}
,{"stream_name":"stdout","time":730.82781812,"data":"  [seed 0] epoch 042  lr=0.0369  loss=0.2331  test=0.8750  15.7s\n"}
,{"stream_name":"stdout","time":747.236284376,"data":"  [seed 0] epoch 043  lr=0.0346  loss=0.2187  test=0.8703  15.8s\n"}
,{"stream_name":"stdout","time":763.609173692,"data":"  [seed 0] epoch 044  lr=0.0323  loss=0.2085  test=0.8468  15.7s\n"}
,{"stream_name":"stdout","time":780.062336234,"data":"  [seed 0] epoch 045  lr=0.0300  loss=0.1970  test=0.8680  15.8s\n"}
,{"stream_name":"stdout","time":796.452338572,"data":"  [seed 0] epoch 046  lr=0.0278  loss=0.1850  test=0.8748  15.8s\n"}
,{"stream_name":"stdout","time":812.838692674,"data":"  [seed 0] epoch 047  lr=0.0257  loss=0.1768  test=0.8825  15.8s\n"}
,{"stream_name":"stdout","time":829.212829679,"data":"  [seed 0] epoch 048  lr=0.0236  loss=0.1615  test=0.8770  15.7s\n"}
,{"stream_name":"stdout","time":845.611217019,"data":"  [seed 0] epoch 049  lr=0.0216  loss=0.1507  test=0.8828  15.8s\n"}
,{"stream_name":"stdout","time":862.03907233,"data":"  [seed 0] epoch 050  lr=0.0196  loss=0.1341  test=0.8747  15.8s\n"}
,{"stream_name":"stdout","time":878.384812068,"data":"  [seed 0] epoch 051  lr=0.0178  loss=0.1243  test=0.8795  15.7s\n"}
,{"stream_name":"stdout","time":894.769278484,"data":"  [seed 0] epoch 052  lr=0.0160  loss=0.1096  test=0.8902  15.7s\n"}
,{"stream_name":"stdout","time":911.151619291,"data":"  [seed 0] epoch 053  lr=0.0142  loss=0.0971  test=0.8970  15.8s\n"}
,{"stream_name":"stdout","time":927.511505177,"data":"  [seed 0] epoch 054  lr=0.0126  loss=0.0802  test=0.9012  15.7s\n"}
,{"stream_name":"stdout","time":943.912583668,"data":"  [seed 0] epoch 055  lr=0.0110  loss=0.0692  test=0.8998  15.7s\n"}
,{"stream_name":"stdout","time":960.284142459,"data":"  [seed 0] epoch 056  lr=0.0096  loss=0.0605  test=0.9036  15.7s\n"}
,{"stream_name":"stdout","time":976.66604536,"data":"  [seed 0] epoch 057  lr=0.0082  loss=0.0486  test=0.9077  15.8s\n"}
,{"stream_name":"stdout","time":992.99844601,"data":"  [seed 0] epoch 058  lr=0.0069  loss=0.0366  test=0.9128  15.7s\n"}
,{"stream_name":"stdout","time":1009.357031512,"data":"  [seed 0] epoch 059  lr=0.0057  loss=0.0316  test=0.9123  15.7s\n"}
,{"stream_name":"stdout","time":1025.757098699,"data":"  [seed 0] epoch 060  lr=0.0047  loss=0.0255  test=0.9136  15.7s\n"}
,{"stream_name":"stdout","time":1042.130922876,"data":"  [seed 0] epoch 061  lr=0.0037  loss=0.0202  test=0.9165  15.7s\n"}
,{"stream_name":"stdout","time":1058.498890638,"data":"  [seed 0] epoch 062  lr=0.0028  loss=0.0161  test=0.9169  15.7s\n"}
,{"stream_name":"stdout","time":1074.86343829,"data":"  [seed 0] epoch 063  lr=0.0021  loss=0.0142  test=0.9201  15.7s\n"}
,{"stream_name":"stdout","time":1091.235593046,"data":"  [seed 0] epoch 064  lr=0.0015  loss=0.0124  test=0.9198  15.7s\n"}
,{"stream_name":"stdout","time":1107.638177234,"data":"  [seed 0] epoch 065  lr=0.0009  loss=0.0108  test=0.9198  15.7s\n"}
,{"stream_name":"stdout","time":1123.984010972,"data":"  [seed 0] epoch 066  lr=0.0005  loss=0.0107  test=0.9200  15.7s\n"}
,{"stream_name":"stdout","time":1140.341138954,"data":"  [seed 0] epoch 067  lr=0.0002  loss=0.0089  test=0.9196  15.7s\n"}
,{"stream_name":"stdout","time":1156.690992534,"data":"  [seed 0] epoch 068  lr=0.0001  loss=0.0086  test=0.9211  15.7s\n"}
,{"stream_name":"stdout","time":1173.083181586,"data":"  [seed 0] epoch 069  lr=0.0000  loss=0.0090  test=0.9204  15.7s\n"}
,{"stream_name":"stdout","time":1176.886155824,"data":"  [seed 0] 1153s  test_final=0.9204  test_selected=0.9204  train=0.9992  gap=+0.0788\n"}
,{"stream_name":"stdout","time":1176.887749605,"data":"\n"}
,{"stream_name":"stdout","time":1176.888003655,"data":"==============================================================================\n"}
,{"stream_name":"stdout","time":1176.888527279,"data":"CIFAR-10 BASELINE  --  vgg11, 9,228,362 params, 70 epochs, 1 seeds\n"}
,{"stream_name":"stdout","time":1176.889127014,"data":"config 'vgg11_baseline70': sgd lr=0.1 mom=0.9 wd=0.0005 bs=128 cosine+5ep warmup, augment=True\n"}
,{"stream_name":"stdout","time":1176.88948083,"data":"==============================================================================\n"}
,{"stream_name":"stdout","time":1176.889921544,"data":"\n"}
,{"stream_name":"stdout","time":1176.890459509,"data":"per seed:\n"}
,{"stream_name":"stdout","time":1176.891232174,"data":"          seed    test acc  test err %   final acc   train acc     gen gap   worst cls      wall s\n"}
,{"stream_name":"stdout","time":1176.89197565,"data":"             0      0.9204       7.960      0.9204      0.9992     +0.0788      0.8340        1153\n"}
,{"stream_name":"stdout","time":1176.892343595,"data":"\n"}
,{"stream_name":"stdout","time":1176.892373488,"data":"mean +- sem  (min .. max):\n"}
,{"stream_name":"stdout","time":1176.89297441,"data":"      test acc  0.9204   (0.9204 .. 0.9204)\n"}
,{"stream_name":"stdout","time":1176.893558567,"data":"    test err %  7.960   (7.960 .. 7.960)\n"}
,{"stream_name":"stdout","time":1176.894171881,"data":"     final acc  0.9204   (0.9204 .. 0.9204)\n"}
,{"stream_name":"stdout","time":1176.894909294,"data":"     train acc  0.9992   (0.9992 .. 0.9992)\n"}
,{"stream_name":"stdout","time":1176.895168811,"data":"       gen gap  +0.0788   (+0.0788 .. +0.0788)\n"}
,{"stream_name":"stdout","time":1176.895676513,"data":"     worst cls  0.8340   (0.8340 .. 0.8340)\n"}
,{"stream_name":"stdout","time":1176.896008011,"data":"        wall s  1153   (1153 .. 1153)\n"}
,{"stream_name":"stdout","time":1176.896387225,"data":"\n"}
,{"stream_name":"stdout","time":1176.8965235,"data":"per-class accuracy (seed 0, final epoch):\n"}
,{"stream_name":"stdout","time":1176.897042429,"data":"      airplane  0.9370\n"}
,{"stream_name":"stdout","time":1176.897476971,"data":"    automobile  0.9600\n"}
,{"stream_name":"stdout","time":1176.898023983,"data":"          bird  0.8890\n"}
,{"stream_name":"stdout","time":1176.898480877,"data":"           cat  0.8340\n"}
,{"stream_name":"stdout","time":1176.898777386,"data":"          deer  0.9340\n"}
,{"stream_name":"stdout","time":1176.899357622,"data":"           dog  0.8730\n"}
,{"stream_name":"stdout","time":1176.899951824,"data":"          frog  0.9390\n"}
,{"stream_name":"stdout","time":1176.900595171,"data":"         horse  0.9460\n"}
,{"stream_name":"stdout","time":1176.901335737,"data":"          ship  0.9520\n"}
,{"stream_name":"stdout","time":1176.902262978,"data":"         truck  0.9400\n"}
,{"stream_name":"stdout","time":1176.902278813,"data":"\n"}
,{"stream_name":"stdout","time":1176.90228315,"data":"model selection: final_epoch -- no validation split, so 'selected' == final epoch\n"}
,{"stream_name":"stdout","time":1176.902966451,"data":"throughput: 3,030 img/s mean\n"}
,{"stream_name":"stdout","time":1176.904205959,"data":"\n"}
,{"stream_name":"stdout","time":1176.904636281,"data":"results written to /kaggle/working/runs/20260909-092042_vgg11_baseline70_vgg11/results.json\n"}
,{"stream_name":"stdout","time":1176.908624963,"data":"history written to /kaggle/working/runs/20260909-092042_vgg11_baseline70_vgg11/history.jsonl and /kaggle/working/runs/20260909-092042_vgg11_baseline70_vgg11/history.csv (70 epoch rows)\n"}
,{"stream_name":"stderr","time":1176.919211745,"data":"wandb: \n"}
,{"stream_name":"stderr","time":1176.919236568,"data":"wandb: Run history:\n"}
,{"stream_name":"stderr","time":1176.919262344,"data":"wandb:           s0/epoch ▁▁▁▁▁▂▂▂▂▂▃▃▃▃▃▄▄▄▄▄▅▅▅▅▅▆▆▆▆▆▆▇▇▇▇▇▇███\n"}
,{"stream_name":"stderr","time":1176.919268889,"data":"wandb:         s0/epoch_s █▁▂▅▄▃▄▄▄▄▄▄▄▄▄▄▄▄▄▄▄▄▄▄▄▄▄▄▄▄▄▄▄▄▄▄▄▄▄▄\n"}
,{"stream_name":"stderr","time":1176.919273117,"data":"wandb: s0/grad_norm_total █▂▂▂▂▂▂▂▂▂▂▂▂▁▁\n"}
,{"stream_name":"stderr","time":1176.919277057,"data":"wandb:       s0/img_per_s ▁█▆▅▄▆▆▆▆▆▆▆▆▅▅▆▆▆▆▆▆▆▆▆▆▆▆▆▆▆▆▆▆▆▆▆▆▆▆▆\n"}
,{"stream_name":"stderr","time":1176.919282115,"data":"wandb:              s0/lr ▂▄▇██████▇▇▇▇▇▆▆▆▆▆▆▅▄▄▄▃▃▃▃▂▂▂▂▁▁▁▁▁▁▁▁\n"}
,{"stream_name":"stderr","time":1176.919297512,"data":"wandb:           s0/phase ▁▁▁▁▁▁▁▁▁▁▁▁▁▁▁▁▁▁▁▁▁▁▁▁▁▁▁▁▁▁▁▁▁▁▁▁▁▁▁▁\n"}
,{"stream_name":"stderr","time":1176.919301892,"data":"wandb:     s0/s_max_block ▁▁▁▁▁▁▁▁▁▁▁▁▁▁▁▁▁▁▁▁▁▁▁▁▁▁▁▁▁▁▁▁▁▁▁▁▁▁▁▁\n"}
,{"stream_name":"stderr","time":1176.919306546,"data":"wandb:          s0/s_mean ▁▁▁▁▁▁▁▁▁▁▁▁▁▁▁▁▁▁▁▁▁▁▁▁▁▁▁▁▁▁▁▁▁▁▁▁▁▁▁▁\n"}
,{"stream_name":"stderr","time":1176.919311541,"data":"wandb:     s0/s_min_block ▁▁▁▁▁▁▁▁▁▁▁▁▁▁▁▁▁▁▁▁▁▁▁▁▁▁▁▁▁▁▁▁▁▁▁▁▁▁▁▁\n"}
,{"stream_name":"stderr","time":1176.919315912,"data":"wandb:        s0/test_acc ▁▂▅▅▅▆▆▆▆▅▇▆▇▆▇▇▆▇▇▇▇▇▇▆▇▇▇▇▇▇██████████\n"}
,{"stream_name":"stderr","time":1176.919320256,"data":"wandb:                +25 ...\n"}
,{"stream_name":"stderr","time":1176.919324135,"data":"wandb: \n"}
,{"stream_name":"stderr","time":1176.919328278,"data":"wandb: Run summary:\n"}
,{"stream_name":"stderr","time":1176.919332114,"data":"wandb:           s0/epoch 69\n"}
,{"stream_name":"stderr","time":1176.919335853,"data":"wandb:         s0/epoch_s 15.72263\n"}
,{"stream_name":"stderr","time":1176.919339539,"data":"wandb: s0/grad_norm_total 0.41333\n"}
,{"stream_name":"stderr","time":1176.919343347,"data":"wandb:       s0/img_per_s 3175.04127\n"}
,{"stream_name":"stderr","time":1176.919347248,"data":"wandb:              s0/lr 0.0\n"}
,{"stream_name":"stderr","time":1176.919351075,"data":"wandb:           s0/phase 0\n"}
,{"stream_name":"stderr","time":1176.919354913,"data":"wandb:     s0/s_max_block 1\n"}
,{"stream_name":"stderr","time":1176.919358651,"data":"wandb:          s0/s_mean 1\n"}
,{"stream_name":"stderr","time":1176.919362489,"data":"wandb:     s0/s_min_block 1\n"}
,{"stream_name":"stderr","time":1176.919366703,"data":"wandb:        s0/test_acc 0.9204\n"}
,{"stream_name":"stderr","time":1176.919370801,"data":"wandb:                +29 ...\n"}
,{"stream_name":"stderr","time":1176.919374853,"data":"wandb: \n"}
,{"stream_name":"stderr","time":1176.919566186,"data":"wandb: You can sync this run to the cloud by running:\n"}
,{"stream_name":"stderr","time":1176.919572845,"data":"wandb: wandb sync /kaggle/working/wandb/offline-run-20260909_092047-c804y6ny\n"}
,{"stream_name":"stderr","time":1176.919655961,"data":"wandb: Find logs at: ./wandb/offline-run-20260909_092047-c804y6ny/logs\n"}
,{"stream_name":"stdout","time":1176.920438005,"data":"\n"}
,{"stream_name":"stdout","time":1176.920451346,"data":"Done. Everything from this run is in /kaggle/working/runs/20260909-092042_vgg11_baseline70_vgg11\n"}
,{"stream_name":"stderr","time":1181.220259457,"data":"/usr/local/lib/python3.12/dist-packages/mistune.py:435: SyntaxWarning: invalid escape sequence '\\|'\n"}
,{"stream_name":"stderr","time":1181.220295798,"data":"  cells[i][c] = re.sub('\\\\\\\\\\|', '|', cell)\n"}
,{"stream_name":"stderr","time":1181.462569418,"data":"/usr/local/lib/python3.12/dist-packages/nbconvert/filters/filter_links.py:36: SyntaxWarning: invalid escape sequence '\\_'\n"}
,{"stream_name":"stderr","time":1181.462593247,"data":"  text = re.sub(r'_', '\\_', text) # Escape underscores in display text\n"}
,{"stream_name":"stderr","time":1182.046269425,"data":"[NbConvertApp] Converting notebook __script__.ipynb to html\n"}
,{"stream_name":"stderr","time":1183.180115437,"data":"[NbConvertApp] Writing 397414 bytes to __results__.html\n"}
]