[{"stream_name":"stdout","time":38.904580249,"data":"[16:54:54 2026-09-17 gpu0] FAILED sgd_standard_aug_160__plain__seed0\n"}
,{"stream_name":"stdout","time":38.904645348,"data":"Traceback (most recent call last):\n"}
,{"stream_name":"stdout","time":38.904655603,"data":"  File \"/kaggle/working/_repo/overnight/job.py\", line 128, in run_train_cell\n"}
,{"stream_name":"stdout","time":38.90466025,"data":"    raise RuntimeError(\"config hash differs from the frozen protocol\")\n"}
,{"stream_name":"stdout","time":38.904664687,"data":"RuntimeError: config hash differs from the frozen protocol\n"}
,{"stream_name":"stdout","time":38.904668785,"data":"\n"}
,{"stream_name":"stdout","time":38.905950224,"data":"[16:54:54 2026-09-17 gpu0] FAILED sgd_standard_aug_160__cbs_published_schedule__seed1\n"}
,{"stream_name":"stdout","time":38.905970504,"data":"Traceback (most recent call last):\n"}
,{"stream_name":"stdout","time":38.905975913,"data":"  File \"/kaggle/working/_repo/overnight/job.py\", line 128, in run_train_cell\n"}
,{"stream_name":"stdout","time":38.906011522,"data":"    raise RuntimeError(\"config hash differs from the frozen protocol\")\n"}
,{"stream_name":"stdout","time":38.906016282,"data":"RuntimeError: config hash differs from the frozen protocol\n"}
,{"stream_name":"stdout","time":38.906020282,"data":"\n"}
,{"stream_name":"stdout","time":38.907279091,"data":"[16:54:54 2026-09-17 gpu0] FAILED adamw_long_noaug_160__resolution_max_b1_gaussian_conv__seed0\n"}
,{"stream_name":"stdout","time":38.907296892,"data":"Traceback (most recent call last):\n"}
,{"stream_name":"stdout","time":38.907303548,"data":"  File \"/kaggle/working/_repo/overnight/job.py\", line 128, in run_train_cell\n"}
,{"stream_name":"stdout","time":38.907308695,"data":"    raise RuntimeError(\"config hash differs from the frozen protocol\")\n"}
,{"stream_name":"stdout","time":38.907313422,"data":"RuntimeError: config hash differs from the frozen protocol\n"}
,{"stream_name":"stdout","time":38.907317464,"data":"\n"}
,{"stream_name":"stdout","time":38.908692449,"data":"[16:54:54 2026-09-17 gpu0] FAILED adamw_long_aug_160__resolution_max_b1_gaussian_conv__seed0\n"}
,{"stream_name":"stdout","time":38.908707711,"data":"Traceback (most recent call last):\n"}
,{"stream_name":"stdout","time":38.9087127,"data":"  File \"/kaggle/working/_repo/overnight/job.py\", line 128, in run_train_cell\n"}
,{"stream_name":"stdout","time":38.908717211,"data":"    raise RuntimeError(\"config hash differs from the frozen protocol\")\n"}
,{"stream_name":"stdout","time":38.9087213,"data":"RuntimeError: config hash differs from the frozen protocol\n"}
,{"stream_name":"stdout","time":38.908754139,"data":"\n"}
,{"stream_name":"stdout","time":39.218442312,"data":"[16:54:54 2026-09-17 gpu1] FAILED sgd_standard_aug_160__resolution_max_b1__seed0\n"}
,{"stream_name":"stdout","time":39.218490038,"data":"Traceback (most recent call last):\n"}
,{"stream_name":"stdout","time":39.218494958,"data":"  File \"/kaggle/working/_repo/overnight/job.py\", line 128, in run_train_cell\n"}
,{"stream_name":"stdout","time":39.218499855,"data":"    raise RuntimeError(\"config hash differs from the frozen protocol\")\n"}
,{"stream_name":"stdout","time":39.218504391,"data":"RuntimeError: config hash differs from the frozen protocol\n"}
,{"stream_name":"stdout","time":39.218508619,"data":"\n"}
,{"stream_name":"stdout","time":39.21987017,"data":"[16:54:54 2026-09-17 gpu1] FAILED sgd_standard_aug_160__cbs_budget_matched__seed1\n"}
,{"stream_name":"stdout","time":39.219891248,"data":"Traceback (most recent call last):\n"}
,{"stream_name":"stdout","time":39.219895928,"data":"  File \"/kaggle/working/_repo/overnight/job.py\", line 128, in run_train_cell\n"}
,{"stream_name":"stdout","time":39.219914053,"data":"    raise RuntimeError(\"config hash differs from the frozen protocol\")\n"}
,{"stream_name":"stdout","time":39.219918445,"data":"RuntimeError: config hash differs from the frozen protocol\n"}
,{"stream_name":"stdout","time":39.219922638,"data":"\n"}
,{"stream_name":"stdout","time":39.221164805,"data":"[16:54:54 2026-09-17 gpu1] FAILED adamw_long_noaug_160__cbs_budget_matched__seed0\n"}
,{"stream_name":"stdout","time":39.221182207,"data":"Traceback (most recent call last):\n"}
,{"stream_name":"stdout","time":39.221186837,"data":"  File \"/kaggle/working/_repo/overnight/job.py\", line 128, in run_train_cell\n"}
,{"stream_name":"stdout","time":39.221191274,"data":"    raise RuntimeError(\"config hash differs from the frozen protocol\")\n"}
,{"stream_name":"stdout","time":39.221195698,"data":"RuntimeError: config hash differs from the frozen protocol\n"}
,{"stream_name":"stdout","time":39.221200102,"data":"\n"}
,{"stream_name":"stdout","time":39.222368144,"data":"[16:54:54 2026-09-17 gpu1] FAILED adamw_long_noaug_160__resolution_max_b1__seed2\n"}
,{"stream_name":"stdout","time":39.222383735,"data":"Traceback (most recent call last):\n"}
,{"stream_name":"stdout","time":39.222388051,"data":"  File \"/kaggle/working/_repo/overnight/job.py\", line 128, in run_train_cell\n"}
,{"stream_name":"stdout","time":39.222392424,"data":"    raise RuntimeError(\"config hash differs from the frozen protocol\")\n"}
,{"stream_name":"stdout","time":39.222396615,"data":"RuntimeError: config hash differs from the frozen protocol\n"}
,{"stream_name":"stdout","time":39.222400297,"data":"\n"}
,{"stream_name":"stdout","time":39.223588835,"data":"[16:54:54 2026-09-17 gpu1] FAILED adamw_long_aug_160__cbs_budget_matched__seed0\n"}
,{"stream_name":"stdout","time":39.223604804,"data":"Traceback (most recent call last):\n"}
,{"stream_name":"stdout","time":39.223609266,"data":"  File \"/kaggle/working/_repo/overnight/job.py\", line 128, in run_train_cell\n"}
,{"stream_name":"stdout","time":39.223613665,"data":"    raise RuntimeError(\"config hash differs from the frozen protocol\")\n"}
,{"stream_name":"stdout","time":39.223618038,"data":"RuntimeError: config hash differs from the frozen protocol\n"}
,{"stream_name":"stdout","time":39.223622105,"data":"\n"}
,{"stream_name":"stdout","time":39.224895067,"data":"[16:54:54 2026-09-17 gpu1] FAILED adamw_long_aug_160__gaussian_postrelu__seed2\n"}
,{"stream_name":"stdout","time":39.22490995,"data":"Traceback (most recent call last):\n"}
,{"stream_name":"stdout","time":39.224913962,"data":"  File \"/kaggle/working/_repo/overnight/job.py\", line 128, in run_train_cell\n"}
,{"stream_name":"stdout","time":39.224918268,"data":"    raise RuntimeError(\"config hash differs from the frozen protocol\")\n"}
,{"stream_name":"stdout","time":39.224922379,"data":"RuntimeError: config hash differs from the frozen protocol\n"}
,{"stream_name":"stdout","time":39.224926243,"data":"\n"}
,{"stream_name":"stdout","time":39.752908046,"data":"job finished {\"sgd_standard_aug_160__plain__seed0\": \"failed\", \"sgd_standard_aug_160__cbs_published_schedule__seed1\": \"failed\", \"adamw_long_noaug_160__resolution_max_b1_gaussian_conv__seed0\": \"failed\", \"adamw_long_aug_160__resolution_max_b1_gaussian_conv__seed0\": \"failed\", \"sgd_standard_aug_160__resolution_max_b1__seed0\": \"failed\", \"sgd_standard_aug_160__cbs_budget_matched__seed1\": \"failed\", \"adamw_long_noaug_160__cbs_budget_matched__seed0\": \"failed\", \"adamw_long_noaug_160__resolution_max_b1__seed2\": \"failed\", \"adamw_long_aug_160__cbs_budget_matched__seed0\": \"failed\", \"adamw_long_aug_160__gaussian_postrelu__seed2\": \"failed\"}\n"}
,{"stream_name":"stderr","time":42.657885449,"data":"/usr/local/lib/python3.12/dist-packages/mistune.py:435: SyntaxWarning: invalid escape sequence '\\|'\n"}
,{"stream_name":"stderr","time":42.657936325,"data":"  cells[i][c] = re.sub('\\\\\\\\\\|', '|', cell)\n"}
,{"stream_name":"stderr","time":42.954234114,"data":"/usr/local/lib/python3.12/dist-packages/nbconvert/filters/filter_links.py:36: SyntaxWarning: invalid escape sequence '\\_'\n"}
,{"stream_name":"stderr","time":42.95428239,"data":"  text = re.sub(r'_', '\\_', text) # Escape underscores in display text\n"}
,{"stream_name":"stderr","time":43.663728476,"data":"[NbConvertApp] Converting notebook __script__.ipynb to html\n"}
,{"stream_name":"stderr","time":45.035929442,"data":"[NbConvertApp] Writing 486050 bytes to __results__.html\n"}
]