[{"stream_name":"stdout","time":8.731810462,"data":"cifar10-resnet 0.1.0\n"}
,{"stream_name":"stdout","time":8.742436668,"data":"config 'vgg11_baseline60': vgg11, 60 epochs, seeds [0]\n"}
,{"stream_name":"stdout","time":8.742521785,"data":"torch 2.10.0+cu128\n"}
,{"stream_name":"stdout","time":9.486248049,"data":"device: cuda (Tesla T4, 14.6 GB)\n"}
,{"stream_name":"stdout","time":9.486668989,"data":"run dir: /kaggle/working/runs/20260909-091343_vgg11_baseline60_vgg11\n"}
,{"stream_name":"stdout","time":9.497202363,"data":"CIFAR-10: pickled batches under /kaggle/input/datasets/idrisselkhamlichi/cifar-10-python\n"}
,{"stream_name":"stdout","time":12.426021571,"data":"CIFAR-10: 5000 train / 0 val / 10000 test, 52 MB resident (uint8)\n"}
,{"stream_name":"stdout","time":12.438200554,"data":"No W\u0026B key mounted: logging offline.\n"}
,{"stream_name":"stderr","time":13.856247066,"data":"wandb: Tracking run with wandb version 0.26.1\n"}
,{"stream_name":"stderr","time":13.856478386,"data":"wandb: W\u0026B syncing is set to `offline` in this directory. Run `wandb online` or set WANDB_MODE=online to enable cloud syncing.\n"}
,{"stream_name":"stderr","time":13.856488765,"data":"wandb: Run data is saved locally in /kaggle/working/wandb/offline-run-20260909_091347-7kn77wlw\n"}
,{"stream_name":"stdout","time":15.24127412,"data":"\n"}
,{"stream_name":"stdout","time":15.241542454,"data":"--- seed 0 ---\n"}
,{"stream_name":"stdout","time":15.402804835,"data":"model: vgg11-bn, 9.23M params\n"}
,{"stream_name":"stdout","time":31.263414622,"data":"  [seed 0] epoch 000  lr=0.0200  loss=2.1281  test=0.2712  5.2s\n"}
,{"stream_name":"stdout","time":33.225168199,"data":"  [seed 0] epoch 001  lr=0.0400  loss=2.2260  test=0.3292  1.4s\n"}
,{"stream_name":"stdout","time":35.190771385,"data":"  [seed 0] epoch 002  lr=0.0600  loss=1.7006  test=0.3856  1.4s\n"}
,{"stream_name":"stdout","time":37.163085879,"data":"  [seed 0] epoch 003  lr=0.0800  loss=1.5152  test=0.4663  1.4s\n"}
,{"stream_name":"stdout","time":39.141957152,"data":"  [seed 0] epoch 004  lr=0.1000  loss=1.3848  test=0.4251  1.4s\n"}
,{"stream_name":"stdout","time":41.168834946,"data":"  [seed 0] epoch 005  lr=0.0999  loss=1.2759  test=0.5008  1.4s\n"}
,{"stream_name":"stdout","time":43.163203837,"data":"  [seed 0] epoch 006  lr=0.0997  loss=1.1694  test=0.5132  1.4s\n"}
,{"stream_name":"stdout","time":45.164815908,"data":"  [seed 0] epoch 007  lr=0.0993  loss=1.0604  test=0.5514  1.4s\n"}
,{"stream_name":"stdout","time":47.166984637,"data":"  [seed 0] epoch 008  lr=0.0987  loss=1.0089  test=0.5695  1.4s\n"}
,{"stream_name":"stdout","time":49.178274861,"data":"  [seed 0] epoch 009  lr=0.0980  loss=0.9446  test=0.6018  1.4s\n"}
,{"stream_name":"stdout","time":51.230669723,"data":"  [seed 0] epoch 010  lr=0.0971  loss=0.8904  test=0.6164  1.5s\n"}
,{"stream_name":"stdout","time":53.253933292,"data":"  [seed 0] epoch 011  lr=0.0961  loss=0.8402  test=0.5990  1.5s\n"}
,{"stream_name":"stdout","time":55.28524373,"data":"  [seed 0] epoch 012  lr=0.0949  loss=0.7818  test=0.6330  1.5s\n"}
,{"stream_name":"stdout","time":57.31987668,"data":"  [seed 0] epoch 013  lr=0.0936  loss=0.7417  test=0.5883  1.5s\n"}
,{"stream_name":"stdout","time":59.365008605,"data":"  [seed 0] epoch 014  lr=0.0921  loss=0.7116  test=0.6536  1.5s\n"}
,{"stream_name":"stdout","time":61.464273105,"data":"  [seed 0] epoch 015  lr=0.0905  loss=0.6531  test=0.6669  1.5s\n"}
,{"stream_name":"stdout","time":63.516884954,"data":"  [seed 0] epoch 016  lr=0.0888  loss=0.6041  test=0.6478  1.5s\n"}
,{"stream_name":"stdout","time":65.567264312,"data":"  [seed 0] epoch 017  lr=0.0869  loss=0.5759  test=0.6705  1.5s\n"}
,{"stream_name":"stdout","time":67.626023751,"data":"  [seed 0] epoch 018  lr=0.0849  loss=0.5627  test=0.6892  1.5s\n"}
,{"stream_name":"stdout","time":69.694886284,"data":"  [seed 0] epoch 019  lr=0.0828  loss=0.5145  test=0.6870  1.5s\n"}
,{"stream_name":"stdout","time":71.812878501,"data":"  [seed 0] epoch 020  lr=0.0806  loss=0.4850  test=0.6765  1.5s\n"}
,{"stream_name":"stdout","time":73.894196407,"data":"  [seed 0] epoch 021  lr=0.0783  loss=0.4352  test=0.6735  1.5s\n"}
,{"stream_name":"stdout","time":75.992132573,"data":"  [seed 0] epoch 022  lr=0.0759  loss=0.4178  test=0.6409  1.5s\n"}
,{"stream_name":"stdout","time":78.086106014,"data":"  [seed 0] epoch 023  lr=0.0734  loss=0.4191  test=0.6843  1.5s\n"}
,{"stream_name":"stdout","time":80.187809233,"data":"  [seed 0] epoch 024  lr=0.0708  loss=0.3655  test=0.6968  1.5s\n"}
,{"stream_name":"stdout","time":82.347392867,"data":"  [seed 0] epoch 025  lr=0.0682  loss=0.3334  test=0.6528  1.5s\n"}
,{"stream_name":"stdout","time":84.46473459,"data":"  [seed 0] epoch 026  lr=0.0655  loss=0.3255  test=0.7054  1.5s\n"}
,{"stream_name":"stdout","time":86.590795271,"data":"  [seed 0] epoch 027  lr=0.0628  loss=0.2782  test=0.6915  1.5s\n"}
,{"stream_name":"stdout","time":88.731236717,"data":"  [seed 0] epoch 028  lr=0.0600  loss=0.2700  test=0.6895  1.5s\n"}
,{"stream_name":"stdout","time":90.88230727,"data":"  [seed 0] epoch 029  lr=0.0572  loss=0.2620  test=0.6878  1.5s\n"}
,{"stream_name":"stdout","time":93.079582911,"data":"  [seed 0] epoch 030  lr=0.0544  loss=0.2349  test=0.6864  1.6s\n"}
,{"stream_name":"stdout","time":95.240197499,"data":"  [seed 0] epoch 031  lr=0.0515  loss=0.2152  test=0.7188  1.6s\n"}
,{"stream_name":"stdout","time":97.405833966,"data":"  [seed 0] epoch 032  lr=0.0486  loss=0.1936  test=0.6939  1.6s\n"}
,{"stream_name":"stdout","time":99.592891258,"data":"  [seed 0] epoch 033  lr=0.0458  loss=0.1673  test=0.7196  1.6s\n"}
,{"stream_name":"stdout","time":101.783411035,"data":"  [seed 0] epoch 034  lr=0.0430  loss=0.1504  test=0.7009  1.6s\n"}
,{"stream_name":"stdout","time":104.009973591,"data":"  [seed 0] epoch 035  lr=0.0401  loss=0.1470  test=0.7159  1.6s\n"}
,{"stream_name":"stdout","time":106.195984388,"data":"  [seed 0] epoch 036  lr=0.0374  loss=0.1109  test=0.7297  1.6s\n"}
,{"stream_name":"stdout","time":108.385541844,"data":"  [seed 0] epoch 037  lr=0.0346  loss=0.0975  test=0.7331  1.6s\n"}
,{"stream_name":"stdout","time":110.592770955,"data":"  [seed 0] epoch 038  lr=0.0319  loss=0.0969  test=0.7295  1.6s\n"}
,{"stream_name":"stdout","time":112.793575728,"data":"  [seed 0] epoch 039  lr=0.0293  loss=0.0741  test=0.7408  1.6s\n"}
,{"stream_name":"stdout","time":115.037622684,"data":"  [seed 0] epoch 040  lr=0.0267  loss=0.0629  test=0.7428  1.6s\n"}
,{"stream_name":"stdout","time":117.224022247,"data":"  [seed 0] epoch 041  lr=0.0242  loss=0.0520  test=0.7535  1.6s\n"}
,{"stream_name":"stdout","time":119.411841032,"data":"  [seed 0] epoch 042  lr=0.0218  loss=0.0489  test=0.7448  1.6s\n"}
,{"stream_name":"stdout","time":121.595001168,"data":"  [seed 0] epoch 043  lr=0.0195  loss=0.0332  test=0.7503  1.6s\n"}
,{"stream_name":"stdout","time":123.777316147,"data":"  [seed 0] epoch 044  lr=0.0173  loss=0.0244  test=0.7469  1.6s\n"}
,{"stream_name":"stdout","time":125.994963097,"data":"  [seed 0] epoch 045  lr=0.0152  loss=0.0290  test=0.7502  1.6s\n"}
,{"stream_name":"stdout","time":128.179109123,"data":"  [seed 0] epoch 046  lr=0.0132  loss=0.0221  test=0.7536  1.6s\n"}
,{"stream_name":"stdout","time":130.355809899,"data":"  [seed 0] epoch 047  lr=0.0113  loss=0.0179  test=0.7587  1.6s\n"}
,{"stream_name":"stdout","time":132.525629839,"data":"  [seed 0] epoch 048  lr=0.0096  loss=0.0156  test=0.7586  1.6s\n"}
,{"stream_name":"stdout","time":134.670438079,"data":"  [seed 0] epoch 049  lr=0.0080  loss=0.0118  test=0.7613  1.5s\n"}
,{"stream_name":"stdout","time":136.834777376,"data":"  [seed 0] epoch 050  lr=0.0065  loss=0.0096  test=0.7614  1.5s\n"}
,{"stream_name":"stdout","time":138.963189268,"data":"  [seed 0] epoch 051  lr=0.0052  loss=0.0104  test=0.7600  1.5s\n"}
,{"stream_name":"stdout","time":141.082000247,"data":"  [seed 0] epoch 052  lr=0.0040  loss=0.0104  test=0.7596  1.5s\n"}
,{"stream_name":"stdout","time":143.207582687,"data":"  [seed 0] epoch 053  lr=0.0029  loss=0.0098  test=0.7594  1.5s\n"}
,{"stream_name":"stdout","time":145.320476672,"data":"  [seed 0] epoch 054  lr=0.0020  loss=0.0089  test=0.7598  1.5s\n"}
,{"stream_name":"stdout","time":147.474576587,"data":"  [seed 0] epoch 055  lr=0.0013  loss=0.0071  test=0.7610  1.5s\n"}
,{"stream_name":"stdout","time":149.582906584,"data":"  [seed 0] epoch 056  lr=0.0007  loss=0.0094  test=0.7618  1.5s\n"}
,{"stream_name":"stdout","time":151.696326916,"data":"  [seed 0] epoch 057  lr=0.0003  loss=0.0071  test=0.7616  1.5s\n"}
,{"stream_name":"stdout","time":153.810371779,"data":"  [seed 0] epoch 058  lr=0.0001  loss=0.0061  test=0.7621  1.5s\n"}
,{"stream_name":"stdout","time":155.955159978,"data":"  [seed 0] epoch 059  lr=0.0000  loss=0.0080  test=0.7609  1.5s\n"}
,{"stream_name":"stdout","time":156.850764343,"data":"  [seed 0] 135s  test_final=0.7609  test_selected=0.7609  train=0.9996  gap=+0.2387\n"}
,{"stream_name":"stdout","time":156.852415308,"data":"\n"}
,{"stream_name":"stdout","time":156.852558512,"data":"==============================================================================\n"}
,{"stream_name":"stdout","time":156.85313185,"data":"CIFAR-10 BASELINE  --  vgg11, 9,228,362 params, 60 epochs, 1 seeds\n"}
,{"stream_name":"stdout","time":156.853780258,"data":"config 'vgg11_baseline60': sgd lr=0.1 mom=0.9 wd=0.0005 bs=128 cosine+5ep warmup, augment=True\n"}
,{"stream_name":"stdout","time":156.854281957,"data":"==============================================================================\n"}
,{"stream_name":"stdout","time":156.854605024,"data":"\n"}
,{"stream_name":"stdout","time":156.855077705,"data":"per seed:\n"}
,{"stream_name":"stdout","time":156.855821869,"data":"          seed    test acc  test err %   final acc   train acc     gen gap   worst cls      wall s\n"}
,{"stream_name":"stdout","time":156.856250212,"data":"             0      0.7609      23.910      0.7609      0.9996     +0.2387         nan         135\n"}
,{"stream_name":"stdout","time":156.85651026,"data":"\n"}
,{"stream_name":"stdout","time":156.857060849,"data":"mean +- sem  (min .. max):\n"}
,{"stream_name":"stdout","time":156.857710727,"data":"      test acc  0.7609   (0.7609 .. 0.7609)\n"}
,{"stream_name":"stdout","time":156.858275426,"data":"    test err %  23.910   (23.910 .. 23.910)\n"}
,{"stream_name":"stdout","time":156.858431653,"data":"     final acc  0.7609   (0.7609 .. 0.7609)\n"}
,{"stream_name":"stdout","time":156.858913407,"data":"     train acc  0.9996   (0.9996 .. 0.9996)\n"}
,{"stream_name":"stdout","time":156.8595247,"data":"       gen gap  +0.2387   (+0.2387 .. +0.2387)\n"}
,{"stream_name":"stdout","time":156.860076175,"data":"        wall s  135   (135 .. 135)\n"}
,{"stream_name":"stdout","time":156.860405205,"data":"\n"}
,{"stream_name":"stdout","time":156.861165778,"data":"model selection: final_epoch -- no validation split, so 'selected' == final epoch\n"}
,{"stream_name":"stdout","time":156.861497412,"data":"throughput: 2,214 img/s mean\n"}
,{"stream_name":"stdout","time":156.862774332,"data":"\n"}
,{"stream_name":"stdout","time":156.862861722,"data":"results written to /kaggle/working/runs/20260909-091343_vgg11_baseline60_vgg11/results.json\n"}
,{"stream_name":"stdout","time":156.865903533,"data":"history written to /kaggle/working/runs/20260909-091343_vgg11_baseline60_vgg11/history.jsonl and /kaggle/working/runs/20260909-091343_vgg11_baseline60_vgg11/history.csv (60 epoch rows)\n"}
,{"stream_name":"stderr","time":156.875036519,"data":"wandb: \n"}
,{"stream_name":"stderr","time":156.875054345,"data":"wandb: Run history:\n"}
,{"stream_name":"stderr","time":156.875059926,"data":"wandb:           s0/epoch ▁▁▂▂▂▂▂▂▃▃▃▃▃▃▃▄▄▄▄▄▄▅▅▅▅▅▅▆▆▆▆▆▆▇▇▇▇███\n"}
,{"stream_name":"stderr","time":156.875066234,"data":"wandb:         s0/epoch_s █▁▁▁▁▁▁▁▁▁▁▁▁▁▁▁▁▁▁▁▁▁▁▁▁▁▁▁▁▁▁▁▁▁▁▁▁▁▁▁\n"}
,{"stream_name":"stderr","time":156.87507146,"data":"wandb: s0/grad_norm_total █▂▂▂▂▂▂▂▁▁▁▁▁\n"}
,{"stream_name":"stderr","time":156.875076625,"data":"wandb:       s0/img_per_s ▁███████████▇▇▇▇▇▇▇▇▇▇▇▇▇▇▇▇▇▇▇▇▇▇▇▇▇▇▇▇\n"}
,{"stream_name":"stderr","time":156.875082229,"data":"wandb:              s0/lr ▂▅▇██████▇▇▇▇▇▇▆▆▆▆▅▅▅▅▄▄▃▃▃▃▃▂▂▂▂▂▁▁▁▁▁\n"}
,{"stream_name":"stderr","time":156.875087771,"data":"wandb:           s0/phase ▁▁▁▁▁▁▁▁▁▁▁▁▁▁▁▁▁▁▁▁▁▁▁▁▁▁▁▁▁▁▁▁▁▁▁▁▁▁▁▁\n"}
,{"stream_name":"stderr","time":156.87509332,"data":"wandb:     s0/s_max_block ▁▁▁▁▁▁▁▁▁▁▁▁▁▁▁▁▁▁▁▁▁▁▁▁▁▁▁▁▁▁▁▁▁▁▁▁▁▁▁▁\n"}
,{"stream_name":"stderr","time":156.875098819,"data":"wandb:          s0/s_mean ▁▁▁▁▁▁▁▁▁▁▁▁▁▁▁▁▁▁▁▁▁▁▁▁▁▁▁▁▁▁▁▁▁▁▁▁▁▁▁▁\n"}
,{"stream_name":"stderr","time":156.875104384,"data":"wandb:     s0/s_min_block ▁▁▁▁▁▁▁▁▁▁▁▁▁▁▁▁▁▁▁▁▁▁▁▁▁▁▁▁▁▁▁▁▁▁▁▁▁▁▁▁\n"}
,{"stream_name":"stderr","time":156.87510992,"data":"wandb:        s0/test_acc ▁▂▃▄▃▅▆▆▆▆▆▇▇▇▇▆▇▆▇▇▇▇▇▇▇███████████████\n"}
,{"stream_name":"stderr","time":156.875115436,"data":"wandb:                +25 ...\n"}
,{"stream_name":"stderr","time":156.875120012,"data":"wandb: \n"}
,{"stream_name":"stderr","time":156.875124572,"data":"wandb: Run summary:\n"}
,{"stream_name":"stderr","time":156.875129165,"data":"wandb:           s0/epoch 59\n"}
,{"stream_name":"stderr","time":156.875133772,"data":"wandb:         s0/epoch_s 1.51019\n"}
,{"stream_name":"stderr","time":156.875138346,"data":"wandb: s0/grad_norm_total 0.08063\n"}
,{"stream_name":"stderr","time":156.875142915,"data":"wandb:       s0/img_per_s 3305.53649\n"}
,{"stream_name":"stderr","time":156.875147449,"data":"wandb:              s0/lr 0.0\n"}
,{"stream_name":"stderr","time":156.87515218,"data":"wandb:           s0/phase 0\n"}
,{"stream_name":"stderr","time":156.875156811,"data":"wandb:     s0/s_max_block 1\n"}
,{"stream_name":"stderr","time":156.875161428,"data":"wandb:          s0/s_mean 1\n"}
,{"stream_name":"stderr","time":156.875169051,"data":"wandb:     s0/s_min_block 1\n"}
,{"stream_name":"stderr","time":156.875173611,"data":"wandb:        s0/test_acc 0.7609\n"}
,{"stream_name":"stderr","time":156.875178222,"data":"wandb:                +29 ...\n"}
,{"stream_name":"stderr","time":156.875182983,"data":"wandb: \n"}
,{"stream_name":"stderr","time":156.875275614,"data":"wandb: You can sync this run to the cloud by running:\n"}
,{"stream_name":"stderr","time":156.875282589,"data":"wandb: wandb sync /kaggle/working/wandb/offline-run-20260909_091347-7kn77wlw\n"}
,{"stream_name":"stderr","time":156.875708476,"data":"wandb: Find logs at: ./wandb/offline-run-20260909_091347-7kn77wlw/logs\n"}
,{"stream_name":"stdout","time":156.87614899,"data":"\n"}
,{"stream_name":"stdout","time":156.87623007,"data":"Done. Everything from this run is in /kaggle/working/runs/20260909-091343_vgg11_baseline60_vgg11\n"}
,{"stream_name":"stderr","time":161.738720115,"data":"/usr/local/lib/python3.12/dist-packages/mistune.py:435: SyntaxWarning: invalid escape sequence '\\|'\n"}
,{"stream_name":"stderr","time":161.738753784,"data":"  cells[i][c] = re.sub('\\\\\\\\\\|', '|', cell)\n"}
,{"stream_name":"stderr","time":161.992360806,"data":"/usr/local/lib/python3.12/dist-packages/nbconvert/filters/filter_links.py:36: SyntaxWarning: invalid escape sequence '\\_'\n"}
,{"stream_name":"stderr","time":161.992428696,"data":"  text = re.sub(r'_', '\\_', text) # Escape underscores in display text\n"}
,{"stream_name":"stderr","time":162.615073511,"data":"[NbConvertApp] Converting notebook __script__.ipynb to html\n"}
,{"stream_name":"stderr","time":163.856044923,"data":"[NbConvertApp] Writing 396598 bytes to __results__.html\n"}
]