[{"stream_name":"stdout","time":6.660134326,"data":"ENVIRONMENT {\"python\": \"3.12.13\", \"platform\": \"Linux-6.12.90+-x86_64-with-glibc2.35\", \"requested_gpu\": true, \"shipped\": 54, \"torch\": \"2.10.0+cu128\", \"cuda_version\": \"12.8\", \"cudnn\": 91002, \"cuda_available\": true, \"gpu_name\": \"Tesla T4\", \"gpu_total_vram_mib\": 14912, \"gpu_capability\": \"7.5\"}\n"}
,{"stream_name":"stdout","time":7.169071541,"data":"assets=/kaggle/input/datasets/idrisselk/cc-assets-r20bn\n"}
,{"stream_name":"stdout","time":7.169114027,"data":"checkpoints=/kaggle/input/datasets/idrisselk/cc-grid-final\n"}
,{"stream_name":"stdout","time":7.169120082,"data":"shard=2/4\n"}
,{"stream_name":"stdout","time":8.458604285,"data":"shard 2/4: 12 of 48 measurements\n"}
,{"stream_name":"stdout","time":124.787307093,"data":"  gaussian_postrelu__reference__seed0    fixed_batch_stats  train  trH=    2529.9 lam=     75.8    116s\n"}
,{"stream_name":"stdout","time":230.54318359,"data":"  gaussian_postrelu__reference__seed1    fixed_batch_stats  train  trH=    2650.2 lam=     80.0    222s\n"}
,{"stream_name":"stdout","time":357.793855006,"data":"  gaussian_postrelu__reference__seed2    fixed_batch_stats  train  trH=    2545.5 lam=     72.4    349s\n"}
,{"stream_name":"stdout","time":505.636941316,"data":"  plain__reference__seed0                fixed_batch_stats  train  trH=    3122.4 lam=     44.8    497s\n"}
,{"stream_name":"stdout","time":653.979388517,"data":"  plain__reference__seed1                fixed_batch_stats  train  trH=    3180.6 lam=     46.6    646s\n"}
,{"stream_name":"stdout","time":801.889723737,"data":"  plain__reference__seed2                fixed_batch_stats  train  trH=    3259.7 lam=     41.4    793s\n"}
,{"stream_name":"stdout","time":949.568183266,"data":"  resolution_max_b1__reference__seed0    fixed_batch_stats  train  trH=    2343.4 lam=     36.7    941s\n"}
,{"stream_name":"stdout","time":1082.558067296,"data":"  resolution_max_b1__reference__seed1    fixed_batch_stats  train  trH=    2290.0 lam=     37.4   1074s\n"}
,{"stream_name":"stdout","time":1230.703586752,"data":"  resolution_max_b1__reference__seed2    fixed_batch_stats  train  trH=    2237.7 lam=     38.7   1222s\n"}
,{"stream_name":"stdout","time":1372.671302232,"data":"  resolution_max_b1_gaussian_conv__reference__seed0 fixed_batch_stats  train  trH=    2020.0 lam=     30.1   1364s\n"}
,{"stream_name":"stdout","time":1520.125868264,"data":"  resolution_max_b1_gaussian_conv__reference__seed1 fixed_batch_stats  train  trH=    2010.3 lam=     32.5   1512s\n"}
,{"stream_name":"stdout","time":1661.819920582,"data":"  resolution_max_b1_gaussian_conv__reference__seed2 fixed_batch_stats  train  trH=    2008.2 lam=     35.5   1653s\n"}
,{"stream_name":"stdout","time":1661.8368751,"data":"done in 1653 s\n"}
,{"stream_name":"stderr","time":1666.3979139,"data":"/usr/local/lib/python3.12/dist-packages/mistune.py:435: SyntaxWarning: invalid escape sequence '\\|'\n"}
,{"stream_name":"stderr","time":1666.3979758,"data":"  cells[i][c] = re.sub('\\\\\\\\\\|', '|', cell)\n"}
,{"stream_name":"stderr","time":1666.712984302,"data":"/usr/local/lib/python3.12/dist-packages/nbconvert/filters/filter_links.py:36: SyntaxWarning: invalid escape sequence '\\_'\n"}
,{"stream_name":"stderr","time":1666.713015623,"data":"  text = re.sub(r'_', '\\_', text) # Escape underscores in display text\n"}
,{"stream_name":"stderr","time":1667.388928875,"data":"[NbConvertApp] Converting notebook __script__.ipynb to html\n"}
,{"stream_name":"stderr","time":1668.665933156,"data":"[NbConvertApp] Writing 402592 bytes to __results__.html\n"}
]