[{"stream_name":"stdout","time":13.238117536,"data":"{'torch': '2.10.0+cu128', 'cuda': '12.8', 'device': 'cuda', 'gpu': 'Tesla T4', 'cudnn_deterministic': True, 'inputs': '/kaggle/input/datasets/maxnikezz/landscape-v1-inputs', 'data_root': '/kaggle/input/datasets/pankrzysiu/cifar10-python'}\n"}
,{"stream_name":"stdout","time":24.051090488,"data":"checks: {'normalization_ok': True, 'reconstruction_ok': True, 'endpoints_ok': True, 'pca_ok': True, 'bypass_ok': True, 'determinism_ok': True, 'non_mutation_ok': True, 'subsets_ok': True}\n"}
,{"stream_name":"stdout","time":28.275114074,"data":"A1d__plain__seed0__pair0__D                                     4.2s\n"}
,{"stream_name":"stdout","time":32.513420679,"data":"A1d__plain__seed0__pair1__D                                     4.2s\n"}
,{"stream_name":"stdout","time":36.762963672,"data":"A1d__plain__seed0__pair2__D                                     4.2s\n"}
,{"stream_name":"stdout","time":41.023195214,"data":"A1d__plain__seed0__pair3__D                                     4.3s\n"}
,{"stream_name":"stdout","time":45.291135977,"data":"A1d__plain__seed0__pair4__D                                     4.3s\n"}
,{"stream_name":"stdout","time":49.569172192,"data":"A1d__plain__seed0__pair0__E                                     4.3s\n"}
,{"stream_name":"stdout","time":53.850251595,"data":"A1d__resolution_max_b1__seed0__pair0__D                         4.3s\n"}
,{"stream_name":"stdout","time":58.13482939,"data":"A1d__resolution_max_b1__seed0__pair1__D                         4.3s\n"}
,{"stream_name":"stdout","time":62.434487417,"data":"A1d__resolution_max_b1__seed0__pair2__D                         4.3s\n"}
,{"stream_name":"stdout","time":66.745564749,"data":"A1d__resolution_max_b1__seed0__pair3__D                         4.3s\n"}
,{"stream_name":"stdout","time":71.056496157,"data":"A1d__resolution_max_b1__seed0__pair4__D                         4.3s\n"}
,{"stream_name":"stdout","time":75.388170621,"data":"A1d__resolution_max_b1__seed0__pair0__E                         4.3s\n"}
,{"stream_name":"stdout","time":79.716892037,"data":"A1d__plain__seed1__pair0__D                                     4.3s\n"}
,{"stream_name":"stdout","time":84.060483172,"data":"A1d__plain__seed1__pair1__D                                     4.3s\n"}
,{"stream_name":"stdout","time":88.41598531,"data":"A1d__plain__seed1__pair2__D                                     4.4s\n"}
,{"stream_name":"stdout","time":92.77677217,"data":"A1d__plain__seed1__pair3__D                                     4.4s\n"}
,{"stream_name":"stdout","time":97.158869987,"data":"A1d__plain__seed1__pair4__D                                     4.4s\n"}
,{"stream_name":"stdout","time":101.54451159,"data":"A1d__plain__seed1__pair0__E                                     4.4s\n"}
,{"stream_name":"stdout","time":105.947788285,"data":"A1d__resolution_max_b1__seed1__pair0__D                         4.4s\n"}
,{"stream_name":"stdout","time":110.355986308,"data":"A1d__resolution_max_b1__seed1__pair1__D                         4.4s\n"}
,{"stream_name":"stdout","time":114.783966809,"data":"A1d__resolution_max_b1__seed1__pair2__D                         4.4s\n"}
,{"stream_name":"stdout","time":119.217614975,"data":"A1d__resolution_max_b1__seed1__pair3__D                         4.4s\n"}
,{"stream_name":"stdout","time":123.623270847,"data":"A1d__resolution_max_b1__seed1__pair4__D                         4.4s\n"}
,{"stream_name":"stdout","time":128.029919372,"data":"A1d__resolution_max_b1__seed1__pair0__E                         4.4s\n"}
,{"stream_name":"stdout","time":132.449529862,"data":"A1d__plain__seed2__pair0__D                                     4.4s\n"}
,{"stream_name":"stdout","time":136.901130902,"data":"A1d__plain__seed2__pair1__D                                     4.5s\n"}
,{"stream_name":"stdout","time":141.373180381,"data":"A1d__plain__seed2__pair2__D                                     4.5s\n"}
,{"stream_name":"stdout","time":145.849968073,"data":"A1d__plain__seed2__pair3__D                                     4.5s\n"}
,{"stream_name":"stdout","time":150.352190656,"data":"A1d__plain__seed2__pair4__D                                     4.5s\n"}
,{"stream_name":"stdout","time":154.886346126,"data":"A1d__plain__seed2__pair0__E                                     4.5s\n"}
,{"stream_name":"stdout","time":159.430106226,"data":"A1d__resolution_max_b1__seed2__pair0__D                         4.5s\n"}
,{"stream_name":"stdout","time":163.972061102,"data":"A1d__resolution_max_b1__seed2__pair1__D                         4.5s\n"}
,{"stream_name":"stdout","time":168.501158872,"data":"A1d__resolution_max_b1__seed2__pair2__D                         4.5s\n"}
,{"stream_name":"stdout","time":173.048496962,"data":"A1d__resolution_max_b1__seed2__pair3__D                         4.5s\n"}
,{"stream_name":"stdout","time":177.592485324,"data":"A1d__resolution_max_b1__seed2__pair4__D                         4.5s\n"}
,{"stream_name":"stdout","time":182.1395174,"data":"A1d__resolution_max_b1__seed2__pair0__E                         4.5s\n"}
,{"stream_name":"stdout","time":197.508747963,"data":"C_checkpoints                                                  15.4s\n"}
,{"stream_name":"stdout","time":332.482367756,"data":"C_plane                                                       135.0s\n"}
,{"stream_name":"stdout","time":343.558317746,"data":"D_interp__plain_vs_resolution_max_b1__seed0                    11.1s\n"}
,{"stream_name":"stdout","time":354.629428687,"data":"D_interp__plain_vs_resolution_max_b1__seed1                    11.1s\n"}
,{"stream_name":"stdout","time":365.69853493,"data":"D_interp__plain_vs_resolution_max_b1__seed2                    11.1s\n"}
,{"stream_name":"stdout","time":404.130718407,"data":"S_saved_vs_recalibrated                                        38.4s\n"}
,{"stream_name":"stdout","time":404.130764845,"data":"job 2 done\n"}
,{"stream_name":"stderr","time":409.209679063,"data":"/usr/local/lib/python3.12/dist-packages/mistune.py:435: SyntaxWarning: invalid escape sequence '\\|'\n"}
,{"stream_name":"stderr","time":409.209739066,"data":"  cells[i][c] = re.sub('\\\\\\\\\\|', '|', cell)\n"}
,{"stream_name":"stderr","time":409.495212524,"data":"/usr/local/lib/python3.12/dist-packages/nbconvert/filters/filter_links.py:36: SyntaxWarning: invalid escape sequence '\\_'\n"}
,{"stream_name":"stderr","time":409.495240873,"data":"  text = re.sub(r'_', '\\_', text) # Escape underscores in display text\n"}
,{"stream_name":"stderr","time":410.192833869,"data":"[NbConvertApp] Converting notebook __script__.ipynb to html\n"}
,{"stream_name":"stderr","time":411.6092609,"data":"[NbConvertApp] Writing 369750 bytes to __results__.html\n"}
]