[{"stream_name":"stdout","time":171.67577753,"data":"[16:45:11 2026-09-17 gpu-] tests: 47 passed in 158.45s (0:02:38)\n"}
,{"stream_name":"stdout","time":188.213443522,"data":"[16:45:28 2026-09-17 gpu1] pilot sgd_standard_aug_160__resolution_max_b1__seed0 0.0212 s/update -\u003e 0.37 h, peak 430 MiB\n"}
,{"stream_name":"stdout","time":211.269052533,"data":"[16:45:51 2026-09-17 gpu0] pilot sgd_standard_aug_160__plain__seed0 0.0331 s/update -\u003e 0.58 h, peak 539 MiB\n"}
,{"stream_name":"stdout","time":221.177923627,"data":"[16:46:01 2026-09-17 gpu1] pilot sgd_standard_aug_160__resolution_max_b1_gaussian_conv__seed0 0.0319 s/update -\u003e 0.55 h, peak 721 MiB\n"}
,{"stream_name":"stdout","time":225.923302987,"data":"[16:46:05 2026-09-17 gpu0] pilot sgd_standard_aug_160__gaussian_postrelu__seed0 0.0452 s/update -\u003e 0.79 h, peak 953 MiB\n"}
,{"stream_name":"stdout","time":234.050610505,"data":"[16:46:14 2026-09-17 gpu1] pilot sgd_standard_aug_160__cbs_budget_matched__seed0 0.0385 s/update -\u003e 0.67 h, peak 838 MiB\n"}
,{"stream_name":"stdout","time":238.501683108,"data":"[16:46:18 2026-09-17 gpu0] pilot sgd_standard_aug_160__cbs_published_schedule__seed0 0.0382 s/update -\u003e 0.66 h, peak 838 MiB\n"}
,{"stream_name":"stdout","time":248.887949677,"data":"[16:46:28 2026-09-17 gpu0] pilot sgd_standard_aug_160__sdpoint__seed0 0.0301 s/update -\u003e 0.52 h, peak 785 MiB\n"}
,{"stream_name":"stdout","time":261.610987208,"data":"[16:46:41 2026-09-17 gpu0] pilot adamw_long_noaug_160__resolution_max_b1__seed0 0.0388 s/update -\u003e 0.67 h, peak 556 MiB\n"}
,{"stream_name":"stdout","time":271.855161208,"data":"[16:46:51 2026-09-17 gpu1] pilot adamw_long_noaug_160__plain__seed0 0.0445 s/update -\u003e 0.77 h, peak 574 MiB\n"}
,{"stream_name":"stdout","time":288.97517876,"data":"[16:47:09 2026-09-17 gpu1] pilot adamw_long_noaug_160__gaussian_postrelu__seed0 0.0563 s/update -\u003e 0.98 h, peak 632 MiB\n"}
,{"stream_name":"stdout","time":304.713937097,"data":"[16:47:24 2026-09-17 gpu1] pilot adamw_long_noaug_160__cbs_published_schedule__seed0 0.0503 s/update -\u003e 0.87 h, peak 597 MiB\n"}
,{"stream_name":"stdout","time":307.760671267,"data":"[16:47:27 2026-09-17 gpu0] pilot adamw_long_noaug_160__resolution_max_b1_gaussian_conv__seed0 0.0705 s/update -\u003e 1.23 h, peak 618 MiB\n"}
,{"stream_name":"stdout","time":318.335701712,"data":"[16:47:38 2026-09-17 gpu1] pilot adamw_long_noaug_160__sdpoint__seed0 0.0407 s/update -\u003e 0.71 h, peak 575 MiB\n"}
,{"stream_name":"stdout","time":323.337026294,"data":"[16:47:43 2026-09-17 gpu0] pilot adamw_long_noaug_160__cbs_budget_matched__seed0 0.0502 s/update -\u003e 0.87 h, peak 597 MiB\n"}
,{"stream_name":"stdout","time":331.723524226,"data":"[16:47:51 2026-09-17 gpu1] pilot adamw_long_aug_160__resolution_max_b1__seed0 0.0440 s/update -\u003e 0.76 h, peak 557 MiB\n"}
,{"stream_name":"stdout","time":361.598469021,"data":"[16:48:21 2026-09-17 gpu0] pilot adamw_long_aug_160__plain__seed0 0.0466 s/update -\u003e 0.81 h, peak 575 MiB\n"}
,{"stream_name":"stdout","time":378.402342008,"data":"[16:48:38 2026-09-17 gpu1] pilot adamw_long_aug_160__resolution_max_b1_gaussian_conv__seed0 0.0694 s/update -\u003e 1.21 h, peak 619 MiB\n"}
,{"stream_name":"stdout","time":378.893366865,"data":"[16:48:38 2026-09-17 gpu0] pilot adamw_long_aug_160__gaussian_postrelu__seed0 0.0564 s/update -\u003e 0.98 h, peak 636 MiB\n"}
,{"stream_name":"stdout","time":394.029933068,"data":"[16:48:54 2026-09-17 gpu1] pilot adamw_long_aug_160__cbs_budget_matched__seed0 0.0486 s/update -\u003e 0.84 h, peak 598 MiB\n"}
,{"stream_name":"stdout","time":394.247955823,"data":"[16:48:54 2026-09-17 gpu0] pilot adamw_long_aug_160__cbs_published_schedule__seed0 0.0482 s/update -\u003e 0.84 h, peak 597 MiB\n"}
,{"stream_name":"stdout","time":407.655371323,"data":"[16:49:07 2026-09-17 gpu0] pilot adamw_long_aug_160__sdpoint__seed0 0.0415 s/update -\u003e 0.72 h, peak 575 MiB\n"}
,{"stream_name":"stdout","time":417.911066407,"data":"job finished {}\n"}
,{"stream_name":"stderr","time":420.45982903,"data":"/usr/local/lib/python3.12/dist-packages/mistune.py:435: SyntaxWarning: invalid escape sequence '\\|'\n"}
,{"stream_name":"stderr","time":420.459891724,"data":"  cells[i][c] = re.sub('\\\\\\\\\\|', '|', cell)\n"}
,{"stream_name":"stderr","time":420.718909808,"data":"/usr/local/lib/python3.12/dist-packages/nbconvert/filters/filter_links.py:36: SyntaxWarning: invalid escape sequence '\\_'\n"}
,{"stream_name":"stderr","time":420.718937118,"data":"  text = re.sub(r'_', '\\_', text) # Escape underscores in display text\n"}
,{"stream_name":"stderr","time":421.362026211,"data":"[NbConvertApp] Converting notebook __script__.ipynb to html\n"}
,{"stream_name":"stderr","time":422.629905139,"data":"[NbConvertApp] Writing 459569 bytes to __results__.html\n"}
]