[{"stream_name":"stdout","time":13.645197109,"data":"ENVIRONMENT {\"python\": \"3.12.13\", \"platform\": \"Linux-6.12.90+-x86_64-with-glibc2.35\", \"requested_gpu\": true, \"shipped\": 54, \"torch\": \"2.10.0+cu128\", \"cuda_version\": \"12.8\", \"cudnn\": 91002, \"cuda_available\": true, \"gpu_name\": \"Tesla T4\", \"gpu_total_vram_mib\": 14912, \"gpu_capability\": \"7.5\"}\n"}
,{"stream_name":"stdout","time":14.104530183,"data":"assets=/kaggle/input/datasets/idrisselkhamlichi/cc-assets-r20bn\n"}
,{"stream_name":"stdout","time":14.104614659,"data":"checkpoints=/kaggle/input/datasets/idrisselkhamlichi/cc-grid-final\n"}
,{"stream_name":"stdout","time":14.104624716,"data":"shard=1/4\n"}
,{"stream_name":"stdout","time":15.63254323,"data":"shard 1/4: 12 of 48 measurements\n"}
,{"stream_name":"stdout","time":122.37191399,"data":"  gaussian_postrelu__reference__seed0    running_stats      test   trH=   12481.1 lam=   1493.2    107s\n"}
,{"stream_name":"stdout","time":232.446460226,"data":"  gaussian_postrelu__reference__seed1    running_stats      test   trH=   13208.6 lam=   1457.1    217s\n"}
,{"stream_name":"stdout","time":323.125512309,"data":"  gaussian_postrelu__reference__seed2    running_stats      test   trH=   11803.4 lam=   1535.6    307s\n"}
,{"stream_name":"stdout","time":433.580116772,"data":"  plain__reference__seed0                running_stats      test   trH=   20395.0 lam=   2894.7    418s\n"}
,{"stream_name":"stdout","time":543.972865787,"data":"  plain__reference__seed1                running_stats      test   trH=   22167.4 lam=   2979.7    528s\n"}
,{"stream_name":"stdout","time":630.251155598,"data":"  plain__reference__seed2                running_stats      test   trH=   22796.6 lam=   3481.1    615s\n"}
,{"stream_name":"stdout","time":705.554698207,"data":"  resolution_max_b1__reference__seed0    running_stats      test   trH=   11999.5 lam=   1586.8    690s\n"}
,{"stream_name":"stdout","time":785.14073713,"data":"  resolution_max_b1__reference__seed1    running_stats      test   trH=   11745.4 lam=   1597.0    770s\n"}
,{"stream_name":"stdout","time":873.514112918,"data":"  resolution_max_b1__reference__seed2    running_stats      test   trH=   11536.6 lam=   1647.3    858s\n"}
,{"stream_name":"stdout","time":977.286786786,"data":"  resolution_max_b1_gaussian_conv__reference__seed0 running_stats      test   trH=   10864.2 lam=   1333.5    962s\n"}
,{"stream_name":"stdout","time":1087.785142704,"data":"  resolution_max_b1_gaussian_conv__reference__seed1 running_stats      test   trH=    9707.2 lam=   1245.2   1072s\n"}
,{"stream_name":"stdout","time":1198.250102657,"data":"  resolution_max_b1_gaussian_conv__reference__seed2 running_stats      test   trH=    8916.6 lam=   1341.4   1183s\n"}
,{"stream_name":"stdout","time":1198.269023218,"data":"done in 1183 s\n"}
,{"stream_name":"stderr","time":1205.944265704,"data":"/usr/local/lib/python3.12/dist-packages/mistune.py:435: SyntaxWarning: invalid escape sequence '\\|'\n"}
,{"stream_name":"stderr","time":1205.944350755,"data":"  cells[i][c] = re.sub('\\\\\\\\\\|', '|', cell)\n"}
,{"stream_name":"stderr","time":1206.514437375,"data":"/usr/local/lib/python3.12/dist-packages/nbconvert/filters/filter_links.py:36: SyntaxWarning: invalid escape sequence '\\_'\n"}
,{"stream_name":"stderr","time":1206.514474482,"data":"  text = re.sub(r'_', '\\_', text) # Escape underscores in display text\n"}
,{"stream_name":"stderr","time":1207.459183529,"data":"[NbConvertApp] Converting notebook __script__.ipynb to html\n"}
,{"stream_name":"stderr","time":1209.37446335,"data":"[NbConvertApp] Writing 402592 bytes to __results__.html\n"}
]