[{"stream_name":"stdout","time":7.035828568,"data":"{'torch': '2.10.0+cu128', 'cuda': '12.8', 'n_gpu': 2, 'gpus': ['Tesla T4', 'Tesla T4'], 'inputs': '/kaggle/input/datasets/maxmonstre/landscape-v3-inputs', 'data_root': '/kaggle/input/datasets/pankrzysiu/cifar10-python', 'pilot': False, 'n_tasks': 24, 'protocol': {'lanczos_m_max': 400, 'lanczos_check_every': 10, 'lanczos_tol': 0.001, 'lanczos_floor': 0.001, 'reuse_tolerance_ce': 1e-05, 'hess_fd_t': [1e-05, 3e-05, 0.0001, 0.0003, 0.001, 0.003, 0.01], '_fd_t_note': 'local dry run: r-normalised extreme eigendirections are far from quadratic already at t = 0.01 (top1 CE rise \u003e 100 nats); steps reduced to 1e-5..1e-2 (float64)', '_chosen_from_local_pilot': 'studies/landscape_v3/pilot/pilot_lanczos.json: plain seed 0, centre-frozen BN, train probe; ordinary and relative coordinates both met tol 1e-3 for top1/top2/min by 70 iterations with floor 1e-2; floor tightened to 1e-3 (scale = max(|theta|, 1e-3 |theta_top1|)); m_max 400 leaves \u003e5x headroom'}, 'tf32': False, 'cudnn_deterministic': True}\n"}
,{"stream_name":"stdout","time":15.976213825,"data":"inputs ok True reuse valid True 0.0\n"}
,{"stream_name":"stdout","time":95.866463217,"data":"[13:47:30 gpu0] pts__gaussian__seed0__epoch_030__r-_G0__probes__f64                    complete       75s\n"}
,{"stream_name":"stdout","time":98.040696002,"data":"[13:47:32 gpu1] pts__gaussian__seed1__epoch_030__r-_G0__probes__f64                    complete       77s\n"}
,{"stream_name":"stdout","time":170.072218135,"data":"[13:48:44 gpu0] pts__gaussian__seed2__epoch_030__r-_G0__probes__f64                    complete       74s\n"}
,{"stream_name":"stdout","time":173.955279332,"data":"[13:48:48 gpu1] pts__gaussian__seed3__epoch_030__r-_G0__probes__f64                    complete       76s\n"}
,{"stream_name":"stdout","time":244.378960727,"data":"[13:49:58 gpu0] pts__gaussian__seed4__epoch_030__r-_G0__probes__f64                    complete       74s\n"}
,{"stream_name":"stdout","time":249.920403488,"data":"[13:50:04 gpu1] pts__plain__seed0__epoch_030__r-_G-__probes__f64                       complete       76s\n"}
,{"stream_name":"stdout","time":318.729562346,"data":"[13:51:13 gpu0] pts__plain__seed1__epoch_030__r-_G-__probes__f64                       complete       74s\n"}
,{"stream_name":"stdout","time":325.920033291,"data":"[13:51:20 gpu1] pts__plain__seed2__epoch_030__r-_G-__probes__f64                       complete       76s\n"}
,{"stream_name":"stdout","time":393.047230831,"data":"[13:52:27 gpu0] pts__plain__seed3__epoch_030__r-_G-__probes__f64                       complete       74s\n"}
,{"stream_name":"stdout","time":401.889649763,"data":"[13:52:36 gpu1] pts__plain__seed4__epoch_030__r-_G-__probes__f64                       complete       76s\n"}
,{"stream_name":"stdout","time":467.496086631,"data":"[13:53:41 gpu0] pts__resolution__seed0__epoch_030__r32_G-__probes__f64                 complete       74s\n"}
,{"stream_name":"stdout","time":478.043817461,"data":"[13:53:52 gpu1] pts__resolution__seed1__epoch_030__r32_G-__probes__f64                 complete       76s\n"}
,{"stream_name":"stdout","time":541.879911962,"data":"[13:54:56 gpu0] pts__resolution__seed2__epoch_030__r32_G-__probes__f64                 complete       74s\n"}
,{"stream_name":"stdout","time":554.148673449,"data":"[13:55:08 gpu1] pts__resolution__seed3__epoch_030__r32_G-__probes__f64                 complete       76s\n"}
,{"stream_name":"stdout","time":616.298987551,"data":"[13:56:10 gpu0] pts__resolution__seed4__epoch_030__r32_G-__probes__f64                 complete       74s\n"}
,{"stream_name":"stdout","time":630.242297594,"data":"[13:56:24 gpu1] pts__combined__seed0__epoch_030__r32_G0__probes__f64                   complete       76s\n"}
,{"stream_name":"stdout","time":690.665979461,"data":"[13:57:24 gpu0] pts__combined__seed1__epoch_030__r32_G0__probes__f64                   complete       74s\n"}
,{"stream_name":"stdout","time":706.338448387,"data":"[13:57:40 gpu1] pts__combined__seed2__epoch_030__r32_G0__probes__f64                   complete       76s\n"}
,{"stream_name":"stdout","time":764.988341468,"data":"[13:58:39 gpu0] pts__combined__seed3__epoch_030__r32_G0__probes__f64                   complete       74s\n"}
,{"stream_name":"stdout","time":782.423034898,"data":"[13:58:56 gpu1] pts__combined__seed4__epoch_030__r32_G0__probes__f64                   complete       76s\n"}
,{"stream_name":"stdout","time":1029.582858376,"data":"[14:03:03 gpu0] grid__gaussian__seed0__epoch_030__r-_G0__probes__f32                   complete      265s\n"}
,{"stream_name":"stdout","time":1056.277450962,"data":"[14:03:30 gpu1] grid__plain__seed0__epoch_030__r-_G-__probes__f32                      complete      274s\n"}
,{"stream_name":"stdout","time":1294.293127182,"data":"[14:07:28 gpu0] grid__resolution__seed0__epoch_030__r32_G-__probes__f32                complete      265s\n"}
,{"stream_name":"stdout","time":1331.253503891,"data":"[14:08:05 gpu1] grid__combined__seed0__epoch_030__r32_G0__probes__f32                  complete      275s\n"}
,{"stream_name":"stdout","time":1331.798482719,"data":"job done {'start': 1789479960.5755355, 'input_check_seconds': 2.7105560302734375, 'reuse_reproduction_seconds': 6.229789733886719, 'eval_wall_seconds': 1315.805676460266, 'gpu_seconds_sum_of_tasks': 2583.4076948165894, 'gpu_seconds_by_kind': {'pts': 1505.2804379463196, 'grid': 1078.1272568702698}, 'n_gpus': 2, 'total_seconds': 1325.4824979305267}\n"}
,{"stream_name":"stderr","time":1334.613286984,"data":"/usr/local/lib/python3.12/dist-packages/mistune.py:435: SyntaxWarning: invalid escape sequence '\\|'\n"}
,{"stream_name":"stderr","time":1334.613318834,"data":"  cells[i][c] = re.sub('\\\\\\\\\\|', '|', cell)\n"}
,{"stream_name":"stderr","time":1334.919543781,"data":"/usr/local/lib/python3.12/dist-packages/nbconvert/filters/filter_links.py:36: SyntaxWarning: invalid escape sequence '\\_'\n"}
,{"stream_name":"stderr","time":1334.919572987,"data":"  text = re.sub(r'_', '\\_', text) # Escape underscores in display text\n"}
,{"stream_name":"stderr","time":1335.616665814,"data":"[NbConvertApp] Converting notebook __script__.ipynb to html\n"}
,{"stream_name":"stderr","time":1336.865799752,"data":"[NbConvertApp] Writing 529783 bytes to __results__.html\n"}
]