[{"stream_name":"stdout","time":9.119379447,"data":"cifar10-resnet 0.1.0\n"}
,{"stream_name":"stdout","time":9.131669863,"data":"config 'fast_steps_l2': resnet18, 50 epochs, seeds [0]\n"}
,{"stream_name":"stdout","time":9.131725649,"data":"torch 2.10.0+cu128\n"}
,{"stream_name":"stdout","time":9.875525903,"data":"device: cuda (Tesla T4, 14.6 GB)\n"}
,{"stream_name":"stdout","time":9.876118304,"data":"run dir: /kaggle/working/runs/20260908-130040_fast_steps_l2_resnet18\n"}
,{"stream_name":"stdout","time":9.889243924,"data":"CIFAR-10: pickled batches under /kaggle/input/datasets/idrisselkhamlichi/cifar-10-python\n"}
,{"stream_name":"stdout","time":12.89635381,"data":"CIFAR-10: 10000 train / 0 val / 10000 test, 75 MB resident (uint8)\n"}
,{"stream_name":"stdout","time":12.910033438,"data":"No W\u0026B key mounted: logging offline.\n"}
,{"stream_name":"stderr","time":14.350243594,"data":"wandb: Tracking run with wandb version 0.26.1\n"}
,{"stream_name":"stderr","time":14.350479519,"data":"wandb: W\u0026B syncing is set to `offline` in this directory. Run `wandb online` or set WANDB_MODE=online to enable cloud syncing.\n"}
,{"stream_name":"stderr","time":14.350496514,"data":"wandb: Run data is saved locally in /kaggle/working/wandb/offline-run-20260908_130043-1a7p2yki\n"}
,{"stream_name":"stdout","time":15.848809429,"data":"\n"}
,{"stream_name":"stdout","time":15.848840754,"data":"--- seed 0 ---\n"}
,{"stream_name":"stdout","time":16.041345133,"data":"model: resnet18, 11.17M params\n"}
,{"stream_name":"stdout","time":21.229782765,"data":"  [seed 0] activation homotopy: alpha 1.0 -\u003e 0.0 (staircase), 1 group(s) over 17 sites (global/all)\n"}
,{"stream_name":"stdout","time":21.230414736,"data":"  [seed 0] continuation: 10 phases, lr restarts at each -- boundaries 0.00, 0.08, 0.16, 0.24, 0.32, 0.40, 0.48, 0.56, 0.64, 0.72, 1.00\n"}
,{"stream_name":"stdout","time":53.547606882,"data":"  [seed 0] --- phase 0 begins, alpha=1.000, grad norm 1.342 leaving the last phase\n"}
,{"stream_name":"stdout","time":53.548403063,"data":"  [seed 0] epoch 000  lr=0.0935  a=1.00  a0=0.1832  pen=0.0527  |dth|=3.3  loss=2.1809  test=0.2136  17.4s\n"}
,{"stream_name":"stdout","time":71.053334502,"data":"  [seed 0] epoch 001  lr=0.0592  a=1.00  a0=0.2220  pen=0.0783  |dth|=4.0  loss=2.1558  test=0.2576  10.7s\n"}
,{"stream_name":"stdout","time":88.513165442,"data":"  [seed 0] epoch 002  lr=0.0183  a=1.00  a0=0.2237  pen=0.0851  |dth|=4.1  loss=2.1199  test=0.2720  10.8s\n"}
,{"stream_name":"stdout","time":105.50547547,"data":"  [seed 0] epoch 003  lr=0.0000  a=1.00  a0=0.2288  pen=0.0859  |dth|=4.1  loss=2.0850  test=0.2905  10.6s\n"}
,{"stream_name":"stdout","time":122.343037312,"data":"  [seed 0] --- phase 1 begins, alpha=0.889\n"}
,{"stream_name":"stdout","time":122.343610921,"data":"  [seed 0] epoch 004  lr=0.0938  a=0.89  a0=0.2210  pen=0.1214  |dth|=5.2  loss=2.1077  test=0.2898  10.5s\n"}
,{"stream_name":"stdout","time":139.522454852,"data":"  [seed 0] epoch 005  lr=0.0592  a=0.89  a0=0.1975  pen=0.1459  |dth|=5.7  loss=2.0670  test=0.3275  10.5s\n"}
,{"stream_name":"stdout","time":156.612947166,"data":"  [seed 0] epoch 006  lr=0.0183  a=0.89  a0=0.2000  pen=0.1502  |dth|=5.8  loss=1.9903  test=0.3358  10.6s\n"}
,{"stream_name":"stdout","time":173.708247973,"data":"  [seed 0] epoch 007  lr=0.0000  a=0.89  a0=0.2119  pen=0.1499  |dth|=5.8  loss=1.8977  test=0.3768  10.6s\n"}
,{"stream_name":"stdout","time":190.757138391,"data":"  [seed 0] --- phase 2 begins, alpha=0.778\n"}
,{"stream_name":"stdout","time":190.757716116,"data":"  [seed 0] epoch 008  lr=0.0938  a=0.78  a0=0.2396  pen=0.1758  |dth|=6.7  loss=1.9442  test=0.3418  10.6s\n"}
,{"stream_name":"stdout","time":207.769526998,"data":"  [seed 0] epoch 009  lr=0.0597  a=0.78  a0=0.2569  pen=0.1851  |dth|=6.9  loss=1.9228  test=0.3490  10.5s\n"}
,{"stream_name":"stdout","time":225.030487754,"data":"  [seed 0] epoch 010  lr=0.0187  a=0.78  a0=0.2681  pen=0.1865  |dth|=6.9  loss=1.8463  test=0.4029  10.5s\n"}
,{"stream_name":"stdout","time":241.996500683,"data":"  [seed 0] epoch 011  lr=0.0000  a=0.78  a0=0.2708  pen=0.1852  |dth|=6.9  loss=1.7676  test=0.4342  10.5s\n"}
,{"stream_name":"stdout","time":258.965528107,"data":"  [seed 0] --- phase 3 begins, alpha=0.667\n"}
,{"stream_name":"stdout","time":258.965990843,"data":"  [seed 0] epoch 012  lr=0.0938  a=0.67  a0=0.3271  pen=0.1994  |dth|=7.7  loss=1.8331  test=0.3810  10.5s\n"}
,{"stream_name":"stdout","time":275.947039532,"data":"  [seed 0] epoch 013  lr=0.0597  a=0.67  a0=0.2973  pen=0.2162  |dth|=8.1  loss=1.8217  test=0.4207  10.5s\n"}
,{"stream_name":"stdout","time":292.954807747,"data":"  [seed 0] epoch 014  lr=0.0187  a=0.67  a0=0.3131  pen=0.2179  |dth|=8.1  loss=1.7446  test=0.4526  10.5s\n"}
,{"stream_name":"stdout","time":310.201378628,"data":"  [seed 0] epoch 015  lr=0.0000  a=0.67  a0=0.3419  pen=0.2173  |dth|=8.1  loss=1.6572  test=0.4865  10.5s\n"}
,{"stream_name":"stdout","time":327.202241212,"data":"  [seed 0] --- phase 4 begins, alpha=0.556\n"}
,{"stream_name":"stdout","time":327.202523572,"data":"  [seed 0] epoch 016  lr=0.0935  a=0.56  a0=0.3863  pen=0.2324  |dth|=9.2  loss=1.7249  test=0.4391  10.5s\n"}
,{"stream_name":"stdout","time":344.210986964,"data":"  [seed 0] epoch 017  lr=0.0597  a=0.56  a0=0.4290  pen=0.2543  |dth|=9.6  loss=1.7225  test=0.4561  10.5s\n"}
,{"stream_name":"stdout","time":361.230022062,"data":"  [seed 0] epoch 018  lr=0.0187  a=0.56  a0=0.4511  pen=0.2598  |dth|=9.7  loss=1.6183  test=0.5249  10.6s\n"}
,{"stream_name":"stdout","time":378.252240282,"data":"  [seed 0] epoch 019  lr=0.0000  a=0.56  a0=0.4640  pen=0.2599  |dth|=9.7  loss=1.5001  test=0.5676  10.5s\n"}
,{"stream_name":"stdout","time":395.524210138,"data":"  [seed 0] --- phase 5 begins, alpha=0.444, grad norm 3.128 leaving the last phase\n"}
,{"stream_name":"stdout","time":395.525169755,"data":"  [seed 0] epoch 020  lr=0.0938  a=0.44  a0=0.4918  pen=0.2777  |dth|=11.2  loss=1.5799  test=0.4874  10.6s\n"}
,{"stream_name":"stdout","time":412.527027501,"data":"  [seed 0] epoch 021  lr=0.0597  a=0.44  a0=0.5262  pen=0.3056  |dth|=11.7  loss=1.5787  test=0.5260  10.5s\n"}
,{"stream_name":"stdout","time":429.545928732,"data":"  [seed 0] epoch 022  lr=0.0187  a=0.44  a0=0.5645  pen=0.3085  |dth|=11.8  loss=1.4491  test=0.6092  10.5s\n"}
,{"stream_name":"stdout","time":446.570977499,"data":"  [seed 0] epoch 023  lr=0.0000  a=0.44  a0=0.5730  pen=0.3073  |dth|=11.8  loss=1.3231  test=0.6371  10.5s\n"}
,{"stream_name":"stdout","time":463.585535564,"data":"  [seed 0] --- phase 6 begins, alpha=0.333\n"}
,{"stream_name":"stdout","time":463.586390781,"data":"  [seed 0] epoch 024  lr=0.0938  a=0.33  a0=0.5467  pen=0.2975  |dth|=13.4  loss=1.4164  test=0.5157  10.6s\n"}
,{"stream_name":"stdout","time":480.84175325,"data":"  [seed 0] epoch 025  lr=0.0597  a=0.33  a0=0.6051  pen=0.3292  |dth|=14.1  loss=1.4279  test=0.6121  10.5s\n"}
,{"stream_name":"stdout","time":497.839958728,"data":"  [seed 0] epoch 026  lr=0.0187  a=0.33  a0=0.6301  pen=0.3318  |dth|=14.1  loss=1.3132  test=0.6579  10.5s\n"}
,{"stream_name":"stdout","time":514.843691536,"data":"  [seed 0] epoch 027  lr=0.0000  a=0.33  a0=0.6392  pen=0.3308  |dth|=14.1  loss=1.1867  test=0.6861  10.5s\n"}
,{"stream_name":"stdout","time":531.848993468,"data":"  [seed 0] --- phase 7 begins, alpha=0.222\n"}
,{"stream_name":"stdout","time":531.84960073,"data":"  [seed 0] epoch 028  lr=0.0938  a=0.22  a0=0.6148  pen=0.2853  |dth|=16.0  loss=1.2571  test=0.5335  10.5s\n"}
,{"stream_name":"stdout","time":548.846185996,"data":"  [seed 0] epoch 029  lr=0.0597  a=0.22  a0=0.6535  pen=0.3205  |dth|=17.0  loss=1.2743  test=0.6507  10.5s\n"}
,{"stream_name":"stdout","time":566.089028258,"data":"  [seed 0] epoch 030  lr=0.0183  a=0.22  a0=0.6831  pen=0.3278  |dth|=17.2  loss=1.1462  test=0.6966  10.5s\n"}
,{"stream_name":"stdout","time":583.078360825,"data":"  [seed 0] epoch 031  lr=0.0000  a=0.22  a0=0.6986  pen=0.3274  |dth|=17.2  loss=1.0276  test=0.7293  10.5s\n"}
,{"stream_name":"stdout","time":600.095834796,"data":"  [seed 0] --- phase 8 begins, alpha=0.111\n"}
,{"stream_name":"stdout","time":600.096460324,"data":"  [seed 0] epoch 032  lr=0.0938  a=0.11  a0=0.6502  pen=0.2161  |dth|=19.8  loss=1.0636  test=0.5773  10.6s\n"}
,{"stream_name":"stdout","time":617.097789913,"data":"  [seed 0] epoch 033  lr=0.0597  a=0.11  a0=0.7041  pen=0.2508  |dth|=21.3  loss=1.0618  test=0.6640  10.6s\n"}
,{"stream_name":"stdout","time":634.097098904,"data":"  [seed 0] epoch 034  lr=0.0183  a=0.11  a0=0.7325  pen=0.2606  |dth|=21.7  loss=0.9310  test=0.7455  10.6s\n"}
,{"stream_name":"stdout","time":651.341441415,"data":"  [seed 0] epoch 035  lr=0.0000  a=0.11  a0=0.7523  pen=0.2614  |dth|=21.7  loss=0.8159  test=0.7711  10.6s\n"}
,{"stream_name":"stdout","time":663.927282565,"data":"  [seed 0] --- phase 9 begins, alpha=0.000\n"}
,{"stream_name":"stdout","time":663.927684908,"data":"  [seed 0] epoch 036  lr=0.0716  a=0.00  a0=0.6302  pen=0.0000  |dth|=22.9  loss=0.5960  test=0.6302  10.3s\n"}
,{"stream_name":"stdout","time":676.525857797,"data":"  [seed 0] epoch 037  lr=0.0995  a=0.00  a0=0.7122  pen=0.0000  |dth|=26.7  loss=0.7356  test=0.7122  10.3s\n"}
,{"stream_name":"stdout","time":689.112329325,"data":"  [seed 0] epoch 038  lr=0.0962  a=0.00  a0=0.6639  pen=0.0000  |dth|=29.8  loss=0.7056  test=0.6639  10.3s\n"}
,{"stream_name":"stdout","time":701.693853072,"data":"  [seed 0] epoch 039  lr=0.0899  a=0.00  a0=0.6662  pen=0.0000  |dth|=32.4  loss=0.6292  test=0.6662  10.3s\n"}
,{"stream_name":"stdout","time":714.523197265,"data":"  [seed 0] epoch 040  lr=0.0813  a=0.00  a0=0.7201  pen=0.0000  |dth|=34.6  loss=0.5781  test=0.7201  10.3s\n"}
,{"stream_name":"stdout","time":727.096346279,"data":"  [seed 0] epoch 041  lr=0.0707  a=0.00  a0=0.7328  pen=0.0000  |dth|=36.3  loss=0.5173  test=0.7328  10.3s\n"}
,{"stream_name":"stdout","time":739.679270473,"data":"  [seed 0] epoch 042  lr=0.0588  a=0.00  a0=0.7525  pen=0.0000  |dth|=37.7  loss=0.4692  test=0.7525  10.3s\n"}
,{"stream_name":"stdout","time":752.266152311,"data":"  [seed 0] epoch 043  lr=0.0464  a=0.00  a0=0.7710  pen=0.0000  |dth|=38.8  loss=0.4126  test=0.7710  10.3s\n"}
,{"stream_name":"stdout","time":764.839695725,"data":"  [seed 0] epoch 044  lr=0.0344  a=0.00  a0=0.7930  pen=0.0000  |dth|=39.5  loss=0.3395  test=0.7930  10.3s\n"}
,{"stream_name":"stdout","time":777.675358295,"data":"  [seed 0] epoch 045  lr=0.0231  a=0.00  a0=0.8058  pen=0.0000  |dth|=40.0  loss=0.2980  test=0.8058  10.3s\n"}
,{"stream_name":"stdout","time":790.242918542,"data":"  [seed 0] epoch 046  lr=0.0135  a=0.00  a0=0.8120  pen=0.0000  |dth|=40.3  loss=0.2296  test=0.8120  10.3s\n"}
,{"stream_name":"stdout","time":802.807333476,"data":"  [seed 0] epoch 047  lr=0.0062  a=0.00  a0=0.8261  pen=0.0000  |dth|=40.4  loss=0.1965  test=0.8261  10.3s\n"}
,{"stream_name":"stdout","time":815.37749942,"data":"  [seed 0] epoch 048  lr=0.0016  a=0.00  a0=0.8298  pen=0.0000  |dth|=40.5  loss=0.1713  test=0.8298  10.3s\n"}
,{"stream_name":"stdout","time":828.202592023,"data":"  [seed 0] epoch 049  lr=0.0000  a=0.00  a0=0.8303  pen=0.0000  |dth|=40.5  loss=0.1574  test=0.8303  10.3s\n"}
,{"stream_name":"stdout","time":832.696012798,"data":"  [seed 0] 807s  test_final=0.8303  test_selected=0.8303  train=0.9604  gap=+0.1301\n"}
,{"stream_name":"stdout","time":832.698127504,"data":"\n"}
,{"stream_name":"stdout","time":832.698450751,"data":"==============================================================================\n"}
,{"stream_name":"stdout","time":832.698939164,"data":"CIFAR-10 BASELINE  --  resnet18, 11,173,962 params, 50 epochs, 1 seeds\n"}
,{"stream_name":"stdout","time":832.699191198,"data":"config 'fast_steps_l2': sgd lr=0.1 mom=0.9 wd=0.0005 bs=128 cosine+5ep warmup, augment=True\n"}
,{"stream_name":"stdout","time":832.699881376,"data":"==============================================================================\n"}
,{"stream_name":"stdout","time":832.700107348,"data":"\n"}
,{"stream_name":"stdout","time":832.700228975,"data":"per seed:\n"}
,{"stream_name":"stdout","time":832.700895009,"data":"          seed    test acc  test err %   final acc   train acc     gen gap   worst cls      wall s\n"}
,{"stream_name":"stdout","time":832.701267984,"data":"             0      0.8303      16.970      0.8303      0.9604     +0.1301         nan         807\n"}
,{"stream_name":"stdout","time":832.701448313,"data":"\n"}
,{"stream_name":"stdout","time":832.701590062,"data":"mean +- sem  (min .. max):\n"}
,{"stream_name":"stdout","time":832.701888184,"data":"      test acc  0.8303   (0.8303 .. 0.8303)\n"}
,{"stream_name":"stdout","time":832.702267116,"data":"    test err %  16.970   (16.970 .. 16.970)\n"}
,{"stream_name":"stdout","time":832.702562295,"data":"     final acc  0.8303   (0.8303 .. 0.8303)\n"}
,{"stream_name":"stdout","time":832.703240767,"data":"     train acc  0.9604   (0.9604 .. 0.9604)\n"}
,{"stream_name":"stdout","time":832.703966728,"data":"       gen gap  +0.1301   (+0.1301 .. +0.1301)\n"}
,{"stream_name":"stdout","time":832.704397645,"data":"        wall s  807   (807 .. 807)\n"}
,{"stream_name":"stdout","time":832.704532716,"data":"\n"}
,{"stream_name":"stdout","time":832.704886548,"data":"model selection: final_epoch -- no validation split, so 'selected' == final epoch\n"}
,{"stream_name":"stdout","time":832.705439092,"data":"throughput: 619 img/s mean\n"}
,{"stream_name":"stdout","time":832.706277169,"data":"\n"}
,{"stream_name":"stdout","time":832.706488271,"data":"results written to /kaggle/working/runs/20260908-130040_fast_steps_l2_resnet18/results.json\n"}
,{"stream_name":"stdout","time":832.712825944,"data":"history written to /kaggle/working/runs/20260908-130040_fast_steps_l2_resnet18/history.jsonl and /kaggle/working/runs/20260908-130040_fast_steps_l2_resnet18/history.csv (50 epoch rows)\n"}
,{"stream_name":"stderr","time":832.72254582,"data":"wandb: \n"}
,{"stream_name":"stderr","time":832.722570744,"data":"wandb: Run history:\n"}
,{"stream_name":"stderr","time":832.72257678,"data":"wandb: s0/alpha_max_group ████▇▇▆▆▆▆▆▆▅▅▅▄▄▄▄▃▃▃▃▃▃▂▂▂▂▁▁▁▁▁▁▁▁▁▁▁\n"}
,{"stream_name":"stderr","time":832.722583491,"data":"wandb:      s0/alpha_mean ███▇▇▇▆▆▆▆▆▆▆▅▅▅▄▄▄▄▃▃▃▃▃▂▂▂▂▁▁▁▁▁▁▁▁▁▁▁\n"}
,{"stream_name":"stderr","time":832.722588673,"data":"wandb: s0/alpha_min_group ████▇▇▇▆▆▆▆▆▆▅▅▅▄▄▄▄▃▃▃▃▃▂▂▂▂▁▁▁▁▁▁▁▁▁▁▁\n"}
,{"stream_name":"stderr","time":832.722592582,"data":"wandb:   s0/anchor_lambda ▁▁▁▁▁▁▁▁▁▁▁▁▁▁▁▁▁▁▁▁▁▁▁▁▁▁▁▁▁▁▁▁▁▁▁▁▁▁▁▁\n"}
,{"stream_name":"stderr","time":832.722596744,"data":"wandb:     s0/anchor_term ▂▃▃▃▄▄▄▅▅▅▅▆▆▆▆▆▆▇▇█▇██▇██▆▆▆▇▁▁▁▁▁▁▁▁▁▁\n"}
,{"stream_name":"stderr","time":832.722601973,"data":"wandb:         s0/ce_loss ████▇▇▆▇▆▆▇▆▆▆▆▅▅▅▅▄▅▄▄▃▄▃▃▄▃▃▃▃▃▃▂▂▂▁▁▁\n"}
,{"stream_name":"stderr","time":832.722616695,"data":"wandb:  s0/dead_frac_mean ▁▁▁▁▁▁▁▁▅██\n"}
,{"stream_name":"stderr","time":832.722620628,"data":"wandb:           s0/epoch ▁▁▁▁▂▂▂▂▂▂▃▃▃▃▃▄▄▄▄▄▄▅▅▅▅▆▆▆▆▆▆▇▇▇▇▇▇███\n"}
,{"stream_name":"stderr","time":832.72262548,"data":"wandb:         s0/epoch_s █▁▁▁▁▁▁▁▁▁▁▁▁▁▁▁▁▁▁▁▁▁▁▁▁▁▁▁▁▁▁▁▁▁▁▁▁▁▁▁\n"}
,{"stream_name":"stderr","time":832.722630073,"data":"wandb:  s0/grad_norm_mean ▁▃▆▄▅█▇▅█▅▄\n"}
,{"stream_name":"stderr","time":832.722633821,"data":"wandb:                +41 ...\n"}
,{"stream_name":"stderr","time":832.722637659,"data":"wandb: \n"}
,{"stream_name":"stderr","time":832.722642116,"data":"wandb: Run summary:\n"}
,{"stream_name":"stderr","time":832.722645853,"data":"wandb: s0/alpha_max_group 0\n"}
,{"stream_name":"stderr","time":832.722649974,"data":"wandb:      s0/alpha_mean 0\n"}
,{"stream_name":"stderr","time":832.722654327,"data":"wandb: s0/alpha_min_group 0\n"}
,{"stream_name":"stderr","time":832.722658344,"data":"wandb:   s0/anchor_lambda 0.01\n"}
,{"stream_name":"stderr","time":832.722662736,"data":"wandb:     s0/anchor_term 0\n"}
,{"stream_name":"stderr","time":832.722667108,"data":"wandb:         s0/ce_loss 0.12996\n"}
,{"stream_name":"stderr","time":832.722671339,"data":"wandb:  s0/dead_frac_mean 0.00184\n"}
,{"stream_name":"stderr","time":832.722674828,"data":"wandb:           s0/epoch 49\n"}
,{"stream_name":"stderr","time":832.722678464,"data":"wandb:         s0/epoch_s 10.32013\n"}
,{"stream_name":"stderr","time":832.722682865,"data":"wandb:  s0/grad_norm_mean 0.56556\n"}
,{"stream_name":"stderr","time":832.722686491,"data":"wandb:                +46 ...\n"}
,{"stream_name":"stderr","time":832.722690213,"data":"wandb: \n"}
,{"stream_name":"stderr","time":832.72322237,"data":"wandb: You can sync this run to the cloud by running:\n"}
,{"stream_name":"stderr","time":832.723232443,"data":"wandb: wandb sync /kaggle/working/wandb/offline-run-20260908_130043-1a7p2yki\n"}
,{"stream_name":"stderr","time":832.723236961,"data":"wandb: Find logs at: ./wandb/offline-run-20260908_130043-1a7p2yki/logs\n"}
,{"stream_name":"stdout","time":832.723781897,"data":"\n"}
,{"stream_name":"stdout","time":832.723968537,"data":"Done. Everything from this run is in /kaggle/working/runs/20260908-130040_fast_steps_l2_resnet18\n"}
,{"stream_name":"stderr","time":837.924496199,"data":"/usr/local/lib/python3.12/dist-packages/mistune.py:435: SyntaxWarning: invalid escape sequence '\\|'\n"}
,{"stream_name":"stderr","time":837.92454504,"data":"  cells[i][c] = re.sub('\\\\\\\\\\|', '|', cell)\n"}
,{"stream_name":"stderr","time":838.231331746,"data":"/usr/local/lib/python3.12/dist-packages/nbconvert/filters/filter_links.py:36: SyntaxWarning: invalid escape sequence '\\_'\n"}
,{"stream_name":"stderr","time":838.231369681,"data":"  text = re.sub(r'_', '\\_', text) # Escape underscores in display text\n"}
,{"stream_name":"stderr","time":838.918854386,"data":"[NbConvertApp] Converting notebook __script__.ipynb to html\n"}
,{"stream_name":"stderr","time":840.278525281,"data":"[NbConvertApp] Writing 386418 bytes to __results__.html\n"}
]