[{"stream_name":"stdout","time":9.326253388,"data":"cifar10-resnet 0.1.0\n"}
,{"stream_name":"stdout","time":9.339502869,"data":"config 'full80_baseline': resnet18, 80 epochs, seeds [0, 1, 2]\n"}
,{"stream_name":"stdout","time":9.339526172,"data":"torch 2.10.0+cu128\n"}
,{"stream_name":"stdout","time":10.098398069,"data":"device: cuda (Tesla T4, 14.6 GB)\n"}
,{"stream_name":"stdout","time":10.099133482,"data":"run dir: /kaggle/working/runs/20260908-150601_full80_baseline_resnet18\n"}
,{"stream_name":"stdout","time":10.109882842,"data":"CIFAR-10: pickled batches under /kaggle/input/datasets/idrisselkhamlichi/cifar-10-python\n"}
,{"stream_name":"stdout","time":12.927630056,"data":"CIFAR-10: 50000 train / 0 val / 10000 test, 258 MB resident (uint8)\n"}
,{"stream_name":"stdout","time":12.94173366,"data":"No W\u0026B key mounted: logging offline.\n"}
,{"stream_name":"stderr","time":14.37173573,"data":"wandb: Tracking run with wandb version 0.26.1\n"}
,{"stream_name":"stderr","time":14.372069315,"data":"wandb: W\u0026B syncing is set to `offline` in this directory. Run `wandb online` or set WANDB_MODE=online to enable cloud syncing.\n"}
,{"stream_name":"stderr","time":14.372092081,"data":"wandb: Run data is saved locally in /kaggle/working/wandb/offline-run-20260908_150605-r2ki90bf\n"}
,{"stream_name":"stdout","time":15.77834511,"data":"\n"}
,{"stream_name":"stdout","time":15.778552602,"data":"--- seed 0 ---\n"}
,{"stream_name":"stdout","time":15.967445273,"data":"model: resnet18, 11.17M params\n"}
,{"stream_name":"stdout","time":86.630709698,"data":"  [seed 0] epoch 000  lr=0.0200  loss=1.9643  test=0.3594  55.5s\n"}
,{"stream_name":"stdout","time":143.24940386,"data":"  [seed 0] epoch 001  lr=0.0400  loss=1.5720  test=0.4554  54.1s\n"}
,{"stream_name":"stdout","time":198.611223599,"data":"  [seed 0] epoch 002  lr=0.0600  loss=1.1915  test=0.5694  52.9s\n"}
,{"stream_name":"stdout","time":254.58750985,"data":"  [seed 0] epoch 003  lr=0.0800  loss=0.9593  test=0.5951  53.5s\n"}
,{"stream_name":"stdout","time":310.331681873,"data":"  [seed 0] epoch 004  lr=0.1000  loss=0.8198  test=0.6575  53.2s\n"}
,{"stream_name":"stdout","time":366.545579161,"data":"  [seed 0] epoch 005  lr=0.1000  loss=0.6950  test=0.7038  53.5s\n"}
,{"stream_name":"stdout","time":422.406538655,"data":"  [seed 0] epoch 006  lr=0.0998  loss=0.6038  test=0.7883  53.4s\n"}
,{"stream_name":"stdout","time":478.089951179,"data":"  [seed 0] epoch 007  lr=0.0996  loss=0.5522  test=0.7998  53.2s\n"}
,{"stream_name":"stdout","time":533.658170874,"data":"  [seed 0] epoch 008  lr=0.0993  loss=0.5172  test=0.7696  53.1s\n"}
,{"stream_name":"stdout","time":589.137455252,"data":"  [seed 0] epoch 009  lr=0.0989  loss=0.4837  test=0.7754  53.0s\n"}
,{"stream_name":"stdout","time":644.708904086,"data":"  [seed 0] epoch 010  lr=0.0984  loss=0.4657  test=0.7676  53.0s\n"}
,{"stream_name":"stdout","time":700.248392013,"data":"  [seed 0] epoch 011  lr=0.0979  loss=0.4477  test=0.8017  53.1s\n"}
,{"stream_name":"stdout","time":755.941116775,"data":"  [seed 0] epoch 012  lr=0.0972  loss=0.4228  test=0.8129  53.2s\n"}
,{"stream_name":"stdout","time":811.724985681,"data":"  [seed 0] epoch 013  lr=0.0965  loss=0.4107  test=0.8293  53.3s\n"}
,{"stream_name":"stdout","time":867.470399635,"data":"  [seed 0] epoch 014  lr=0.0957  loss=0.3964  test=0.7662  53.3s\n"}
,{"stream_name":"stdout","time":923.125759319,"data":"  [seed 0] epoch 015  lr=0.0948  loss=0.3882  test=0.8087  53.0s\n"}
,{"stream_name":"stdout","time":978.448614672,"data":"  [seed 0] epoch 016  lr=0.0938  loss=0.3800  test=0.8401  52.9s\n"}
,{"stream_name":"stdout","time":1033.719743191,"data":"  [seed 0] epoch 017  lr=0.0928  loss=0.3715  test=0.7968  52.8s\n"}
,{"stream_name":"stdout","time":1089.01933623,"data":"  [seed 0] epoch 018  lr=0.0916  loss=0.3607  test=0.8135  52.9s\n"}
,{"stream_name":"stdout","time":1144.550272448,"data":"  [seed 0] epoch 019  lr=0.0905  loss=0.3522  test=0.8432  53.1s\n"}
,{"stream_name":"stdout","time":1200.422684291,"data":"  [seed 0] epoch 020  lr=0.0892  loss=0.3421  test=0.7663  53.2s\n"}
,{"stream_name":"stdout","time":1256.062123019,"data":"  [seed 0] epoch 021  lr=0.0879  loss=0.3401  test=0.8348  53.2s\n"}
,{"stream_name":"stdout","time":1311.761989078,"data":"  [seed 0] epoch 022  lr=0.0865  loss=0.3321  test=0.7973  53.2s\n"}
,{"stream_name":"stdout","time":1367.319226941,"data":"  [seed 0] epoch 023  lr=0.0850  loss=0.3234  test=0.8533  53.1s\n"}
,{"stream_name":"stdout","time":1422.663781028,"data":"  [seed 0] epoch 024  lr=0.0835  loss=0.3211  test=0.8427  52.9s\n"}
,{"stream_name":"stdout","time":1478.054189356,"data":"  [seed 0] epoch 025  lr=0.0819  loss=0.3152  test=0.8569  52.8s\n"}
,{"stream_name":"stdout","time":1533.237937242,"data":"  [seed 0] epoch 026  lr=0.0802  loss=0.3100  test=0.8581  52.7s\n"}
,{"stream_name":"stdout","time":1588.639827716,"data":"  [seed 0] epoch 027  lr=0.0785  loss=0.3035  test=0.8599  53.0s\n"}
,{"stream_name":"stdout","time":1644.194790934,"data":"  [seed 0] epoch 028  lr=0.0768  loss=0.2963  test=0.8334  53.1s\n"}
,{"stream_name":"stdout","time":1699.816362517,"data":"  [seed 0] epoch 029  lr=0.0750  loss=0.2861  test=0.8602  53.2s\n"}
,{"stream_name":"stdout","time":1755.689011885,"data":"  [seed 0] epoch 030  lr=0.0732  loss=0.2833  test=0.8576  53.2s\n"}
,{"stream_name":"stdout","time":1811.353188417,"data":"  [seed 0] epoch 031  lr=0.0713  loss=0.2743  test=0.8364  53.2s\n"}
,{"stream_name":"stdout","time":1866.859398104,"data":"  [seed 0] epoch 032  lr=0.0694  loss=0.2717  test=0.8804  53.1s\n"}
,{"stream_name":"stdout","time":1922.178714289,"data":"  [seed 0] epoch 033  lr=0.0674  loss=0.2608  test=0.8641  52.9s\n"}
,{"stream_name":"stdout","time":1977.334374642,"data":"  [seed 0] epoch 034  lr=0.0655  loss=0.2573  test=0.8476  52.7s\n"}
,{"stream_name":"stdout","time":2032.73137973,"data":"  [seed 0] epoch 035  lr=0.0635  loss=0.2469  test=0.8824  52.8s\n"}
,{"stream_name":"stdout","time":2088.154317914,"data":"  [seed 0] epoch 036  lr=0.0614  loss=0.2475  test=0.8532  53.0s\n"}
,{"stream_name":"stdout","time":2143.689172727,"data":"  [seed 0] epoch 037  lr=0.0594  loss=0.2398  test=0.8765  53.1s\n"}
,{"stream_name":"stdout","time":2199.281195682,"data":"  [seed 0] epoch 038  lr=0.0573  loss=0.2336  test=0.8587  53.1s\n"}
,{"stream_name":"stdout","time":2254.90042883,"data":"  [seed 0] epoch 039  lr=0.0552  loss=0.2256  test=0.8800  53.2s\n"}
,{"stream_name":"stdout","time":2310.802898799,"data":"  [seed 0] epoch 040  lr=0.0531  loss=0.2166  test=0.8776  53.2s\n"}
,{"stream_name":"stdout","time":2366.447026412,"data":"  [seed 0] epoch 041  lr=0.0511  loss=0.2136  test=0.8850  53.2s\n"}
,{"stream_name":"stdout","time":2422.120426008,"data":"  [seed 0] epoch 042  lr=0.0490  loss=0.2062  test=0.8889  53.2s\n"}
,{"stream_name":"stdout","time":2477.756991772,"data":"  [seed 0] epoch 043  lr=0.0469  loss=0.1966  test=0.8838  53.2s\n"}
,{"stream_name":"stdout","time":2533.367284888,"data":"  [seed 0] epoch 044  lr=0.0448  loss=0.1934  test=0.8753  53.1s\n"}
,{"stream_name":"stdout","time":2589.174135148,"data":"  [seed 0] epoch 045  lr=0.0427  loss=0.1838  test=0.8919  53.2s\n"}
,{"stream_name":"stdout","time":2644.716973897,"data":"  [seed 0] epoch 046  lr=0.0406  loss=0.1727  test=0.9046  53.1s\n"}
,{"stream_name":"stdout","time":2700.314196958,"data":"  [seed 0] epoch 047  lr=0.0386  loss=0.1674  test=0.8696  53.1s\n"}
,{"stream_name":"stdout","time":2755.935418649,"data":"  [seed 0] epoch 048  lr=0.0366  loss=0.1574  test=0.8994  53.2s\n"}
,{"stream_name":"stdout","time":2811.346109908,"data":"  [seed 0] epoch 049  lr=0.0346  loss=0.1512  test=0.9032  53.0s\n"}
,{"stream_name":"stdout","time":2866.736784263,"data":"  [seed 0] epoch 050  lr=0.0326  loss=0.1416  test=0.8933  52.8s\n"}
,{"stream_name":"stdout","time":2921.893275164,"data":"  [seed 0] epoch 051  lr=0.0306  loss=0.1363  test=0.8983  52.7s\n"}
,{"stream_name":"stdout","time":2977.143409149,"data":"  [seed 0] epoch 052  lr=0.0287  loss=0.1261  test=0.9078  52.8s\n"}
,{"stream_name":"stdout","time":3032.533855684,"data":"  [seed 0] epoch 053  lr=0.0268  loss=0.1177  test=0.9140  53.0s\n"}
,{"stream_name":"stdout","time":3088.053961071,"data":"  [seed 0] epoch 054  lr=0.0250  loss=0.1074  test=0.9161  53.1s\n"}
,{"stream_name":"stdout","time":3143.761424626,"data":"  [seed 0] epoch 055  lr=0.0232  loss=0.0953  test=0.9130  53.1s\n"}
,{"stream_name":"stdout","time":3199.331570011,"data":"  [seed 0] epoch 056  lr=0.0215  loss=0.0908  test=0.9190  53.1s\n"}
,{"stream_name":"stdout","time":3254.934936252,"data":"  [seed 0] epoch 057  lr=0.0198  loss=0.0847  test=0.9097  53.1s\n"}
,{"stream_name":"stdout","time":3310.583869435,"data":"  [seed 0] epoch 058  lr=0.0181  loss=0.0776  test=0.9248  53.2s\n"}
,{"stream_name":"stdout","time":3366.17235025,"data":"  [seed 0] epoch 059  lr=0.0165  loss=0.0678  test=0.9239  53.1s\n"}
,{"stream_name":"stdout","time":3421.985840023,"data":"  [seed 0] epoch 060  lr=0.0150  loss=0.0576  test=0.9258  53.2s\n"}
,{"stream_name":"stdout","time":3477.308543304,"data":"  [seed 0] epoch 061  lr=0.0136  loss=0.0473  test=0.9297  52.9s\n"}
,{"stream_name":"stdout","time":3532.466999355,"data":"  [seed 0] epoch 062  lr=0.0122  loss=0.0403  test=0.9316  52.7s\n"}
,{"stream_name":"stdout","time":3587.598883395,"data":"  [seed 0] epoch 063  lr=0.0108  loss=0.0319  test=0.9341  52.7s\n"}
,{"stream_name":"stdout","time":3642.883209184,"data":"  [seed 0] epoch 064  lr=0.0096  loss=0.0273  test=0.9346  52.9s\n"}
,{"stream_name":"stdout","time":3698.437469192,"data":"  [seed 0] epoch 065  lr=0.0084  loss=0.0215  test=0.9389  53.0s\n"}
,{"stream_name":"stdout","time":3753.945307313,"data":"  [seed 0] epoch 066  lr=0.0072  loss=0.0157  test=0.9392  53.0s\n"}
,{"stream_name":"stdout","time":3809.452486364,"data":"  [seed 0] epoch 067  lr=0.0062  loss=0.0127  test=0.9430  53.0s\n"}
,{"stream_name":"stdout","time":3865.057215545,"data":"  [seed 0] epoch 068  lr=0.0052  loss=0.0100  test=0.9436  53.1s\n"}
,{"stream_name":"stdout","time":3920.651558405,"data":"  [seed 0] epoch 069  lr=0.0043  loss=0.0071  test=0.9464  53.1s\n"}
,{"stream_name":"stdout","time":3976.458138598,"data":"  [seed 0] epoch 070  lr=0.0035  loss=0.0056  test=0.9467  53.2s\n"}
,{"stream_name":"stdout","time":4032.076880976,"data":"  [seed 0] epoch 071  lr=0.0028  loss=0.0051  test=0.9453  53.1s\n"}
,{"stream_name":"stdout","time":4087.631312952,"data":"  [seed 0] epoch 072  lr=0.0021  loss=0.0040  test=0.9472  53.1s\n"}
,{"stream_name":"stdout","time":4143.254467335,"data":"  [seed 0] epoch 073  lr=0.0016  loss=0.0042  test=0.9484  53.2s\n"}
,{"stream_name":"stdout","time":4198.676338654,"data":"  [seed 0] epoch 074  lr=0.0011  loss=0.0040  test=0.9491  53.0s\n"}
,{"stream_name":"stdout","time":4254.148193396,"data":"  [seed 0] epoch 075  lr=0.0007  loss=0.0033  test=0.9484  52.9s\n"}
,{"stream_name":"stdout","time":4309.320039491,"data":"  [seed 0] epoch 076  lr=0.0004  loss=0.0033  test=0.9488  52.7s\n"}
,{"stream_name":"stdout","time":4364.578561986,"data":"  [seed 0] epoch 077  lr=0.0002  loss=0.0033  test=0.9486  52.8s\n"}
,{"stream_name":"stdout","time":4420.040572345,"data":"  [seed 0] epoch 078  lr=0.0000  loss=0.0032  test=0.9492  53.0s\n"}
,{"stream_name":"stdout","time":4475.806434409,"data":"  [seed 0] epoch 079  lr=0.0000  loss=0.0035  test=0.9485  53.1s\n"}
,{"stream_name":"stdout","time":4490.628432691,"data":"  [seed 0] 4455s  test_final=0.9485  test_selected=0.9485  train=0.9999  gap=+0.0514\n"}
,{"stream_name":"stdout","time":4490.630096781,"data":"\n"}
,{"stream_name":"stdout","time":4490.630430024,"data":"--- seed 1 ---\n"}
,{"stream_name":"stdout","time":4490.779147276,"data":"model: resnet18, 11.17M params\n"}
,{"stream_name":"stdout","time":4547.163663271,"data":"  [seed 1] epoch 000  lr=0.0200  loss=1.9632  test=0.3267  53.6s\n"}
,{"stream_name":"stdout","time":4603.029223908,"data":"  [seed 1] epoch 001  lr=0.0400  loss=1.5846  test=0.4450  53.4s\n"}
,{"stream_name":"stdout","time":4658.719788427,"data":"  [seed 1] epoch 002  lr=0.0600  loss=1.2117  test=0.5774  53.2s\n"}
,{"stream_name":"stdout","time":4714.330340652,"data":"  [seed 1] epoch 003  lr=0.0800  loss=0.9711  test=0.6732  53.1s\n"}
,{"stream_name":"stdout","time":4770.026906923,"data":"  [seed 1] epoch 004  lr=0.1000  loss=0.8348  test=0.7219  53.2s\n"}
,{"stream_name":"stdout","time":4826.026029238,"data":"  [seed 1] epoch 005  lr=0.1000  loss=0.6992  test=0.7741  53.3s\n"}
,{"stream_name":"stdout","time":4881.904147292,"data":"  [seed 1] epoch 006  lr=0.0998  loss=0.6022  test=0.7079  53.4s\n"}
,{"stream_name":"stdout","time":4937.730845361,"data":"  [seed 1] epoch 007  lr=0.0996  loss=0.5448  test=0.7686  53.3s\n"}
,{"stream_name":"stdout","time":4993.314127645,"data":"  [seed 1] epoch 008  lr=0.0993  loss=0.5055  test=0.7884  53.1s\n"}
,{"stream_name":"stdout","time":5048.760736946,"data":"  [seed 1] epoch 009  lr=0.0989  loss=0.4758  test=0.7880  53.0s\n"}
,{"stream_name":"stdout","time":5104.277073543,"data":"  [seed 1] epoch 010  lr=0.0984  loss=0.4535  test=0.8077  52.9s\n"}
,{"stream_name":"stdout","time":5159.594219755,"data":"  [seed 1] epoch 011  lr=0.0979  loss=0.4350  test=0.8160  52.9s\n"}
,{"stream_name":"stdout","time":5215.153612786,"data":"  [seed 1] epoch 012  lr=0.0972  loss=0.4161  test=0.7823  53.1s\n"}
,{"stream_name":"stdout","time":5270.837946034,"data":"  [seed 1] epoch 013  lr=0.0965  loss=0.4082  test=0.8171  53.2s\n"}
,{"stream_name":"stdout","time":5326.551725978,"data":"  [seed 1] epoch 014  lr=0.0957  loss=0.3972  test=0.8022  53.2s\n"}
,{"stream_name":"stdout","time":5382.495147121,"data":"  [seed 1] epoch 015  lr=0.0948  loss=0.3870  test=0.8229  53.3s\n"}
,{"stream_name":"stdout","time":5438.053693137,"data":"  [seed 1] epoch 016  lr=0.0938  loss=0.3753  test=0.8473  53.1s\n"}
,{"stream_name":"stdout","time":5493.420848127,"data":"  [seed 1] epoch 017  lr=0.0928  loss=0.3659  test=0.8497  52.9s\n"}
,{"stream_name":"stdout","time":5548.672943571,"data":"  [seed 1] epoch 018  lr=0.0916  loss=0.3622  test=0.8358  52.8s\n"}
,{"stream_name":"stdout","time":5603.903387789,"data":"  [seed 1] epoch 019  lr=0.0905  loss=0.3534  test=0.8555  52.8s\n"}
,{"stream_name":"stdout","time":5659.563107312,"data":"  [seed 1] epoch 020  lr=0.0892  loss=0.3419  test=0.8227  53.0s\n"}
,{"stream_name":"stdout","time":5715.146629269,"data":"  [seed 1] epoch 021  lr=0.0879  loss=0.3387  test=0.8569  53.1s\n"}
,{"stream_name":"stdout","time":5770.806993266,"data":"  [seed 1] epoch 022  lr=0.0865  loss=0.3322  test=0.8481  53.2s\n"}
,{"stream_name":"stdout","time":5826.503879731,"data":"  [seed 1] epoch 023  lr=0.0850  loss=0.3280  test=0.8658  53.2s\n"}
,{"stream_name":"stdout","time":5882.226808215,"data":"  [seed 1] epoch 024  lr=0.0835  loss=0.3141  test=0.8404  53.3s\n"}
,{"stream_name":"stdout","time":5937.89314815,"data":"  [seed 1] epoch 025  lr=0.0819  loss=0.3120  test=0.8515  53.1s\n"}
,{"stream_name":"stdout","time":5993.195616108,"data":"  [seed 1] epoch 026  lr=0.0802  loss=0.3074  test=0.7269  52.9s\n"}
,{"stream_name":"stdout","time":6048.406772458,"data":"  [seed 1] epoch 027  lr=0.0785  loss=0.3050  test=0.8419  52.8s\n"}
,{"stream_name":"stdout","time":6103.764773209,"data":"  [seed 1] epoch 028  lr=0.0768  loss=0.2932  test=0.8657  52.9s\n"}
,{"stream_name":"stdout","time":6159.236609988,"data":"  [seed 1] epoch 029  lr=0.0750  loss=0.2874  test=0.7882  53.0s\n"}
,{"stream_name":"stdout","time":6214.990875235,"data":"  [seed 1] epoch 030  lr=0.0732  loss=0.2862  test=0.8599  53.1s\n"}
,{"stream_name":"stdout","time":6270.610171421,"data":"  [seed 1] epoch 031  lr=0.0713  loss=0.2736  test=0.8783  53.2s\n"}
,{"stream_name":"stdout","time":6326.243428784,"data":"  [seed 1] epoch 032  lr=0.0694  loss=0.2727  test=0.8802  53.2s\n"}
,{"stream_name":"stdout","time":6381.601228673,"data":"  [seed 1] epoch 033  lr=0.0674  loss=0.2621  test=0.8547  52.9s\n"}
,{"stream_name":"stdout","time":6436.79958419,"data":"  [seed 1] epoch 034  lr=0.0655  loss=0.2562  test=0.8696  52.8s\n"}
,{"stream_name":"stdout","time":6492.141318123,"data":"  [seed 1] epoch 035  lr=0.0635  loss=0.2518  test=0.8747  52.7s\n"}
,{"stream_name":"stdout","time":6547.45703669,"data":"  [seed 1] epoch 036  lr=0.0614  loss=0.2474  test=0.8727  52.9s\n"}
,{"stream_name":"stdout","time":6602.890017586,"data":"  [seed 1] epoch 037  lr=0.0594  loss=0.2378  test=0.8603  53.0s\n"}
,{"stream_name":"stdout","time":6658.435430407,"data":"  [seed 1] epoch 038  lr=0.0573  loss=0.2322  test=0.8759  53.1s\n"}
,{"stream_name":"stdout","time":6713.977489648,"data":"  [seed 1] epoch 039  lr=0.0552  loss=0.2248  test=0.8622  53.1s\n"}
,{"stream_name":"stdout","time":6769.796686708,"data":"  [seed 1] epoch 040  lr=0.0531  loss=0.2213  test=0.8836  53.2s\n"}
,{"stream_name":"stdout","time":6825.386674509,"data":"  [seed 1] epoch 041  lr=0.0511  loss=0.2147  test=0.8732  53.1s\n"}
,{"stream_name":"stdout","time":6881.005431484,"data":"  [seed 1] epoch 042  lr=0.0490  loss=0.2067  test=0.8854  53.2s\n"}
,{"stream_name":"stdout","time":6936.664796561,"data":"  [seed 1] epoch 043  lr=0.0469  loss=0.1945  test=0.8879  53.2s\n"}
,{"stream_name":"stdout","time":6992.134414183,"data":"  [seed 1] epoch 044  lr=0.0448  loss=0.1887  test=0.8666  53.0s\n"}
,{"stream_name":"stdout","time":7047.542629854,"data":"  [seed 1] epoch 045  lr=0.0427  loss=0.1851  test=0.8741  52.8s\n"}
,{"stream_name":"stdout","time":7102.700961598,"data":"  [seed 1] epoch 046  lr=0.0406  loss=0.1768  test=0.8941  52.7s\n"}
,{"stream_name":"stdout","time":7157.82477146,"data":"  [seed 1] epoch 047  lr=0.0386  loss=0.1657  test=0.8999  52.7s\n"}
,{"stream_name":"stdout","time":7213.067182403,"data":"  [seed 1] epoch 048  lr=0.0366  loss=0.1583  test=0.9015  52.8s\n"}
,{"stream_name":"stdout","time":7268.460336727,"data":"  [seed 1] epoch 049  lr=0.0346  loss=0.1508  test=0.8979  53.0s\n"}
,{"stream_name":"stdout","time":7324.166679513,"data":"  [seed 1] epoch 050  lr=0.0326  loss=0.1448  test=0.9015  53.1s\n"}
,{"stream_name":"stdout","time":7379.768579684,"data":"  [seed 1] epoch 051  lr=0.0306  loss=0.1363  test=0.9029  53.1s\n"}
,{"stream_name":"stdout","time":7435.397575316,"data":"  [seed 1] epoch 052  lr=0.0287  loss=0.1226  test=0.9010  53.2s\n"}
,{"stream_name":"stdout","time":7491.046459252,"data":"  [seed 1] epoch 053  lr=0.0268  loss=0.1196  test=0.8985  53.2s\n"}
,{"stream_name":"stdout","time":7546.586330509,"data":"  [seed 1] epoch 054  lr=0.0250  loss=0.1111  test=0.9151  53.1s\n"}
,{"stream_name":"stdout","time":7602.06588081,"data":"  [seed 1] epoch 055  lr=0.0232  loss=0.1024  test=0.9066  52.9s\n"}
,{"stream_name":"stdout","time":7657.239199455,"data":"  [seed 1] epoch 056  lr=0.0215  loss=0.0886  test=0.9160  52.7s\n"}
,{"stream_name":"stdout","time":7712.380106494,"data":"  [seed 1] epoch 057  lr=0.0198  loss=0.0828  test=0.9202  52.7s\n"}
,{"stream_name":"stdout","time":7767.653345814,"data":"  [seed 1] epoch 058  lr=0.0181  loss=0.0701  test=0.9182  52.8s\n"}
,{"stream_name":"stdout","time":7823.124878989,"data":"  [seed 1] epoch 059  lr=0.0165  loss=0.0641  test=0.9233  53.0s\n"}
,{"stream_name":"stdout","time":7878.836842148,"data":"  [seed 1] epoch 060  lr=0.0150  loss=0.0530  test=0.9120  53.0s\n"}
,{"stream_name":"stdout","time":7934.4172747,"data":"  [seed 1] epoch 061  lr=0.0136  loss=0.0510  test=0.9272  53.1s\n"}
,{"stream_name":"stdout","time":7989.824252501,"data":"  [seed 1] epoch 062  lr=0.0122  loss=0.0417  test=0.9327  53.0s\n"}
,{"stream_name":"stdout","time":8045.094516136,"data":"  [seed 1] epoch 063  lr=0.0108  loss=0.0338  test=0.9367  52.8s\n"}
,{"stream_name":"stdout","time":8100.282373155,"data":"  [seed 1] epoch 064  lr=0.0096  loss=0.0267  test=0.9395  52.8s\n"}
,{"stream_name":"stdout","time":8155.590777354,"data":"  [seed 1] epoch 065  lr=0.0084  loss=0.0205  test=0.9404  52.7s\n"}
,{"stream_name":"stdout","time":8210.773179412,"data":"  [seed 1] epoch 066  lr=0.0072  loss=0.0153  test=0.9425  52.7s\n"}
,{"stream_name":"stdout","time":8266.17850548,"data":"  [seed 1] epoch 067  lr=0.0062  loss=0.0127  test=0.9435  53.0s\n"}
,{"stream_name":"stdout","time":8321.704192284,"data":"  [seed 1] epoch 068  lr=0.0052  loss=0.0089  test=0.9456  53.1s\n"}
,{"stream_name":"stdout","time":8377.226341533,"data":"  [seed 1] epoch 069  lr=0.0043  loss=0.0076  test=0.9442  53.1s\n"}
,{"stream_name":"stdout","time":8432.640700021,"data":"  [seed 1] epoch 070  lr=0.0035  loss=0.0056  test=0.9469  52.8s\n"}
,{"stream_name":"stdout","time":8487.83603092,"data":"  [seed 1] epoch 071  lr=0.0028  loss=0.0050  test=0.9481  52.8s\n"}
,{"stream_name":"stdout","time":8543.129462284,"data":"  [seed 1] epoch 072  lr=0.0021  loss=0.0044  test=0.9467  52.9s\n"}
,{"stream_name":"stdout","time":8598.66465233,"data":"  [seed 1] epoch 073  lr=0.0016  loss=0.0041  test=0.9463  53.1s\n"}
,{"stream_name":"stdout","time":8654.319104433,"data":"  [seed 1] epoch 074  lr=0.0011  loss=0.0035  test=0.9481  53.2s\n"}
,{"stream_name":"stdout","time":8710.179223221,"data":"  [seed 1] epoch 075  lr=0.0007  loss=0.0032  test=0.9479  53.2s\n"}
,{"stream_name":"stdout","time":8765.801806266,"data":"  [seed 1] epoch 076  lr=0.0004  loss=0.0035  test=0.9472  53.2s\n"}
,{"stream_name":"stdout","time":8821.136790735,"data":"  [seed 1] epoch 077  lr=0.0002  loss=0.0029  test=0.9467  52.9s\n"}
,{"stream_name":"stdout","time":8876.35593755,"data":"  [seed 1] epoch 078  lr=0.0000  loss=0.0031  test=0.9475  52.8s\n"}
,{"stream_name":"stdout","time":8931.715035959,"data":"  [seed 1] epoch 079  lr=0.0000  loss=0.0027  test=0.9475  52.7s\n"}
,{"stream_name":"stdout","time":8946.279138717,"data":"  [seed 1] 4441s  test_final=0.9475  test_selected=0.9475  train=0.9999  gap=+0.0524\n"}
,{"stream_name":"stdout","time":8946.281162922,"data":"\n"}
,{"stream_name":"stdout","time":8946.281353333,"data":"--- seed 2 ---\n"}
,{"stream_name":"stdout","time":8946.418757484,"data":"model: resnet18, 11.17M params\n"}
,{"stream_name":"stdout","time":9002.585381883,"data":"  [seed 2] epoch 000  lr=0.0200  loss=1.9718  test=0.3423  53.4s\n"}
,{"stream_name":"stdout","time":9058.648356137,"data":"  [seed 2] epoch 001  lr=0.0400  loss=1.5923  test=0.4963  53.5s\n"}
,{"stream_name":"stdout","time":9114.535338102,"data":"  [seed 2] epoch 002  lr=0.0600  loss=1.2112  test=0.5875  53.4s\n"}
,{"stream_name":"stdout","time":9170.287391679,"data":"  [seed 2] epoch 003  lr=0.0800  loss=0.9689  test=0.6174  53.3s\n"}
,{"stream_name":"stdout","time":9225.904382,"data":"  [seed 2] epoch 004  lr=0.1000  loss=0.8409  test=0.6828  53.1s\n"}
,{"stream_name":"stdout","time":9281.62152658,"data":"  [seed 2] epoch 005  lr=0.1000  loss=0.7042  test=0.7067  53.1s\n"}
,{"stream_name":"stdout","time":9337.101814029,"data":"  [seed 2] epoch 006  lr=0.0998  loss=0.6126  test=0.7381  53.0s\n"}
,{"stream_name":"stdout","time":9392.499654269,"data":"  [seed 2] epoch 007  lr=0.0996  loss=0.5580  test=0.7790  53.0s\n"}
,{"stream_name":"stdout","time":9447.897554451,"data":"  [seed 2] epoch 008  lr=0.0993  loss=0.5125  test=0.7182  53.0s\n"}
,{"stream_name":"stdout","time":9503.187348675,"data":"  [seed 2] epoch 009  lr=0.0989  loss=0.4864  test=0.7812  52.9s\n"}
,{"stream_name":"stdout","time":9558.640861719,"data":"  [seed 2] epoch 010  lr=0.0984  loss=0.4618  test=0.8061  52.9s\n"}
,{"stream_name":"stdout","time":9614.1909946,"data":"  [seed 2] epoch 011  lr=0.0979  loss=0.4415  test=0.8167  53.1s\n"}
,{"stream_name":"stdout","time":9669.891818568,"data":"  [seed 2] epoch 012  lr=0.0972  loss=0.4267  test=0.8117  53.2s\n"}
,{"stream_name":"stdout","time":9725.686420598,"data":"  [seed 2] epoch 013  lr=0.0965  loss=0.4117  test=0.8206  53.3s\n"}
,{"stream_name":"stdout","time":9781.419363578,"data":"  [seed 2] epoch 014  lr=0.0957  loss=0.3996  test=0.8163  53.3s\n"}
,{"stream_name":"stdout","time":9837.105726482,"data":"  [seed 2] epoch 015  lr=0.0948  loss=0.3866  test=0.8040  53.1s\n"}
,{"stream_name":"stdout","time":9892.474830854,"data":"  [seed 2] epoch 016  lr=0.0938  loss=0.3788  test=0.8233  52.9s\n"}
,{"stream_name":"stdout","time":9947.736792834,"data":"  [seed 2] epoch 017  lr=0.0928  loss=0.3637  test=0.8238  52.8s\n"}
,{"stream_name":"stdout","time":10003.117454175,"data":"  [seed 2] epoch 018  lr=0.0916  loss=0.3598  test=0.8221  52.9s\n"}
,{"stream_name":"stdout","time":10058.742273266,"data":"  [seed 2] epoch 019  lr=0.0905  loss=0.3528  test=0.7913  53.1s\n"}
,{"stream_name":"stdout","time":10114.66049057,"data":"  [seed 2] epoch 020  lr=0.0892  loss=0.3427  test=0.8352  53.2s\n"}
,{"stream_name":"stdout","time":10170.336686265,"data":"  [seed 2] epoch 021  lr=0.0879  loss=0.3407  test=0.8648  53.2s\n"}
,{"stream_name":"stdout","time":10225.812519875,"data":"  [seed 2] epoch 022  lr=0.0865  loss=0.3333  test=0.8484  53.0s\n"}
,{"stream_name":"stdout","time":10281.149766987,"data":"  [seed 2] epoch 023  lr=0.0850  loss=0.3225  test=0.8180  52.9s\n"}
,{"stream_name":"stdout","time":10336.409148485,"data":"  [seed 2] epoch 024  lr=0.0835  loss=0.3215  test=0.8652  52.8s\n"}
,{"stream_name":"stdout","time":10391.80411579,"data":"  [seed 2] epoch 025  lr=0.0819  loss=0.3095  test=0.8018  52.8s\n"}
,{"stream_name":"stdout","time":10447.040019213,"data":"  [seed 2] epoch 026  lr=0.0802  loss=0.3031  test=0.8361  52.8s\n"}
,{"stream_name":"stdout","time":10502.542108029,"data":"  [seed 2] epoch 027  lr=0.0785  loss=0.3011  test=0.8272  53.0s\n"}
,{"stream_name":"stdout","time":10558.169519486,"data":"  [seed 2] epoch 028  lr=0.0768  loss=0.2963  test=0.8504  53.2s\n"}
,{"stream_name":"stdout","time":10613.926786039,"data":"  [seed 2] epoch 029  lr=0.0750  loss=0.2816  test=0.8451  53.3s\n"}
,{"stream_name":"stdout","time":10669.617372956,"data":"  [seed 2] epoch 030  lr=0.0732  loss=0.2801  test=0.8484  53.1s\n"}
,{"stream_name":"stdout","time":10724.876639601,"data":"  [seed 2] epoch 031  lr=0.0713  loss=0.2725  test=0.8695  52.8s\n"}
,{"stream_name":"stdout","time":10780.042180258,"data":"  [seed 2] epoch 032  lr=0.0694  loss=0.2694  test=0.8759  52.7s\n"}
,{"stream_name":"stdout","time":10835.178412586,"data":"  [seed 2] epoch 033  lr=0.0674  loss=0.2678  test=0.8847  52.7s\n"}
,{"stream_name":"stdout","time":10890.335169781,"data":"  [seed 2] epoch 034  lr=0.0655  loss=0.2559  test=0.8701  52.7s\n"}
,{"stream_name":"stdout","time":10945.833197377,"data":"  [seed 2] epoch 035  lr=0.0635  loss=0.2501  test=0.8635  52.9s\n"}
,{"stream_name":"stdout","time":11001.390559609,"data":"  [seed 2] epoch 036  lr=0.0614  loss=0.2433  test=0.8337  53.1s\n"}
,{"stream_name":"stdout","time":11057.034241464,"data":"  [seed 2] epoch 037  lr=0.0594  loss=0.2408  test=0.8794  53.2s\n"}
,{"stream_name":"stdout","time":11112.652229654,"data":"  [seed 2] epoch 038  lr=0.0573  loss=0.2334  test=0.8687  53.2s\n"}
,{"stream_name":"stdout","time":11168.086495074,"data":"  [seed 2] epoch 039  lr=0.0552  loss=0.2224  test=0.8809  53.0s\n"}
,{"stream_name":"stdout","time":11223.606769214,"data":"  [seed 2] epoch 040  lr=0.0531  loss=0.2196  test=0.8906  52.9s\n"}
,{"stream_name":"stdout","time":11278.87602216,"data":"  [seed 2] epoch 041  lr=0.0511  loss=0.2099  test=0.8817  52.8s\n"}
,{"stream_name":"stdout","time":11334.09707753,"data":"  [seed 2] epoch 042  lr=0.0490  loss=0.2082  test=0.8899  52.8s\n"}
,{"stream_name":"stdout","time":11389.285092486,"data":"  [seed 2] epoch 043  lr=0.0469  loss=0.1963  test=0.8841  52.7s\n"}
,{"stream_name":"stdout","time":11444.416343769,"data":"  [seed 2] epoch 044  lr=0.0448  loss=0.1916  test=0.8956  52.7s\n"}
,{"stream_name":"stdout","time":11499.758949109,"data":"  [seed 2] epoch 045  lr=0.0427  loss=0.1878  test=0.8661  52.7s\n"}
,{"stream_name":"stdout","time":11554.930851408,"data":"  [seed 2] epoch 046  lr=0.0406  loss=0.1735  test=0.8918  52.7s\n"}
,{"stream_name":"stdout","time":11610.078847109,"data":"  [seed 2] epoch 047  lr=0.0386  loss=0.1690  test=0.8894  52.7s\n"}
,{"stream_name":"stdout","time":11665.22411632,"data":"  [seed 2] epoch 048  lr=0.0366  loss=0.1604  test=0.8899  52.7s\n"}
,{"stream_name":"stdout","time":11720.344491765,"data":"  [seed 2] epoch 049  lr=0.0346  loss=0.1515  test=0.8936  52.7s\n"}
,{"stream_name":"stdout","time":11775.695576782,"data":"  [seed 2] epoch 050  lr=0.0326  loss=0.1412  test=0.9046  52.8s\n"}
,{"stream_name":"stdout","time":11831.059664269,"data":"  [seed 2] epoch 051  lr=0.0306  loss=0.1354  test=0.9134  52.9s\n"}
,{"stream_name":"stdout","time":11886.626740615,"data":"  [seed 2] epoch 052  lr=0.0287  loss=0.1249  test=0.8953  53.1s\n"}
,{"stream_name":"stdout","time":11942.294198435,"data":"  [seed 2] epoch 053  lr=0.0268  loss=0.1200  test=0.9048  53.2s\n"}
,{"stream_name":"stdout","time":11997.776658814,"data":"  [seed 2] epoch 054  lr=0.0250  loss=0.1110  test=0.8925  53.1s\n"}
,{"stream_name":"stdout","time":12053.249153751,"data":"  [seed 2] epoch 055  lr=0.0232  loss=0.0989  test=0.9153  52.9s\n"}
,{"stream_name":"stdout","time":12108.458029428,"data":"  [seed 2] epoch 056  lr=0.0215  loss=0.0905  test=0.9110  52.8s\n"}
,{"stream_name":"stdout","time":12163.642572247,"data":"  [seed 2] epoch 057  lr=0.0198  loss=0.0806  test=0.9169  52.8s\n"}
,{"stream_name":"stdout","time":12218.800444507,"data":"  [seed 2] epoch 058  lr=0.0181  loss=0.0730  test=0.9204  52.7s\n"}
,{"stream_name":"stdout","time":12273.937681383,"data":"  [seed 2] epoch 059  lr=0.0165  loss=0.0638  test=0.9132  52.7s\n"}
,{"stream_name":"stdout","time":12329.298072415,"data":"  [seed 2] epoch 060  lr=0.0150  loss=0.0593  test=0.9280  52.7s\n"}
,{"stream_name":"stdout","time":12384.644229743,"data":"  [seed 2] epoch 061  lr=0.0136  loss=0.0487  test=0.9282  52.9s\n"}
,{"stream_name":"stdout","time":12440.185159249,"data":"  [seed 2] epoch 062  lr=0.0122  loss=0.0387  test=0.9342  53.1s\n"}
,{"stream_name":"stdout","time":12495.730797066,"data":"  [seed 2] epoch 063  lr=0.0108  loss=0.0310  test=0.9309  53.1s\n"}
,{"stream_name":"stdout","time":12551.114887637,"data":"  [seed 2] epoch 064  lr=0.0096  loss=0.0238  test=0.9373  52.9s\n"}
,{"stream_name":"stdout","time":12606.519496877,"data":"  [seed 2] epoch 065  lr=0.0084  loss=0.0222  test=0.9391  52.8s\n"}
,{"stream_name":"stdout","time":12661.717016756,"data":"  [seed 2] epoch 066  lr=0.0072  loss=0.0162  test=0.9392  52.8s\n"}
,{"stream_name":"stdout","time":12716.894733645,"data":"  [seed 2] epoch 067  lr=0.0062  loss=0.0119  test=0.9423  52.7s\n"}
,{"stream_name":"stdout","time":12772.131241253,"data":"  [seed 2] epoch 068  lr=0.0052  loss=0.0094  test=0.9422  52.8s\n"}
,{"stream_name":"stdout","time":12827.29650587,"data":"  [seed 2] epoch 069  lr=0.0043  loss=0.0079  test=0.9447  52.7s\n"}
,{"stream_name":"stdout","time":12882.607560557,"data":"  [seed 2] epoch 070  lr=0.0035  loss=0.0059  test=0.9445  52.7s\n"}
,{"stream_name":"stdout","time":12937.838735198,"data":"  [seed 2] epoch 071  lr=0.0028  loss=0.0054  test=0.9470  52.8s\n"}
,{"stream_name":"stdout","time":12993.383543257,"data":"  [seed 2] epoch 072  lr=0.0021  loss=0.0042  test=0.9487  53.1s\n"}
,{"stream_name":"stdout","time":13049.074035272,"data":"  [seed 2] epoch 073  lr=0.0016  loss=0.0043  test=0.9480  53.2s\n"}
,{"stream_name":"stdout","time":13104.602262973,"data":"  [seed 2] epoch 074  lr=0.0011  loss=0.0037  test=0.9486  53.1s\n"}
,{"stream_name":"stdout","time":13160.079217286,"data":"  [seed 2] epoch 075  lr=0.0007  loss=0.0034  test=0.9501  52.9s\n"}
,{"stream_name":"stdout","time":13215.33093664,"data":"  [seed 2] epoch 076  lr=0.0004  loss=0.0032  test=0.9492  52.8s\n"}
,{"stream_name":"stdout","time":13270.553455339,"data":"  [seed 2] epoch 077  lr=0.0002  loss=0.0032  test=0.9492  52.8s\n"}
,{"stream_name":"stdout","time":13325.755188765,"data":"  [seed 2] epoch 078  lr=0.0000  loss=0.0033  test=0.9491  52.8s\n"}
,{"stream_name":"stdout","time":13381.167944559,"data":"  [seed 2] epoch 079  lr=0.0000  loss=0.0033  test=0.9489  52.8s\n"}
,{"stream_name":"stdout","time":13395.746982901,"data":"  [seed 2] 4435s  test_final=0.9489  test_selected=0.9489  train=1.0000  gap=+0.0511\n"}
,{"stream_name":"stdout","time":13395.749149684,"data":"\n"}
,{"stream_name":"stdout","time":13395.749338403,"data":"==============================================================================\n"}
,{"stream_name":"stdout","time":13395.750234925,"data":"CIFAR-10 BASELINE  --  resnet18, 11,173,962 params, 80 epochs, 3 seeds\n"}
,{"stream_name":"stdout","time":13395.751011318,"data":"config 'full80_baseline': sgd lr=0.1 mom=0.9 wd=0.0005 bs=128 cosine+5ep warmup, augment=True\n"}
,{"stream_name":"stdout","time":13395.751705736,"data":"==============================================================================\n"}
,{"stream_name":"stdout","time":13395.751837714,"data":"\n"}
,{"stream_name":"stdout","time":13395.751999165,"data":"per seed:\n"}
,{"stream_name":"stdout","time":13395.752386025,"data":"          seed    test acc  test err %   final acc   train acc     gen gap   worst cls      wall s\n"}
,{"stream_name":"stdout","time":13395.75285867,"data":"             0      0.9485       5.150      0.9485      0.9999     +0.0514      0.8920        4455\n"}
,{"stream_name":"stdout","time":13395.753303815,"data":"             1      0.9475       5.250      0.9475      0.9999     +0.0524      0.8850        4441\n"}
,{"stream_name":"stdout","time":13395.754078901,"data":"             2      0.9489       5.110      0.9489      1.0000     +0.0511      0.8940        4435\n"}
,{"stream_name":"stdout","time":13395.75468415,"data":"\n"}
,{"stream_name":"stdout","time":13395.754926185,"data":"mean +- sem  (min .. max):\n"}
,{"stream_name":"stdout","time":13395.755668101,"data":"      test acc  0.9483 +- 0.0004   (0.9475 .. 0.9489)\n"}
,{"stream_name":"stdout","time":13395.75614173,"data":"    test err %  5.170 +- 0.042   (5.110 .. 5.250)\n"}
,{"stream_name":"stdout","time":13395.756537812,"data":"     final acc  0.9483 +- 0.0004   (0.9475 .. 0.9489)\n"}
,{"stream_name":"stdout","time":13395.756975728,"data":"     train acc  0.9999 +- 0.0000   (0.9999 .. 1.0000)\n"}
,{"stream_name":"stdout","time":13395.757548011,"data":"       gen gap  +0.0516 +- 0.0004   (+0.0511 .. +0.0524)\n"}
,{"stream_name":"stdout","time":13395.758001306,"data":"     worst cls  0.8903 +- 0.0027   (0.8850 .. 0.8940)\n"}
,{"stream_name":"stdout","time":13395.758959486,"data":"        wall s  4443 +- 6   (4435 .. 4455)\n"}
,{"stream_name":"stdout","time":13395.759169079,"data":"\n"}
,{"stream_name":"stdout","time":13395.759320579,"data":"resolution of this baseline:\n"}
,{"stream_name":"stdout","time":13395.759672032,"data":"  seed-to-seed sem             0.00042  (4.2 test images)\n"}
,{"stream_name":"stdout","time":13395.762348598,"data":"  binomial sem on n=10000      0.00221  (22.1 test images)\n"}
,{"stream_name":"stdout","time":13395.762385997,"data":"  smallest credible difference 0.00443  (44.3 test images)\n"}
,{"stream_name":"stdout","time":13395.76239246,"data":"  -\u003e a change must beat 0.9483 by more than 0.0044 to have shown anything\n"}
,{"stream_name":"stdout","time":13395.762398085,"data":"\n"}
,{"stream_name":"stdout","time":13395.762402474,"data":"per-class accuracy (seed 0, final epoch):\n"}
,{"stream_name":"stdout","time":13395.762435421,"data":"      airplane  0.9610\n"}
,{"stream_name":"stdout","time":13395.762440361,"data":"    automobile  0.9700\n"}
,{"stream_name":"stdout","time":13395.762444827,"data":"          bird  0.9330\n"}
,{"stream_name":"stdout","time":13395.762449305,"data":"           cat  0.8920\n"}
,{"stream_name":"stdout","time":13395.762454451,"data":"          deer  0.9710\n"}
,{"stream_name":"stdout","time":13395.762757317,"data":"           dog  0.9100\n"}
,{"stream_name":"stdout","time":13395.769920185,"data":"          frog  0.9580\n"}
,{"stream_name":"stdout","time":13395.770375759,"data":"         horse  0.9580\n"}
,{"stream_name":"stdout","time":13395.771029809,"data":"          ship  0.9650\n"}
,{"stream_name":"stdout","time":13395.771319946,"data":"         truck  0.9670\n"}
,{"stream_name":"stdout","time":13395.771567177,"data":"\n"}
,{"stream_name":"stdout","time":13395.771716424,"data":"model selection: final_epoch -- no validation split, so 'selected' == final epoch\n"}
,{"stream_name":"stdout","time":13395.772207331,"data":"throughput: 899 img/s mean\n"}
,{"stream_name":"stdout","time":13395.773866123,"data":"\n"}
,{"stream_name":"stdout","time":13395.773883214,"data":"results written to /kaggle/working/runs/20260908-150601_full80_baseline_resnet18/results.json\n"}
,{"stream_name":"stdout","time":13395.787163526,"data":"history written to /kaggle/working/runs/20260908-150601_full80_baseline_resnet18/history.jsonl and /kaggle/working/runs/20260908-150601_full80_baseline_resnet18/history.csv (240 epoch rows)\n"}
,{"stream_name":"stderr","time":13395.79810262,"data":"wandb: \n"}
,{"stream_name":"stderr","time":13395.79812491,"data":"wandb: Run history:\n"}
,{"stream_name":"stderr","time":13395.798128446,"data":"wandb:            s0/epoch ▁▁▁▁▁▂▂▂▂▂▃▃▃▃▃▃▄▄▄▄▄▄▅▅▅▅▆▆▆▆▆▆▇▇▇█████\n"}
,{"stream_name":"stderr","time":13395.798131856,"data":"wandb:          s0/epoch_s █▄▃▂▃▂▂▂▂▂▂▂▁▂▂▁▂▂▂▂▂▂▂▂▂▂▂▁▂▂▂▁▁▂▂▂▂▂▁▂\n"}
,{"stream_name":"stderr","time":13395.798134486,"data":"wandb:   s0/grad_norm_mean ▂▆▆▇█▃▄▂▃▃▅▂▃▁▂▁▁\n"}
,{"stream_name":"stderr","time":13395.798137025,"data":"wandb:  s0/grad_norm_total ▃▇▆▇█▃▄▂▃▃▄▂▃▁▂▁▁\n"}
,{"stream_name":"stderr","time":13395.798174013,"data":"wandb:        s0/img_per_s ▁▃▁▂▅▅▄▃▃▆▇▄▄▄██▇▆▅▄▄▄▄▄▄▆▇█▆▅▄▄██▆▄▄▄▅▅\n"}
,{"stream_name":"stderr","time":13395.798179851,"data":"wandb:               s0/lr ▄▇██████▇▇▇▇▇▇▇▆▆▆▆▅▅▅▅▄▄▄▃▃▃▃▂▂▂▁▁▁▁▁▁▁\n"}
,{"stream_name":"stderr","time":13395.798184691,"data":"wandb:            s0/phase ▁▁▁▁▁▁▁▁▁▁▁▁▁▁▁▁▁▁▁▁▁▁▁▁▁▁▁▁▁▁▁▁▁▁▁▁▁▁▁▁\n"}
,{"stream_name":"stderr","time":13395.798188742,"data":"wandb: s0/ratio_last_block ▁▃▄▅▅▅▅▅▅▆▆▇▇████\n"}
,{"stream_name":"stderr","time":13395.798192303,"data":"wandb:       s0/ratio_mean ▁▄▅▆▆▆▇▇▇▇▇▇█████\n"}
,{"stream_name":"stderr","time":13395.798195801,"data":"wandb:      s0/s_max_block ▁▁▁▁▁▁▁▁▁▁▁▁▁▁▁▁▁▁▁▁▁▁▁▁▁▁▁▁▁▁▁▁▁▁▁▁▁▁▁▁\n"}
,{"stream_name":"stderr","time":13395.798201357,"data":"wandb:                +104 ...\n"}
,{"stream_name":"stderr","time":13395.798210626,"data":"wandb: \n"}
,{"stream_name":"stderr","time":13395.798225508,"data":"wandb: Run summary:\n"}
,{"stream_name":"stderr","time":13395.79822931,"data":"wandb:            s0/epoch 79\n"}
,{"stream_name":"stderr","time":13395.798232348,"data":"wandb:          s0/epoch_s 53.0901\n"}
,{"stream_name":"stderr","time":13395.798235966,"data":"wandb:   s0/grad_norm_mean 0.02071\n"}
,{"stream_name":"stderr","time":13395.798240085,"data":"wandb:  s0/grad_norm_total 0.06458\n"}
,{"stream_name":"stderr","time":13395.798244021,"data":"wandb:        s0/img_per_s 940.28831\n"}
,{"stream_name":"stderr","time":13395.798248056,"data":"wandb:               s0/lr 0.0\n"}
,{"stream_name":"stderr","time":13395.798251696,"data":"wandb:            s0/phase 0\n"}
,{"stream_name":"stderr","time":13395.798255543,"data":"wandb: s0/ratio_last_block 0.47306\n"}
,{"stream_name":"stderr","time":13395.798259517,"data":"wandb:       s0/ratio_mean 1.40976\n"}
,{"stream_name":"stderr","time":13395.798263109,"data":"wandb:      s0/s_max_block 1\n"}
,{"stream_name":"stderr","time":13395.7982666,"data":"wandb:                +118 ...\n"}
,{"stream_name":"stderr","time":13395.798269924,"data":"wandb: \n"}
,{"stream_name":"stderr","time":13395.798274903,"data":"wandb: You can sync this run to the cloud by running:\n"}
,{"stream_name":"stderr","time":13395.798279137,"data":"wandb: wandb sync /kaggle/working/wandb/offline-run-20260908_150605-r2ki90bf\n"}
,{"stream_name":"stderr","time":13395.798497063,"data":"wandb: Find logs at: ./wandb/offline-run-20260908_150605-r2ki90bf/logs\n"}
,{"stream_name":"stdout","time":13395.799434065,"data":"\n"}
,{"stream_name":"stdout","time":13395.799458101,"data":"Done. Everything from this run is in /kaggle/working/runs/20260908-150601_full80_baseline_resnet18\n"}
,{"stream_name":"stderr","time":13400.878498768,"data":"/usr/local/lib/python3.12/dist-packages/mistune.py:435: SyntaxWarning: invalid escape sequence '\\|'\n"}
,{"stream_name":"stderr","time":13400.878555121,"data":"  cells[i][c] = re.sub('\\\\\\\\\\|', '|', cell)\n"}
,{"stream_name":"stderr","time":13401.189757711,"data":"/usr/local/lib/python3.12/dist-packages/nbconvert/filters/filter_links.py:36: SyntaxWarning: invalid escape sequence '\\_'\n"}
,{"stream_name":"stderr","time":13401.18979276,"data":"  text = re.sub(r'_', '\\_', text) # Escape underscores in display text\n"}
,{"stream_name":"stderr","time":13401.845459726,"data":"[NbConvertApp] Converting notebook __script__.ipynb to html\n"}
,{"stream_name":"stderr","time":13403.143839419,"data":"[NbConvertApp] Writing 387806 bytes to __results__.html\n"}
]