[{"stream_name":"stdout","time":42.838264036,"data":"[16:54:58 2026-09-17 gpu1] FAILED sgd_standard_aug_160__resolution_max_b1_gaussian_conv__seed0\n"}
,{"stream_name":"stdout","time":42.838374581,"data":"Traceback (most recent call last):\n"}
,{"stream_name":"stdout","time":42.838381239,"data":"  File \"/kaggle/working/_repo/overnight/job.py\", line 128, in run_train_cell\n"}
,{"stream_name":"stdout","time":42.838401227,"data":"    raise RuntimeError(\"config hash differs from the frozen protocol\")\n"}
,{"stream_name":"stdout","time":42.838405871,"data":"RuntimeError: config hash differs from the frozen protocol\n"}
,{"stream_name":"stdout","time":42.8384103,"data":"\n"}
,{"stream_name":"stdout","time":42.839574899,"data":"[16:54:58 2026-09-17 gpu1] FAILED adamw_long_noaug_160__plain__seed0\n"}
,{"stream_name":"stdout","time":42.839593947,"data":"Traceback (most recent call last):\n"}
,{"stream_name":"stdout","time":42.839598841,"data":"  File \"/kaggle/working/_repo/overnight/job.py\", line 128, in run_train_cell\n"}
,{"stream_name":"stdout","time":42.839603536,"data":"    raise RuntimeError(\"config hash differs from the frozen protocol\")\n"}
,{"stream_name":"stdout","time":42.839608212,"data":"RuntimeError: config hash differs from the frozen protocol\n"}
,{"stream_name":"stdout","time":42.83961267,"data":"\n"}
,{"stream_name":"stdout","time":42.840783991,"data":"[16:54:58 2026-09-17 gpu1] FAILED adamw_long_noaug_160__cbs_published_schedule__seed1\n"}
,{"stream_name":"stdout","time":42.840799876,"data":"Traceback (most recent call last):\n"}
,{"stream_name":"stdout","time":42.840804973,"data":"  File \"/kaggle/working/_repo/overnight/job.py\", line 128, in run_train_cell\n"}
,{"stream_name":"stdout","time":42.840809913,"data":"    raise RuntimeError(\"config hash differs from the frozen protocol\")\n"}
,{"stream_name":"stdout","time":42.840814486,"data":"RuntimeError: config hash differs from the frozen protocol\n"}
,{"stream_name":"stdout","time":42.840818755,"data":"\n"}
,{"stream_name":"stdout","time":42.842022278,"data":"[16:54:58 2026-09-17 gpu1] FAILED adamw_long_aug_160__resolution_max_b1__seed0\n"}
,{"stream_name":"stdout","time":42.842054406,"data":"Traceback (most recent call last):\n"}
,{"stream_name":"stdout","time":42.842059045,"data":"  File \"/kaggle/working/_repo/overnight/job.py\", line 128, in run_train_cell\n"}
,{"stream_name":"stdout","time":42.842063553,"data":"    raise RuntimeError(\"config hash differs from the frozen protocol\")\n"}
,{"stream_name":"stdout","time":42.842077367,"data":"RuntimeError: config hash differs from the frozen protocol\n"}
,{"stream_name":"stdout","time":42.842082256,"data":"\n"}
,{"stream_name":"stdout","time":42.843193017,"data":"[16:54:58 2026-09-17 gpu1] FAILED adamw_long_aug_160__cbs_budget_matched__seed1\n"}
,{"stream_name":"stdout","time":42.843207869,"data":"Traceback (most recent call last):\n"}
,{"stream_name":"stdout","time":42.843212606,"data":"  File \"/kaggle/working/_repo/overnight/job.py\", line 128, in run_train_cell\n"}
,{"stream_name":"stdout","time":42.843217098,"data":"    raise RuntimeError(\"config hash differs from the frozen protocol\")\n"}
,{"stream_name":"stdout","time":42.843221466,"data":"RuntimeError: config hash differs from the frozen protocol\n"}
,{"stream_name":"stdout","time":42.843225627,"data":"\n"}
,{"stream_name":"stdout","time":43.11564212,"data":"[16:54:58 2026-09-17 gpu0] FAILED sgd_standard_aug_160__gaussian_postrelu__seed0\n"}
,{"stream_name":"stdout","time":43.115675788,"data":"Traceback (most recent call last):\n"}
,{"stream_name":"stdout","time":43.115681249,"data":"  File \"/kaggle/working/_repo/overnight/job.py\", line 128, in run_train_cell\n"}
,{"stream_name":"stdout","time":43.115702426,"data":"    raise RuntimeError(\"config hash differs from the frozen protocol\")\n"}
,{"stream_name":"stdout","time":43.115706814,"data":"RuntimeError: config hash differs from the frozen protocol\n"}
,{"stream_name":"stdout","time":43.115710488,"data":"\n"}
,{"stream_name":"stdout","time":43.117285503,"data":"[16:54:58 2026-09-17 gpu0] FAILED sgd_standard_aug_160__resolution_max_b1_gaussian_conv__seed2\n"}
,{"stream_name":"stdout","time":43.117321926,"data":"Traceback (most recent call last):\n"}
,{"stream_name":"stdout","time":43.117326735,"data":"  File \"/kaggle/working/_repo/overnight/job.py\", line 128, in run_train_cell\n"}
,{"stream_name":"stdout","time":43.11733139,"data":"    raise RuntimeError(\"config hash differs from the frozen protocol\")\n"}
,{"stream_name":"stdout","time":43.117335418,"data":"RuntimeError: config hash differs from the frozen protocol\n"}
,{"stream_name":"stdout","time":43.117339351,"data":"\n"}
,{"stream_name":"stdout","time":43.118470993,"data":"[16:54:58 2026-09-17 gpu0] FAILED adamw_long_noaug_160__cbs_budget_matched__seed1\n"}
,{"stream_name":"stdout","time":43.118491843,"data":"Traceback (most recent call last):\n"}
,{"stream_name":"stdout","time":43.118495864,"data":"  File \"/kaggle/working/_repo/overnight/job.py\", line 128, in run_train_cell\n"}
,{"stream_name":"stdout","time":43.118499804,"data":"    raise RuntimeError(\"config hash differs from the frozen protocol\")\n"}
,{"stream_name":"stdout","time":43.11850409,"data":"RuntimeError: config hash differs from the frozen protocol\n"}
,{"stream_name":"stdout","time":43.118507831,"data":"\n"}
,{"stream_name":"stdout","time":43.119726063,"data":"[16:54:58 2026-09-17 gpu0] FAILED adamw_long_aug_160__gaussian_postrelu__seed0\n"}
,{"stream_name":"stdout","time":43.119742667,"data":"Traceback (most recent call last):\n"}
,{"stream_name":"stdout","time":43.119747205,"data":"  File \"/kaggle/working/_repo/overnight/job.py\", line 128, in run_train_cell\n"}
,{"stream_name":"stdout","time":43.119751436,"data":"    raise RuntimeError(\"config hash differs from the frozen protocol\")\n"}
,{"stream_name":"stdout","time":43.119755459,"data":"RuntimeError: config hash differs from the frozen protocol\n"}
,{"stream_name":"stdout","time":43.119759401,"data":"\n"}
,{"stream_name":"stdout","time":43.12090303,"data":"[16:54:58 2026-09-17 gpu0] FAILED adamw_long_aug_160__sdpoint__seed1\n"}
,{"stream_name":"stdout","time":43.120918678,"data":"Traceback (most recent call last):\n"}
,{"stream_name":"stdout","time":43.120922767,"data":"  File \"/kaggle/working/_repo/overnight/job.py\", line 128, in run_train_cell\n"}
,{"stream_name":"stdout","time":43.120926953,"data":"    raise RuntimeError(\"config hash differs from the frozen protocol\")\n"}
,{"stream_name":"stdout","time":43.120931121,"data":"RuntimeError: config hash differs from the frozen protocol\n"}
,{"stream_name":"stdout","time":43.120935182,"data":"\n"}
,{"stream_name":"stdout","time":43.676985126,"data":"job finished {\"sgd_standard_aug_160__gaussian_postrelu__seed0\": \"failed\", \"sgd_standard_aug_160__resolution_max_b1_gaussian_conv__seed2\": \"failed\", \"adamw_long_noaug_160__cbs_budget_matched__seed1\": \"failed\", \"adamw_long_aug_160__gaussian_postrelu__seed0\": \"failed\", \"adamw_long_aug_160__sdpoint__seed1\": \"failed\", \"sgd_standard_aug_160__resolution_max_b1_gaussian_conv__seed0\": \"failed\", \"adamw_long_noaug_160__plain__seed0\": \"failed\", \"adamw_long_noaug_160__cbs_published_schedule__seed1\": \"failed\", \"adamw_long_aug_160__resolution_max_b1__seed0\": \"failed\", \"adamw_long_aug_160__cbs_budget_matched__seed1\": \"failed\"}\n"}
,{"stream_name":"stderr","time":46.558581874,"data":"/usr/local/lib/python3.12/dist-packages/mistune.py:435: SyntaxWarning: invalid escape sequence '\\|'\n"}
,{"stream_name":"stderr","time":46.558636088,"data":"  cells[i][c] = re.sub('\\\\\\\\\\|', '|', cell)\n"}
,{"stream_name":"stderr","time":46.866776853,"data":"/usr/local/lib/python3.12/dist-packages/nbconvert/filters/filter_links.py:36: SyntaxWarning: invalid escape sequence '\\_'\n"}
,{"stream_name":"stderr","time":46.866803694,"data":"  text = re.sub(r'_', '\\_', text) # Escape underscores in display text\n"}
,{"stream_name":"stderr","time":47.593725945,"data":"[NbConvertApp] Converting notebook __script__.ipynb to html\n"}
,{"stream_name":"stderr","time":48.994977979,"data":"[NbConvertApp] Writing 486037 bytes to __results__.html\n"}
]