[15:08:43] lanczos 20: top1 2390.4 (6.7e-19) top2 1685.8 (1.2e-17) min -0.60518 (1.3e-01)
[15:08:50] lanczos 30: top1 2390.4 (1.6e-30) top2 1685.8 (3.9e-27) min -2.7741 (5.7e-02)
[15:08:57] lanczos 40: top1 2390.4 (0.0e+00) top2 1685.8 (0.0e+00) min -3.4915 (2.4e-02)
[15:09:05] lanczos 50: top1 2390.4 (0.0e+00) top2 1685.8 (0.0e+00) min -3.5769 (5.1e-03)
[15:09:12] lanczos 60: top1 2390.4 (0.0e+00) top2 1685.8 (0.0e+00) min -3.5832 (1.4e-03)
[15:09:20] lanczos 70: top1 2390.4 (0.0e+00) top2 1685.8 (0.0e+00) min -3.5836 (3.0e-04)
[15:09:22] plain_s0_train_centre_frozen_ord: 70 it, conv={'top1': True, 'top2': True, 'min': True}, 55s
[15:09:38] lanczos 20: top1 3825.8 (9.8e-20) top2 2671.9 (1.6e-16) min -1.0675 (1.3e-01)
[15:09:45] lanczos 30: top1 3825.8 (1.9e-29) top2 2671.9 (2.5e-25) min -4.8326 (4.7e-02)
[15:09:53] lanczos 40: top1 3825.8 (0.0e+00) top2 2671.9 (0.0e+00) min -5.4813 (2.0e-02)
[15:10:01] lanczos 50: top1 3825.8 (0.0e+00) top2 2671.9 (0.0e+00) min -5.6139 (7.7e-03)
[15:10:08] lanczos 60: top1 3825.8 (0.0e+00) top2 2671.9 (0.0e+00) min -5.6309 (2.0e-03)
[15:10:16] lanczos 70: top1 3825.8 (0.0e+00) top2 2671.9 (0.0e+00) min -5.6322 (3.6e-04)
[15:10:19] plain_s0_train_centre_frozen_rel: 70 it, conv={'top1': True, 'top2': True, 'min': True}, 56s
[15:10:34] lanczos 20: top1 1528.7 (1.8e-19) top2 1070.1 (1.5e-14) min -0.5856 (1.6e-01)
[15:10:42] lanczos 30: top1 1528.7 (1.1e-28) top2 1070.1 (2.2e-24) min -2.2838 (5.8e-02)
[15:10:50] lanczos 40: top1 1528.7 (0.0e+00) top2 1070.1 (1.5e-32) min -2.6718 (1.9e-02)
[15:10:58] lanczos 50: top1 1528.7 (0.0e+00) top2 1070.1 (0.0e+00) min -2.6998 (4.1e-03)
[15:11:06] lanczos 60: top1 1528.7 (0.0e+00) top2 1070.1 (0.0e+00) min -2.7024 (1.8e-03)
[15:11:14] lanczos 70: top1 1528.7 (0.0e+00) top2 1070.1 (0.0e+00) min -2.7027 (3.1e-04)
[15:11:17] resolution_s0_train_centre_frozen_ord: 70 it, conv={'top1': True, 'top2': True, 'min': True}, 58s
[15:11:33] lanczos 20: top1 2417 (2.6e-19) top2 1693.9 (6.2e-14) min -0.73541 (1.7e-01)
[15:11:41] lanczos 30: top1 2417 (2.0e-29) top2 1693.9 (4.4e-24) min -3.7921 (5.1e-02)
[15:11:49] lanczos 40: top1 2417 (0.0e+00) top2 1693.9 (1.4e-31) min -4.1183 (2.0e-02)
[15:11:57] lanczos 50: top1 2417 (0.0e+00) top2 1693.9 (0.0e+00) min -4.2485 (2.3e-02)
[15:12:05] lanczos 60: top1 2417 (0.0e+00) top2 1693.9 (0.0e+00) min -4.3481 (6.2e-03)
[15:12:13] lanczos 70: top1 2417 (0.0e+00) top2 1693.9 (0.0e+00) min -4.3523 (5.7e-04)
[15:12:15] resolution_s0_train_centre_frozen_rel: 70 it, conv={'top1': True, 'top2': True, 'min': True}, 59s
