[{"stream_name":"stdout","time":7.469231273,"data":"{'torch': '2.10.0+cu128', 'cuda': '12.8', 'n_gpu': 2, 'gpus': ['Tesla T4', 'Tesla T4'], 'inputs': '/kaggle/input/datasets/maxnikezz/landscape-v2-inputs', 'data_root': '/kaggle/input/datasets/pankrzysiu/cifar10-python', 'seeds': [2], 'pilot': False}\n"}
,{"stream_name":"stdout","time":48.598411167,"data":"[23:17:10 gpu1] epoch 1/30  update 391  loss 1.7670  test acc current 0.4405 target 0.1715\n"}
,{"stream_name":"stdout","time":54.794744311,"data":"[23:17:17 gpu0] epoch 1/30  update 391  loss 1.6990  test acc current 0.4809 target 0.1404\n"}
,{"stream_name":"stdout","time":71.701102966,"data":"[23:17:34 gpu1] epoch 2/30  update 782  loss 1.3891  test acc current 0.5402 target 0.1513\n"}
,{"stream_name":"stdout","time":83.940496902,"data":"[23:17:46 gpu0] epoch 2/30  update 782  loss 1.2994  test acc current 0.5620 target 0.1380\n"}
,{"stream_name":"stdout","time":95.575113222,"data":"[23:17:57 gpu1] epoch 3/30  update 1173  loss 1.2245  test acc current 0.5888 target 0.1316\n"}
,{"stream_name":"stdout","time":113.631370554,"data":"[23:18:15 gpu0] epoch 3/30  update 1173  loss 1.1335  test acc current 0.6202 target 0.1637\n"}
,{"stream_name":"stdout","time":119.419417108,"data":"[23:18:21 gpu1] epoch 4/30  update 1564  loss 1.0957  test acc current 0.6242 target 0.1154\n"}
,{"stream_name":"stdout","time":142.904049896,"data":"[23:18:45 gpu0] epoch 4/30  update 1564  loss 1.0116  test acc current 0.6658 target 0.2109\n"}
,{"stream_name":"stdout","time":143.171126643,"data":"[23:18:45 gpu1] epoch 5/30  update 1955  loss 0.9981  test acc current 0.6573 target 0.1159\n"}
,{"stream_name":"stdout","time":167.063283356,"data":"[23:19:09 gpu1] epoch 6/30  update 2346  loss 0.9234  test acc current 0.6714 target 0.1043\n"}
,{"stream_name":"stdout","time":172.547156815,"data":"[23:19:14 gpu0] epoch 5/30  update 1955  loss 0.9077  test acc current 0.6865 target 0.2131\n"}
,{"stream_name":"stdout","time":191.057594739,"data":"[23:19:33 gpu1] epoch 7/30  update 2737  loss 0.8441  test acc current 0.7033 target 0.1145\n"}
,{"stream_name":"stdout","time":201.460429639,"data":"[23:19:43 gpu0] epoch 6/30  update 2346  loss 0.8370  test acc current 0.7030 target 0.2081\n"}
,{"stream_name":"stdout","time":214.704669259,"data":"[23:19:57 gpu1] epoch 8/30  update 3128  loss 0.7774  test acc current 0.7183 target 0.1445\n"}
,{"stream_name":"stdout","time":229.496241452,"data":"[23:20:11 gpu0] epoch 7/30  update 2737  loss 0.8837  test acc current 0.7165 target 0.2731\n"}
,{"stream_name":"stdout","time":238.512696279,"data":"[23:20:20 gpu1] epoch 9/30  update 3519  loss 0.7352  test acc current 0.7406 target 0.1270\n"}
,{"stream_name":"stdout","time":257.674496573,"data":"[23:20:39 gpu0] epoch 8/30  update 3128  loss 0.7886  test acc current 0.7233 target 0.3173\n"}
,{"stream_name":"stdout","time":262.054318358,"data":"[23:20:44 gpu1] epoch 10/30  update 3910  loss 0.6879  test acc current 0.7408 target 0.2877\n"}
,{"stream_name":"stdout","time":285.287227339,"data":"[23:21:07 gpu1] epoch 11/30  update 4301  loss 0.6465  test acc current 0.7533 target 0.2898\n"}
,{"stream_name":"stdout","time":285.55973639,"data":"[23:21:07 gpu0] epoch 9/30  update 3519  loss 0.7362  test acc current 0.7369 target 0.2444\n"}
,{"stream_name":"stdout","time":309.004616768,"data":"[23:21:31 gpu1] epoch 12/30  update 4692  loss 0.6111  test acc current 0.7653 target 0.2748\n"}
,{"stream_name":"stdout","time":313.831446808,"data":"[23:21:36 gpu0] epoch 10/30  update 3910  loss 0.6853  test acc current 0.7572 target 0.2065\n"}
,{"stream_name":"stdout","time":332.539479295,"data":"[23:21:54 gpu1] epoch 13/30  update 5083  loss 0.5874  test acc current 0.7787 target 0.4653\n"}
,{"stream_name":"stdout","time":341.539530113,"data":"[23:22:03 gpu0] epoch 11/30  update 4301  loss 0.6418  test acc current 0.7644 target 0.2785\n"}
,{"stream_name":"stdout","time":356.365528046,"data":"[23:22:18 gpu1] epoch 14/30  update 5474  loss 0.5487  test acc current 0.7840 target 0.4715\n"}
,{"stream_name":"stdout","time":370.839482723,"data":"[23:22:33 gpu0] epoch 12/30  update 4692  loss 0.6024  test acc current 0.7636 target 0.2454\n"}
,{"stream_name":"stdout","time":380.476628367,"data":"[23:22:42 gpu1] epoch 15/30  update 5865  loss 0.5234  test acc current 0.7886 target 0.4379\n"}
,{"stream_name":"stdout","time":399.833396532,"data":"[23:23:02 gpu0] epoch 13/30  update 5083  loss 0.6833  test acc current 0.7734 target 0.3754\n"}
,{"stream_name":"stdout","time":403.870097067,"data":"[23:23:06 gpu1] epoch 16/30  update 6256  loss 0.5515  test acc current 0.7875 target 0.7069\n"}
,{"stream_name":"stdout","time":427.425889968,"data":"[23:23:29 gpu1] epoch 17/30  update 6647  loss 0.5006  test acc current 0.7905 target 0.7299\n"}
,{"stream_name":"stdout","time":428.674348153,"data":"[23:23:30 gpu0] epoch 14/30  update 5474  loss 0.6145  test acc current 0.7731 target 0.3440\n"}
,{"stream_name":"stdout","time":450.554267446,"data":"[23:23:52 gpu1] epoch 18/30  update 7038  loss 0.4643  test acc current 0.7988 target 0.7278\n"}
,{"stream_name":"stdout","time":457.764430642,"data":"[23:24:00 gpu0] epoch 15/30  update 5865  loss 0.5803  test acc current 0.7893 target 0.2697\n"}
,{"stream_name":"stdout","time":474.380189717,"data":"[23:24:16 gpu1] epoch 19/30  update 7429  loss 0.5027  test acc current 0.7915 target 0.7898\n"}
,{"stream_name":"stdout","time":486.653224246,"data":"[23:24:28 gpu0] epoch 16/30  update 6256  loss 0.5775  test acc current 0.7935 target 0.6749\n"}
,{"stream_name":"stdout","time":497.541189465,"data":"[23:24:39 gpu1] epoch 20/30  update 7820  loss 0.4590  test acc current 0.7866 target 0.7845\n"}
,{"stream_name":"stdout","time":514.832794729,"data":"[23:24:57 gpu0] epoch 17/30  update 6647  loss 0.5307  test acc current 0.7914 target 0.7118\n"}
,{"stream_name":"stdout","time":520.495663665,"data":"[23:25:02 gpu1] epoch 21/30  update 8211  loss 0.4285  test acc current 0.7938 target 0.7908\n"}
,{"stream_name":"stdout","time":538.605374488,"data":"[23:25:20 gpu1] epoch 22/30  update 8602  loss 0.4114  test acc current 0.7932 target 0.7932\n"}
,{"stream_name":"stdout","time":544.355312855,"data":"[23:25:26 gpu0] epoch 18/30  update 7038  loss 0.4975  test acc current 0.8046 target 0.7154\n"}
,{"stream_name":"stdout","time":556.910560614,"data":"[23:25:39 gpu1] epoch 23/30  update 8993  loss 0.3947  test acc current 0.7957 target 0.7957\n"}
,{"stream_name":"stdout","time":574.359839421,"data":"[23:25:56 gpu1] epoch 24/30  update 9384  loss 0.3755  test acc current 0.7960 target 0.7960\n"}
,{"stream_name":"stdout","time":574.37502028,"data":"[23:25:56 gpu0] epoch 19/30  update 7429  loss 0.5154  test acc current 0.8049 target 0.8035\n"}
,{"stream_name":"stdout","time":592.138679379,"data":"[23:26:14 gpu1] epoch 25/30  update 9775  loss 0.3588  test acc current 0.8021 target 0.8021\n"}
,{"stream_name":"stdout","time":603.696514473,"data":"[23:26:26 gpu0] epoch 20/30  update 7820  loss 0.4764  test acc current 0.8099 target 0.8086\n"}
,{"stream_name":"stdout","time":609.000002536,"data":"[23:26:31 gpu1] epoch 26/30  update 10166  loss 0.3510  test acc current 0.8006 target 0.8006\n"}
,{"stream_name":"stdout","time":626.408756749,"data":"[23:26:48 gpu1] epoch 27/30  update 10557  loss 0.3432  test acc current 0.8001 target 0.8001\n"}
,{"stream_name":"stdout","time":632.320178053,"data":"[23:26:54 gpu0] epoch 21/30  update 8211  loss 0.4512  test acc current 0.8160 target 0.8135\n"}
,{"stream_name":"stdout","time":643.513523692,"data":"[23:27:05 gpu1] epoch 28/30  update 10948  loss 0.3382  test acc current 0.8002 target 0.8002\n"}
,{"stream_name":"stdout","time":649.332668304,"data":"[23:27:11 gpu0] epoch 22/30  update 8602  loss 0.4352  test acc current 0.8152 target 0.8152\n"}
,{"stream_name":"stdout","time":660.266677799,"data":"[23:27:22 gpu1] epoch 29/30  update 11339  loss 0.3345  test acc current 0.7976 target 0.7976\n"}
,{"stream_name":"stdout","time":666.403052413,"data":"[23:27:28 gpu0] epoch 23/30  update 8993  loss 0.4205  test acc current 0.8164 target 0.8164\n"}
,{"stream_name":"stdout","time":677.561726334,"data":"[23:27:39 gpu1] epoch 30/30  update 11730  loss 0.3365  test acc current 0.7987 target 0.7987\n"}
,{"stream_name":"stdout","time":677.564655075,"data":"[23:27:39 gpu1] DONE gaussian_postrelu seed 2 in 666s\n"}
,{"stream_name":"stdout","time":684.65986434,"data":"[23:27:46 gpu0] epoch 24/30  update 9384  loss 0.4038  test acc current 0.8164 target 0.8164\n"}
,{"stream_name":"stdout","time":697.305143104,"data":"[23:27:59 gpu1] epoch 1/30  update 391  loss 1.8132  test acc current 0.4416 target 0.1858\n"}
,{"stream_name":"stdout","time":701.969894412,"data":"[23:28:04 gpu0] epoch 25/30  update 9775  loss 0.3902  test acc current 0.8174 target 0.8174\n"}
,{"stream_name":"stdout","time":714.018138994,"data":"[23:28:16 gpu1] epoch 2/30  update 782  loss 1.4027  test acc current 0.5369 target 0.2438\n"}
,{"stream_name":"stdout","time":719.698766343,"data":"[23:28:22 gpu0] epoch 26/30  update 10166  loss 0.3823  test acc current 0.8174 target 0.8174\n"}
,{"stream_name":"stdout","time":730.488339642,"data":"[23:28:32 gpu1] epoch 3/30  update 1173  loss 1.2099  test acc current 0.5917 target 0.2033\n"}
,{"stream_name":"stdout","time":737.436369257,"data":"[23:28:39 gpu0] epoch 27/30  update 10557  loss 0.3751  test acc current 0.8186 target 0.8186\n"}
,{"stream_name":"stdout","time":747.06907314,"data":"[23:28:49 gpu1] epoch 4/30  update 1564  loss 1.0656  test acc current 0.6306 target 0.1589\n"}
,{"stream_name":"stdout","time":755.056347035,"data":"[23:28:57 gpu0] epoch 28/30  update 10948  loss 0.3712  test acc current 0.8198 target 0.8198\n"}
,{"stream_name":"stdout","time":762.965017859,"data":"[23:29:05 gpu1] epoch 5/30  update 1955  loss 0.9584  test acc current 0.6651 target 0.1710\n"}
,{"stream_name":"stdout","time":772.567942838,"data":"[23:29:14 gpu0] epoch 29/30  update 11339  loss 0.3681  test acc current 0.8168 target 0.8168\n"}
,{"stream_name":"stdout","time":779.172251949,"data":"[23:29:21 gpu1] epoch 6/30  update 2346  loss 0.8816  test acc current 0.6807 target 0.1807\n"}
,{"stream_name":"stdout","time":789.899224542,"data":"[23:29:32 gpu0] epoch 30/30  update 11730  loss 0.3674  test acc current 0.8187 target 0.8187\n"}
,{"stream_name":"stdout","time":789.902012461,"data":"[23:29:32 gpu0] DONE resolution_max_b1_gaussian_conv seed 2 in 779s\n"}
,{"stream_name":"stdout","time":796.605090976,"data":"[23:29:38 gpu1] epoch 7/30  update 2737  loss 0.9299  test acc current 0.6915 target 0.1242\n"}
,{"stream_name":"stdout","time":810.509075517,"data":"[23:29:52 gpu0] epoch 1/30  update 391  loss 1.8766  test acc current 0.4037 target 0.4037\n"}
,{"stream_name":"stdout","time":812.856153949,"data":"[23:29:55 gpu1] epoch 8/30  update 3128  loss 0.8180  test acc current 0.7068 target 0.1630\n"}
,{"stream_name":"stdout","time":827.488668418,"data":"[23:30:09 gpu0] epoch 2/30  update 782  loss 1.4723  test acc current 0.4876 target 0.4876\n"}
,{"stream_name":"stdout","time":829.17840467,"data":"[23:30:11 gpu1] epoch 9/30  update 3519  loss 0.7524  test acc current 0.7376 target 0.1517\n"}
,{"stream_name":"stdout","time":844.127744574,"data":"[23:30:26 gpu0] epoch 3/30  update 1173  loss 1.2817  test acc current 0.5514 target 0.5514\n"}
,{"stream_name":"stdout","time":845.311760038,"data":"[23:30:27 gpu1] epoch 10/30  update 3910  loss 0.6971  test acc current 0.7428 target 0.1396\n"}
,{"stream_name":"stdout","time":861.086502979,"data":"[23:30:43 gpu0] epoch 4/30  update 1564  loss 1.1377  test acc current 0.6078 target 0.6078\n"}
,{"stream_name":"stdout","time":862.072927619,"data":"[23:30:44 gpu1] epoch 11/30  update 4301  loss 0.6498  test acc current 0.7525 target 0.1604\n"}
,{"stream_name":"stdout","time":877.798229639,"data":"[23:31:00 gpu0] epoch 5/30  update 1955  loss 1.0300  test acc current 0.6354 target 0.6354\n"}
,{"stream_name":"stdout","time":878.406276089,"data":"[23:31:00 gpu1] epoch 12/30  update 4692  loss 0.6086  test acc current 0.7630 target 0.1634\n"}
,{"stream_name":"stdout","time":894.610913786,"data":"[23:31:16 gpu0] epoch 6/30  update 2346  loss 0.9554  test acc current 0.6518 target 0.6518\n"}
,{"stream_name":"stdout","time":895.339182423,"data":"[23:31:17 gpu1] epoch 13/30  update 5083  loss 0.7314  test acc current 0.7597 target 0.7597\n"}
,{"stream_name":"stdout","time":911.659216984,"data":"[23:31:33 gpu0] epoch 7/30  update 2737  loss 0.8856  test acc current 0.6700 target 0.6700\n"}
,{"stream_name":"stdout","time":912.390598948,"data":"[23:31:34 gpu1] epoch 14/30  update 5474  loss 0.6414  test acc current 0.7702 target 0.7702\n"}
,{"stream_name":"stdout","time":928.289287766,"data":"[23:31:50 gpu0] epoch 8/30  update 3128  loss 0.8206  test acc current 0.6565 target 0.6565\n"}
,{"stream_name":"stdout","time":929.063893989,"data":"[23:31:51 gpu1] epoch 15/30  update 5865  loss 0.5980  test acc current 0.7809 target 0.7809\n"}
,{"stream_name":"stdout","time":945.059319891,"data":"[23:32:07 gpu0] epoch 9/30  update 3519  loss 0.7757  test acc current 0.7085 target 0.7085\n"}
,{"stream_name":"stdout","time":945.90292035,"data":"[23:32:08 gpu1] epoch 16/30  update 6256  loss 0.5600  test acc current 0.7844 target 0.7844\n"}
,{"stream_name":"stdout","time":961.827378591,"data":"[23:32:24 gpu0] epoch 10/30  update 3910  loss 0.7266  test acc current 0.7233 target 0.7233\n"}
,{"stream_name":"stdout","time":962.796755599,"data":"[23:32:25 gpu1] epoch 17/30  update 6647  loss 0.5291  test acc current 0.7917 target 0.7917\n"}
,{"stream_name":"stdout","time":978.718226493,"data":"[23:32:41 gpu0] epoch 11/30  update 4301  loss 0.6789  test acc current 0.7263 target 0.7263\n"}
,{"stream_name":"stdout","time":979.615704393,"data":"[23:32:41 gpu1] epoch 18/30  update 7038  loss 0.4998  test acc current 0.7967 target 0.7967\n"}
,{"stream_name":"stdout","time":995.435248729,"data":"[23:32:57 gpu0] epoch 12/30  update 4692  loss 0.6387  test acc current 0.7371 target 0.7371\n"}
,{"stream_name":"stdout","time":996.2650721,"data":"[23:32:58 gpu1] epoch 19/30  update 7429  loss 0.4769  test acc current 0.7986 target 0.7986\n"}
,{"stream_name":"stdout","time":1012.434131961,"data":"[23:33:14 gpu0] epoch 13/30  update 5083  loss 0.6013  test acc current 0.7402 target 0.7402\n"}
,{"stream_name":"stdout","time":1013.195768503,"data":"[23:33:15 gpu1] epoch 20/30  update 7820  loss 0.4554  test acc current 0.8038 target 0.8038\n"}
,{"stream_name":"stdout","time":1029.292303875,"data":"[23:33:31 gpu0] epoch 14/30  update 5474  loss 0.5644  test acc current 0.7439 target 0.7439\n"}
,{"stream_name":"stdout","time":1030.143086048,"data":"[23:33:32 gpu1] epoch 21/30  update 8211  loss 0.4346  test acc current 0.8051 target 0.8051\n"}
,{"stream_name":"stdout","time":1046.144446271,"data":"[23:33:48 gpu0] epoch 15/30  update 5865  loss 0.5373  test acc current 0.7501 target 0.7501\n"}
,{"stream_name":"stdout","time":1046.993068711,"data":"[23:33:49 gpu1] epoch 22/30  update 8602  loss 0.4135  test acc current 0.8053 target 0.8053\n"}
,{"stream_name":"stdout","time":1062.934446816,"data":"[23:34:05 gpu0] epoch 16/30  update 6256  loss 0.4977  test acc current 0.7470 target 0.7470\n"}
,{"stream_name":"stdout","time":1063.780420175,"data":"[23:34:06 gpu1] epoch 23/30  update 8993  loss 0.3999  test acc current 0.8045 target 0.8045\n"}
,{"stream_name":"stdout","time":1079.965393436,"data":"[23:34:22 gpu0] epoch 17/30  update 6647  loss 0.4701  test acc current 0.7616 target 0.7616\n"}
,{"stream_name":"stdout","time":1080.801991427,"data":"[23:34:23 gpu1] epoch 24/30  update 9384  loss 0.3860  test acc current 0.8054 target 0.8054\n"}
,{"stream_name":"stdout","time":1096.527179511,"data":"[23:34:38 gpu0] epoch 18/30  update 7038  loss 0.4327  test acc current 0.7561 target 0.7561\n"}
,{"stream_name":"stdout","time":1097.256506527,"data":"[23:34:39 gpu1] epoch 25/30  update 9775  loss 0.3722  test acc current 0.8061 target 0.8061\n"}
,{"stream_name":"stdout","time":1113.519604579,"data":"[23:34:55 gpu0] epoch 19/30  update 7429  loss 0.4067  test acc current 0.7618 target 0.7618\n"}
,{"stream_name":"stdout","time":1114.240145102,"data":"[23:34:56 gpu1] epoch 26/30  update 10166  loss 0.3646  test acc current 0.8066 target 0.8066\n"}
,{"stream_name":"stdout","time":1130.455609665,"data":"[23:35:12 gpu0] epoch 20/30  update 7820  loss 0.3823  test acc current 0.7608 target 0.7608\n"}
,{"stream_name":"stdout","time":1131.325389271,"data":"[23:35:13 gpu1] epoch 27/30  update 10557  loss 0.3577  test acc current 0.8073 target 0.8073\n"}
,{"stream_name":"stdout","time":1147.585186998,"data":"[23:35:29 gpu0] epoch 21/30  update 8211  loss 0.3554  test acc current 0.7640 target 0.7640\n"}
,{"stream_name":"stdout","time":1148.289084748,"data":"[23:35:30 gpu1] epoch 28/30  update 10948  loss 0.3532  test acc current 0.8063 target 0.8063\n"}
,{"stream_name":"stdout","time":1164.669182837,"data":"[23:35:46 gpu0] epoch 22/30  update 8602  loss 0.3324  test acc current 0.7607 target 0.7607\n"}
,{"stream_name":"stdout","time":1165.258919733,"data":"[23:35:47 gpu1] epoch 29/30  update 11339  loss 0.3487  test acc current 0.8091 target 0.8091\n"}
,{"stream_name":"stdout","time":1181.730179932,"data":"[23:36:04 gpu0] epoch 23/30  update 8993  loss 0.3153  test acc current 0.7596 target 0.7596\n"}
,{"stream_name":"stdout","time":1182.204925607,"data":"[23:36:04 gpu1] epoch 30/30  update 11730  loss 0.3496  test acc current 0.8081 target 0.8081\n"}
,{"stream_name":"stdout","time":1182.207795929,"data":"[23:36:04 gpu1] DONE resolution_max_b1 seed 2 in 505s\n"}
,{"stream_name":"stdout","time":1198.326243999,"data":"[23:36:20 gpu0] epoch 24/30  update 9384  loss 0.2970  test acc current 0.7607 target 0.7607\n"}
,{"stream_name":"stdout","time":1214.707229965,"data":"[23:36:37 gpu0] epoch 25/30  update 9775  loss 0.2818  test acc current 0.7644 target 0.7644\n"}
,{"stream_name":"stdout","time":1231.196498851,"data":"[23:36:53 gpu0] epoch 26/30  update 10166  loss 0.2702  test acc current 0.7616 target 0.7616\n"}
,{"stream_name":"stdout","time":1247.714893429,"data":"[23:37:10 gpu0] epoch 27/30  update 10557  loss 0.2612  test acc current 0.7620 target 0.7620\n"}
,{"stream_name":"stdout","time":1264.03186041,"data":"[23:37:26 gpu0] epoch 28/30  update 10948  loss 0.2569  test acc current 0.7595 target 0.7595\n"}
,{"stream_name":"stdout","time":1280.286190211,"data":"[23:37:42 gpu0] epoch 29/30  update 11339  loss 0.2515  test acc current 0.7611 target 0.7611\n"}
,{"stream_name":"stdout","time":1296.684556625,"data":"[23:37:59 gpu0] epoch 30/30  update 11730  loss 0.2529  test acc current 0.7624 target 0.7624\n"}
,{"stream_name":"stdout","time":1296.687201656,"data":"[23:37:59 gpu0] DONE plain seed 2 in 507s\n"}
,{"stream_name":"stdout","time":1312.668091614,"data":"checks seed 2 {'inventory_ok': True, 'pairing_ok': True, 'reproduction_max_test_ce_abs_diff': 0.0, 'bypass_ok': True, 'directions_max_rel_error': 6.661338147750939e-16, 'reconstruction_ok': True, 'endpoints_ok': True, 'repeatability_ok': True, 'non_mutation_ok': True}\n"}
,{"stream_name":"stdout","time":1378.30789925,"data":"[23:39:20 gpu1] sens1d__plain__seed2                                    complete      61s\n"}
,{"stream_name":"stdout","time":1388.518350291,"data":"[23:39:30 gpu0] sens1d__resolution__seed2                               complete      71s\n"}
,{"stream_name":"stdout","time":1441.109614622,"data":"[23:40:23 gpu1] sens1d__gaussian__seed2                                 complete      63s\n"}
,{"stream_name":"stdout","time":1457.289769688,"data":"[23:40:39 gpu0] sens1d__combined__seed2                                 complete      69s\n"}
,{"stream_name":"stdout","time":1465.773224566,"data":"[23:40:48 gpu1] validation__plain__seed2                                complete      25s\n"}
,{"stream_name":"stdout","time":1483.468723302,"data":"[23:41:05 gpu0] validation__resolution__seed2                           complete      26s\n"}
,{"stream_name":"stdout","time":1490.751296117,"data":"[23:41:13 gpu1] validation__gaussian__seed2                             complete      25s\n"}
,{"stream_name":"stdout","time":1502.128274358,"data":"[23:41:24 gpu1] interp__plain_resolution__seed2                         complete      11s\n"}
,{"stream_name":"stdout","time":1509.431508151,"data":"[23:41:31 gpu0] validation__combined__seed2                             complete      26s\n"}
,{"stream_name":"stdout","time":1513.519582711,"data":"[23:41:35 gpu1] interp__plain_gaussian__seed2                           complete      11s\n"}
,{"stream_name":"stdout","time":1521.12780663,"data":"[23:41:43 gpu0] interp__plain_combined__seed2                           complete      12s\n"}
,{"stream_name":"stdout","time":1525.088435196,"data":"[23:41:47 gpu1] interp__resolution_combined__seed2                      complete      12s\n"}
,{"stream_name":"stdout","time":1585.56359477,"data":"[23:42:47 gpu0] fixed1d__resolution__seed2__u002346                     complete      64s\n"}
,{"stream_name":"stdout","time":1589.979507046,"data":"[23:42:52 gpu1] fixed1d__resolution__seed2__u004692                     complete      65s\n"}
,{"stream_name":"stdout","time":1665.325759907,"data":"[23:44:07 gpu1] fixed1d__gaussian__seed2__u008211                       complete      75s\n"}
,{"stream_name":"stdout","time":1705.091450848,"data":"[23:44:47 gpu0] fixed1d__gaussian__seed2__u001173                       complete     120s\n"}
,{"stream_name":"stdout","time":1779.684976557,"data":"[23:46:02 gpu1] fixed1d__combined__seed2__u001173                       complete     114s\n"}
,{"stream_name":"stdout","time":1790.666531921,"data":"[23:46:12 gpu1] traj__plain__seed2                                      complete      11s\n"}
,{"stream_name":"stdout","time":1795.890760644,"data":"[23:46:18 gpu0] fixed1d__combined__seed2__u008211                       complete      91s\n"}
,{"stream_name":"stdout","time":1811.513595971,"data":"[23:46:33 gpu1] traj__resolution__seed2                                 complete      21s\n"}
,{"stream_name":"stdout","time":1857.347722382,"data":"[23:47:19 gpu0] traj__gaussian__seed2                                   complete      61s\n"}
,{"stream_name":"stdout","time":1882.493516321,"data":"[23:47:44 gpu1] traj__combined__seed2                                   complete      71s\n"}
,{"stream_name":"stdout","time":1955.63847279,"data":"[23:48:57 gpu0] surface__plain__seed2__g21                              complete      98s\n"}
,{"stream_name":"stdout","time":1986.24254006,"data":"[23:49:28 gpu1] surface__resolution__seed2__g21                         complete     104s\n"}
,{"stream_name":"stdout","time":2053.839030342,"data":"[23:50:36 gpu0] surface__gaussian__seed2__g21                           complete      98s\n"}
,{"stream_name":"stdout","time":2089.820488332,"data":"[23:51:12 gpu1] surface__combined__seed2__g21                           complete     104s\n"}
,{"stream_name":"stdout","time":2090.485234159,"data":"job done {'start': 1789427789.4764955, 'train_seconds': 1289.0088903903961, 'directions_pca_seconds': 4.425829648971558, 'checks_seconds': 10.062855005264282, 'eval_seconds': 777.6410579681396, 'total_seconds': 2083.3334653377533}\n"}
,{"stream_name":"stderr","time":2093.402437584,"data":"/usr/local/lib/python3.12/dist-packages/mistune.py:435: SyntaxWarning: invalid escape sequence '\\|'\n"}
,{"stream_name":"stderr","time":2093.402526008,"data":"  cells[i][c] = re.sub('\\\\\\\\\\|', '|', cell)\n"}
,{"stream_name":"stderr","time":2093.704586818,"data":"/usr/local/lib/python3.12/dist-packages/nbconvert/filters/filter_links.py:36: SyntaxWarning: invalid escape sequence '\\_'\n"}
,{"stream_name":"stderr","time":2093.704613178,"data":"  text = re.sub(r'_', '\\_', text) # Escape underscores in display text\n"}
,{"stream_name":"stderr","time":2094.408789988,"data":"[NbConvertApp] Converting notebook __script__.ipynb to html\n"}
,{"stream_name":"stderr","time":2095.67519249,"data":"[NbConvertApp] Writing 426872 bytes to __results__.html\n"}
]