[{"stream_name":"stdout","time":40.766475592,"data":"[16:55:11 2026-09-17 gpu0] FAILED sgd_standard_aug_160__resolution_max_b1__seed1\n"}
,{"stream_name":"stdout","time":40.766536262,"data":"Traceback (most recent call last):\n"}
,{"stream_name":"stdout","time":40.766543208,"data":"  File \"/kaggle/working/_repo/overnight/job.py\", line 128, in run_train_cell\n"}
,{"stream_name":"stdout","time":40.766547668,"data":"    raise RuntimeError(\"config hash differs from the frozen protocol\")\n"}
,{"stream_name":"stdout","time":40.766551791,"data":"RuntimeError: config hash differs from the frozen protocol\n"}
,{"stream_name":"stdout","time":40.766555869,"data":"\n"}
,{"stream_name":"stdout","time":40.767747589,"data":"[16:55:11 2026-09-17 gpu0] FAILED sgd_standard_aug_160__plain__seed2\n"}
,{"stream_name":"stdout","time":40.767767438999996,"data":"Traceback (most recent call last):\n"}
,{"stream_name":"stdout","time":40.767772771,"data":"  File \"/kaggle/working/_repo/overnight/job.py\", line 128, in run_train_cell\n"}
,{"stream_name":"stdout","time":40.767777836,"data":"    raise RuntimeError(\"config hash differs from the frozen protocol\")\n"}
,{"stream_name":"stdout","time":40.767782761,"data":"RuntimeError: config hash differs from the frozen protocol\n"}
,{"stream_name":"stdout","time":40.767787087,"data":"\n"}
,{"stream_name":"stdout","time":40.769092891,"data":"[16:55:11 2026-09-17 gpu0] FAILED adamw_long_noaug_160__gaussian_postrelu__seed0\n"}
,{"stream_name":"stdout","time":40.769112901,"data":"Traceback (most recent call last):\n"}
,{"stream_name":"stdout","time":40.769117801,"data":"  File \"/kaggle/working/_repo/overnight/job.py\", line 128, in run_train_cell\n"}
,{"stream_name":"stdout","time":40.769122206,"data":"    raise RuntimeError(\"config hash differs from the frozen protocol\")\n"}
,{"stream_name":"stdout","time":40.769148724,"data":"RuntimeError: config hash differs from the frozen protocol\n"}
,{"stream_name":"stdout","time":40.769154347,"data":"\n"}
,{"stream_name":"stdout","time":40.77045213,"data":"[16:55:11 2026-09-17 gpu0] FAILED adamw_long_noaug_160__resolution_max_b1_gaussian_conv__seed2\n"}
,{"stream_name":"stdout","time":40.770467775,"data":"Traceback (most recent call last):\n"}
,{"stream_name":"stdout","time":40.770472488,"data":"  File \"/kaggle/working/_repo/overnight/job.py\", line 128, in run_train_cell\n"}
,{"stream_name":"stdout","time":40.770477027,"data":"    raise RuntimeError(\"config hash differs from the frozen protocol\")\n"}
,{"stream_name":"stdout","time":40.770481377,"data":"RuntimeError: config hash differs from the frozen protocol\n"}
,{"stream_name":"stdout","time":40.77048581,"data":"\n"}
,{"stream_name":"stdout","time":40.771696385,"data":"[16:55:11 2026-09-17 gpu0] FAILED adamw_long_aug_160__plain__seed2\n"}
,{"stream_name":"stdout","time":40.771712547,"data":"Traceback (most recent call last):\n"}
,{"stream_name":"stdout","time":40.771717415,"data":"  File \"/kaggle/working/_repo/overnight/job.py\", line 128, in run_train_cell\n"}
,{"stream_name":"stdout","time":40.771721704,"data":"    raise RuntimeError(\"config hash differs from the frozen protocol\")\n"}
,{"stream_name":"stdout","time":40.771726035,"data":"RuntimeError: config hash differs from the frozen protocol\n"}
,{"stream_name":"stdout","time":40.771730186,"data":"\n"}
,{"stream_name":"stdout","time":40.807680987,"data":"[16:55:11 2026-09-17 gpu1] FAILED sgd_standard_aug_160__gaussian_postrelu__seed1\n"}
,{"stream_name":"stdout","time":40.80771131,"data":"Traceback (most recent call last):\n"}
,{"stream_name":"stdout","time":40.807716179,"data":"  File \"/kaggle/working/_repo/overnight/job.py\", line 128, in run_train_cell\n"}
,{"stream_name":"stdout","time":40.807734691,"data":"    raise RuntimeError(\"config hash differs from the frozen protocol\")\n"}
,{"stream_name":"stdout","time":40.807739152,"data":"RuntimeError: config hash differs from the frozen protocol\n"}
,{"stream_name":"stdout","time":40.807743059,"data":"\n"}
,{"stream_name":"stdout","time":40.809310721,"data":"[16:55:11 2026-09-17 gpu1] FAILED sgd_standard_aug_160__cbs_published_schedule__seed2\n"}
,{"stream_name":"stdout","time":40.809332022,"data":"Traceback (most recent call last):\n"}
,{"stream_name":"stdout","time":40.809336826,"data":"  File \"/kaggle/working/_repo/overnight/job.py\", line 128, in run_train_cell\n"}
,{"stream_name":"stdout","time":40.809341131,"data":"    raise RuntimeError(\"config hash differs from the frozen protocol\")\n"}
,{"stream_name":"stdout","time":40.809345423,"data":"RuntimeError: config hash differs from the frozen protocol\n"}
,{"stream_name":"stdout","time":40.809378969,"data":"\n"}
,{"stream_name":"stdout","time":40.810531026,"data":"[16:55:11 2026-09-17 gpu1] FAILED adamw_long_noaug_160__plain__seed1\n"}
,{"stream_name":"stdout","time":40.810551421,"data":"Traceback (most recent call last):\n"}
,{"stream_name":"stdout","time":40.810555822,"data":"  File \"/kaggle/working/_repo/overnight/job.py\", line 128, in run_train_cell\n"}
,{"stream_name":"stdout","time":40.810559809,"data":"    raise RuntimeError(\"config hash differs from the frozen protocol\")\n"}
,{"stream_name":"stdout","time":40.81056448,"data":"RuntimeError: config hash differs from the frozen protocol\n"}
,{"stream_name":"stdout","time":40.810568563,"data":"\n"}
,{"stream_name":"stdout","time":40.811859878,"data":"[16:55:11 2026-09-17 gpu1] FAILED adamw_long_noaug_160__cbs_published_schedule__seed2\n"}
,{"stream_name":"stdout","time":40.811878795,"data":"Traceback (most recent call last):\n"}
,{"stream_name":"stdout","time":40.811883589,"data":"  File \"/kaggle/working/_repo/overnight/job.py\", line 128, in run_train_cell\n"}
,{"stream_name":"stdout","time":40.811887653,"data":"    raise RuntimeError(\"config hash differs from the frozen protocol\")\n"}
,{"stream_name":"stdout","time":40.811891846,"data":"RuntimeError: config hash differs from the frozen protocol\n"}
,{"stream_name":"stdout","time":40.811895593,"data":"\n"}
,{"stream_name":"stdout","time":40.813109253,"data":"[16:55:11 2026-09-17 gpu1] FAILED adamw_long_aug_160__sdpoint__seed0\n"}
,{"stream_name":"stdout","time":40.813130482,"data":"Traceback (most recent call last):\n"}
,{"stream_name":"stdout","time":40.813135539,"data":"  File \"/kaggle/working/_repo/overnight/job.py\", line 128, in run_train_cell\n"}
,{"stream_name":"stdout","time":40.813140191,"data":"    raise RuntimeError(\"config hash differs from the frozen protocol\")\n"}
,{"stream_name":"stdout","time":40.813144634,"data":"RuntimeError: config hash differs from the frozen protocol\n"}
,{"stream_name":"stdout","time":40.813148612,"data":"\n"}
,{"stream_name":"stdout","time":40.814470163,"data":"[16:55:11 2026-09-17 gpu1] FAILED adamw_long_aug_160__resolution_max_b1_gaussian_conv__seed2\n"}
,{"stream_name":"stdout","time":40.814490707,"data":"Traceback (most recent call last):\n"}
,{"stream_name":"stdout","time":40.814495777,"data":"  File \"/kaggle/working/_repo/overnight/job.py\", line 128, in run_train_cell\n"}
,{"stream_name":"stdout","time":40.814500034,"data":"    raise RuntimeError(\"config hash differs from the frozen protocol\")\n"}
,{"stream_name":"stdout","time":40.814504829,"data":"RuntimeError: config hash differs from the frozen protocol\n"}
,{"stream_name":"stdout","time":40.814527978,"data":"\n"}
,{"stream_name":"stdout","time":41.54826883,"data":"job finished {\"sgd_standard_aug_160__resolution_max_b1__seed1\": \"failed\", \"sgd_standard_aug_160__plain__seed2\": \"failed\", \"adamw_long_noaug_160__gaussian_postrelu__seed0\": \"failed\", \"adamw_long_noaug_160__resolution_max_b1_gaussian_conv__seed2\": \"failed\", \"adamw_long_aug_160__plain__seed2\": \"failed\", \"sgd_standard_aug_160__gaussian_postrelu__seed1\": \"failed\", \"sgd_standard_aug_160__cbs_published_schedule__seed2\": \"failed\", \"adamw_long_noaug_160__plain__seed1\": \"failed\", \"adamw_long_noaug_160__cbs_published_schedule__seed2\": \"failed\", \"adamw_long_aug_160__sdpoint__seed0\": \"failed\", \"adamw_long_aug_160__resolution_max_b1_gaussian_conv__seed2\": \"failed\"}\n"}
,{"stream_name":"stderr","time":44.619292437,"data":"/usr/local/lib/python3.12/dist-packages/mistune.py:435: SyntaxWarning: invalid escape sequence '\\|'\n"}
,{"stream_name":"stderr","time":44.619353002,"data":"  cells[i][c] = re.sub('\\\\\\\\\\|', '|', cell)\n"}
,{"stream_name":"stderr","time":44.944056661,"data":"/usr/local/lib/python3.12/dist-packages/nbconvert/filters/filter_links.py:36: SyntaxWarning: invalid escape sequence '\\_'\n"}
,{"stream_name":"stderr","time":44.94408627,"data":"  text = re.sub(r'_', '\\_', text) # Escape underscores in display text\n"}
,{"stream_name":"stderr","time":45.71796216,"data":"[NbConvertApp] Converting notebook __script__.ipynb to html\n"}
,{"stream_name":"stderr","time":47.22703461,"data":"[NbConvertApp] Writing 486176 bytes to __results__.html\n"}
]